******************************************************************************
                  TI ARM Linker PC v16.9.0                     
******************************************************************************
>> Linked Fri Apr 08 21:38:01 2022

OUTPUT FILE NAME:   <i2c_demo.out>
ENTRY POINT SYMBOL: "_c_int00"  address: 20008b49


MEMORY CONFIGURATION

         name            origin    length      used     unused   attr    fill
----------------------  --------  ---------  --------  --------  ----  --------
  SRAM_CODE             20004000   00013000  00005970  0000d690  RW X
  SRAM_DATA             20017000   00019000  00001050  00017fb0  RW X


SEGMENT ALLOCATION MAP

run origin  load origin   length   init length attrs members
----------  ----------- ---------- ----------- ----- -------
20004000    20004000    00005970   00005970    r-x
  20004000    20004000    00000400   00000400    r-- .intvecs
  20004400    20004400    00004cec   00004cec    r-x .text
  200090ec    200090ec    00000824   00000824    r-- .const
  20009910    20009910    00000060   00000060    r-- .cinit
20017000    20017000    00000850   00000000    rw-
  20017000    20017000    00000800   00000000    rw- .sysmem
  20017800    20017800    0000004c   00000000    rw- .data
  2001784c    2001784c    00000004   00000000    rw- .bss
2002f800    2002f800    00000800   00000000    rw-
  2002f800    2002f800    00000800   00000000    rw- .stack


SECTION ALLOCATION MAP

 output                                  attributes/
section   page    origin      length       input sections
--------  ----  ----------  ----------   ----------------
.intvecs   0    20004000    00000400     
                  20004000    00000400     startup_ccs.obj (.intvecs)

.init_array 
*          0    20004000    00000000     UNINITIALIZED

.text      0    20004400    00004cec     
                  20004400    0000111e     rtsv7M4_T_le_eabi.lib : _printfi.obj (.text)
                  2000551e    00000002                           : mpu_init.obj (.text)
                  20005520    00000a80     Adafruit_GFX.obj (.text)
                  20005fa0    00000940     main.obj (.text)
                  200068e0    000004a2     Adafruit_OLED.obj (.text)
                  20006d82    00000002     rtsv7M4_T_le_eabi.lib : startup.obj (.text)
                  20006d84    000003d0                           : memory.obj (.text)
                  20007154    00000284     i2c_if.obj (.text)
                  200073d8    00000280     uart_if.obj (.text)
                  20007658    000001f4     rtsv7M4_T_le_eabi.lib : ull_div_t2.obj (.text)
                  2000784c    000001b6                           : fd_add_t2.obj (.text)
                  20007a02    00000002     --HOLE-- [fill = 0]
                  20007a04    00000178     driverlib.a : prcm.obj (.text:PRCMCC3200MCUInit)
                  20007b7c    00000136     rtsv7M4_T_le_eabi.lib : fd_div_t2.obj (.text)
                  20007cb2    00000002     --HOLE-- [fill = 0]
                  20007cb4    00000118     pin_mux_config.obj (.text)
                  20007dcc    000000fc     rtsv7M4_T_le_eabi.lib : fd_mul_t2.obj (.text)
                  20007ec8    000000fa                           : fs_add_t2.obj (.text)
                  20007fc2    00000002     --HOLE-- [fill = 0]
                  20007fc4    000000d0                           : s_scalbn.obj (.text)
                  20008094    000000a8     driverlib.a : interrupt.obj (.text:IntEnable)
                  2000813c    000000a0                 : spi.obj (.text:SPIConfigSetExpClk)
                  200081dc    0000009c     rtsv7M4_T_le_eabi.lib : memcpy_t2.obj (.text)
                  20008278    00000094     driverlib.a : prcm.obj (.text:PRCMPeripheralClockGet)
                  2000830c    00000092     rtsv7M4_T_le_eabi.lib : fs_div_t2.obj (.text)
                  2000839e    00000002     --HOLE-- [fill = 0]
                  200083a0    00000088     driverlib.a : pin.obj (.text:PinConfigSet)
                  20008428    00000088     rtsv7M4_T_le_eabi.lib : vsnprintf.obj (.text)
                  200084b0    00000086                           : fd_cmp_t2.obj (.text:__aeabi_cdcmple)
                  20008536    00000086                           : fd_cmp_t2.obj (.text:__aeabi_cdrcmple)
                  200085bc    00000084     driverlib.a : i2c.obj (.text:I2CMasterInitExpClk)
                  20008640    0000007a     rtsv7M4_T_le_eabi.lib : memset_t2.obj (.text)
                  200086ba    00000076     driverlib.a : uart.obj (.text:UARTConfigSetExpClk)
                  20008730    00000070     rtsv7M4_T_le_eabi.lib : autoinit.obj (.text)
                  200087a0    00000068                           : copy_decompress_lzss.obj (.text:decompress:lzss)
                  20008808    00000060                           : fs_cmp_t2.obj (.text:__aeabi_cfcmple)
                  20008868    00000060                           : fs_cmp_t2.obj (.text:__aeabi_cfrcmple)
                  200088c8    0000005c                           : s_frexp.obj (.text)
                  20008924    00000058     driverlib.a : prcm.obj (.text:PRCMPeripheralReset)
                  2000897c    00000056     rtsv7M4_T_le_eabi.lib : ltoa.obj (.text)
                  200089d2    00000002     --HOLE-- [fill = 0]
                  200089d4    00000054                           : exit.obj (.text)
                  20008a28    0000004c                           : atoi.obj (.text)
                  20008a74    0000004c                           : cpy_tbl.obj (.text)
                  20008ac0    00000048                           : fd_toi_t2.obj (.text)
                  20008b08    00000040     driverlib.a : pin.obj (.text:PinModeSet)
                  20008b48    00000040     rtsv7M4_T_le_eabi.lib : boot.obj (.text)
                  20008b88    0000003c     driverlib.a : prcm.obj (.text:PRCMPeripheralClkEnable)
                  20008bc4    00000038     rtsv7M4_T_le_eabi.lib : fs_toi_t2.obj (.text)
                  20008bfc    00000038                           : i_tofs_t2.obj (.text)
                  20008c34    00000036     driverlib.a : gpio.obj (.text:GPIODirModeSet)
                  20008c6a    00000030                 : pin.obj (.text:PinTypeGPIO)
                  20008c9a    00000002     --HOLE-- [fill = 0]
                  20008c9c    00000030                 : uart.obj (.text:UARTDisable)
                  20008ccc    0000002e     rtsv7M4_T_le_eabi.lib : i_tofd_t2.obj (.text)
                  20008cfa    0000002c     driverlib.a : i2c.obj (.text:I2CMasterErr)
                  20008d26    00000002     --HOLE-- [fill = 0]
                  20008d28    0000002c                 : prcm.obj (.text:PRCMSysResetCauseGet)
                  20008d54    00000028                 : prcm.obj (.text:PRCMPeripheralClkDisable)
                  20008d7c    00000024                 : uart.obj (.text:UARTEnable)
                  20008da0    00000024     rtsv7M4_T_le_eabi.lib : memmov.obj (.text)
                  20008dc4    00000022     driverlib.a : i2c.obj (.text:I2CMasterSlaveAddrSet)
                  20008de6    00000022                 : spi.obj (.text:SPIReset)
                  20008e08    00000020                 : gpio.obj (.text:GPIOPinWrite)
                  20008e28    00000020                 : spi.obj (.text:SPIDataGet)
                  20008e48    0000001e                 : i2c.obj (.text:I2CMasterIntStatusEx)
                  20008e66    0000001e                 : spi.obj (.text:SPIDataPut)
                  20008e84    0000001e                 : uart.obj (.text:UARTCharPut)
                  20008ea2    0000001c                 : pin.obj (.text:PinTypeI2C)
                  20008ebe    0000001c                 : uart.obj (.text:UARTCharGetNonBlocking)
                  20008eda    0000001c     rtsv7M4_T_le_eabi.lib : memccpy.obj (.text)
                  20008ef6    0000001a     driverlib.a : pin.obj (.text:PinTypeSPI)
                  20008f10    0000001a                 : pin.obj (.text:PinTypeUART)
                  20008f2a    00000018                 : spi.obj (.text:SPICSDisable)
                  20008f42    00000018                 : spi.obj (.text:SPICSEnable)
                  20008f5a    00000018                 : spi.obj (.text:SPIEnable)
                  20008f72    00000018                 : uart.obj (.text:UARTCharsAvail)
                  20008f8a    00000002     --HOLE-- [fill = 0]
                  20008f8c    00000018     rtsv7M4_T_le_eabi.lib : args_main.obj (.text)
                  20008fa4    00000016     driverlib.a : i2c.obj (.text:I2CMasterDataPut)
                  20008fba    00000016                 : i2c.obj (.text:I2CMasterEnable)
                  20008fd0    00000016                 : prcm.obj (.text:PRCMHIBRegRead)
                  20008fe6    00000016                 : prcm.obj (.text:PRCMHIBRegWrite)
                  20008ffc    00000016     rtsv7M4_T_le_eabi.lib : strchr.obj (.text)
                  20009012    00000014     driverlib.a : cpu.obj (.text:CPUcpsie)
                  20009026    00000002     --HOLE-- [fill = 0]
                  20009028    00000014                 : interrupt.obj (.text:IntVTableBaseSet)
                  2000903c    00000014     rtsv7M4_T_le_eabi.lib : _lock.obj (.text)
                  20009050    00000014                           : strlen.obj (.text)
                  20009064    00000012     driverlib.a : i2c.obj (.text:I2CMasterControl)
                  20009076    00000012                 : i2c.obj (.text:I2CMasterIntClearEx)
                  20009088    00000012                 : i2c.obj (.text:I2CMasterTimeoutSet)
                  2000909a    0000000e                 : i2c.obj (.text:I2CMasterDataGet)
                  200090a8    0000000e     rtsv7M4_T_le_eabi.lib : copy_decompress_none.obj (.text:decompress:none)
                  200090b6    0000000e     startup_ccs.obj (.text)
                  200090c4    0000000c     rtsv7M4_T_le_eabi.lib : copy_zero_init.obj (.text:decompress:ZI)
                  200090d0    0000000a     driverlib.a : interrupt.obj (.text:IntMasterEnable)
                  200090da    00000008     rtsv7M4_T_le_eabi.lib : s_copysign.obj (.text)
                  200090e2    00000006     driverlib.a : utils.obj (.text:UtilsDelay)
                  200090e8    00000004     rtsv7M4_T_le_eabi.lib : pre_init.obj (.text)

.const     0    200090ec    00000824     
                  200090ec    000004fb     Adafruit_GFX.obj (.const:.string:font)
                  200095e7    00000101     rtsv7M4_T_le_eabi.lib : ctype.obj (.const:.string:_ctypes_)
                  200096e8    00000100     driverlib.a : pin.obj (.const:g_ulPinToPadMap)
                  200097e8    000000a8                 : prcm.obj (.const:PRCM_PeriphRegsList)
                  20009890    00000080                 : interrupt.obj (.const)

.cinit     0    20009910    00000060     
                  20009910    00000036     (.cinit..data.load) [load image, compression = lzss]
                  20009946    00000002     --HOLE-- [fill = 0]
                  20009948    0000000c     (__TI_handler_table)
                  20009954    00000004     --HOLE-- [fill = 0]
                  20009958    00000008     (.cinit..bss.load) [load image, compression = zero_init]
                  20009960    00000010     (__TI_cinit_table)

.sysmem    0    20017000    00000800     UNINITIALIZED
                  20017000    00000008     rtsv7M4_T_le_eabi.lib : memory.obj (.sysmem)
                  20017008    000007f8     --HOLE--

.data      0    20017800    0000004c     UNINITIALIZED
                  20017800    00000015     Adafruit_GFX.obj (.data)
                  20017815    00000003     --HOLE--
                  20017818    0000000c     rtsv7M4_T_le_eabi.lib : exit.obj (.data:$O1$$)
                  20017824    0000000c                           : memory.obj (.data:$O1$$)
                  20017830    0000000c     main.obj (.data)
                  2001783c    00000008     rtsv7M4_T_le_eabi.lib : _lock.obj (.data:$O1$$)
                  20017844    00000004                           : errno.obj (.data)
                  20017848    00000004                           : stkdepth_vars.obj (.data)

.bss       0    2001784c    00000004     UNINITIALIZED
                  2001784c    00000004     uart_if.obj (.bss)

.stack     0    2002f800    00000800     UNINITIALIZED
                  2002f800    00000800     --HOLE--

MODULE SUMMARY

       Module                     code    ro data   rw data
       ------                     ----    -------   -------
    .\
       Adafruit_GFX.obj           2688    1275      21     
       main.obj                   2368    0         12     
       Adafruit_OLED.obj          1186    0         0      
       startup_ccs.obj            14      1024      0      
       i2c_if.obj                 644     0         0      
       uart_if.obj                640     0         4      
       pin_mux_config.obj         280     0         0      
    +--+--------------------------+-------+---------+---------+
       Total:                     7820    2299      37     
                                                           
    C:/ti/CC3200SDK_1.2.0/cc3200-sdk/driverlib/ccs/Release/driverlib.a
       prcm.obj                   800     168       0      
       pin.obj                    328     256       0      
       i2c.obj                    352     0         0      
       spi.obj                    328     0         0      
       interrupt.obj              198     128       0      
       uart.obj                   284     0         0      
       gpio.obj                   86      0         0      
       cpu.obj                    20      0         0      
       utils.obj                  6       0         0      
    +--+--------------------------+-------+---------+---------+
       Total:                     2402    552       0      
                                                           
    C:\ti\ccsv7\tools\compiler\ti-cgt-arm_16.9.0.LTS\lib\rtsv7M4_T_le_eabi.lib
       _printfi.obj               4382    0         0      
       memory.obj                 976     0         12     
       ull_div_t2.obj             500     0         0      
       fd_add_t2.obj              438     0         0      
       fd_div_t2.obj              310     0         0      
       fd_cmp_t2.obj              268     0         0      
       ctype.obj                  0       257       0      
       fd_mul_t2.obj              252     0         0      
       fs_add_t2.obj              250     0         0      
       s_scalbn.obj               208     0         0      
       fs_cmp_t2.obj              192     0         0      
       memcpy_t2.obj              156     0         0      
       fs_div_t2.obj              146     0         0      
       vsnprintf.obj              136     0         0      
       memset_t2.obj              122     0         0      
       autoinit.obj               112     0         0      
       copy_decompress_lzss.obj   104     0         0      
       exit.obj                   84      0         12     
       s_frexp.obj                92      0         0      
       ltoa.obj                   86      0         0      
       atoi.obj                   76      0         0      
       cpy_tbl.obj                76      0         0      
       fd_toi_t2.obj              72      0         0      
       boot.obj                   64      0         0      
       fs_toi_t2.obj              56      0         0      
       i_tofs_t2.obj              56      0         0      
       i_tofd_t2.obj              46      0         0      
       memmov.obj                 36      0         0      
       _lock.obj                  20      0         8      
       memccpy.obj                28      0         0      
       args_main.obj              24      0         0      
       strchr.obj                 22      0         0      
       strlen.obj                 20      0         0      
       copy_decompress_none.obj   14      0         0      
       copy_zero_init.obj         12      0         0      
       s_copysign.obj             8       0         0      
       errno.obj                  0       0         4      
       pre_init.obj               4       0         0      
       stkdepth_vars.obj          0       0         4      
       mpu_init.obj               2       0         0      
       startup.obj                2       0         0      
    +--+--------------------------+-------+---------+---------+
       Total:                     9452    257       40     
                                                           
       Heap:                      0       0         2048   
       Stack:                     0       0         2048   
       Linker Generated:          0       90        0      
    +--+--------------------------+-------+---------+---------+
       Grand Total:               19674   3198      4173   


LINKER GENERATED COPY TABLES

__TI_cinit_table @ 20009960 records: 2, size/record: 8, table size: 16
	.data: load addr=20009910, load size=00000036 bytes, run addr=20017800, run size=0000004c bytes, compression=lzss
	.bss: load addr=20009958, load size=00000008 bytes, run addr=2001784c, run size=00000004 bytes, compression=zero_init


LINKER GENERATED HANDLER TABLE

__TI_handler_table @ 20009948 records: 3, size/record: 4, table size: 12
	index: 0, handler: __TI_decompress_lzss
	index: 1, handler: __TI_decompress_none
	index: 2, handler: __TI_zero_init


GLOBAL SYMBOLS: SORTED ALPHABETICALLY BY Name 

address   name                           
-------   ----                           
20006969  Adafruit_Init                  
200089d5  C$$EXIT                        
20009013  CPUcpsie                       
20007419  ClearTerm                      
20006adf  Color565                       
20007423  Error                          
20008c35  GPIODirModeSet                 
20008e09  GPIOPinWrite                   
2000745b  GetCmd                         
20009065  I2CMasterControl               
2000909b  I2CMasterDataGet               
20008fa5  I2CMasterDataPut               
20008fbb  I2CMasterEnable                
20008cfb  I2CMasterErr                   
200085bd  I2CMasterInitExpClk            
20009077  I2CMasterIntClearEx            
20008e49  I2CMasterIntStatusEx           
20008dc5  I2CMasterSlaveAddrSet          
20009089  I2CMasterTimeoutSet            
200073c3  I2C_IF_Close                   
2000737b  I2C_IF_Open                    
20007279  I2C_IF_Read                    
20007335  I2C_IF_ReadFrom                
200071c9  I2C_IF_Write                   
200073d9  InitTerm                       
20008095  IntEnable                      
200090d1  IntMasterEnable                
20009029  IntVTableBaseSet               
200073f7  Message                        
200066d9  MoveBall                       
20005ecb  Outstr                         
20007a05  PRCMCC3200MCUInit              
20008fd1  PRCMHIBRegRead                 
20008fe7  PRCMHIBRegWrite                
20008d55  PRCMPeripheralClkDisable       
20008b89  PRCMPeripheralClkEnable        
20008279  PRCMPeripheralClockGet         
20008925  PRCMPeripheralReset            
20008d29  PRCMSysResetCauseGet           
200083a1  PinConfigSet                   
20008b09  PinModeSet                     
20007cb5  PinMuxConfig                   
20008c6b  PinTypeGPIO                    
20008ea3  PinTypeI2C                     
20008ef7  PinTypeSPI                     
20008f11  PinTypeUART                    
20007599  Report                         
200090b7  ResetISR                       
UNDEFED   SHT$$INIT_ARRAY$$Base          
UNDEFED   SHT$$INIT_ARRAY$$Limit         
20008f2b  SPICSDisable                   
20008f43  SPICSEnable                    
2000813d  SPIConfigSetExpClk             
20008e29  SPIDataGet                     
20008e67  SPIDataPut                     
20008f5b  SPIEnable                      
20008de7  SPIReset                       
20007501  TrimSpace                      
20008ebf  UARTCharGetNonBlocking         
20008e85  UARTCharPut                    
20008f73  UARTCharsAvail                 
200086bb  UARTConfigSetExpClk            
20008c9d  UARTDisable                    
20008d7d  UARTEnable                     
200090e3  UtilsDelay                     
20030000  __STACK_END                    
00000800  __STACK_SIZE                   
00000800  __SYSMEM_SIZE                  
20009960  __TI_CINIT_Base                
20009970  __TI_CINIT_Limit               
20009948  __TI_Handler_Table_Base        
20009954  __TI_Handler_Table_Limit       
20008731  __TI_auto_init                 
20017818  __TI_cleanup_ptr               
200087a1  __TI_decompress_lzss           
200090a9  __TI_decompress_none           
2001781c  __TI_dtors_ptr                 
20017820  __TI_enable_exit_profile_output
ffffffff  __TI_pprof_out_hndl            
20004c35  __TI_printfi                   
ffffffff  __TI_prof_data_size            
ffffffff  __TI_prof_data_start           
20009910  __TI_static_base__             
200090c5  __TI_zero_init                 
200084b1  __aeabi_cdcmpeq                
200084b1  __aeabi_cdcmple                
20008537  __aeabi_cdrcmple               
20008809  __aeabi_cfcmpeq                
20008809  __aeabi_cfcmple                
20008869  __aeabi_cfrcmple               
20008ac1  __aeabi_d2iz                   
20007857  __aeabi_dadd                   
20007b7d  __aeabi_ddiv                   
20007dcd  __aeabi_dmul                   
2000784d  __aeabi_dsub                   
20008bc5  __aeabi_f2iz                   
20007ecd  __aeabi_fadd                   
2000830d  __aeabi_fdiv                   
20007ec9  __aeabi_fsub                   
20008ccd  __aeabi_i2d                    
20008bfd  __aeabi_i2f                    
20008641  __aeabi_memclr                 
20008641  __aeabi_memclr4                
20008641  __aeabi_memclr8                
200081dd  __aeabi_memcpy                 
200081dd  __aeabi_memcpy4                
200081dd  __aeabi_memcpy8                
20008643  __aeabi_memset                 
20008643  __aeabi_memset4                
20008643  __aeabi_memset8                
20007659  __aeabi_uldivmod               
ffffffff  __binit__                      
ffffffff  __c_args__                     
2000551f  __mpu_init                     
2002f800  __stack                        
20008f8d  _args_main                     
20008b49  _c_int00                       
200095e7  _ctypes_                       
2001783c  _lock                          
2000904b  _nop                           
20009043  _register_lock                 
2000903d  _register_unlock               
20017000  _sys_memory                    
20006d83  _system_post_cinit             
200090e9  _system_pre_init               
20017840  _unlock                        
200089d9  abort                          
20008a29  atoi                           
ffffffff  binit                          
20007125  calloc                         
20008a75  copy_in                        
200090db  copysign                       
200090db  copysignl                      
20017834  curr_x                         
20017838  curr_y                         
20017800  cursor_x                       
20017804  cursor_y                       
20005fa1  delay                          
20005d7f  drawChar                       
20005521  drawCircle                     
20005655  drawCircleHelper               
20006c8d  drawFastHLine                  
20006bed  drawFastVLine                  
2000589b  drawLine                       
20006d29  drawPixel                      
20005987  drawRect                       
200059d5  drawRoundRect                  
20005b3d  drawTriangle                   
20017844  errno                          
200089e1  exit                           
20005773  fillCircle                     
200057ad  fillCircleHelper               
20006b37  fillRect                       
20005ac3  fillRoundRect                  
20006b21  fillScreen                     
20005b7f  fillTriangle                   
20006e6f  free                           
200088c9  frexp                          
200088c9  frexpl                         
20004000  g_pfnVectors                   
20006a9b  goTo                           
20005f7f  height                         
20006d67  invert                         
20006513  lcdTestPattern                 
200065e3  lcdTestPattern2                
20007fc5  ldexp                          
20007fc5  ldexpl                         
2000897d  ltoa                           
200067ef  main                           
20017848  main_func_sp                   
20006e05  malloc                         
20007039  memalign                       
20008edb  memccpy                        
200081dd  memcpy                         
20008da1  memmove                        
20008649  memset                         
20006d85  minit                          
20017830  p                              
20006f31  realloc                        
20007fc5  scalbn                         
20007fc5  scalbnl                        
20005f17  setCursor                      
20005f4f  setTextColor                   
20005f2f  setTextSize                    
20005f67  setTextWrap                    
20008ffd  strchr                         
20009051  strlen                         
200061d7  testdrawcircles                
20006047  testdrawrects                  
20005fd5  testfastlines                  
20006165  testfillcircles                
200060a7  testfillrects                  
20006345  testlines                      
200062d3  testroundrects                 
20006251  testtriangles                  
20017810  textbgcolor                    
2001780c  textcolor                      
20017808  textsize                       
20008429  vsnprintf                      
20005f7b  width                          
20017814  wrap                           
200068e1  writeCommand                   
20006925  writeData                      


GLOBAL SYMBOLS: SORTED BY Symbol Address 

address   name                           
-------   ----                           
00000800  __STACK_SIZE                   
00000800  __SYSMEM_SIZE                  
20004000  g_pfnVectors                   
20004c35  __TI_printfi                   
2000551f  __mpu_init                     
20005521  drawCircle                     
20005655  drawCircleHelper               
20005773  fillCircle                     
200057ad  fillCircleHelper               
2000589b  drawLine                       
20005987  drawRect                       
200059d5  drawRoundRect                  
20005ac3  fillRoundRect                  
20005b3d  drawTriangle                   
20005b7f  fillTriangle                   
20005d7f  drawChar                       
20005ecb  Outstr                         
20005f17  setCursor                      
20005f2f  setTextSize                    
20005f4f  setTextColor                   
20005f67  setTextWrap                    
20005f7b  width                          
20005f7f  height                         
20005fa1  delay                          
20005fd5  testfastlines                  
20006047  testdrawrects                  
200060a7  testfillrects                  
20006165  testfillcircles                
200061d7  testdrawcircles                
20006251  testtriangles                  
200062d3  testroundrects                 
20006345  testlines                      
20006513  lcdTestPattern                 
200065e3  lcdTestPattern2                
200066d9  MoveBall                       
200067ef  main                           
200068e1  writeCommand                   
20006925  writeData                      
20006969  Adafruit_Init                  
20006a9b  goTo                           
20006adf  Color565                       
20006b21  fillScreen                     
20006b37  fillRect                       
20006bed  drawFastVLine                  
20006c8d  drawFastHLine                  
20006d29  drawPixel                      
20006d67  invert                         
20006d83  _system_post_cinit             
20006d85  minit                          
20006e05  malloc                         
20006e6f  free                           
20006f31  realloc                        
20007039  memalign                       
20007125  calloc                         
200071c9  I2C_IF_Write                   
20007279  I2C_IF_Read                    
20007335  I2C_IF_ReadFrom                
2000737b  I2C_IF_Open                    
200073c3  I2C_IF_Close                   
200073d9  InitTerm                       
200073f7  Message                        
20007419  ClearTerm                      
20007423  Error                          
2000745b  GetCmd                         
20007501  TrimSpace                      
20007599  Report                         
20007659  __aeabi_uldivmod               
2000784d  __aeabi_dsub                   
20007857  __aeabi_dadd                   
20007a05  PRCMCC3200MCUInit              
20007b7d  __aeabi_ddiv                   
20007cb5  PinMuxConfig                   
20007dcd  __aeabi_dmul                   
20007ec9  __aeabi_fsub                   
20007ecd  __aeabi_fadd                   
20007fc5  ldexp                          
20007fc5  ldexpl                         
20007fc5  scalbn                         
20007fc5  scalbnl                        
20008095  IntEnable                      
2000813d  SPIConfigSetExpClk             
200081dd  __aeabi_memcpy                 
200081dd  __aeabi_memcpy4                
200081dd  __aeabi_memcpy8                
200081dd  memcpy                         
20008279  PRCMPeripheralClockGet         
2000830d  __aeabi_fdiv                   
200083a1  PinConfigSet                   
20008429  vsnprintf                      
200084b1  __aeabi_cdcmpeq                
200084b1  __aeabi_cdcmple                
20008537  __aeabi_cdrcmple               
200085bd  I2CMasterInitExpClk            
20008641  __aeabi_memclr                 
20008641  __aeabi_memclr4                
20008641  __aeabi_memclr8                
20008643  __aeabi_memset                 
20008643  __aeabi_memset4                
20008643  __aeabi_memset8                
20008649  memset                         
200086bb  UARTConfigSetExpClk            
20008731  __TI_auto_init                 
200087a1  __TI_decompress_lzss           
20008809  __aeabi_cfcmpeq                
20008809  __aeabi_cfcmple                
20008869  __aeabi_cfrcmple               
200088c9  frexp                          
200088c9  frexpl                         
20008925  PRCMPeripheralReset            
2000897d  ltoa                           
200089d5  C$$EXIT                        
200089d9  abort                          
200089e1  exit                           
20008a29  atoi                           
20008a75  copy_in                        
20008ac1  __aeabi_d2iz                   
20008b09  PinModeSet                     
20008b49  _c_int00                       
20008b89  PRCMPeripheralClkEnable        
20008bc5  __aeabi_f2iz                   
20008bfd  __aeabi_i2f                    
20008c35  GPIODirModeSet                 
20008c6b  PinTypeGPIO                    
20008c9d  UARTDisable                    
20008ccd  __aeabi_i2d                    
20008cfb  I2CMasterErr                   
20008d29  PRCMSysResetCauseGet           
20008d55  PRCMPeripheralClkDisable       
20008d7d  UARTEnable                     
20008da1  memmove                        
20008dc5  I2CMasterSlaveAddrSet          
20008de7  SPIReset                       
20008e09  GPIOPinWrite                   
20008e29  SPIDataGet                     
20008e49  I2CMasterIntStatusEx           
20008e67  SPIDataPut                     
20008e85  UARTCharPut                    
20008ea3  PinTypeI2C                     
20008ebf  UARTCharGetNonBlocking         
20008edb  memccpy                        
20008ef7  PinTypeSPI                     
20008f11  PinTypeUART                    
20008f2b  SPICSDisable                   
20008f43  SPICSEnable                    
20008f5b  SPIEnable                      
20008f73  UARTCharsAvail                 
20008f8d  _args_main                     
20008fa5  I2CMasterDataPut               
20008fbb  I2CMasterEnable                
20008fd1  PRCMHIBRegRead                 
20008fe7  PRCMHIBRegWrite                
20008ffd  strchr                         
20009013  CPUcpsie                       
20009029  IntVTableBaseSet               
2000903d  _register_unlock               
20009043  _register_lock                 
2000904b  _nop                           
20009051  strlen                         
20009065  I2CMasterControl               
20009077  I2CMasterIntClearEx            
20009089  I2CMasterTimeoutSet            
2000909b  I2CMasterDataGet               
200090a9  __TI_decompress_none           
200090b7  ResetISR                       
200090c5  __TI_zero_init                 
200090d1  IntMasterEnable                
200090db  copysign                       
200090db  copysignl                      
200090e3  UtilsDelay                     
200090e9  _system_pre_init               
200095e7  _ctypes_                       
20009910  __TI_static_base__             
20009948  __TI_Handler_Table_Base        
20009954  __TI_Handler_Table_Limit       
20009960  __TI_CINIT_Base                
20009970  __TI_CINIT_Limit               
20017000  _sys_memory                    
20017800  cursor_x                       
20017804  cursor_y                       
20017808  textsize                       
2001780c  textcolor                      
20017810  textbgcolor                    
20017814  wrap                           
20017818  __TI_cleanup_ptr               
2001781c  __TI_dtors_ptr                 
20017820  __TI_enable_exit_profile_output
20017830  p                              
20017834  curr_x                         
20017838  curr_y                         
2001783c  _lock                          
20017840  _unlock                        
20017844  errno                          
20017848  main_func_sp                   
2002f800  __stack                        
20030000  __STACK_END                    
ffffffff  __TI_pprof_out_hndl            
ffffffff  __TI_prof_data_size            
ffffffff  __TI_prof_data_start           
ffffffff  __binit__                      
ffffffff  __c_args__                     
ffffffff  binit                          
UNDEFED   SHT$$INIT_ARRAY$$Base          
UNDEFED   SHT$$INIT_ARRAY$$Limit         

[203 symbols]
