******************************************************************************
                  TI ARM Linker PC v16.9.0                     
******************************************************************************
>> Linked Thu Apr 14 22:30:16 2022

OUTPUT FILE NAME:   <timer.out>
ENTRY POINT SYMBOL: "_c_int00"  address: 200052d5


MEMORY CONFIGURATION

         name            origin    length      used     unused   attr    fill
----------------------  --------  ---------  --------  --------  ----  --------
  SRAM_CODE             20004000   00013000  00001a24  000115dc  RW X
  SRAM_DATA             20017000   00019000  0000084b  000187b5  RW X


SEGMENT ALLOCATION MAP

run origin  load origin   length   init length attrs members
----------  ----------- ---------- ----------- ----- -------
20004000    20004000    00001a28   00001a28    r-x
  20004000    20004000    00000400   00000400    r-- .intvecs
  20004400    20004400    000012d8   000012d8    r-x .text
  200056d8    200056d8    000002fc   000002fc    r-- .const
  200059d8    200059d8    00000050   00000050    r-- .cinit
20017000    20017000    0000004b   00000000    rw-
  20017000    20017000    0000003c   00000000    rw- .data
  2001703c    2001703c    0000000f   00000000    rw- .bss
2002f800    2002f800    00000800   00000000    rw-
  2002f800    2002f800    00000800   00000000    rw- .stack


SECTION ALLOCATION MAP

 output                                  attributes/
section   page    origin      length       input sections
--------  ----  ----------  ----------   ----------------
.intvecs   0    20004000    00000400     
                  20004000    00000400     startup_ccs.obj (.intvecs)

.init_array 
*          0    20004000    00000000     UNINITIALIZED

.text      0    20004400    000012d8     
                  20004400    00000398     gpio_if.obj (.text)
                  20004798    00000198     timer_if.obj (.text)
                  20004930    00000178     driverlib.a : prcm.obj (.text:PRCMCC3200MCUInit)
                  20004aa8    000000f4     main.obj (.text)
                  20004b9c    000000a8     driverlib.a : interrupt.obj (.text:IntDisable)
                  20004c44    000000a8                 : interrupt.obj (.text:IntEnable)
                  20004cec    0000009c     rtsv7M4_T_le_eabi.lib : memcpy_t2.obj (.text)
                  20004d88    00000088     driverlib.a : pin.obj (.text:PinConfigSet)
                  20004e10    00000082                 : gpio.obj (.text:GPIOIntTypeSet)
                  20004e92    0000007a     rtsv7M4_T_le_eabi.lib : memset_t2.obj (.text)
                  20004f0c    00000070     driverlib.a : timer.obj (.text:TimerIntRegister)
                  20004f7c    00000070     rtsv7M4_T_le_eabi.lib : autoinit.obj (.text)
                  20004fec    00000068     driverlib.a : timer.obj (.text:TimerIntUnregister)
                  20005054    00000068     rtsv7M4_T_le_eabi.lib : copy_decompress_lzss.obj (.text:decompress:lzss)
                  200050bc    00000058     driverlib.a : prcm.obj (.text:PRCMPeripheralReset)
                  20005114    00000054                 : interrupt.obj (.text:IntPrioritySet)
                  20005168    00000054     rtsv7M4_T_le_eabi.lib : exit.obj (.text)
                  200051bc    0000004c                           : cpy_tbl.obj (.text)
                  20005208    00000048     driverlib.a : gpio.obj (.text:GPIOGetIntNumber)
                  20005250    00000044                 : timer.obj (.text:TimerConfigure)
                  20005294    00000040                 : pin.obj (.text:PinModeSet)
                  200052d4    00000040     rtsv7M4_T_le_eabi.lib : boot.obj (.text)
                  20005314    0000003c     driverlib.a : prcm.obj (.text:PRCMPeripheralClkEnable)
                  20005350    00000038     pinmux.obj (.text)
                  20005388    00000036     driverlib.a : gpio.obj (.text:GPIODirModeSet)
                  200053be    00000030                 : pin.obj (.text:PinTypeGPIO)
                  200053ee    00000002                 : interrupt.obj (.text:IntDefaultHandler)
                  200053f0    0000002c                 : prcm.obj (.text:PRCMSysResetCauseGet)
                  2000541c    0000002a                 : timer.obj (.text:TimerLoadSet)
                  20005446    0000002a                 : timer.obj (.text:TimerPrescaleSet)
                  20005470    00000028                 : prcm.obj (.text:PRCMPeripheralClkDisable)
                  20005498    00000024                 : interrupt.obj (.text:IntUnregister)
                  200054bc    00000020                 : gpio.obj (.text:GPIOPinWrite)
                  200054dc    00000020                 : interrupt.obj (.text:IntRegister)
                  200054fc    0000001e                 : gpio.obj (.text:GPIOIntRegister)
                  2000551a    0000001e                 : timer.obj (.text:TimerDisable)
                  20005538    0000001e                 : timer.obj (.text:TimerEnable)
                  20005556    0000001e                 : timer.obj (.text:TimerIntStatus)
                  20005574    0000001c                 : timer.obj (.text:TimerValueGet)
                  20005590    0000001a                 : gpio.obj (.text:GPIOIntEnable)
                  200055aa    00000018                 : gpio.obj (.text:GPIOPinRead)
                  200055c2    00000018                 : timer.obj (.text:TimerIntDisable)
                  200055da    00000018                 : timer.obj (.text:TimerIntEnable)
                  200055f2    00000002     rtsv7M4_T_le_eabi.lib : mpu_init.obj (.text)
                  200055f4    00000018                           : args_main.obj (.text)
                  2000560c    00000016     driverlib.a : prcm.obj (.text:PRCMHIBRegRead)
                  20005622    00000016                 : prcm.obj (.text:PRCMHIBRegWrite)
                  20005638    00000014                 : cpu.obj (.text:CPUcpsie)
                  2000564c    00000014                 : gpio.obj (.text:GPIOIntClear)
                  20005660    00000014                 : interrupt.obj (.text:IntVTableBaseSet)
                  20005674    00000014     rtsv7M4_T_le_eabi.lib : _lock.obj (.text)
                  20005688    00000012     driverlib.a : timer.obj (.text:TimerIntClear)
                  2000569a    0000000e     rtsv7M4_T_le_eabi.lib : copy_decompress_none.obj (.text:decompress:none)
                  200056a8    0000000e     startup_ccs.obj (.text)
                  200056b6    0000000c     rtsv7M4_T_le_eabi.lib : copy_zero_init.obj (.text:decompress:ZI)
                  200056c2    0000000a     driverlib.a : interrupt.obj (.text:IntMasterEnable)
                  200056cc    00000006                 : utils.obj (.text:UtilsDelay)
                  200056d2    00000004     rtsv7M4_T_le_eabi.lib : pre_init.obj (.text)
                  200056d6    00000002                           : startup.obj (.text)

.const     0    200056d8    000002fc     
                  200056d8    00000100     driverlib.a : pin.obj (.const:g_ulPinToPadMap)
                  200057d8    000000d4                 : interrupt.obj (.const:g_pulRegs)
                  200058ac    000000a8                 : prcm.obj (.const:PRCM_PeriphRegsList)
                  20005954    00000080                 : interrupt.obj (.const)

.cinit     0    200059d8    00000050     
                  200059d8    00000025     (.cinit..data.load) [load image, compression = lzss]
                  200059fd    00000003     --HOLE-- [fill = 0]
                  20005a00    0000000c     (__TI_handler_table)
                  20005a0c    00000004     --HOLE-- [fill = 0]
                  20005a10    00000008     (.cinit..bss.load) [load image, compression = zero_init]
                  20005a18    00000010     (__TI_cinit_table)

.data      0    20017000    0000003c     UNINITIALIZED
                  20017000    00000014     gpio_if.obj (.data:ulReg)
                  20017014    0000000c     rtsv7M4_T_le_eabi.lib : exit.obj (.data:$O1$$)
                  20017020    0000000c     gpio_if.obj (.data)
                  2001702c    00000008     rtsv7M4_T_le_eabi.lib : _lock.obj (.data:$O1$$)
                  20017034    00000004     main.obj (.data)
                  20017038    00000004     rtsv7M4_T_le_eabi.lib : stkdepth_vars.obj (.data)

.bss       0    2001703c    0000000f     UNINITIALIZED
                  2001703c    00000008     main.obj (.bss)
                  20017044    00000004     (.common:g_ulTimerInts)
                  20017048    00000001     (.common:g_ucLED1Pin)
                  20017049    00000001     (.common:g_ucLED2Pin)
                  2001704a    00000001     (.common:g_ucLED3Pin)

.stack     0    2002f800    00000800     UNINITIALIZED
                  2002f800    00000800     --HOLE--

MODULE SUMMARY

       Module                     code   ro data   rw data
       ------                     ----   -------   -------
    .\
       startup_ccs.obj            14     1024      0      
       gpio_if.obj                920    0         35     
       timer_if.obj               408    0         0      
       main.obj                   244    0         16     
       pinmux.obj                 56     0         0      
    +--+--------------------------+------+---------+---------+
       Total:                     1642   1024      51     
                                                          
    C:/ti/CC3200SDK_1.2.0/cc3200-sdk/driverlib/ccs/Release/driverlib.a
       interrupt.obj              520    340       0      
       prcm.obj                   652    168       0      
       timer.obj                  552    0         0      
       pin.obj                    248    256       0      
       gpio.obj                   388    0         0      
       cpu.obj                    20     0         0      
       utils.obj                  6      0         0      
    +--+--------------------------+------+---------+---------+
       Total:                     2386   764       0      
                                                          
    C:\ti\ccsv7\tools\compiler\ti-cgt-arm_16.9.0.LTS\lib\rtsv7M4_T_le_eabi.lib
       memcpy_t2.obj              156    0         0      
       memset_t2.obj              122    0         0      
       autoinit.obj               112    0         0      
       copy_decompress_lzss.obj   104    0         0      
       exit.obj                   84     0         12     
       cpy_tbl.obj                76     0         0      
       boot.obj                   64     0         0      
       _lock.obj                  20     0         8      
       args_main.obj              24     0         0      
       copy_decompress_none.obj   14     0         0      
       copy_zero_init.obj         12     0         0      
       pre_init.obj               4      0         0      
       stkdepth_vars.obj          0      0         4      
       mpu_init.obj               2      0         0      
       startup.obj                2      0         0      
    +--+--------------------------+------+---------+---------+
       Total:                     796    0         24     
                                                          
       Stack:                     0      0         2048   
       Linker Generated:          0      73        0      
    +--+--------------------------+------+---------+---------+
       Grand Total:               4824   1861      2123   


LINKER GENERATED COPY TABLES

__TI_cinit_table @ 20005a18 records: 2, size/record: 8, table size: 16
	.data: load addr=200059d8, load size=00000025 bytes, run addr=20017000, run size=0000003c bytes, compression=lzss
	.bss: load addr=20005a10, load size=00000008 bytes, run addr=2001703c, run size=0000000f bytes, compression=zero_init


LINKER GENERATED HANDLER TABLE

__TI_handler_table @ 20005a00 records: 3, size/record: 4, table size: 12
	index: 0, handler: __TI_decompress_lzss
	index: 1, handler: __TI_decompress_none
	index: 2, handler: __TI_zero_init


GLOBAL SYMBOLS: SORTED ALPHABETICALLY BY Name 

address   name                           
-------   ----                           
20005169  C$$EXIT                        
20005639  CPUcpsie                       
20005389  GPIODirModeSet                 
2000564d  GPIOIntClear                   
20005591  GPIOIntEnable                  
200054fd  GPIOIntRegister                
20004e11  GPIOIntTypeSet                 
200055ab  GPIOPinRead                    
200054bd  GPIOPinWrite                   
200046c1  GPIO_IF_ConfigureNIntEnable    
2000474d  GPIO_IF_Get                    
2000467b  GPIO_IF_GetPortNPin            
2000443d  GPIO_IF_LedConfigure           
2000452f  GPIO_IF_LedOff                 
2000447b  GPIO_IF_LedOn                  
200045e3  GPIO_IF_LedStatus              
2000464d  GPIO_IF_LedToggle              
20004709  GPIO_IF_Set                    
20004b9d  IntDisable                     
20004c45  IntEnable                      
200056c3  IntMasterEnable                
20005115  IntPrioritySet                 
200054dd  IntRegister                    
20005499  IntUnregister                  
20005661  IntVTableBaseSet               
20004931  PRCMCC3200MCUInit              
2000560d  PRCMHIBRegRead                 
20005623  PRCMHIBRegWrite                
20005471  PRCMPeripheralClkDisable       
20005315  PRCMPeripheralClkEnable        
200050bd  PRCMPeripheralReset            
200053f1  PRCMSysResetCauseGet           
20004d89  PinConfigSet                   
20005295  PinModeSet                     
20005351  PinMuxConfig                   
200053bf  PinTypeGPIO                    
200056a9  ResetISR                       
UNDEFED   SHT$$INIT_ARRAY$$Base          
UNDEFED   SHT$$INIT_ARRAY$$Limit         
20004aa9  TimerBaseIntHandler            
20005251  TimerConfigure                 
2000551b  TimerDisable                   
20005539  TimerEnable                    
20005689  TimerIntClear                  
200055c3  TimerIntDisable                
200055db  TimerIntEnable                 
20004f0d  TimerIntRegister               
20005557  TimerIntStatus                 
20004fed  TimerIntUnregister             
2000541d  TimerLoadSet                   
20005447  TimerPrescaleSet               
20004ac3  TimerRefIntHandler             
20005575  TimerValueGet                  
200048df  Timer_IF_DeInit                
20004911  Timer_IF_GetCount              
20004819  Timer_IF_Init                  
2000484b  Timer_IF_IntSetup              
20004897  Timer_IF_InterruptClear        
200048f9  Timer_IF_ReLoad                
200048af  Timer_IF_Start                 
200048cf  Timer_IF_Stop                  
200056cd  UtilsDelay                     
20030000  __STACK_END                    
00000800  __STACK_SIZE                   
20005a18  __TI_CINIT_Base                
20005a28  __TI_CINIT_Limit               
20005a00  __TI_Handler_Table_Base        
20005a0c  __TI_Handler_Table_Limit       
20004f7d  __TI_auto_init                 
20017014  __TI_cleanup_ptr               
20005055  __TI_decompress_lzss           
2000569b  __TI_decompress_none           
20017018  __TI_dtors_ptr                 
2001701c  __TI_enable_exit_profile_output
ffffffff  __TI_pprof_out_hndl            
ffffffff  __TI_prof_data_size            
ffffffff  __TI_prof_data_start           
200059d8  __TI_static_base__             
200056b7  __TI_zero_init                 
20004e93  __aeabi_memclr                 
20004e93  __aeabi_memclr4                
20004e93  __aeabi_memclr8                
20004ced  __aeabi_memcpy                 
20004ced  __aeabi_memcpy4                
20004ced  __aeabi_memcpy8                
20004e95  __aeabi_memset                 
20004e95  __aeabi_memset4                
20004e95  __aeabi_memset8                
ffffffff  __binit__                      
ffffffff  __c_args__                     
200055f3  __mpu_init                     
2002f800  __stack                        
200055f5  _args_main                     
200052d5  _c_int00                       
2001702c  _lock                          
20005683  _nop                           
2000567b  _register_lock                 
20005675  _register_unlock               
200056d7  _system_post_cinit             
200056d3  _system_pre_init               
20017030  _unlock                        
2000516d  abort                          
ffffffff  binit                          
200051bd  copy_in                        
20005175  exit                           
20004000  g_pfnVectors                   
20017048  g_ucLED1Pin                    
20017049  g_ucLED2Pin                    
2001704a  g_ucLED3Pin                    
20017020  g_uiLED1Port                   
20017024  g_uiLED2Port                   
20017028  g_uiLED3Port                   
20017044  g_ulTimerInts                  
20004af5  main                           
20017038  main_func_sp                   
20004ced  memcpy                         
20004e9b  memset                         


GLOBAL SYMBOLS: SORTED BY Symbol Address 

address   name                           
-------   ----                           
00000800  __STACK_SIZE                   
20004000  g_pfnVectors                   
2000443d  GPIO_IF_LedConfigure           
2000447b  GPIO_IF_LedOn                  
2000452f  GPIO_IF_LedOff                 
200045e3  GPIO_IF_LedStatus              
2000464d  GPIO_IF_LedToggle              
2000467b  GPIO_IF_GetPortNPin            
200046c1  GPIO_IF_ConfigureNIntEnable    
20004709  GPIO_IF_Set                    
2000474d  GPIO_IF_Get                    
20004819  Timer_IF_Init                  
2000484b  Timer_IF_IntSetup              
20004897  Timer_IF_InterruptClear        
200048af  Timer_IF_Start                 
200048cf  Timer_IF_Stop                  
200048df  Timer_IF_DeInit                
200048f9  Timer_IF_ReLoad                
20004911  Timer_IF_GetCount              
20004931  PRCMCC3200MCUInit              
20004aa9  TimerBaseIntHandler            
20004ac3  TimerRefIntHandler             
20004af5  main                           
20004b9d  IntDisable                     
20004c45  IntEnable                      
20004ced  __aeabi_memcpy                 
20004ced  __aeabi_memcpy4                
20004ced  __aeabi_memcpy8                
20004ced  memcpy                         
20004d89  PinConfigSet                   
20004e11  GPIOIntTypeSet                 
20004e93  __aeabi_memclr                 
20004e93  __aeabi_memclr4                
20004e93  __aeabi_memclr8                
20004e95  __aeabi_memset                 
20004e95  __aeabi_memset4                
20004e95  __aeabi_memset8                
20004e9b  memset                         
20004f0d  TimerIntRegister               
20004f7d  __TI_auto_init                 
20004fed  TimerIntUnregister             
20005055  __TI_decompress_lzss           
200050bd  PRCMPeripheralReset            
20005115  IntPrioritySet                 
20005169  C$$EXIT                        
2000516d  abort                          
20005175  exit                           
200051bd  copy_in                        
20005251  TimerConfigure                 
20005295  PinModeSet                     
200052d5  _c_int00                       
20005315  PRCMPeripheralClkEnable        
20005351  PinMuxConfig                   
20005389  GPIODirModeSet                 
200053bf  PinTypeGPIO                    
200053f1  PRCMSysResetCauseGet           
2000541d  TimerLoadSet                   
20005447  TimerPrescaleSet               
20005471  PRCMPeripheralClkDisable       
20005499  IntUnregister                  
200054bd  GPIOPinWrite                   
200054dd  IntRegister                    
200054fd  GPIOIntRegister                
2000551b  TimerDisable                   
20005539  TimerEnable                    
20005557  TimerIntStatus                 
20005575  TimerValueGet                  
20005591  GPIOIntEnable                  
200055ab  GPIOPinRead                    
200055c3  TimerIntDisable                
200055db  TimerIntEnable                 
200055f3  __mpu_init                     
200055f5  _args_main                     
2000560d  PRCMHIBRegRead                 
20005623  PRCMHIBRegWrite                
20005639  CPUcpsie                       
2000564d  GPIOIntClear                   
20005661  IntVTableBaseSet               
20005675  _register_unlock               
2000567b  _register_lock                 
20005683  _nop                           
20005689  TimerIntClear                  
2000569b  __TI_decompress_none           
200056a9  ResetISR                       
200056b7  __TI_zero_init                 
200056c3  IntMasterEnable                
200056cd  UtilsDelay                     
200056d3  _system_pre_init               
200056d7  _system_post_cinit             
200059d8  __TI_static_base__             
20005a00  __TI_Handler_Table_Base        
20005a0c  __TI_Handler_Table_Limit       
20005a18  __TI_CINIT_Base                
20005a28  __TI_CINIT_Limit               
20017014  __TI_cleanup_ptr               
20017018  __TI_dtors_ptr                 
2001701c  __TI_enable_exit_profile_output
20017020  g_uiLED1Port                   
20017024  g_uiLED2Port                   
20017028  g_uiLED3Port                   
2001702c  _lock                          
20017030  _unlock                        
20017038  main_func_sp                   
20017044  g_ulTimerInts                  
20017048  g_ucLED1Pin                    
20017049  g_ucLED2Pin                    
2001704a  g_ucLED3Pin                    
2002f800  __stack                        
20030000  __STACK_END                    
ffffffff  __TI_pprof_out_hndl            
ffffffff  __TI_prof_data_size            
ffffffff  __TI_prof_data_start           
ffffffff  __binit__                      
ffffffff  __c_args__                     
ffffffff  binit                          
UNDEFED   SHT$$INIT_ARRAY$$Base          
UNDEFED   SHT$$INIT_ARRAY$$Limit         

[117 symbols]
