******************************************************************************
                  TI ARM Linker PC v16.9.0                     
******************************************************************************
>> Linked Sun May 15 23:43:32 2022

OUTPUT FILE NAME:   <http_client_demo.out>
ENTRY POINT SYMBOL: "_c_int00"  address: 2000d989


MEMORY CONFIGURATION

         name            origin    length      used     unused   attr    fill
----------------------  --------  ---------  --------  --------  ----  --------
  SRAM_CODE             20004000   00013000  0000a9a4  0000865c  RW X
  SRAM_DATA             20017000   00019000  0000188b  00017775  RW X


SEGMENT ALLOCATION MAP

run origin  load origin   length   init length attrs members
----------  ----------- ---------- ----------- ----- -------
20004000    20004000    0000a9a8   0000a9a8    r-x
  20004000    20004000    00000400   00000400    r-- .intvecs
  20004400    20004400    00009e60   00009e60    r-x .text
  2000e260    2000e260    000006f4   000006f4    r-- .const
  2000e958    2000e958    00000050   00000050    r-- .cinit
20017000    20017000    0000108c   00000000    rw-
  20017000    20017000    00000800   00000000    rw- .sysmem
  20017800    20017800    000007a7   00000000    rw- .bss
  20017fa8    20017fa8    000000e4   00000000    rw- .data
2002f800    2002f800    00000800   00000000    rw-
  2002f800    2002f800    00000800   00000000    rw- .stack


SECTION ALLOCATION MAP

 output                                  attributes/
section   page    origin      length       input sections
--------  ----  ----------  ----------   ----------------
.intvecs   0    20004000    00000400     
                  20004000    00000400     startup_ccs.obj (.intvecs)

.init_array 
*          0    20004000    00000000     UNINITIALIZED

.text      0    20004400    00009e60     
                  20004400    000016c0     main.obj (.text)
                  20005ac0    0000111e     rtsv7M4_T_le_eabi.lib : _printfi.obj (.text)
                  20006bde    00000002     driverlib.a : interrupt.obj (.text:IntDefaultHandler)
                  20006be0    00000fc4     webclient.a : httpcli.obj (.text)
                  20007ba4    000005f0     json.a : jsmn.obj (.text)
                  20008194    00000590     simplelink.a : driver.obj (.text:_SlDrvMsgRead)
                  20008724    000003d0     rtsv7M4_T_le_eabi.lib : memory.obj (.text)
                  20008af4    000002ea     webclient.a : ssock.obj (.text)
                  20008dde    00000002     rtsv7M4_T_le_eabi.lib : mpu_init.obj (.text)
                  20008de0    00000280     uart_if.obj (.text)
                  20009060    00000260     simplelink.a : wlan.obj (.text:sl_WlanConnect)
                  200092c0    000001fc                  : driver.obj (.text:_SlDrvRxHdrRead)
                  200094bc    000001f4     rtsv7M4_T_le_eabi.lib : ull_div_t2.obj (.text)
                  200096b0    000001e4     simplelink.a : driver.obj (.text:_SlDrvDataReadOp)
                  20009894    000001d0                  : driver.obj (.text:_SlDrvReleasePoolObj)
                  20009a64    000001b6     rtsv7M4_T_le_eabi.lib : fd_add_t2.obj (.text)
                  20009c1a    00000002                           : startup.obj (.text)
                  20009c1c    000001b4     simplelink.a : driver.obj (.text:_SlDrvDriverCBInit)
                  20009dd0    0000019c                  : driver.obj (.text:_SlDrvMsgWrite)
                  20009f6c    00000190                  : driver.obj (.text:_SlDrvWaitForPoolObj)
                  2000a0fc    00000178     driverlib.a : prcm.obj (.text:PRCMCC3200MCUInit)
                  2000a274    00000170     simplelink.a : driver.obj (.text:_SlFindAndSetActiveObj)
                  2000a3e4    0000016c                  : socket.obj (.text:sl_Connect)
                  2000a550    00000150                  : driver.obj (.text:_SlDrvDataWriteOp)
                  2000a6a0    00000148                  : cc_pal.obj (.text:spi_Open)
                  2000a7e8    00000136     rtsv7M4_T_le_eabi.lib : fd_div_t2.obj (.text)
                  2000a91e    00000002     --HOLE-- [fill = 0]
                  2000a920    0000012c     simplelink.a : netapp.obj (.text:sl_NetAppDnsGetHostByName)
                  2000aa4c    00000128                  : driver.obj (.text:_SlDrvMsgReadCmdCtx)
                  2000ab74    00000124                  : driver.obj (.text:_SlDrvDriverCBDeinit)
                  2000ac98    00000118                  : socket.obj (.text:sl_Send)
                  2000adb0    00000114     rtsv7M4_T_le_eabi.lib : strtoul.obj (.text)
                  2000aec4    00000104     simplelink.a : netapp.obj (.text:_SlDrvNetAppEventHandler)
                  2000afc8    000000fc     rtsv7M4_T_le_eabi.lib : fd_mul_t2.obj (.text)
                  2000b0c4    000000f0     simplelink.a : cc_pal.obj (.text:spi_Read)
                  2000b1b4    000000f0     driverlib.a : udma.obj (.text:uDMAChannelTransferSet)
                  2000b2a4    000000e8     simplelink.a : driver.obj (.text:_SlAsyncEventGenericHandler)
                  2000b38c    000000e4                  : device.obj (.text:sl_Stop)
                  2000b470    000000e0                  : device.obj (.text:sl_Start)
                  2000b550    000000dc                  : driver.obj (.text:_SlDrvClassifyRxMsg)
                  2000b62c    000000d4                  : driver.obj (.text:_SlDrvMsgReadSpawnCtx)
                  2000b700    000000d0     rtsv7M4_T_le_eabi.lib : s_scalbn.obj (.text)
                  2000b7d0    000000cc     simplelink.a : netapp.obj (.text:_sl_HandleAsync_DnsGetHostByService)
                  2000b89c    000000c8                  : netapp.obj (.text:sl_NetAppMDNSRegisterUnregisterService)
                  2000b964    000000c4                  : driver.obj (.text:_SlRemoveFromList)
                  2000ba28    000000c0                  : driver.obj (.text:_SlDrvCmdOp)
                  2000bae8    000000b4                  : device.obj (.text:sl_DevGet)
                  2000bb9c    000000a8     driverlib.a : interrupt.obj (.text:IntDisable)
                  2000bc44    000000a8                 : interrupt.obj (.text:IntEnable)
                  2000bcec    000000a4     simplelink.a : driver.obj (.text:_SlDriverHandleError)
                  2000bd90    000000a0     driverlib.a : spi.obj (.text:SPIConfigSetExpClk)
                  2000be30    0000009c     rtsv7M4_T_le_eabi.lib : memcpy_t2.obj (.text)
                  2000becc    0000009a     simplelink.a : device.obj (.text:_SlDrvDeviceEventHandler)
                  2000bf66    00000002     --HOLE-- [fill = 0]
                  2000bf68    00000098                  : cc_pal.obj (.text:spi_Write)
                  2000c000    00000094     driverlib.a : prcm.obj (.text:PRCMPeripheralClockGet)
                  2000c094    00000090     simplelink.a : netapp.obj (.text:_sl_HandleAsync_DnsGetHostByName)
                  2000c124    00000090                  : netapp.obj (.text:_sl_HandleAsync_PingResponse)
                  2000c1b4    0000008c                  : cc_pal.obj (.text:SetupDMAReceive)
                  2000c240    0000008c                  : cc_pal.obj (.text:SetupDMASend)
                  2000c2cc    00000088     driverlib.a : pin.obj (.text:PinConfigSet)
                  2000c354    00000088     rtsv7M4_T_le_eabi.lib : vsnprintf.obj (.text)
                  2000c3dc    00000088     simplelink.a : socket.obj (.text:sl_Recv)
                  2000c464    00000086     rtsv7M4_T_le_eabi.lib : fd_cmp_t2.obj (.text:__aeabi_cdcmple)
                  2000c4ea    00000086                           : fd_cmp_t2.obj (.text:__aeabi_cdrcmple)
                  2000c570    00000080     simplelink.a : socket.obj (.text:_sl_HandleAsync_Connect)
                  2000c5f0    00000080                  : device.obj (.text:_sl_HandleAsync_InitComplete)
                  2000c670    00000080                  : cc_pal.obj (.text:spi_Read_CPU)
                  2000c6f0    00000080                  : cc_pal.obj (.text:spi_Write_CPU)
                  2000c770    0000007c                  : netcfg.obj (.text:sl_NetCfgSet)
                  2000c7ec    0000007c                  : socket.obj (.text:sl_SetSockOpt)
                  2000c868    0000007c                  : wlan.obj (.text:sl_WlanSet)
                  2000c8e4    0000007a     rtsv7M4_T_le_eabi.lib : memset_t2.obj (.text)
                  2000c95e    00000002     --HOLE-- [fill = 0]
                  2000c960    00000078     simplelink.a : nonos.obj (.text:_SlNonOsSemGet)
                  2000c9d8    00000078                  : wlan.obj (.text:sl_WlanPolicySet)
                  2000ca50    00000078                  : cc_pal.obj (.text:spi_Close)
                  2000cac8    00000076     driverlib.a : uart.obj (.text:UARTConfigSetExpClk)
                  2000cb3e    00000002     --HOLE-- [fill = 0]
                  2000cb40    00000074     simplelink.a : nonos.obj (.text:_SlNonOsMainLoopTask)
                  2000cbb4    00000070     rtsv7M4_T_le_eabi.lib : autoinit.obj (.text)
                  2000cc24    00000070     simplelink.a : socket.obj (.text:sl_Socket)
                  2000cc94    0000006c                  : driver.obj (.text:_SlDrvCmdSend)
                  2000cd00    0000006c                  : netapp.obj (.text:_sl_NetAppSendTokenValue)
                  2000cd6c    0000006c                  : wlan.obj (.text:sl_WlanRxFilterSet)
                  2000cdd8    00000068     rtsv7M4_T_le_eabi.lib : copy_decompress_lzss.obj (.text:decompress:lzss)
                  2000ce40    00000064     simplelink.a : nonos.obj (.text:_SlNonOsSpawn)
                  2000cea4    00000064                  : socket.obj (.text:_sl_HandleAsync_Accept)
                  2000cf08    00000064     driverlib.a : udma.obj (.text:uDMAChannelAttributeDisable)
                  2000cf6c    00000064                 : udma.obj (.text:uDMAChannelAttributeEnable)
                  2000cfd0    00000060     rtsv7M4_T_le_eabi.lib : sprintf.obj (.text)
                  2000d030    0000005c                           : s_frexp.obj (.text)
                  2000d08c    00000058     driverlib.a : interrupt.obj (.text:IntPendClear)
                  2000d0e4    00000058                 : prcm.obj (.text:PRCMPeripheralReset)
                  2000d13c    00000056     rtsv7M4_T_le_eabi.lib : ltoa.obj (.text)
                  2000d192    00000002     --HOLE-- [fill = 0]
                  2000d194    00000054     driverlib.a : interrupt.obj (.text:IntPrioritySet)
                  2000d1e8    00000054     simplelink.a : driver.obj (.text:_SlDrvRxIrqHandler)
                  2000d23c    00000054                  : socket.obj (.text:_sl_HandleAsync_Select)
                  2000d290    00000054     rtsv7M4_T_le_eabi.lib : exit.obj (.text)
                  2000d2e4    00000050     simplelink.a : device.obj (.text:_sl_HandleAsync_Stop)
                  2000d334    0000004c     driverlib.a : spi.obj (.text:SPIIntEnable)
                  2000d380    0000004c                 : spi.obj (.text:SPIIntNumberGet)
                  2000d3cc    0000004c     simplelink.a : driver.obj (.text:_SlDrvProtectAsyncRespSetting)
                  2000d418    0000004c                  : socket.obj (.text:_sl_BuildAddress)
                  2000d464    0000004c     rtsv7M4_T_le_eabi.lib : atoi.obj (.text)
                  2000d4b0    0000004c                           : cpy_tbl.obj (.text)
                  2000d4fc    0000004c     driverlib.a : udma.obj (.text:uDMAChannelAssign)
                  2000d548    00000048                 : spi.obj (.text:SPIIntClear)
                  2000d590    00000048     simplelink.a : driver.obj (.text:_SlDrvBasicCmd)
                  2000d5d8    00000048     rtsv7M4_T_le_eabi.lib : fd_toi_t2.obj (.text)
                  2000d620    00000048     simplelink.a : netapp.obj (.text:sl_NetAppMDNSUnRegisterService)
                  2000d668    00000044     driverlib.a : spi.obj (.text:SPIDmaMaskGet)
                  2000d6ac    00000044     simplelink.a : driver.obj (.text:_SlDrvHandleHttpServerEvents)
                  2000d6f0    00000044                  : driver.obj (.text:_SlDrvSyncObjWaitTimeout)
                  2000d734    00000044                  : cc_pal.obj (.text:cc_SetupTransfer)
                  2000d778    00000044                  : socket.obj (.text:sl_Close)
                  2000d7bc    00000044                  : wlan.obj (.text:sl_WlanProfileDel)
                  2000d800    00000044                  : wlan.obj (.text:sl_WlanSetMode)
                  2000d844    00000042                  : socket.obj (.text:sl_Htonl)
                  2000d886    00000002     --HOLE-- [fill = 0]
                  2000d888    00000040     driverlib.a : pin.obj (.text:PinModeSet)
                  2000d8c8    00000040     simplelink.a : driver.obj (.text:_SlDrvHandleNetAppEvents)
                  2000d908    00000040                  : driver.obj (.text:_SlDrvHandleWlanEvents)
                  2000d948    00000040                  : socket.obj (.text:_sl_TruncatePayloadByProtocol)
                  2000d988    00000040     rtsv7M4_T_le_eabi.lib : boot.obj (.text)
                  2000d9c8    0000003e     simplelink.a : cc_pal.obj (.text:NwpRegisterInterruptHandler)
                  2000da06    0000003c                  : netapp.obj (.text:CopyPingResultsToReport)
                  2000da42    00000002     --HOLE-- [fill = 0]
                  2000da44    0000003c     driverlib.a : prcm.obj (.text:PRCMPeripheralClkEnable)
                  2000da80    0000003c     simplelink.a : socket.obj (.text:sl_Htons)
                  2000dabc    0000003c     driverlib.a : udma.obj (.text:uDMAChannelControlSet)
                  2000daf8    00000038     simplelink.a : cc_pal.obj (.text:NwpPowerOff)
                  2000db30    00000034     driverlib.a : prcm.obj (.text:PRCMPeripheralStatusGet)
                  2000db64    00000034                 : spi.obj (.text:SPIFIFOLevelSet)
                  2000db98    00000030                 : uart.obj (.text:UARTDisable)
                  2000dbc8    0000002e     rtsv7M4_T_le_eabi.lib : i_tofd_t2.obj (.text)
                  2000dbf6    00000002     --HOLE-- [fill = 0]
                  2000dbf8    0000002c     driverlib.a : prcm.obj (.text:PRCMSysResetCauseGet)
                  2000dc24    0000002c     simplelink.a : driver.obj (.text:_SlDrvObjGlobalLockWaitForever)
                  2000dc50    0000002c                  : driver.obj (.text:_SlDrvProtectionObjLockWaitForever)
                  2000dc7c    0000002c     rtsv7M4_T_le_eabi.lib : strncmp.obj (.text)
                  2000dca8    00000028     driverlib.a : prcm.obj (.text:PRCMPeripheralClkDisable)
                  2000dcd0    00000028     simplelink.a : driver.obj (.text:_SlDrvGlobalObjUnLock)
                  2000dcf8    00000028                  : driver.obj (.text:_SlDrvProtectionObjUnLock)
                  2000dd20    00000028                  : driver.obj (.text:_SlDrvSyncObjWaitForever)
                  2000dd48    00000026     network_common.obj (.text)
                  2000dd6e    00000002     --HOLE-- [fill = 0]
                  2000dd70    00000024     simplelink.a : cc_pal.obj (.text:DmaSpiSwIntHandler)
                  2000dd94    00000024     driverlib.a : interrupt.obj (.text:IntUnregister)
                  2000ddb8    00000024                 : uart.obj (.text:UARTEnable)
                  2000dddc    00000024     simplelink.a : driver.obj (.text:_SlDrvObjLockWaitForever)
                  2000de00    00000024     rtsv7M4_T_le_eabi.lib : memmov.obj (.text)
                  2000de24    00000022     driverlib.a : spi.obj (.text:SPIReset)
                  2000de46    00000022                 : spi.obj (.text:SPIWordCountSet)
                  2000de68    00000020                 : interrupt.obj (.text:IntRegister)
                  2000de88    00000020     simplelink.a : cc_pal.obj (.text:NwpPowerOn)
                  2000dea8    00000020                  : driver.obj (.text:_SlDrvObjUnLock)
                  2000dec8    00000020                  : driver.obj (.text:_SlDrvSyncObjSignal)
                  2000dee8    00000020                  : wlan.obj (.text:sl_WlanDisconnect)
                  2000df08    0000001e     driverlib.a : uart.obj (.text:UARTCharPut)
                  2000df26    0000001e     simplelink.a : cc_pal.obj (.text:cc_UDMAChannelSelect)
                  2000df44    0000001c     driverlib.a : uart.obj (.text:UARTCharGetNonBlocking)
                  2000df60    0000001c     pinmux.obj (.text)
                  2000df7c    0000001c     rtsv7M4_T_le_eabi.lib : memccpy.obj (.text)
                  2000df98    0000001c     driverlib.a : udma.obj (.text:uDMAChannelEnable)
                  2000dfb4    0000001a                 : pin.obj (.text:PinTypeUART)
                  2000dfce    0000001a                 : spi.obj (.text:SPIDmaDisable)
                  2000dfe8    0000001a                 : spi.obj (.text:SPIDmaEnable)
                  2000e002    0000001a                 : spi.obj (.text:SPIFIFODisable)
                  2000e01c    0000001a                 : spi.obj (.text:SPIFIFOEnable)
                  2000e036    0000001a                 : spi.obj (.text:SPIIntUnregister)
                  2000e050    00000018                 : spi.obj (.text:SPICSDisable)
                  2000e068    00000018                 : spi.obj (.text:SPICSEnable)
                  2000e080    00000018                 : spi.obj (.text:SPIDisable)
                  2000e098    00000018                 : spi.obj (.text:SPIEnable)
                  2000e0b0    00000018                 : uart.obj (.text:UARTCharsAvail)
                  2000e0c8    00000018     simplelink.a : nonos.obj (.text:_SlNonOsSemSet)
                  2000e0e0    00000018                  : device.obj (.text:_sl_GetStartResponseConvert)
                  2000e0f8    00000018     rtsv7M4_T_le_eabi.lib : args_main.obj (.text)
                  2000e110    00000018                           : strcmp.obj (.text)
                  2000e128    00000016     driverlib.a : prcm.obj (.text:PRCMHIBRegRead)
                  2000e13e    00000016                 : prcm.obj (.text:PRCMHIBRegWrite)
                  2000e154    00000016     simplelink.a : driver.obj (.text:_SlDrvMemZero)
                  2000e16a    00000016     rtsv7M4_T_le_eabi.lib : strchr.obj (.text)
                  2000e180    00000014     driverlib.a : cpu.obj (.text:CPUcpsie)
                  2000e194    00000014                 : interrupt.obj (.text:IntVTableBaseSet)
                  2000e1a8    00000014     rtsv7M4_T_le_eabi.lib : _lock.obj (.text)
                  2000e1bc    00000014                           : strcpy.obj (.text)
                  2000e1d0    00000014                           : strlen.obj (.text)
                  2000e1e4    00000010     simplelink.a : driver.obj (.text:_SlDrvDispatchHttpServerEvents)
                  2000e1f4    0000000e                  : driver.obj (.text:_SlDrvResetCmdExt)
                  2000e202    0000000e     rtsv7M4_T_le_eabi.lib : copy_decompress_none.obj (.text:decompress:none)
                  2000e210    0000000e     startup_ccs.obj (.text)
                  2000e21e    00000002     --HOLE-- [fill = 0]
                  2000e220    0000000c     simplelink.a : cc_pal.obj (.text:NwpMaskInterrupt)
                  2000e22c    0000000c                  : cc_pal.obj (.text:NwpUnMaskInterrupt)
                  2000e238    0000000c     rtsv7M4_T_le_eabi.lib : copy_zero_init.obj (.text:decompress:ZI)
                  2000e244    0000000a     driverlib.a : interrupt.obj (.text:IntMasterEnable)
                  2000e24e    00000008     rtsv7M4_T_le_eabi.lib : s_copysign.obj (.text)
                  2000e256    00000006     driverlib.a : utils.obj (.text:UtilsDelay)
                  2000e25c    00000004     rtsv7M4_T_le_eabi.lib : pre_init.obj (.text)

.const     0    2000e260    000006f4     
                  2000e260    00000101     rtsv7M4_T_le_eabi.lib : ctype.obj (.const:.string:_ctypes_)
                  2000e361    00000003     --HOLE-- [fill = 0]
                  2000e364    00000100     driverlib.a : pin.obj (.const:g_ulPinToPadMap)
                  2000e464    000000d4                 : interrupt.obj (.const:g_pulRegs)
                  2000e538    000000a8                 : prcm.obj (.const:PRCM_PeriphRegsList)
                  2000e5e0    00000080                 : interrupt.obj (.const)
                  2000e660    0000003c     simplelink.a : driver.obj (.const:OpcodeTranslateTable)
                  2000e69c    0000003c                  : wlan.obj (.const)
                  2000e6d8    00000038                  : driver.obj (.const:_SlActionLookupTable)
                  2000e710    00000038                  : driver.obj (.const)
                  2000e748    00000034                  : socket.obj (.const)
                  2000e77c    0000002c     main.obj (.const:$P$T1$2)
                  2000e7a8    00000028     simplelink.a : netapp.obj (.const)
                  2000e7d0    00000024     driverlib.a : spi.obj (.const:g_ppulSPIIntMap)
                  2000e7f4    00000022     main.obj (.const:.string:$P$T0$1)
                  2000e816    00000002     --HOLE-- [fill = 0]
                  2000e818    00000020     main.obj (.const:$P$T6$7)
                  2000e838    00000020     main.obj (.const:$P$T8$9)
                  2000e858    00000020     main.obj (.const:$P$T9$10)
                  2000e878    0000001c     simplelink.a : device.obj (.const)
                  2000e894    00000018     main.obj (.const:$P$T7$8)
                  2000e8ac    00000018     driverlib.a : spi.obj (.const)
                  2000e8c4    00000014     main.obj (.const:$P$T2$3)
                  2000e8d8    00000014     main.obj (.const:.string:$P$T11$12)
                  2000e8ec    00000012     main.obj (.const:.string:$P$T5$6)
                  2000e8fe    00000010     simplelink.a : socket.obj (.const:.string)
                  2000e90e    00000002     --HOLE-- [fill = 0]
                  2000e910    00000010     webclient.a : httpcli.obj (.const)
                  2000e920    0000000c     main.obj (.const:$P$T4$5)
                  2000e92c    0000000c     main.obj (.const:.string:$P$T10$11)
                  2000e938    0000000c     main.obj (.const:.string:$P$T3$4)
                  2000e944    00000008     webclient.a : httpcli.obj (.const:.string)
                  2000e94c    00000008     simplelink.a : netcfg.obj (.const)

.cinit     0    2000e958    00000050     
                  2000e958    00000028     (.cinit..data.load) [load image, compression = lzss]
                  2000e980    0000000c     (__TI_handler_table)
                  2000e98c    00000004     --HOLE-- [fill = 0]
                  2000e990    00000008     (.cinit..bss.load) [load image, compression = zero_init]
                  2000e998    00000010     (__TI_cinit_table)

.sysmem    0    20017000    00000800     UNINITIALIZED
                  20017000    00000008     rtsv7M4_T_le_eabi.lib : memory.obj (.sysmem)
                  20017008    000007f8     --HOLE--

.bss       0    20017800    000007a7     UNINITIALIZED
                  20017800    000005b8     (.common:g_buff)
                  20017db8    00000168     simplelink.a : driver.obj (.bss:g_StatMem)
                  20017f20    00000050                  : cc_pal.obj (.bss:g_ucDinDout)
                  20017f70    00000024     (.common:g_ucConnectionSSID)
                  20017f94    00000008     (.common:g_ucConnectionBSSID)
                  20017f9c    00000004     uart_if.obj (.bss)
                  20017fa0    00000004     (.common:g_ulDestinationIP)
                  20017fa4    00000001     (.common:RxIrqCnt)
                  20017fa5    00000001     (.common:g_bDeviceRestartIsRequired)
                  20017fa6    00000001     (.common:g_cDummy)

.data      0    20017fa8    000000e4     UNINITIALIZED
                  20017fa8    00000048     webclient.a : httpcli.obj (.data:tlsParams)
                  20017ff0    0000003c     simplelink.a : nonos.obj (.data:g__SlNonOsCB)
                  2001802c    00000010     webclient.a : httpcli.obj (.data)
                  2001803c    0000000d     simplelink.a : driver.obj (.data)
                  20018049    00000003     --HOLE--
                  2001804c    0000000c     rtsv7M4_T_le_eabi.lib : exit.obj (.data:$O1$$)
                  20018058    0000000c                           : memory.obj (.data:$O1$$)
                  20018064    0000000c     main.obj (.data)
                  20018070    00000009     simplelink.a : cc_pal.obj (.data)
                  20018079    00000003     --HOLE--
                  2001807c    00000008     rtsv7M4_T_le_eabi.lib : _lock.obj (.data:$O1$$)
                  20018084    00000004                           : errno.obj (.data)
                  20018088    00000004                           : stkdepth_vars.obj (.data)

.stack     0    2002f800    00000800     UNINITIALIZED
                  2002f800    00000800     --HOLE--

MODULE SUMMARY

       Module                     code    ro data   rw data
       ------                     ----    -------   -------
    .\
       main.obj                   5824    292       1524   
       startup_ccs.obj            14      1024      0      
       uart_if.obj                640     0         4      
       network_common.obj         38      0         0      
       pinmux.obj                 28      0         0      
    +--+--------------------------+-------+---------+---------+
       Total:                     6544    1316      1528   
                                                           
    C:/ti/CC3200SDK_1.2.0/cc3200-sdk/driverlib/ccs/Release/driverlib.a
       prcm.obj                   852     168       0      
       interrupt.obj              608     340       0      
       spi.obj                    798     60        0      
       udma.obj                   604     0         0      
       pin.obj                    226     256       0      
       uart.obj                   284     0         0      
       cpu.obj                    20      0         0      
       utils.obj                  6       0         0      
    +--+--------------------------+-------+---------+---------+
       Total:                     3398    824       0      
                                                           
    C:/ti/CC3200SDK_1.2.0/cc3200-sdk/netapps/http/client/ccs/HTTPClientMinLib/webclient.a
       httpcli.obj                4036    24        88     
       ssock.obj                  746     0         0      
    +--+--------------------------+-------+---------+---------+
       Total:                     4782    24        88     
                                                           
    C:/ti/CC3200SDK_1.2.0/cc3200-sdk/netapps/json/ccs/Release/json.a
       jsmn.obj                   1520    0         0      
    +--+--------------------------+-------+---------+---------+
       Total:                     1520    0         0      
                                                           
    C:/ti/CC3200SDK_1.2.0/cc3200-sdk/simplelink/ccs/NON_OS/simplelink.a
       driver.obj                 7600    172       375    
       cc_pal.obj                 1684    0         90     
       socket.obj                 1662    68        0      
       netapp.obj                 1492    40        0      
       wlan.obj                   1128    60        0      
       device.obj                 1018    28        0      
       nonos.obj                  360     0         60     
       netcfg.obj                 124     8         0      
    +--+--------------------------+-------+---------+---------+
       Total:                     15068   376       525    
                                                           
    C:\ti\ccsv7\tools\compiler\ti-cgt-arm_16.9.0.LTS\lib\rtsv7M4_T_le_eabi.lib
       _printfi.obj               4382    0         0      
       memory.obj                 976     0         12     
       ull_div_t2.obj             500     0         0      
       fd_add_t2.obj              438     0         0      
       fd_div_t2.obj              310     0         0      
       strtoul.obj                276     0         0      
       fd_cmp_t2.obj              268     0         0      
       ctype.obj                  0       257       0      
       fd_mul_t2.obj              252     0         0      
       s_scalbn.obj               208     0         0      
       memcpy_t2.obj              156     0         0      
       vsnprintf.obj              136     0         0      
       memset_t2.obj              122     0         0      
       autoinit.obj               112     0         0      
       copy_decompress_lzss.obj   104     0         0      
       exit.obj                   84      0         12     
       sprintf.obj                96      0         0      
       s_frexp.obj                92      0         0      
       ltoa.obj                   86      0         0      
       atoi.obj                   76      0         0      
       cpy_tbl.obj                76      0         0      
       fd_toi_t2.obj              72      0         0      
       boot.obj                   64      0         0      
       i_tofd_t2.obj              46      0         0      
       strncmp.obj                44      0         0      
       memmov.obj                 36      0         0      
       _lock.obj                  20      0         8      
       memccpy.obj                28      0         0      
       args_main.obj              24      0         0      
       strcmp.obj                 24      0         0      
       strchr.obj                 22      0         0      
       strcpy.obj                 20      0         0      
       strlen.obj                 20      0         0      
       copy_decompress_none.obj   14      0         0      
       copy_zero_init.obj         12      0         0      
       s_copysign.obj             8       0         0      
       errno.obj                  0       0         4      
       pre_init.obj               4       0         0      
       stkdepth_vars.obj          0       0         4      
       mpu_init.obj               2       0         0      
       startup.obj                2       0         0      
    +--+--------------------------+-------+---------+---------+
       Total:                     9212    257       40     
                                                           
       Heap:                      0       0         2048   
       Stack:                     0       0         2048   
       Linker Generated:          0       76        0      
    +--+--------------------------+-------+---------+---------+
       Grand Total:               40524   2873      6277   


LINKER GENERATED COPY TABLES

__TI_cinit_table @ 2000e998 records: 2, size/record: 8, table size: 16
	.data: load addr=2000e958, load size=00000028 bytes, run addr=20017fa8, run size=000000e4 bytes, compression=lzss
	.bss: load addr=2000e990, load size=00000008 bytes, run addr=20017800, run size=000007a7 bytes, compression=zero_init


LINKER GENERATED HANDLER TABLE

__TI_handler_table @ 2000e980 records: 3, size/record: 4, table size: 12
	index: 0, handler: __TI_decompress_lzss
	index: 1, handler: __TI_decompress_none
	index: 2, handler: __TI_zero_init


GLOBAL SYMBOLS: SORTED ALPHABETICALLY BY Name 

address   name                                  
-------   ----                                  
2000d291  C$$EXIT                               
2000e181  CPUcpsie                              
20008e21  ClearTerm                             
2000dd71  DmaSpiSwIntHandler                    
20008e2b  Error                                 
20008e63  GetCmd                                
2000750b  HTTPCli_connect                       
2000762d  HTTPCli_construct                     
20007675  HTTPCli_create                        
2000768d  HTTPCli_delete                        
200076c3  HTTPCli_destruct                      
2000770b  HTTPCli_disconnect                    
20007941  HTTPCli_getResponseField              
2000790b  HTTPCli_getResponseStatus             
200073fd  HTTPCli_initSockAddr                  
20007b51  HTTPCli_readRawResponseBody           
20007ac5  HTTPCli_readResponseBody              
2000787b  HTTPCli_sendField                     
200077ad  HTTPCli_sendRequest                   
200078d3  HTTPCli_sendRequestBody               
20007b91  HTTPCli_setProxy                      
20007741  HTTPCli_setRequestFields              
20007767  HTTPCli_setResponseFields             
2000778d  HTTPCli_setSecureParams               
20008de1  InitTerm                              
2000bb9d  IntDisable                            
2000bc45  IntEnable                             
2000e245  IntMasterEnable                       
2000d08d  IntPendClear                          
2000d195  IntPrioritySet                        
2000de69  IntRegister                           
2000dd95  IntUnregister                         
2000e195  IntVTableBaseSet                      
20008dff  Message                               
2000e221  NwpMaskInterrupt                      
2000daf9  NwpPowerOff                           
2000de89  NwpPowerOn                            
2000d9c9  NwpRegisterInterruptHandler           
2000e22d  NwpUnMaskInterrupt                    
2000e660  OpcodeTranslateTable                  
2000a0fd  PRCMCC3200MCUInit                     
2000e129  PRCMHIBRegRead                        
2000e13f  PRCMHIBRegWrite                       
2000dca9  PRCMPeripheralClkDisable              
2000da45  PRCMPeripheralClkEnable               
2000c001  PRCMPeripheralClockGet                
2000d0e5  PRCMPeripheralReset                   
2000db31  PRCMPeripheralStatusGet               
2000dbf9  PRCMSysResetCauseGet                  
20004d8b  ParseJSONData                         
2000c2cd  PinConfigSet                          
2000d889  PinModeSet                            
2000df61  PinMuxConfig                          
2000dfb5  PinTypeUART                           
20008fa1  Report                                
2000e211  ResetISR                              
20017fa4  RxIrqCnt                              
UNDEFED   SHT$$INIT_ARRAY$$Base                 
UNDEFED   SHT$$INIT_ARRAY$$Limit                
2000e051  SPICSDisable                          
2000e069  SPICSEnable                           
2000bd91  SPIConfigSetExpClk                    
2000e081  SPIDisable                            
2000dfcf  SPIDmaDisable                         
2000dfe9  SPIDmaEnable                          
2000e099  SPIEnable                             
2000e003  SPIFIFODisable                        
2000e01d  SPIFIFOEnable                         
2000db65  SPIFIFOLevelSet                       
2000d549  SPIIntClear                           
2000d335  SPIIntEnable                          
2000e037  SPIIntUnregister                      
2000de25  SPIReset                              
2000de47  SPIWordCountSet                       
200045c9  SimpleLinkGeneralEventHandler         
200045a1  SimpleLinkHttpServerCallback          
20004509  SimpleLinkNetAppEventHandler          
200045df  SimpleLinkSockEventHandler            
20004401  SimpleLinkWlanEventHandler            
20008b0d  Ssock_construct                       
20008b4d  Ssock_create                          
20008b67  Ssock_delete                          
20008b8f  Ssock_destruct                        
20008be1  Ssock_getSocket                       
20008bef  Ssock_recv                            
20008c49  Ssock_recvall                         
20008c8d  Ssock_send                            
20008da7  Ssock_startSecure                     
20008f09  TrimSpace                             
2000df45  UARTCharGetNonBlocking                
2000df09  UARTCharPut                           
2000e0b1  UARTCharsAvail                        
2000cac9  UARTConfigSetExpClk                   
2000db99  UARTDisable                           
2000ddb9  UARTEnable                            
2000e257  UtilsDelay                            
2000e6d8  _SlActionLookupTable                  
2000bced  _SlDriverHandleError                  
2000d591  _SlDrvBasicCmd                        
2000ba29  _SlDrvCmdOp                           
2000cc95  _SlDrvCmdSend                         
200096b1  _SlDrvDataReadOp                      
2000a551  _SlDrvDataWriteOp                     
2000becd  _SlDrvDeviceEventHandler              
2000e1e5  _SlDrvDispatchHttpServerEvents        
2000ab75  _SlDrvDriverCBDeinit                  
20009c1d  _SlDrvDriverCBInit                    
2000dcd1  _SlDrvGlobalObjUnLock                 
2000d6ad  _SlDrvHandleHttpServerEvents          
2000d8c9  _SlDrvHandleNetAppEvents              
2000d909  _SlDrvHandleWlanEvents                
2000e155  _SlDrvMemZero                         
2000b62d  _SlDrvMsgReadSpawnCtx                 
2000aec5  _SlDrvNetAppEventHandler              
2000dddd  _SlDrvObjLockWaitForever              
2000dea9  _SlDrvObjUnLock                       
2000d3cd  _SlDrvProtectAsyncRespSetting         
2000dc51  _SlDrvProtectionObjLockWaitForever    
2000dcf9  _SlDrvProtectionObjUnLock             
20009895  _SlDrvReleasePoolObj                  
2000e1f5  _SlDrvResetCmdExt                     
2000d1e9  _SlDrvRxIrqHandler                    
2000dec9  _SlDrvSyncObjSignal                   
2000dd21  _SlDrvSyncObjWaitForever              
2000d6f1  _SlDrvSyncObjWaitTimeout              
20009f6d  _SlDrvWaitForPoolObj                  
2000e7c4  _SlNetAppSendTokenValueCmdCtrl        
2000cb41  _SlNonOsMainLoopTask                  
2000c961  _SlNonOsSemGet                        
2000e0c9  _SlNonOsSemSet                        
2000ce41  _SlNonOsSpawn                         
20030000  __STACK_END                           
00000800  __STACK_SIZE                          
00000800  __SYSMEM_SIZE                         
2000e998  __TI_CINIT_Base                       
2000e9a8  __TI_CINIT_Limit                      
2000e980  __TI_Handler_Table_Base               
2000e98c  __TI_Handler_Table_Limit              
2000cbb5  __TI_auto_init                        
2001804c  __TI_cleanup_ptr                      
2000cdd9  __TI_decompress_lzss                  
2000e203  __TI_decompress_none                  
20018050  __TI_dtors_ptr                        
20018054  __TI_enable_exit_profile_output       
ffffffff  __TI_pprof_out_hndl                   
200062f5  __TI_printfi                          
ffffffff  __TI_prof_data_size                   
ffffffff  __TI_prof_data_start                  
2000e958  __TI_static_base__                    
2000e239  __TI_zero_init                        
2000c465  __aeabi_cdcmpeq                       
2000c465  __aeabi_cdcmple                       
2000c4eb  __aeabi_cdrcmple                      
2000d5d9  __aeabi_d2iz                          
20009a6f  __aeabi_dadd                          
2000a7e9  __aeabi_ddiv                          
2000afc9  __aeabi_dmul                          
20009a65  __aeabi_dsub                          
2000dbc9  __aeabi_i2d                           
2000c8e5  __aeabi_memclr                        
2000c8e5  __aeabi_memclr4                       
2000c8e5  __aeabi_memclr8                       
2000be31  __aeabi_memcpy                        
2000be31  __aeabi_memcpy4                       
2000be31  __aeabi_memcpy8                       
2000c8e7  __aeabi_memset                        
2000c8e7  __aeabi_memset4                       
2000c8e7  __aeabi_memset8                       
200094bd  __aeabi_uldivmod                      
ffffffff  __binit__                             
ffffffff  __c_args__                            
20008ddf  __mpu_init                            
2002f800  __stack                               
2000e0f9  _args_main                            
2000d989  _c_int00                              
2000e260  _ctypes_                              
2001807c  _lock                                 
2000e1b7  _nop                                  
2000e1af  _register_lock                        
2000e1a9  _register_unlock                      
2000cea5  _sl_HandleAsync_Accept                
2000c571  _sl_HandleAsync_Connect               
2000c095  _sl_HandleAsync_DnsGetHostByName      
2000b7d1  _sl_HandleAsync_DnsGetHostByService   
2000c5f1  _sl_HandleAsync_InitComplete          
2000c125  _sl_HandleAsync_PingResponse          
2000d23d  _sl_HandleAsync_Select                
2000d2e5  _sl_HandleAsync_Stop                  
2000cd01  _sl_NetAppSendTokenValue              
20017000  _sys_memory                           
20009c1b  _system_post_cinit                    
2000e25d  _system_pre_init                      
20018080  _unlock                               
2000d295  abort                                 
2000d465  atoi                                  
ffffffff  binit                                 
20006c27  bufferedRecv                          
2001806c  bytesReceived                         
20008ac5  calloc                                
2000d4b1  copy_in                               
2000e24f  copysign                              
2000e24f  copysignl                             
20018084  errno                                 
2000d29d  exit                                  
2000880f  free                                  
2000d031  frexp                                 
2000d031  frexpl                                
20018070  g_SpiFd                               
20017ff0  g__SlNonOsCB                          
20017fa5  g_bDeviceRestartIsRequired            
20017800  g_buff                                
20017fa6  g_cDummy                              
20018040  g_pCB                                 
20018074  g_pHostIntHdl                         
20004000  g_pfnVectors                          
20017f94  g_ucConnectionBSSID                   
20017f70  g_ucConnectionSSID                    
20018078  g_ucDMAEnabled                        
20017f20  g_ucDinDout                           
20017fa0  g_ulDestinationIP                     
20018068  g_ulGatewayIP                         
20018064  g_ulStatus                            
20008177  jsmn_init                             
20007e65  jsmn_parse                            
2000b701  ldexp                                 
2000b701  ldexpl                                
2000d13d  ltoa                                  
2000576d  main                                  
20018088  main_func_sp                          
200087a5  malloc                                
200089d9  memalign                              
2000df7d  memccpy                               
2000be31  memcpy                                
2000de01  memmove                               
2000c8ed  memset                                
20008725  minit                                 
20018044  pPingCallBackFunc                     
200088d1  realloc                               
2000b701  scalbn                                
2000b701  scalbnl                               
2000d779  sl_Close                              
2000a3e5  sl_Connect                            
2000bae9  sl_DevGet                             
2000d845  sl_Htonl                              
2000da81  sl_Htons                              
2000a921  sl_NetAppDnsGetHostByName             
2000b89d  sl_NetAppMDNSRegisterUnregisterService
2000d621  sl_NetAppMDNSUnRegisterService        
2000c771  sl_NetCfgSet                          
2000dd49  sl_Provisioning_HttpServerEventHdl    
2000dd57  sl_Provisioning_NetAppEventHdl        
2000dd63  sl_Provisioning_WlanEventHdl          
2000c3dd  sl_Recv                               
2000ac99  sl_Send                               
2000c7ed  sl_SetSockOpt                         
2000cc25  sl_Socket                             
2000b471  sl_Start                              
2000b38d  sl_Stop                               
20009061  sl_WlanConnect                        
2000dee9  sl_WlanDisconnect                     
2000c9d9  sl_WlanPolicySet                      
2000d7bd  sl_WlanProfileDel                     
2000cd6d  sl_WlanRxFilterSet                    
2000c869  sl_WlanSet                            
2000d801  sl_WlanSetMode                        
2000ca51  spi_Close                             
2000a6a1  spi_Open                              
2000b0c5  spi_Read                              
2000bf69  spi_Write                             
2000cfd1  sprintf                               
2000e16b  strchr                                
2000e111  strcmp                                
2000e1bd  strcpy                                
2000e1d1  strlen                                
2000dc7d  strncmp                               
2000adb1  strtoul                               
2000d4fd  uDMAChannelAssign                     
2000cf09  uDMAChannelAttributeDisable           
2000cf6d  uDMAChannelAttributeEnable            
2000dabd  uDMAChannelControlSet                 
2000df99  uDMAChannelEnable                     
2000b1b5  uDMAChannelTransferSet                
2000c355  vsnprintf                             


GLOBAL SYMBOLS: SORTED BY Symbol Address 

address   name                                  
-------   ----                                  
00000800  __STACK_SIZE                          
00000800  __SYSMEM_SIZE                         
20004000  g_pfnVectors                          
20004401  SimpleLinkWlanEventHandler            
20004509  SimpleLinkNetAppEventHandler          
200045a1  SimpleLinkHttpServerCallback          
200045c9  SimpleLinkGeneralEventHandler         
200045df  SimpleLinkSockEventHandler            
20004d8b  ParseJSONData                         
2000576d  main                                  
200062f5  __TI_printfi                          
20006c27  bufferedRecv                          
200073fd  HTTPCli_initSockAddr                  
2000750b  HTTPCli_connect                       
2000762d  HTTPCli_construct                     
20007675  HTTPCli_create                        
2000768d  HTTPCli_delete                        
200076c3  HTTPCli_destruct                      
2000770b  HTTPCli_disconnect                    
20007741  HTTPCli_setRequestFields              
20007767  HTTPCli_setResponseFields             
2000778d  HTTPCli_setSecureParams               
200077ad  HTTPCli_sendRequest                   
2000787b  HTTPCli_sendField                     
200078d3  HTTPCli_sendRequestBody               
2000790b  HTTPCli_getResponseStatus             
20007941  HTTPCli_getResponseField              
20007ac5  HTTPCli_readResponseBody              
20007b51  HTTPCli_readRawResponseBody           
20007b91  HTTPCli_setProxy                      
20007e65  jsmn_parse                            
20008177  jsmn_init                             
20008725  minit                                 
200087a5  malloc                                
2000880f  free                                  
200088d1  realloc                               
200089d9  memalign                              
20008ac5  calloc                                
20008b0d  Ssock_construct                       
20008b4d  Ssock_create                          
20008b67  Ssock_delete                          
20008b8f  Ssock_destruct                        
20008be1  Ssock_getSocket                       
20008bef  Ssock_recv                            
20008c49  Ssock_recvall                         
20008c8d  Ssock_send                            
20008da7  Ssock_startSecure                     
20008ddf  __mpu_init                            
20008de1  InitTerm                              
20008dff  Message                               
20008e21  ClearTerm                             
20008e2b  Error                                 
20008e63  GetCmd                                
20008f09  TrimSpace                             
20008fa1  Report                                
20009061  sl_WlanConnect                        
200094bd  __aeabi_uldivmod                      
200096b1  _SlDrvDataReadOp                      
20009895  _SlDrvReleasePoolObj                  
20009a65  __aeabi_dsub                          
20009a6f  __aeabi_dadd                          
20009c1b  _system_post_cinit                    
20009c1d  _SlDrvDriverCBInit                    
20009f6d  _SlDrvWaitForPoolObj                  
2000a0fd  PRCMCC3200MCUInit                     
2000a3e5  sl_Connect                            
2000a551  _SlDrvDataWriteOp                     
2000a6a1  spi_Open                              
2000a7e9  __aeabi_ddiv                          
2000a921  sl_NetAppDnsGetHostByName             
2000ab75  _SlDrvDriverCBDeinit                  
2000ac99  sl_Send                               
2000adb1  strtoul                               
2000aec5  _SlDrvNetAppEventHandler              
2000afc9  __aeabi_dmul                          
2000b0c5  spi_Read                              
2000b1b5  uDMAChannelTransferSet                
2000b38d  sl_Stop                               
2000b471  sl_Start                              
2000b62d  _SlDrvMsgReadSpawnCtx                 
2000b701  ldexp                                 
2000b701  ldexpl                                
2000b701  scalbn                                
2000b701  scalbnl                               
2000b7d1  _sl_HandleAsync_DnsGetHostByService   
2000b89d  sl_NetAppMDNSRegisterUnregisterService
2000ba29  _SlDrvCmdOp                           
2000bae9  sl_DevGet                             
2000bb9d  IntDisable                            
2000bc45  IntEnable                             
2000bced  _SlDriverHandleError                  
2000bd91  SPIConfigSetExpClk                    
2000be31  __aeabi_memcpy                        
2000be31  __aeabi_memcpy4                       
2000be31  __aeabi_memcpy8                       
2000be31  memcpy                                
2000becd  _SlDrvDeviceEventHandler              
2000bf69  spi_Write                             
2000c001  PRCMPeripheralClockGet                
2000c095  _sl_HandleAsync_DnsGetHostByName      
2000c125  _sl_HandleAsync_PingResponse          
2000c2cd  PinConfigSet                          
2000c355  vsnprintf                             
2000c3dd  sl_Recv                               
2000c465  __aeabi_cdcmpeq                       
2000c465  __aeabi_cdcmple                       
2000c4eb  __aeabi_cdrcmple                      
2000c571  _sl_HandleAsync_Connect               
2000c5f1  _sl_HandleAsync_InitComplete          
2000c771  sl_NetCfgSet                          
2000c7ed  sl_SetSockOpt                         
2000c869  sl_WlanSet                            
2000c8e5  __aeabi_memclr                        
2000c8e5  __aeabi_memclr4                       
2000c8e5  __aeabi_memclr8                       
2000c8e7  __aeabi_memset                        
2000c8e7  __aeabi_memset4                       
2000c8e7  __aeabi_memset8                       
2000c8ed  memset                                
2000c961  _SlNonOsSemGet                        
2000c9d9  sl_WlanPolicySet                      
2000ca51  spi_Close                             
2000cac9  UARTConfigSetExpClk                   
2000cb41  _SlNonOsMainLoopTask                  
2000cbb5  __TI_auto_init                        
2000cc25  sl_Socket                             
2000cc95  _SlDrvCmdSend                         
2000cd01  _sl_NetAppSendTokenValue              
2000cd6d  sl_WlanRxFilterSet                    
2000cdd9  __TI_decompress_lzss                  
2000ce41  _SlNonOsSpawn                         
2000cea5  _sl_HandleAsync_Accept                
2000cf09  uDMAChannelAttributeDisable           
2000cf6d  uDMAChannelAttributeEnable            
2000cfd1  sprintf                               
2000d031  frexp                                 
2000d031  frexpl                                
2000d08d  IntPendClear                          
2000d0e5  PRCMPeripheralReset                   
2000d13d  ltoa                                  
2000d195  IntPrioritySet                        
2000d1e9  _SlDrvRxIrqHandler                    
2000d23d  _sl_HandleAsync_Select                
2000d291  C$$EXIT                               
2000d295  abort                                 
2000d29d  exit                                  
2000d2e5  _sl_HandleAsync_Stop                  
2000d335  SPIIntEnable                          
2000d3cd  _SlDrvProtectAsyncRespSetting         
2000d465  atoi                                  
2000d4b1  copy_in                               
2000d4fd  uDMAChannelAssign                     
2000d549  SPIIntClear                           
2000d591  _SlDrvBasicCmd                        
2000d5d9  __aeabi_d2iz                          
2000d621  sl_NetAppMDNSUnRegisterService        
2000d6ad  _SlDrvHandleHttpServerEvents          
2000d6f1  _SlDrvSyncObjWaitTimeout              
2000d779  sl_Close                              
2000d7bd  sl_WlanProfileDel                     
2000d801  sl_WlanSetMode                        
2000d845  sl_Htonl                              
2000d889  PinModeSet                            
2000d8c9  _SlDrvHandleNetAppEvents              
2000d909  _SlDrvHandleWlanEvents                
2000d989  _c_int00                              
2000d9c9  NwpRegisterInterruptHandler           
2000da45  PRCMPeripheralClkEnable               
2000da81  sl_Htons                              
2000dabd  uDMAChannelControlSet                 
2000daf9  NwpPowerOff                           
2000db31  PRCMPeripheralStatusGet               
2000db65  SPIFIFOLevelSet                       
2000db99  UARTDisable                           
2000dbc9  __aeabi_i2d                           
2000dbf9  PRCMSysResetCauseGet                  
2000dc51  _SlDrvProtectionObjLockWaitForever    
2000dc7d  strncmp                               
2000dca9  PRCMPeripheralClkDisable              
2000dcd1  _SlDrvGlobalObjUnLock                 
2000dcf9  _SlDrvProtectionObjUnLock             
2000dd21  _SlDrvSyncObjWaitForever              
2000dd49  sl_Provisioning_HttpServerEventHdl    
2000dd57  sl_Provisioning_NetAppEventHdl        
2000dd63  sl_Provisioning_WlanEventHdl          
2000dd71  DmaSpiSwIntHandler                    
2000dd95  IntUnregister                         
2000ddb9  UARTEnable                            
2000dddd  _SlDrvObjLockWaitForever              
2000de01  memmove                               
2000de25  SPIReset                              
2000de47  SPIWordCountSet                       
2000de69  IntRegister                           
2000de89  NwpPowerOn                            
2000dea9  _SlDrvObjUnLock                       
2000dec9  _SlDrvSyncObjSignal                   
2000dee9  sl_WlanDisconnect                     
2000df09  UARTCharPut                           
2000df45  UARTCharGetNonBlocking                
2000df61  PinMuxConfig                          
2000df7d  memccpy                               
2000df99  uDMAChannelEnable                     
2000dfb5  PinTypeUART                           
2000dfcf  SPIDmaDisable                         
2000dfe9  SPIDmaEnable                          
2000e003  SPIFIFODisable                        
2000e01d  SPIFIFOEnable                         
2000e037  SPIIntUnregister                      
2000e051  SPICSDisable                          
2000e069  SPICSEnable                           
2000e081  SPIDisable                            
2000e099  SPIEnable                             
2000e0b1  UARTCharsAvail                        
2000e0c9  _SlNonOsSemSet                        
2000e0f9  _args_main                            
2000e111  strcmp                                
2000e129  PRCMHIBRegRead                        
2000e13f  PRCMHIBRegWrite                       
2000e155  _SlDrvMemZero                         
2000e16b  strchr                                
2000e181  CPUcpsie                              
2000e195  IntVTableBaseSet                      
2000e1a9  _register_unlock                      
2000e1af  _register_lock                        
2000e1b7  _nop                                  
2000e1bd  strcpy                                
2000e1d1  strlen                                
2000e1e5  _SlDrvDispatchHttpServerEvents        
2000e1f5  _SlDrvResetCmdExt                     
2000e203  __TI_decompress_none                  
2000e211  ResetISR                              
2000e221  NwpMaskInterrupt                      
2000e22d  NwpUnMaskInterrupt                    
2000e239  __TI_zero_init                        
2000e245  IntMasterEnable                       
2000e24f  copysign                              
2000e24f  copysignl                             
2000e257  UtilsDelay                            
2000e25d  _system_pre_init                      
2000e260  _ctypes_                              
2000e660  OpcodeTranslateTable                  
2000e6d8  _SlActionLookupTable                  
2000e7c4  _SlNetAppSendTokenValueCmdCtrl        
2000e958  __TI_static_base__                    
2000e980  __TI_Handler_Table_Base               
2000e98c  __TI_Handler_Table_Limit              
2000e998  __TI_CINIT_Base                       
2000e9a8  __TI_CINIT_Limit                      
20017000  _sys_memory                           
20017800  g_buff                                
20017f20  g_ucDinDout                           
20017f70  g_ucConnectionSSID                    
20017f94  g_ucConnectionBSSID                   
20017fa0  g_ulDestinationIP                     
20017fa4  RxIrqCnt                              
20017fa5  g_bDeviceRestartIsRequired            
20017fa6  g_cDummy                              
20017ff0  g__SlNonOsCB                          
20018040  g_pCB                                 
20018044  pPingCallBackFunc                     
2001804c  __TI_cleanup_ptr                      
20018050  __TI_dtors_ptr                        
20018054  __TI_enable_exit_profile_output       
20018064  g_ulStatus                            
20018068  g_ulGatewayIP                         
2001806c  bytesReceived                         
20018070  g_SpiFd                               
20018074  g_pHostIntHdl                         
20018078  g_ucDMAEnabled                        
2001807c  _lock                                 
20018080  _unlock                               
20018084  errno                                 
20018088  main_func_sp                          
2002f800  __stack                               
20030000  __STACK_END                           
ffffffff  __TI_pprof_out_hndl                   
ffffffff  __TI_prof_data_size                   
ffffffff  __TI_prof_data_start                  
ffffffff  __binit__                             
ffffffff  __c_args__                            
ffffffff  binit                                 
UNDEFED   SHT$$INIT_ARRAY$$Base                 
UNDEFED   SHT$$INIT_ARRAY$$Limit                

[283 symbols]
