******************************************************************************
                  TI ARM Linker PC v16.9.0                     
******************************************************************************
>> Linked Tue Apr 05 18:06:39 2022

OUTPUT FILE NAME:   <spi_demo.out>
ENTRY POINT SYMBOL: "_c_int00"  address: 200074c5


MEMORY CONFIGURATION

         name            origin    length      used     unused   attr    fill
----------------------  --------  ---------  --------  --------  ----  --------
  SRAM_CODE             20004000   00013000  00003ca0  0000f360  RW X
  SRAM_DATA             20017000   00019000  000010f6  00017f0a  RW X


SEGMENT ALLOCATION MAP

run origin  load origin   length   init length attrs members
----------  ----------- ---------- ----------- ----- -------
20004000    20004000    00003ca0   00003ca0    r-x
  20004000    20004000    00000400   00000400    r-- .intvecs
  20004400    20004400    000034f8   000034f8    r-x .text
  200078f8    200078f8    00000368   00000368    r-- .const
  20007c60    20007c60    00000040   00000040    r-- .cinit
20017000    20017000    000008f8   00000000    rw-
  20017000    20017000    00000800   00000000    rw- .sysmem
  20017800    20017800    000000ce   00000000    rw- .bss
  200178d0    200178d0    00000028   00000000    rw- .data
2002f800    2002f800    00000800   00000000    rw-
  2002f800    2002f800    00000800   00000000    rw- .stack


SECTION ALLOCATION MAP

 output                                  attributes/
section   page    origin      length       input sections
--------  ----  ----------  ----------   ----------------
.intvecs   0    20004000    00000400     
                  20004000    00000400     startup_ccs.obj (.intvecs)

.init_array 
*          0    20004000    00000000     UNINITIALIZED

.text      0    20004400    000034f8     
                  20004400    0000111e     rtsv7M4_T_le_eabi.lib : _printfi.obj (.text)
                  2000551e    00000002                           : mpu_init.obj (.text)
                  20005520    000003d0                           : memory.obj (.text)
                  200058f0    0000038c     main.obj (.text)
                  20005c7c    00000280     uart_if.obj (.text)
                  20005efc    000001f4     rtsv7M4_T_le_eabi.lib : ull_div_t2.obj (.text)
                  200060f0    000001b6                           : fd_add_t2.obj (.text)
                  200062a6    00000002                           : startup.obj (.text)
                  200062a8    00000178     driverlib.a : prcm.obj (.text:PRCMCC3200MCUInit)
                  20006420    00000136     rtsv7M4_T_le_eabi.lib : fd_div_t2.obj (.text)
                  20006556    000000fc                           : fd_mul_t2.obj (.text)
                  20006652    000000d0     driverlib.a : spi.obj (.text:SPITransfer32)
                  20006722    00000002     --HOLE-- [fill = 0]
                  20006724    000000d0     rtsv7M4_T_le_eabi.lib : s_scalbn.obj (.text)
                  200067f4    000000ce     driverlib.a : spi.obj (.text:SPITransfer16)
                  200068c2    000000b8                 : spi.obj (.text:SPITransfer8)
                  2000697a    00000002     --HOLE-- [fill = 0]
                  2000697c    000000a8                 : interrupt.obj (.text:IntEnable)
                  20006a24    000000a0                 : spi.obj (.text:SPIConfigSetExpClk)
                  20006ac4    0000009c     rtsv7M4_T_le_eabi.lib : memcpy_t2.obj (.text)
                  20006b60    00000094     driverlib.a : prcm.obj (.text:PRCMPeripheralClockGet)
                  20006bf4    00000088                 : pin.obj (.text:PinConfigSet)
                  20006c7c    00000088                 : spi.obj (.text:SPITransfer)
                  20006d04    00000088     rtsv7M4_T_le_eabi.lib : vsnprintf.obj (.text)
                  20006d8c    00000086                           : fd_cmp_t2.obj (.text:__aeabi_cdcmple)
                  20006e12    00000086                           : fd_cmp_t2.obj (.text:__aeabi_cdrcmple)
                  20006e98    0000007c     driverlib.a : spi.obj (.text:SPIIntStatus)
                  20006f14    0000007a     rtsv7M4_T_le_eabi.lib : memset_t2.obj (.text)
                  20006f8e    00000076     driverlib.a : uart.obj (.text:UARTConfigSetExpClk)
                  20007004    00000070     rtsv7M4_T_le_eabi.lib : autoinit.obj (.text)
                  20007074    00000068                           : copy_decompress_lzss.obj (.text:decompress:lzss)
                  200070dc    0000005c                           : s_frexp.obj (.text)
                  20007138    00000058     driverlib.a : prcm.obj (.text:PRCMPeripheralReset)
                  20007190    00000056     rtsv7M4_T_le_eabi.lib : ltoa.obj (.text)
                  200071e6    00000002     --HOLE-- [fill = 0]
                  200071e8    00000054                           : exit.obj (.text)
                  2000723c    0000004c     driverlib.a : spi.obj (.text:SPIIntEnable)
                  20007288    0000004c                 : spi.obj (.text:SPIIntNumberGet)
                  200072d4    0000004c     rtsv7M4_T_le_eabi.lib : atoi.obj (.text)
                  20007320    0000004c                           : cpy_tbl.obj (.text)
                  2000736c    00000048     driverlib.a : spi.obj (.text:SPIIntClear)
                  200073b4    00000048     rtsv7M4_T_le_eabi.lib : fd_toi_t2.obj (.text)
                  200073fc    00000044     driverlib.a : spi.obj (.text:SPIDmaMaskGet)
                  20007440    00000044     pinmux.obj (.text)
                  20007484    00000040     driverlib.a : pin.obj (.text:PinModeSet)
                  200074c4    00000040     rtsv7M4_T_le_eabi.lib : boot.obj (.text)
                  20007504    0000003c     driverlib.a : prcm.obj (.text:PRCMPeripheralClkEnable)
                  20007540    00000030                 : uart.obj (.text:UARTDisable)
                  20007570    0000002e     rtsv7M4_T_le_eabi.lib : i_tofd_t2.obj (.text)
                  2000759e    00000002     --HOLE-- [fill = 0]
                  200075a0    0000002c     driverlib.a : prcm.obj (.text:PRCMSysResetCauseGet)
                  200075cc    0000002a                 : spi.obj (.text:SPIDataGetNonBlocking)
                  200075f6    00000002     --HOLE-- [fill = 0]
                  200075f8    00000028                 : prcm.obj (.text:PRCMPeripheralClkDisable)
                  20007620    00000024                 : uart.obj (.text:UARTEnable)
                  20007644    00000024     rtsv7M4_T_le_eabi.lib : memmov.obj (.text)
                  20007668    00000022     driverlib.a : spi.obj (.text:SPIReset)
                  2000768a    00000002     --HOLE-- [fill = 0]
                  2000768c    00000020                 : interrupt.obj (.text:IntRegister)
                  200076ac    00000020                 : spi.obj (.text:SPIDataGet)
                  200076cc    0000001e                 : spi.obj (.text:SPIDataPut)
                  200076ea    0000001e                 : spi.obj (.text:SPIIntRegister)
                  20007708    0000001e                 : uart.obj (.text:UARTCharPut)
                  20007726    0000001c                 : uart.obj (.text:UARTCharGetNonBlocking)
                  20007742    0000001c     rtsv7M4_T_le_eabi.lib : memccpy.obj (.text)
                  2000775e    0000001a     driverlib.a : pin.obj (.text:PinTypeSPI)
                  20007778    0000001a                 : pin.obj (.text:PinTypeUART)
                  20007792    00000018                 : spi.obj (.text:SPICSDisable)
                  200077aa    00000018                 : spi.obj (.text:SPICSEnable)
                  200077c2    00000018                 : spi.obj (.text:SPIEnable)
                  200077da    00000018                 : uart.obj (.text:UARTCharsAvail)
                  200077f2    00000002     --HOLE-- [fill = 0]
                  200077f4    00000018     rtsv7M4_T_le_eabi.lib : args_main.obj (.text)
                  2000780c    00000016     driverlib.a : prcm.obj (.text:PRCMHIBRegRead)
                  20007822    00000016                 : prcm.obj (.text:PRCMHIBRegWrite)
                  20007838    00000016                 : uart.obj (.text:UARTCharGet)
                  2000784e    00000016     rtsv7M4_T_le_eabi.lib : strchr.obj (.text)
                  20007864    00000014     driverlib.a : cpu.obj (.text:CPUcpsie)
                  20007878    00000014                 : interrupt.obj (.text:IntVTableBaseSet)
                  2000788c    00000014     rtsv7M4_T_le_eabi.lib : _lock.obj (.text)
                  200078a0    00000014                           : strlen.obj (.text)
                  200078b4    0000000e                           : copy_decompress_none.obj (.text:decompress:none)
                  200078c2    0000000e     startup_ccs.obj (.text)
                  200078d0    0000000c     rtsv7M4_T_le_eabi.lib : copy_zero_init.obj (.text:decompress:ZI)
                  200078dc    0000000a     driverlib.a : interrupt.obj (.text:IntMasterEnable)
                  200078e6    00000008     rtsv7M4_T_le_eabi.lib : s_copysign.obj (.text)
                  200078ee    00000006     driverlib.a : utils.obj (.text:UtilsDelay)
                  200078f4    00000004     rtsv7M4_T_le_eabi.lib : pre_init.obj (.text)

.const     0    200078f8    00000368     
                  200078f8    00000101     rtsv7M4_T_le_eabi.lib : ctype.obj (.const:.string:_ctypes_)
                  200079f9    00000003     --HOLE-- [fill = 0]
                  200079fc    00000100     driverlib.a : pin.obj (.const:g_ulPinToPadMap)
                  20007afc    000000a8                 : prcm.obj (.const:PRCM_PeriphRegsList)
                  20007ba4    00000080                 : interrupt.obj (.const)
                  20007c24    00000024                 : spi.obj (.const:g_ppulSPIIntMap)
                  20007c48    00000018                 : spi.obj (.const)

.cinit     0    20007c60    00000040     
                  20007c60    0000001c     (.cinit..data.load) [load image, compression = lzss]
                  20007c7c    0000000c     (__TI_handler_table)
                  20007c88    00000008     (.cinit..bss.load) [load image, compression = zero_init]
                  20007c90    00000010     (__TI_cinit_table)

.sysmem    0    20017000    00000800     UNINITIALIZED
                  20017000    00000008     rtsv7M4_T_le_eabi.lib : memory.obj (.sysmem)
                  20017008    000007f8     --HOLE--

.bss       0    20017800    000000ce     UNINITIALIZED
                  20017800    00000064     main.obj (.bss:g_ucRxBuff)
                  20017864    00000064     main.obj (.bss:g_ucTxBuff)
                  200178c8    00000004     uart_if.obj (.bss)
                  200178cc    00000002     main.obj (.bss)

.data      0    200178d0    00000028     UNINITIALIZED
                  200178d0    0000000c     rtsv7M4_T_le_eabi.lib : exit.obj (.data:$O1$$)
                  200178dc    0000000c                           : memory.obj (.data:$O1$$)
                  200178e8    00000008                           : _lock.obj (.data:$O1$$)
                  200178f0    00000004                           : errno.obj (.data)
                  200178f4    00000004                           : stkdepth_vars.obj (.data)

.stack     0    2002f800    00000800     UNINITIALIZED
                  2002f800    00000800     --HOLE--

MODULE SUMMARY

       Module                     code    ro data   rw data
       ------                     ----    -------   -------
    .\
       main.obj                   908     0         202    
       startup_ccs.obj            14      1024      0      
       uart_if.obj                640     0         4      
       pinmux.obj                 68      0         0      
    +--+--------------------------+-------+---------+---------+
       Total:                     1630    1024      206    
                                                           
    C:/ti/CC3200SDK_1.2.0/cc3200-sdk/driverlib/ccs/Release/driverlib.a
       spi.obj                    1550    60        0      
       prcm.obj                   800     168       0      
       pin.obj                    252     256       0      
       interrupt.obj              230     128       0      
       uart.obj                   306     0         0      
       cpu.obj                    20      0         0      
       utils.obj                  6       0         0      
    +--+--------------------------+-------+---------+---------+
       Total:                     3164    612       0      
                                                           
    C:\ti\ccsv7\tools\compiler\ti-cgt-arm_16.9.0.LTS\lib\rtsv7M4_T_le_eabi.lib
       _printfi.obj               4382    0         0      
       memory.obj                 976     0         12     
       ull_div_t2.obj             500     0         0      
       fd_add_t2.obj              438     0         0      
       fd_div_t2.obj              310     0         0      
       fd_cmp_t2.obj              268     0         0      
       ctype.obj                  0       257       0      
       fd_mul_t2.obj              252     0         0      
       s_scalbn.obj               208     0         0      
       memcpy_t2.obj              156     0         0      
       vsnprintf.obj              136     0         0      
       memset_t2.obj              122     0         0      
       autoinit.obj               112     0         0      
       copy_decompress_lzss.obj   104     0         0      
       exit.obj                   84      0         12     
       s_frexp.obj                92      0         0      
       ltoa.obj                   86      0         0      
       atoi.obj                   76      0         0      
       cpy_tbl.obj                76      0         0      
       fd_toi_t2.obj              72      0         0      
       boot.obj                   64      0         0      
       i_tofd_t2.obj              46      0         0      
       memmov.obj                 36      0         0      
       _lock.obj                  20      0         8      
       memccpy.obj                28      0         0      
       args_main.obj              24      0         0      
       strchr.obj                 22      0         0      
       strlen.obj                 20      0         0      
       copy_decompress_none.obj   14      0         0      
       copy_zero_init.obj         12      0         0      
       s_copysign.obj             8       0         0      
       errno.obj                  0       0         4      
       pre_init.obj               4       0         0      
       stkdepth_vars.obj          0       0         4      
       mpu_init.obj               2       0         0      
       startup.obj                2       0         0      
    +--+--------------------------+-------+---------+---------+
       Total:                     8752    257       40     
                                                           
       Heap:                      0       0         2048   
       Stack:                     0       0         2048   
       Linker Generated:          0       64        0      
    +--+--------------------------+-------+---------+---------+
       Grand Total:               13546   1957      4342   


LINKER GENERATED COPY TABLES

__TI_cinit_table @ 20007c90 records: 2, size/record: 8, table size: 16
	.data: load addr=20007c60, load size=0000001c bytes, run addr=200178d0, run size=00000028 bytes, compression=lzss
	.bss: load addr=20007c88, load size=00000008 bytes, run addr=20017800, run size=000000ce bytes, compression=zero_init


LINKER GENERATED HANDLER TABLE

__TI_handler_table @ 20007c7c records: 3, size/record: 4, table size: 12
	index: 0, handler: __TI_decompress_lzss
	index: 1, handler: __TI_decompress_none
	index: 2, handler: __TI_zero_init


GLOBAL SYMBOLS: SORTED ALPHABETICALLY BY Name 

address   name                           
-------   ----                           
200071e9  C$$EXIT                        
20007865  CPUcpsie                       
20005cbd  ClearTerm                      
20005cc7  Error                          
20005cff  GetCmd                         
20005c7d  InitTerm                       
2000697d  IntEnable                      
200078dd  IntMasterEnable                
2000768d  IntRegister                    
20007879  IntVTableBaseSet               
20005961  MasterMain                     
20005c9b  Message                        
200062a9  PRCMCC3200MCUInit              
2000780d  PRCMHIBRegRead                 
20007823  PRCMHIBRegWrite                
200075f9  PRCMPeripheralClkDisable       
20007505  PRCMPeripheralClkEnable        
20006b61  PRCMPeripheralClockGet         
20007139  PRCMPeripheralReset            
200075a1  PRCMSysResetCauseGet           
20006bf5  PinConfigSet                   
20007485  PinModeSet                     
20007441  PinMuxConfig                   
2000775f  PinTypeSPI                     
20007779  PinTypeUART                    
20005e3d  Report                         
200078c3  ResetISR                       
UNDEFED   SHT$$INIT_ARRAY$$Base          
UNDEFED   SHT$$INIT_ARRAY$$Limit         
20007793  SPICSDisable                   
200077ab  SPICSEnable                    
20006a25  SPIConfigSetExpClk             
200076ad  SPIDataGet                     
200075cd  SPIDataGetNonBlocking          
200076cd  SPIDataPut                     
200077c3  SPIEnable                      
2000736d  SPIIntClear                    
2000723d  SPIIntEnable                   
200076eb  SPIIntRegister                 
20006e99  SPIIntStatus                   
20007669  SPIReset                       
20006c7d  SPITransfer                    
20005a1f  SlaveMain                      
20005da5  TrimSpace                      
20007839  UARTCharGet                    
20007727  UARTCharGetNonBlocking         
20007709  UARTCharPut                    
200077db  UARTCharsAvail                 
20006f8f  UARTConfigSetExpClk            
20007541  UARTDisable                    
20007621  UARTEnable                     
200078ef  UtilsDelay                     
20030000  __STACK_END                    
00000800  __STACK_SIZE                   
00000800  __SYSMEM_SIZE                  
20007c90  __TI_CINIT_Base                
20007ca0  __TI_CINIT_Limit               
20007c7c  __TI_Handler_Table_Base        
20007c88  __TI_Handler_Table_Limit       
20007005  __TI_auto_init                 
200178d0  __TI_cleanup_ptr               
20007075  __TI_decompress_lzss           
200078b5  __TI_decompress_none           
200178d4  __TI_dtors_ptr                 
200178d8  __TI_enable_exit_profile_output
ffffffff  __TI_pprof_out_hndl            
20004c35  __TI_printfi                   
ffffffff  __TI_prof_data_size            
ffffffff  __TI_prof_data_start           
20007c60  __TI_static_base__             
200078d1  __TI_zero_init                 
20006d8d  __aeabi_cdcmpeq                
20006d8d  __aeabi_cdcmple                
20006e13  __aeabi_cdrcmple               
200073b5  __aeabi_d2iz                   
200060fb  __aeabi_dadd                   
20006421  __aeabi_ddiv                   
20006557  __aeabi_dmul                   
200060f1  __aeabi_dsub                   
20007571  __aeabi_i2d                    
20006f15  __aeabi_memclr                 
20006f15  __aeabi_memclr4                
20006f15  __aeabi_memclr8                
20006ac5  __aeabi_memcpy                 
20006ac5  __aeabi_memcpy4                
20006ac5  __aeabi_memcpy8                
20006f17  __aeabi_memset                 
20006f17  __aeabi_memset4                
20006f17  __aeabi_memset8                
20005efd  __aeabi_uldivmod               
ffffffff  __binit__                      
ffffffff  __c_args__                     
2000551f  __mpu_init                     
2002f800  __stack                        
200077f5  _args_main                     
200074c5  _c_int00                       
200078f8  _ctypes_                       
200178e8  _lock                          
2000789b  _nop                           
20007893  _register_lock                 
2000788d  _register_unlock               
20017000  _sys_memory                    
200062a7  _system_post_cinit             
200078f5  _system_pre_init               
200178ec  _unlock                        
200071ed  abort                          
200072d5  atoi                           
ffffffff  binit                          
200058c1  calloc                         
20007321  copy_in                        
200078e7  copysign                       
200078e7  copysignl                      
200178f0  errno                          
200071f5  exit                           
2000560b  free                           
200070dd  frexp                          
200070dd  frexpl                         
20004000  g_pfnVectors                   
20006725  ldexp                          
20006725  ldexpl                         
20007191  ltoa                           
20005a8f  main                           
200178f4  main_func_sp                   
200055a1  malloc                         
200057d5  memalign                       
20007743  memccpy                        
20006ac5  memcpy                         
20007645  memmove                        
20006f1d  memset                         
20005521  minit                          
200056cd  realloc                        
20006725  scalbn                         
20006725  scalbnl                        
2000784f  strchr                         
200078a1  strlen                         
20006d05  vsnprintf                      


GLOBAL SYMBOLS: SORTED BY Symbol Address 

address   name                           
-------   ----                           
00000800  __STACK_SIZE                   
00000800  __SYSMEM_SIZE                  
20004000  g_pfnVectors                   
20004c35  __TI_printfi                   
2000551f  __mpu_init                     
20005521  minit                          
200055a1  malloc                         
2000560b  free                           
200056cd  realloc                        
200057d5  memalign                       
200058c1  calloc                         
20005961  MasterMain                     
20005a1f  SlaveMain                      
20005a8f  main                           
20005c7d  InitTerm                       
20005c9b  Message                        
20005cbd  ClearTerm                      
20005cc7  Error                          
20005cff  GetCmd                         
20005da5  TrimSpace                      
20005e3d  Report                         
20005efd  __aeabi_uldivmod               
200060f1  __aeabi_dsub                   
200060fb  __aeabi_dadd                   
200062a7  _system_post_cinit             
200062a9  PRCMCC3200MCUInit              
20006421  __aeabi_ddiv                   
20006557  __aeabi_dmul                   
20006725  ldexp                          
20006725  ldexpl                         
20006725  scalbn                         
20006725  scalbnl                        
2000697d  IntEnable                      
20006a25  SPIConfigSetExpClk             
20006ac5  __aeabi_memcpy                 
20006ac5  __aeabi_memcpy4                
20006ac5  __aeabi_memcpy8                
20006ac5  memcpy                         
20006b61  PRCMPeripheralClockGet         
20006bf5  PinConfigSet                   
20006c7d  SPITransfer                    
20006d05  vsnprintf                      
20006d8d  __aeabi_cdcmpeq                
20006d8d  __aeabi_cdcmple                
20006e13  __aeabi_cdrcmple               
20006e99  SPIIntStatus                   
20006f15  __aeabi_memclr                 
20006f15  __aeabi_memclr4                
20006f15  __aeabi_memclr8                
20006f17  __aeabi_memset                 
20006f17  __aeabi_memset4                
20006f17  __aeabi_memset8                
20006f1d  memset                         
20006f8f  UARTConfigSetExpClk            
20007005  __TI_auto_init                 
20007075  __TI_decompress_lzss           
200070dd  frexp                          
200070dd  frexpl                         
20007139  PRCMPeripheralReset            
20007191  ltoa                           
200071e9  C$$EXIT                        
200071ed  abort                          
200071f5  exit                           
2000723d  SPIIntEnable                   
200072d5  atoi                           
20007321  copy_in                        
2000736d  SPIIntClear                    
200073b5  __aeabi_d2iz                   
20007441  PinMuxConfig                   
20007485  PinModeSet                     
200074c5  _c_int00                       
20007505  PRCMPeripheralClkEnable        
20007541  UARTDisable                    
20007571  __aeabi_i2d                    
200075a1  PRCMSysResetCauseGet           
200075cd  SPIDataGetNonBlocking          
200075f9  PRCMPeripheralClkDisable       
20007621  UARTEnable                     
20007645  memmove                        
20007669  SPIReset                       
2000768d  IntRegister                    
200076ad  SPIDataGet                     
200076cd  SPIDataPut                     
200076eb  SPIIntRegister                 
20007709  UARTCharPut                    
20007727  UARTCharGetNonBlocking         
20007743  memccpy                        
2000775f  PinTypeSPI                     
20007779  PinTypeUART                    
20007793  SPICSDisable                   
200077ab  SPICSEnable                    
200077c3  SPIEnable                      
200077db  UARTCharsAvail                 
200077f5  _args_main                     
2000780d  PRCMHIBRegRead                 
20007823  PRCMHIBRegWrite                
20007839  UARTCharGet                    
2000784f  strchr                         
20007865  CPUcpsie                       
20007879  IntVTableBaseSet               
2000788d  _register_unlock               
20007893  _register_lock                 
2000789b  _nop                           
200078a1  strlen                         
200078b5  __TI_decompress_none           
200078c3  ResetISR                       
200078d1  __TI_zero_init                 
200078dd  IntMasterEnable                
200078e7  copysign                       
200078e7  copysignl                      
200078ef  UtilsDelay                     
200078f5  _system_pre_init               
200078f8  _ctypes_                       
20007c60  __TI_static_base__             
20007c7c  __TI_Handler_Table_Base        
20007c88  __TI_Handler_Table_Limit       
20007c90  __TI_CINIT_Base                
20007ca0  __TI_CINIT_Limit               
20017000  _sys_memory                    
200178d0  __TI_cleanup_ptr               
200178d4  __TI_dtors_ptr                 
200178d8  __TI_enable_exit_profile_output
200178e8  _lock                          
200178ec  _unlock                        
200178f0  errno                          
200178f4  main_func_sp                   
2002f800  __stack                        
20030000  __STACK_END                    
ffffffff  __TI_pprof_out_hndl            
ffffffff  __TI_prof_data_size            
ffffffff  __TI_prof_data_start           
ffffffff  __binit__                      
ffffffff  __c_args__                     
ffffffff  binit                          
UNDEFED   SHT$$INIT_ARRAY$$Base          
UNDEFED   SHT$$INIT_ARRAY$$Limit         

[136 symbols]
