******************************************************************************
                  TI ARM Linker PC v16.9.0                     
******************************************************************************
>> Linked Thu May 12 18:27:26 2022

OUTPUT FILE NAME:   <ssl.out>
ENTRY POINT SYMBOL: "_c_int00"  address: 2000ce4d


MEMORY CONFIGURATION

         name            origin    length      used     unused   attr    fill
----------------------  --------  ---------  --------  --------  ----  --------
  SRAM_CODE             20004000   00013000  00009f08  000090f8  RW X
  SRAM_DATA             20017000   00019000  00009666  0000f99a  RW X


SEGMENT ALLOCATION MAP

run origin  load origin   length   init length attrs members
----------  ----------- ---------- ----------- ----- -------
20004000    20004000    00009f08   00009f08    r-x
  20004000    20004000    00000400   00000400    r-- .intvecs
  20004400    20004400    00009420   00009420    r-x .text
  2000d820    2000d820    00000630   00000630    r-- .const
  2000de50    2000de50    000000b8   000000b8    r-- .cinit
20017000    20017000    00008668   00000000    rw-
  20017000    20017000    00008000   00000000    rw- .sysmem
  2001f000    2001f000    000003e2   00000000    rw- .bss
  2001f3e4    2001f3e4    00000284   00000000    rw- .data
2002f000    2002f000    00001000   00000000    rw-
  2002f000    2002f000    00001000   00000000    rw- .stack


SECTION ALLOCATION MAP

 output                                  attributes/
section   page    origin      length       input sections
--------  ----  ----------  ----------   ----------------
.intvecs   0    20004000    00000400     
                  20004000    00000400     startup_ccs.obj (.intvecs)

.init_array 
*          0    20004000    00000000     UNINITIALIZED

.text      0    20004400    00009420     
                  20004400    000011c4     main.obj (.text)
                  200055c4    0000111e     rtsv7M4_T_le_eabi.lib : _printfi.obj (.text)
                  200066e2    00000002     driverlib.a : interrupt.obj (.text:IntDefaultHandler)
                  200066e4    00000590     simplelink.a : driver.obj (.text:_SlDrvMsgRead)
                  20006c74    000003d0     rtsv7M4_T_le_eabi.lib : memory.obj (.text)
                  20007044    00000398     gpio_if.obj (.text)
                  200073dc    00000324     rtsv7M4_T_le_eabi.lib : trgdrv.obj (.text)
                  20007700    0000030c                           : lowlev.obj (.text)
                  20007a0c    00000280     uart_if.obj (.text)
                  20007c8c    00000260     simplelink.a : wlan.obj (.text:sl_WlanConnect)
                  20007eec    000001fc                  : driver.obj (.text:_SlDrvRxHdrRead)
                  200080e8    000001f4     rtsv7M4_T_le_eabi.lib : ull_div_t2.obj (.text)
                  200082dc    000001e4     simplelink.a : driver.obj (.text:_SlDrvDataReadOp)
                  200084c0    000001d0                  : driver.obj (.text:_SlDrvReleasePoolObj)
                  20008690    000001c4     rtsv7M4_T_le_eabi.lib : fopen.obj (.text)
                  20008854    000001b6                           : fd_add_t2.obj (.text)
                  20008a0a    00000002                           : mpu_init.obj (.text)
                  20008a0c    000001b4     simplelink.a : driver.obj (.text:_SlDrvDriverCBInit)
                  20008bc0    0000019c                  : driver.obj (.text:_SlDrvMsgWrite)
                  20008d5c    00000190                  : driver.obj (.text:_SlDrvWaitForPoolObj)
                  20008eec    00000178     driverlib.a : prcm.obj (.text:PRCMCC3200MCUInit)
                  20009064    00000170     simplelink.a : driver.obj (.text:_SlFindAndSetActiveObj)
                  200091d4    0000016c                  : socket.obj (.text:sl_Connect)
                  20009340    00000150                  : driver.obj (.text:_SlDrvDataWriteOp)
                  20009490    00000148                  : cc_pal.obj (.text:spi_Open)
                  200095d8    00000136     rtsv7M4_T_le_eabi.lib : fd_div_t2.obj (.text)
                  2000970e    00000002                           : startup.obj (.text)
                  20009710    00000134                           : fputs.obj (.text)
                  20009844    0000012c     simplelink.a : netapp.obj (.text:sl_NetAppDnsGetHostByName)
                  20009970    00000128                  : driver.obj (.text:_SlDrvMsgReadCmdCtx)
                  20009a98    00000124                  : driver.obj (.text:_SlDrvDriverCBDeinit)
                  20009bbc    00000118                  : socket.obj (.text:sl_Send)
                  20009cd4    00000104                  : netapp.obj (.text:_SlDrvNetAppEventHandler)
                  20009dd8    000000fc     rtsv7M4_T_le_eabi.lib : fd_mul_t2.obj (.text)
                  20009ed4    000000f0     simplelink.a : cc_pal.obj (.text:spi_Read)
                  20009fc4    000000f0     driverlib.a : udma.obj (.text:uDMAChannelTransferSet)
                  2000a0b4    000000e8     simplelink.a : driver.obj (.text:_SlAsyncEventGenericHandler)
                  2000a19c    000000e4                  : device.obj (.text:sl_Stop)
                  2000a280    000000e0                  : device.obj (.text:sl_Start)
                  2000a360    000000dc                  : driver.obj (.text:_SlDrvClassifyRxMsg)
                  2000a43c    000000dc     rtsv7M4_T_le_eabi.lib : setvbuf.obj (.text)
                  2000a518    000000d4     simplelink.a : driver.obj (.text:_SlDrvMsgReadSpawnCtx)
                  2000a5ec    000000d0     rtsv7M4_T_le_eabi.lib : s_scalbn.obj (.text)
                  2000a6bc    000000cc     simplelink.a : netapp.obj (.text:_sl_HandleAsync_DnsGetHostByService)
                  2000a788    000000c8     rtsv7M4_T_le_eabi.lib : fflush.obj (.text)
                  2000a850    000000c8     simplelink.a : netapp.obj (.text:sl_NetAppMDNSRegisterUnregisterService)
                  2000a918    000000c4                  : driver.obj (.text:_SlRemoveFromList)
                  2000a9dc    000000c0                  : driver.obj (.text:_SlDrvCmdOp)
                  2000aa9c    000000b4                  : device.obj (.text:sl_DevGet)
                  2000ab50    000000b0     pinmux.obj (.text)
                  2000ac00    000000ac     rtsv7M4_T_le_eabi.lib : _io_perm.obj (.text)
                  2000acac    000000a8     driverlib.a : interrupt.obj (.text:IntDisable)
                  2000ad54    000000a8                 : interrupt.obj (.text:IntEnable)
                  2000adfc    000000a4     simplelink.a : driver.obj (.text:_SlDriverHandleError)
                  2000aea0    000000a0     driverlib.a : spi.obj (.text:SPIConfigSetExpClk)
                  2000af40    0000009c     rtsv7M4_T_le_eabi.lib : memcpy_t2.obj (.text)
                  2000afdc    0000009a     simplelink.a : device.obj (.text:_SlDrvDeviceEventHandler)
                  2000b076    00000002     --HOLE-- [fill = 0]
                  2000b078    00000098     rtsv7M4_T_le_eabi.lib : fclose.obj (.text)
                  2000b110    00000098                           : fputc.obj (.text)
                  2000b1a8    00000098     simplelink.a : cc_pal.obj (.text:spi_Write)
                  2000b240    00000094     driverlib.a : prcm.obj (.text:PRCMPeripheralClockGet)
                  2000b2d4    00000090     simplelink.a : netapp.obj (.text:_sl_HandleAsync_DnsGetHostByName)
                  2000b364    00000090                  : netapp.obj (.text:_sl_HandleAsync_PingResponse)
                  2000b3f4    0000008c                  : cc_pal.obj (.text:SetupDMAReceive)
                  2000b480    0000008c                  : cc_pal.obj (.text:SetupDMASend)
                  2000b50c    00000088     driverlib.a : pin.obj (.text:PinConfigSet)
                  2000b594    00000088     rtsv7M4_T_le_eabi.lib : vsnprintf.obj (.text)
                  2000b61c    00000088     simplelink.a : socket.obj (.text:sl_Recv)
                  2000b6a4    00000086     rtsv7M4_T_le_eabi.lib : fd_cmp_t2.obj (.text:__aeabi_cdcmple)
                  2000b72a    00000086                           : fd_cmp_t2.obj (.text:__aeabi_cdrcmple)
                  2000b7b0    00000082     driverlib.a : gpio.obj (.text:GPIOIntTypeSet)
                  2000b832    00000002     --HOLE-- [fill = 0]
                  2000b834    00000080     simplelink.a : socket.obj (.text:_sl_HandleAsync_Connect)
                  2000b8b4    00000080                  : device.obj (.text:_sl_HandleAsync_InitComplete)
                  2000b934    00000080                  : cc_pal.obj (.text:spi_Read_CPU)
                  2000b9b4    00000080                  : cc_pal.obj (.text:spi_Write_CPU)
                  2000ba34    0000007c                  : device.obj (.text:sl_DevSet)
                  2000bab0    0000007c                  : netcfg.obj (.text:sl_NetCfgSet)
                  2000bb2c    0000007c                  : socket.obj (.text:sl_SetSockOpt)
                  2000bba8    0000007c                  : wlan.obj (.text:sl_WlanSet)
                  2000bc24    0000007a     rtsv7M4_T_le_eabi.lib : memset_t2.obj (.text)
                  2000bc9e    00000002     --HOLE-- [fill = 0]
                  2000bca0    00000078     simplelink.a : nonos.obj (.text:_SlNonOsSemGet)
                  2000bd18    00000078                  : wlan.obj (.text:sl_WlanPolicySet)
                  2000bd90    00000078                  : cc_pal.obj (.text:spi_Close)
                  2000be08    00000076     driverlib.a : uart.obj (.text:UARTConfigSetExpClk)
                  2000be7e    00000002     --HOLE-- [fill = 0]
                  2000be80    00000074     simplelink.a : nonos.obj (.text:_SlNonOsMainLoopTask)
                  2000bef4    00000070     rtsv7M4_T_le_eabi.lib : autoinit.obj (.text)
                  2000bf64    00000070                           : printf.obj (.text)
                  2000bfd4    00000070     simplelink.a : socket.obj (.text:sl_Socket)
                  2000c044    0000006c                  : driver.obj (.text:_SlDrvCmdSend)
                  2000c0b0    0000006c                  : netapp.obj (.text:_sl_NetAppSendTokenValue)
                  2000c11c    0000006c                  : wlan.obj (.text:sl_WlanRxFilterSet)
                  2000c188    00000068     rtsv7M4_T_le_eabi.lib : copy_decompress_lzss.obj (.text:decompress:lzss)
                  2000c1f0    00000068                           : trgmsg.obj (.text)
                  2000c258    00000064     simplelink.a : nonos.obj (.text:_SlNonOsSpawn)
                  2000c2bc    00000064                  : socket.obj (.text:_sl_HandleAsync_Accept)
                  2000c320    00000064     rtsv7M4_T_le_eabi.lib : fseek.obj (.text)
                  2000c384    00000064     driverlib.a : udma.obj (.text:uDMAChannelAttributeDisable)
                  2000c3e8    00000064                 : udma.obj (.text:uDMAChannelAttributeEnable)
                  2000c44c    00000060     rtsv7M4_T_le_eabi.lib : sprintf.obj (.text)
                  2000c4ac    0000005c                           : s_frexp.obj (.text)
                  2000c508    00000058     driverlib.a : interrupt.obj (.text:IntPendClear)
                  2000c560    00000058                 : prcm.obj (.text:PRCMPeripheralReset)
                  2000c5b8    00000056     rtsv7M4_T_le_eabi.lib : ltoa.obj (.text)
                  2000c60e    00000002     --HOLE-- [fill = 0]
                  2000c610    00000054     driverlib.a : interrupt.obj (.text:IntPrioritySet)
                  2000c664    00000054     simplelink.a : driver.obj (.text:_SlDrvRxIrqHandler)
                  2000c6b8    00000054                  : socket.obj (.text:_sl_HandleAsync_Select)
                  2000c70c    00000054     rtsv7M4_T_le_eabi.lib : exit.obj (.text)
                  2000c760    00000050     simplelink.a : device.obj (.text:_sl_HandleAsync_Stop)
                  2000c7b0    0000004c     driverlib.a : spi.obj (.text:SPIIntEnable)
                  2000c7fc    0000004c                 : spi.obj (.text:SPIIntNumberGet)
                  2000c848    0000004c     simplelink.a : driver.obj (.text:_SlDrvProtectAsyncRespSetting)
                  2000c894    0000004c                  : socket.obj (.text:_sl_BuildAddress)
                  2000c8e0    0000004c     rtsv7M4_T_le_eabi.lib : atoi.obj (.text)
                  2000c92c    0000004c                           : cpy_tbl.obj (.text)
                  2000c978    0000004c     driverlib.a : udma.obj (.text:uDMAChannelAssign)
                  2000c9c4    00000048                 : gpio.obj (.text:GPIOGetIntNumber)
                  2000ca0c    00000048                 : spi.obj (.text:SPIIntClear)
                  2000ca54    00000048     simplelink.a : driver.obj (.text:_SlDrvBasicCmd)
                  2000ca9c    00000048     rtsv7M4_T_le_eabi.lib : fd_toi_t2.obj (.text)
                  2000cae4    00000048     simplelink.a : netapp.obj (.text:sl_NetAppMDNSUnRegisterService)
                  2000cb2c    00000044     driverlib.a : spi.obj (.text:SPIDmaMaskGet)
                  2000cb70    00000044     simplelink.a : driver.obj (.text:_SlDrvHandleHttpServerEvents)
                  2000cbb4    00000044                  : driver.obj (.text:_SlDrvSyncObjWaitTimeout)
                  2000cbf8    00000044                  : cc_pal.obj (.text:cc_SetupTransfer)
                  2000cc3c    00000044                  : socket.obj (.text:sl_Close)
                  2000cc80    00000044                  : wlan.obj (.text:sl_WlanProfileDel)
                  2000ccc4    00000044                  : wlan.obj (.text:sl_WlanSetMode)
                  2000cd08    00000042                  : socket.obj (.text:sl_Htonl)
                  2000cd4a    00000002     --HOLE-- [fill = 0]
                  2000cd4c    00000040     driverlib.a : pin.obj (.text:PinModeSet)
                  2000cd8c    00000040     simplelink.a : driver.obj (.text:_SlDrvHandleNetAppEvents)
                  2000cdcc    00000040                  : driver.obj (.text:_SlDrvHandleWlanEvents)
                  2000ce0c    00000040                  : socket.obj (.text:_sl_TruncatePayloadByProtocol)
                  2000ce4c    00000040     rtsv7M4_T_le_eabi.lib : boot.obj (.text)
                  2000ce8c    0000003e     simplelink.a : cc_pal.obj (.text:NwpRegisterInterruptHandler)
                  2000ceca    0000003c                  : netapp.obj (.text:CopyPingResultsToReport)
                  2000cf06    00000002     --HOLE-- [fill = 0]
                  2000cf08    0000003c     driverlib.a : prcm.obj (.text:PRCMPeripheralClkEnable)
                  2000cf44    0000003c     simplelink.a : socket.obj (.text:sl_Htons)
                  2000cf80    0000003c     driverlib.a : udma.obj (.text:uDMAChannelControlSet)
                  2000cfbc    00000038     simplelink.a : cc_pal.obj (.text:NwpPowerOff)
                  2000cff4    00000036     driverlib.a : gpio.obj (.text:GPIODirModeSet)
                  2000d02a    00000036     rtsv7M4_T_le_eabi.lib : strncpy.obj (.text)
                  2000d060    00000034     driverlib.a : prcm.obj (.text:PRCMPeripheralStatusGet)
                  2000d094    00000034                 : spi.obj (.text:SPIFIFOLevelSet)
                  2000d0c8    00000030                 : pin.obj (.text:PinTypeGPIO)
                  2000d0f8    00000030                 : uart.obj (.text:UARTDisable)
                  2000d128    0000002e     rtsv7M4_T_le_eabi.lib : i_tofd_t2.obj (.text)
                  2000d156    00000002     --HOLE-- [fill = 0]
                  2000d158    0000002c     driverlib.a : prcm.obj (.text:PRCMSysResetCauseGet)
                  2000d184    0000002c     simplelink.a : driver.obj (.text:_SlDrvObjGlobalLockWaitForever)
                  2000d1b0    0000002c                  : driver.obj (.text:_SlDrvProtectionObjLockWaitForever)
                  2000d1dc    00000028     driverlib.a : prcm.obj (.text:PRCMPeripheralClkDisable)
                  2000d204    00000028     simplelink.a : driver.obj (.text:_SlDrvGlobalObjUnLock)
                  2000d22c    00000028                  : driver.obj (.text:_SlDrvProtectionObjUnLock)
                  2000d254    00000028                  : driver.obj (.text:_SlDrvSyncObjWaitForever)
                  2000d27c    00000026     network_common.obj (.text)
                  2000d2a2    00000002     --HOLE-- [fill = 0]
                  2000d2a4    00000024     simplelink.a : cc_pal.obj (.text:DmaSpiSwIntHandler)
                  2000d2c8    00000024     driverlib.a : interrupt.obj (.text:IntUnregister)
                  2000d2ec    00000024                 : uart.obj (.text:UARTEnable)
                  2000d310    00000024     simplelink.a : driver.obj (.text:_SlDrvObjLockWaitForever)
                  2000d334    00000024     rtsv7M4_T_le_eabi.lib : memmov.obj (.text)
                  2000d358    00000022     driverlib.a : spi.obj (.text:SPIReset)
                  2000d37a    00000022                 : spi.obj (.text:SPIWordCountSet)
                  2000d39c    00000020                 : gpio.obj (.text:GPIOPinWrite)
                  2000d3bc    00000020                 : interrupt.obj (.text:IntRegister)
                  2000d3dc    00000020     simplelink.a : cc_pal.obj (.text:NwpPowerOn)
                  2000d3fc    00000020                  : driver.obj (.text:_SlDrvObjUnLock)
                  2000d41c    00000020                  : driver.obj (.text:_SlDrvSyncObjSignal)
                  2000d43c    00000020     rtsv7M4_T_le_eabi.lib : memchr.obj (.text)
                  2000d45c    00000020     simplelink.a : wlan.obj (.text:sl_WlanDisconnect)
                  2000d47c    0000001e     driverlib.a : gpio.obj (.text:GPIOIntRegister)
                  2000d49a    0000001e                 : uart.obj (.text:UARTCharPut)
                  2000d4b8    0000001e     simplelink.a : cc_pal.obj (.text:cc_UDMAChannelSelect)
                  2000d4d6    0000001c     driverlib.a : uart.obj (.text:UARTCharGetNonBlocking)
                  2000d4f2    0000001c     rtsv7M4_T_le_eabi.lib : memccpy.obj (.text)
                  2000d50e    00000002     --HOLE-- [fill = 0]
                  2000d510    0000001c     driverlib.a : udma.obj (.text:uDMAChannelEnable)
                  2000d52c    0000001a                 : gpio.obj (.text:GPIOIntEnable)
                  2000d546    0000001a                 : pin.obj (.text:PinTypeUART)
                  2000d560    0000001a                 : spi.obj (.text:SPIDmaDisable)
                  2000d57a    0000001a                 : spi.obj (.text:SPIDmaEnable)
                  2000d594    0000001a                 : spi.obj (.text:SPIFIFODisable)
                  2000d5ae    0000001a                 : spi.obj (.text:SPIFIFOEnable)
                  2000d5c8    0000001a                 : spi.obj (.text:SPIIntUnregister)
                  2000d5e2    00000018                 : gpio.obj (.text:GPIOPinRead)
                  2000d5fa    00000018                 : spi.obj (.text:SPICSDisable)
                  2000d612    00000018                 : spi.obj (.text:SPICSEnable)
                  2000d62a    00000018                 : spi.obj (.text:SPIDisable)
                  2000d642    00000018                 : spi.obj (.text:SPIEnable)
                  2000d65a    00000018                 : uart.obj (.text:UARTCharsAvail)
                  2000d672    00000018     simplelink.a : nonos.obj (.text:_SlNonOsSemSet)
                  2000d68a    00000002     --HOLE-- [fill = 0]
                  2000d68c    00000018                  : device.obj (.text:_sl_GetStartResponseConvert)
                  2000d6a4    00000018     rtsv7M4_T_le_eabi.lib : args_main.obj (.text)
                  2000d6bc    00000018                           : strcmp.obj (.text)
                  2000d6d4    00000016     driverlib.a : prcm.obj (.text:PRCMHIBRegRead)
                  2000d6ea    00000016                 : prcm.obj (.text:PRCMHIBRegWrite)
                  2000d700    00000016     simplelink.a : driver.obj (.text:_SlDrvMemZero)
                  2000d716    00000016     rtsv7M4_T_le_eabi.lib : strchr.obj (.text)
                  2000d72c    00000014     driverlib.a : cpu.obj (.text:CPUcpsie)
                  2000d740    00000014                 : gpio.obj (.text:GPIOIntClear)
                  2000d754    00000014                 : interrupt.obj (.text:IntVTableBaseSet)
                  2000d768    00000014     rtsv7M4_T_le_eabi.lib : _lock.obj (.text)
                  2000d77c    00000014                           : strcpy.obj (.text)
                  2000d790    00000014                           : strlen.obj (.text)
                  2000d7a4    00000010     simplelink.a : driver.obj (.text:_SlDrvDispatchHttpServerEvents)
                  2000d7b4    0000000e                  : driver.obj (.text:_SlDrvResetCmdExt)
                  2000d7c2    0000000e     rtsv7M4_T_le_eabi.lib : copy_decompress_none.obj (.text:decompress:none)
                  2000d7d0    0000000e     startup_ccs.obj (.text)
                  2000d7de    00000002     --HOLE-- [fill = 0]
                  2000d7e0    0000000c     simplelink.a : cc_pal.obj (.text:NwpMaskInterrupt)
                  2000d7ec    0000000c                  : cc_pal.obj (.text:NwpUnMaskInterrupt)
                  2000d7f8    0000000c     rtsv7M4_T_le_eabi.lib : copy_zero_init.obj (.text:decompress:ZI)
                  2000d804    0000000a     driverlib.a : interrupt.obj (.text:IntMasterEnable)
                  2000d80e    00000008     rtsv7M4_T_le_eabi.lib : s_copysign.obj (.text)
                  2000d816    00000006     driverlib.a : utils.obj (.text:UtilsDelay)
                  2000d81c    00000004     rtsv7M4_T_le_eabi.lib : pre_init.obj (.text)

.const     0    2000d820    00000630     
                  2000d820    00000101     rtsv7M4_T_le_eabi.lib : ctype.obj (.const:.string:_ctypes_)
                  2000d921    00000003     --HOLE-- [fill = 0]
                  2000d924    00000100     driverlib.a : pin.obj (.const:g_ulPinToPadMap)
                  2000da24    000000d4                 : interrupt.obj (.const:g_pulRegs)
                  2000daf8    000000a8                 : prcm.obj (.const:PRCM_PeriphRegsList)
                  2000dba0    00000080                 : interrupt.obj (.const)
                  2000dc20    0000003c     simplelink.a : driver.obj (.const:OpcodeTranslateTable)
                  2000dc5c    0000003c                  : wlan.obj (.const)
                  2000dc98    00000038                  : driver.obj (.const:_SlActionLookupTable)
                  2000dcd0    00000038                  : driver.obj (.const)
                  2000dd08    00000034                  : socket.obj (.const)
                  2000dd3c    00000030     main.obj (.const:.string)
                  2000dd6c    0000002c     main.obj (.const:$P$T0$1)
                  2000dd98    00000028     simplelink.a : netapp.obj (.const)
                  2000ddc0    00000024     driverlib.a : spi.obj (.const:g_ppulSPIIntMap)
                  2000dde4    0000001c     simplelink.a : device.obj (.const)
                  2000de00    00000018     driverlib.a : spi.obj (.const)
                  2000de18    00000014     main.obj (.const:$P$T1$2)
                  2000de2c    00000010     simplelink.a : socket.obj (.const:.string)
                  2000de3c    0000000c     main.obj (.const:$P$T2$3)
                  2000de48    00000008     simplelink.a : netcfg.obj (.const)

.cinit     0    2000de50    000000b8     
                  2000de50    00000091     (.cinit..data.load) [load image, compression = lzss]
                  2000dee1    00000003     --HOLE-- [fill = 0]
                  2000dee4    0000000c     (__TI_handler_table)
                  2000def0    00000008     (.cinit..bss.load) [load image, compression = zero_init]
                  2000def8    00000010     (__TI_cinit_table)

.sysmem    0    20017000    00008000     UNINITIALIZED
                  20017000    00000008     rtsv7M4_T_le_eabi.lib : memory.obj (.sysmem)
                  20017008    00007ff8     --HOLE--

.bss       0    2001f000    000003e2     UNINITIALIZED
                  2001f000    00000168     simplelink.a : driver.obj (.bss:g_StatMem)
                  2001f168    00000120     rtsv7M4_T_le_eabi.lib : trgmsg.obj (.bss:_CIOBUF_)
                  2001f288    000000a0     (.common:__TI_tmpnams)
                  2001f328    00000050     simplelink.a : cc_pal.obj (.bss:g_ucDinDout)
                  2001f378    0000002c     (.common:g_time)
                  2001f3a4    00000024     (.common:g_ucConnectionSSID)
                  2001f3c8    00000008     rtsv7M4_T_le_eabi.lib : trgdrv.obj (.bss:parmbuf)
                  2001f3d0    00000008     (.common:g_ucConnectionBSSID)
                  2001f3d8    00000004     uart_if.obj (.bss)
                  2001f3dc    00000001     (.common:RxIrqCnt)
                  2001f3dd    00000001     (.common:g_bDeviceRestartIsRequired)
                  2001f3de    00000001     (.common:g_cDummy)
                  2001f3df    00000001     (.common:g_ucLED1Pin)
                  2001f3e0    00000001     (.common:g_ucLED2Pin)
                  2001f3e1    00000001     (.common:g_ucLED3Pin)

.data      0    2001f3e4    00000284     UNINITIALIZED
                  2001f3e4    000000f0     rtsv7M4_T_le_eabi.lib : defs.obj (.data:_ftable)
                  2001f4d4    000000d0                           : lowlev.obj (.data:$O1$$)
                  2001f5a4    0000003c     simplelink.a : nonos.obj (.data:g__SlNonOsCB)
                  2001f5e0    00000014     gpio_if.obj (.data:ulReg)
                  2001f5f4    00000010     main.obj (.data)
                  2001f604    00000010     rtsv7M4_T_le_eabi.lib : defs.obj (.data)
                  2001f614    0000000d     simplelink.a : driver.obj (.data)
                  2001f621    00000003     --HOLE--
                  2001f624    0000000c     rtsv7M4_T_le_eabi.lib : exit.obj (.data:$O1$$)
                  2001f630    0000000c                           : memory.obj (.data:$O1$$)
                  2001f63c    0000000c     gpio_if.obj (.data)
                  2001f648    00000009     simplelink.a : cc_pal.obj (.data)
                  2001f651    00000003     --HOLE--
                  2001f654    00000008     rtsv7M4_T_le_eabi.lib : _lock.obj (.data:$O1$$)
                  2001f65c    00000004                           : errno.obj (.data)
                  2001f660    00000004                           : fopen.obj (.data)
                  2001f664    00000004                           : stkdepth_vars.obj (.data)

.stack     0    2002f000    00001000     UNINITIALIZED
                  2002f000    00001000     --HOLE--

MODULE SUMMARY

       Module                     code    ro data   rw data
       ------                     ----    -------   -------
    .\
       main.obj                   4548    124       104    
       startup_ccs.obj            14      1024      0      
       gpio_if.obj                920     0         35     
       uart_if.obj                640     0         4      
       pinmux.obj                 176     0         0      
       network_common.obj         38      0         0      
    +--+--------------------------+-------+---------+---------+
       Total:                     6336    1148      143    
                                                           
    C:/ti/CC3200SDK_1.2.0/cc3200-sdk/driverlib/ccs/Release/driverlib.a
       prcm.obj                   852     168       0      
       interrupt.obj              608     340       0      
       spi.obj                    798     60        0      
       udma.obj                   604     0         0      
       pin.obj                    274     256       0      
       gpio.obj                   388     0         0      
       uart.obj                   284     0         0      
       cpu.obj                    20      0         0      
       utils.obj                  6       0         0      
    +--+--------------------------+-------+---------+---------+
       Total:                     3834    824       0      
                                                           
    C:/ti/CC3200SDK_1.2.0/cc3200-sdk/simplelink/ccs/NON_OS/simplelink.a
       driver.obj                 7600    172       375    
       cc_pal.obj                 1684    0         90     
       socket.obj                 1662    68        0      
       netapp.obj                 1492    40        0      
       wlan.obj                   1128    60        0      
       device.obj                 1142    28        0      
       nonos.obj                  360     0         60     
       netcfg.obj                 124     8         0      
    +--+--------------------------+-------+---------+---------+
       Total:                     15192   376       525    
                                                           
    C:\ti\ccsv7\tools\compiler\ti-cgt-arm_16.9.0.LTS\lib\rtsv7M4_T_le_eabi.lib
       _printfi.obj               4382    0         0      
       lowlev.obj                 780     0         208    
       memory.obj                 976     0         12     
       trgdrv.obj                 804     0         8      
       ull_div_t2.obj             500     0         0      
       fopen.obj                  452     0         4      
       fd_add_t2.obj              438     0         0      
       defs.obj                   0       0         416    
       trgmsg.obj                 104     0         288    
       fd_div_t2.obj              310     0         0      
       fputs.obj                  308     0         0      
       fd_cmp_t2.obj              268     0         0      
       ctype.obj                  0       257       0      
       fd_mul_t2.obj              252     0         0      
       setvbuf.obj                220     0         0      
       s_scalbn.obj               208     0         0      
       fflush.obj                 200     0         0      
       _io_perm.obj               172     0         0      
       memcpy_t2.obj              156     0         0      
       fclose.obj                 152     0         0      
       fputc.obj                  152     0         0      
       vsnprintf.obj              136     0         0      
       memset_t2.obj              122     0         0      
       autoinit.obj               112     0         0      
       printf.obj                 112     0         0      
       copy_decompress_lzss.obj   104     0         0      
       fseek.obj                  100     0         0      
       exit.obj                   84      0         12     
       sprintf.obj                96      0         0      
       s_frexp.obj                92      0         0      
       ltoa.obj                   86      0         0      
       atoi.obj                   76      0         0      
       cpy_tbl.obj                76      0         0      
       fd_toi_t2.obj              72      0         0      
       boot.obj                   64      0         0      
       strncpy.obj                54      0         0      
       i_tofd_t2.obj              46      0         0      
       memmov.obj                 36      0         0      
       memchr.obj                 32      0         0      
       _lock.obj                  20      0         8      
       memccpy.obj                28      0         0      
       args_main.obj              24      0         0      
       strcmp.obj                 24      0         0      
       strchr.obj                 22      0         0      
       strcpy.obj                 20      0         0      
       strlen.obj                 20      0         0      
       copy_decompress_none.obj   14      0         0      
       copy_zero_init.obj         12      0         0      
       s_copysign.obj             8       0         0      
       errno.obj                  0       0         4      
       pre_init.obj               4       0         0      
       stkdepth_vars.obj          0       0         4      
       mpu_init.obj               2       0         0      
       startup.obj                2       0         0      
    +--+--------------------------+-------+---------+---------+
       Total:                     12534   257       964    
                                                           
       Heap:                      0       0         32768  
       Stack:                     0       0         4096   
       Linker Generated:          0       181       0      
    +--+--------------------------+-------+---------+---------+
       Grand Total:               37896   2786      38496  


LINKER GENERATED COPY TABLES

__TI_cinit_table @ 2000def8 records: 2, size/record: 8, table size: 16
	.data: load addr=2000de50, load size=00000091 bytes, run addr=2001f3e4, run size=00000284 bytes, compression=lzss
	.bss: load addr=2000def0, load size=00000008 bytes, run addr=2001f000, run size=000003e2 bytes, compression=zero_init


LINKER GENERATED HANDLER TABLE

__TI_handler_table @ 2000dee4 records: 3, size/record: 4, table size: 12
	index: 0, handler: __TI_decompress_lzss
	index: 1, handler: __TI_decompress_none
	index: 2, handler: __TI_zero_init


GLOBAL SYMBOLS: SORTED ALPHABETICALLY BY Name 

address   name                                  
-------   ----                                  
2000c70d  C$$EXIT                               
2000c21f  C$$IO$$                               
2000d72d  CPUcpsie                              
20007a4d  ClearTerm                             
2000d2a5  DmaSpiSwIntHandler                    
20007a57  Error                                 
2000cff5  GPIODirModeSet                        
2000d741  GPIOIntClear                          
2000d52d  GPIOIntEnable                         
2000d47d  GPIOIntRegister                       
2000b7b1  GPIOIntTypeSet                        
2000d5e3  GPIOPinRead                           
2000d39d  GPIOPinWrite                          
20007305  GPIO_IF_ConfigureNIntEnable           
20007391  GPIO_IF_Get                           
200072bf  GPIO_IF_GetPortNPin                   
20007081  GPIO_IF_LedConfigure                  
20007173  GPIO_IF_LedOff                        
200070bf  GPIO_IF_LedOn                         
20007227  GPIO_IF_LedStatus                     
20007291  GPIO_IF_LedToggle                     
2000734d  GPIO_IF_Set                           
20007a8f  GetCmd                                
200076b7  HOSTclock                             
2000767f  HOSTclose                             
20007641  HOSTgetenv                            
200075e5  HOSTlseek                             
20007593  HOSTopen                              
20007547  HOSTread                              
200074e9  HOSTrename                            
200074af  HOSTtime                              
20007461  HOSTtime64                            
20007429  HOSTunlink                            
200073dd  HOSTwrite                             
20007a0d  InitTerm                              
2000acad  IntDisable                            
2000ad55  IntEnable                             
2000d805  IntMasterEnable                       
2000c509  IntPendClear                          
2000c611  IntPrioritySet                        
2000d3bd  IntRegister                           
2000d2c9  IntUnregister                         
2000d755  IntVTableBaseSet                      
20007a2b  Message                               
2000d7e1  NwpMaskInterrupt                      
2000cfbd  NwpPowerOff                           
2000d3dd  NwpPowerOn                            
2000ce8d  NwpRegisterInterruptHandler           
2000d7ed  NwpUnMaskInterrupt                    
2000dc20  OpcodeTranslateTable                  
20008eed  PRCMCC3200MCUInit                     
2000d6d5  PRCMHIBRegRead                        
2000d6eb  PRCMHIBRegWrite                       
2000d1dd  PRCMPeripheralClkDisable              
2000cf09  PRCMPeripheralClkEnable               
2000b241  PRCMPeripheralClockGet                
2000c561  PRCMPeripheralReset                   
2000d061  PRCMPeripheralStatusGet               
2000d159  PRCMSysResetCauseGet                  
2000b50d  PinConfigSet                          
2000cd4d  PinModeSet                            
2000ab51  PinMuxConfig                          
2000d0c9  PinTypeGPIO                           
2000d547  PinTypeUART                           
20007bcd  Report                                
2000d7d1  ResetISR                              
2001f3dc  RxIrqCnt                              
UNDEFED   SHT$$INIT_ARRAY$$Base                 
UNDEFED   SHT$$INIT_ARRAY$$Limit                
2000d5fb  SPICSDisable                          
2000d613  SPICSEnable                           
2000aea1  SPIConfigSetExpClk                    
2000d62b  SPIDisable                            
2000d561  SPIDmaDisable                         
2000d57b  SPIDmaEnable                          
2000d643  SPIEnable                             
2000d595  SPIFIFODisable                        
2000d5af  SPIFIFOEnable                         
2000d095  SPIFIFOLevelSet                       
2000ca0d  SPIIntClear                           
2000c7b1  SPIIntEnable                          
2000d5c9  SPIIntUnregister                      
2000d359  SPIReset                              
2000d37b  SPIWordCountSet                       
200045d5  SimpleLinkGeneralEventHandler         
200045b1  SimpleLinkHttpServerCallback          
2000450f  SimpleLinkNetAppEventHandler          
200045f5  SimpleLinkSockEventHandler            
20004401  SimpleLinkWlanEventHandler            
20007b35  TrimSpace                             
2000d4d7  UARTCharGetNonBlocking                
2000d49b  UARTCharPut                           
2000d65b  UARTCharsAvail                        
2000be09  UARTConfigSetExpClk                   
2000d0f9  UARTDisable                           
2000d2ed  UARTEnable                            
2000d817  UtilsDelay                            
2000dc98  _SlActionLookupTable                  
2000adfd  _SlDriverHandleError                  
2000ca55  _SlDrvBasicCmd                        
2000a9dd  _SlDrvCmdOp                           
2000c045  _SlDrvCmdSend                         
200082dd  _SlDrvDataReadOp                      
20009341  _SlDrvDataWriteOp                     
2000afdd  _SlDrvDeviceEventHandler              
2000d7a5  _SlDrvDispatchHttpServerEvents        
20009a99  _SlDrvDriverCBDeinit                  
20008a0d  _SlDrvDriverCBInit                    
2000d205  _SlDrvGlobalObjUnLock                 
2000cb71  _SlDrvHandleHttpServerEvents          
2000cd8d  _SlDrvHandleNetAppEvents              
2000cdcd  _SlDrvHandleWlanEvents                
2000d701  _SlDrvMemZero                         
2000a519  _SlDrvMsgReadSpawnCtx                 
20009cd5  _SlDrvNetAppEventHandler              
2000d311  _SlDrvObjLockWaitForever              
2000d3fd  _SlDrvObjUnLock                       
2000c849  _SlDrvProtectAsyncRespSetting         
2000d1b1  _SlDrvProtectionObjLockWaitForever    
2000d22d  _SlDrvProtectionObjUnLock             
200084c1  _SlDrvReleasePoolObj                  
2000d7b5  _SlDrvResetCmdExt                     
2000c665  _SlDrvRxIrqHandler                    
2000d41d  _SlDrvSyncObjSignal                   
2000d255  _SlDrvSyncObjWaitForever              
2000cbb5  _SlDrvSyncObjWaitTimeout              
20008d5d  _SlDrvWaitForPoolObj                  
2000ddb4  _SlNetAppSendTokenValueCmdCtrl        
2000be81  _SlNonOsMainLoopTask                  
2000bca1  _SlNonOsSemGet                        
2000d673  _SlNonOsSemSet                        
2000c259  _SlNonOsSpawn                         
2001f168  __CIOBUF_                             
20030000  __STACK_END                           
00001000  __STACK_SIZE                          
00008000  __SYSMEM_SIZE                         
2000def8  __TI_CINIT_Base                       
2000df08  __TI_CINIT_Limit                      
2000dee4  __TI_Handler_Table_Base               
2000def0  __TI_Handler_Table_Limit              
2000bef5  __TI_auto_init                        
20008759  __TI_cleanup                          
2001f624  __TI_cleanup_ptr                      
2000b079  __TI_closefile                        
2000c189  __TI_decompress_lzss                  
2000d7c3  __TI_decompress_none                  
2000a789  __TI_doflush                          
2001f628  __TI_dtors_ptr                        
2001f62c  __TI_enable_exit_profile_output       
2001f604  __TI_ft_end                           
ffffffff  __TI_pprof_out_hndl                   
20005df9  __TI_printfi                          
ffffffff  __TI_prof_data_size                   
ffffffff  __TI_prof_data_start                  
2000ac63  __TI_rd_ok                            
2000c223  __TI_readmsg                          
2000de50  __TI_static_base__                    
2001f288  __TI_tmpnams                          
2000c1f1  __TI_writemsg                         
2000ac01  __TI_wrt_ok                           
2000d7f9  __TI_zero_init                        
2000b6a5  __aeabi_cdcmpeq                       
2000b6a5  __aeabi_cdcmple                       
2000b72b  __aeabi_cdrcmple                      
2000ca9d  __aeabi_d2iz                          
2000885f  __aeabi_dadd                          
200095d9  __aeabi_ddiv                          
20009dd9  __aeabi_dmul                          
20008855  __aeabi_dsub                          
2000d129  __aeabi_i2d                           
2000bc25  __aeabi_memclr                        
2000bc25  __aeabi_memclr4                       
2000bc25  __aeabi_memclr8                       
2000af41  __aeabi_memcpy                        
2000af41  __aeabi_memcpy4                       
2000af41  __aeabi_memcpy8                       
2000bc27  __aeabi_memset                        
2000bc27  __aeabi_memset4                       
2000bc27  __aeabi_memset8                       
2001f610  __aeabi_stderr                        
2001f608  __aeabi_stdin                         
2001f60c  __aeabi_stdout                        
200080e9  __aeabi_uldivmod                      
ffffffff  __binit__                             
ffffffff  __c_args__                            
20008a0b  __mpu_init                            
2002f000  __stack                               
2000d6a5  _args_main                            
2000ce4d  _c_int00                              
2000d820  _ctypes_                              
2001f3e4  _ftable                               
2001f654  _lock                                 
2000d777  _nop                                  
2000d76f  _register_lock                        
2000d769  _register_unlock                      
2000c2bd  _sl_HandleAsync_Accept                
2000b835  _sl_HandleAsync_Connect               
2000b2d5  _sl_HandleAsync_DnsGetHostByName      
2000a6bd  _sl_HandleAsync_DnsGetHostByService   
2000b8b5  _sl_HandleAsync_InitComplete          
2000b365  _sl_HandleAsync_PingResponse          
2000c6b9  _sl_HandleAsync_Select                
2000c761  _sl_HandleAsync_Stop                  
2000c0b1  _sl_NetAppSendTokenValue              
20017000  _sys_memory                           
2000970f  _system_post_cinit                    
2000d81d  _system_pre_init                      
2001f658  _unlock                               
2000c711  abort                                 
20007961  add_device                            
2000c8e1  atoi                                  
ffffffff  binit                                 
20007015  calloc                                
20007911  close                                 
2000c92d  copy_in                               
2000d80f  copysign                              
2000d80f  copysignl                             
2001f65c  errno                                 
2000c719  exit                                  
2000b0df  fclose                                
2000a7d5  fflush                                
200087af  fopen                                 
2000b111  fputc                                 
20009711  fputs                                 
20006d5f  free                                  
20008785  freopen                               
2000c4ad  frexp                                 
2000c4ad  frexpl                                
2000c321  fseek                                 
2001f600  g_Host                                
2001f648  g_SpiFd                               
2001f5a4  g__SlNonOsCB                          
2001f3dd  g_bDeviceRestartIsRequired            
2001f3de  g_cDummy                              
2001f618  g_pCB                                 
2001f64c  g_pHostIntHdl                         
20004000  g_pfnVectors                          
2001f378  g_time                                
2001f3d0  g_ucConnectionBSSID                   
2001f3a4  g_ucConnectionSSID                    
2001f650  g_ucDMAEnabled                        
2001f328  g_ucDinDout                           
2001f3df  g_ucLED1Pin                           
2001f3e0  g_ucLED2Pin                           
2001f3e1  g_ucLED3Pin                           
2001f63c  g_uiLED1Port                          
2001f640  g_uiLED2Port                          
2001f644  g_uiLED3Port                          
2001f5fc  g_ulGatewayIP                         
2001f5f8  g_ulPingPacketsRecv                   
2001f5f4  g_ulStatus                            
2000a5ed  ldexp                                 
2000a5ed  ldexpl                                
200078ed  lseek                                 
2000c5b9  ltoa                                  
20004fa1  main                                  
2001f664  main_func_sp                          
20006cf5  malloc                                
20006f29  memalign                              
2000d4f3  memccpy                               
2000d43d  memchr                                
2000af41  memcpy                                
2000d335  memmove                               
2000bc2d  memset                                
20006c75  minit                                 
2000783f  open                                  
2001f61c  pPingCallBackFunc                     
20004c0d  printErrConvenience                   
2000bf6d  printf                                
2000b111  putc                                  
2000b195  putchar                               
2000981d  puts                                  
2000781b  read                                  
20006e21  realloc                               
20007791  remove                                
200077f3  remove_device                         
200077b5  rename                                
2000a5ed  scalbn                                
2000a5ed  scalbnl                               
2000a43d  setvbuf                               
2000cc3d  sl_Close                              
200091d5  sl_Connect                            
2000aa9d  sl_DevGet                             
2000ba35  sl_DevSet                             
2000cd09  sl_Htonl                              
2000cf45  sl_Htons                              
20009845  sl_NetAppDnsGetHostByName             
2000a851  sl_NetAppMDNSRegisterUnregisterService
2000cae5  sl_NetAppMDNSUnRegisterService        
2000bab1  sl_NetCfgSet                          
2000d27d  sl_Provisioning_HttpServerEventHdl    
2000d28b  sl_Provisioning_NetAppEventHdl        
2000d297  sl_Provisioning_WlanEventHdl          
2000b61d  sl_Recv                               
20009bbd  sl_Send                               
2000bb2d  sl_SetSockOpt                         
2000bfd5  sl_Socket                             
2000a281  sl_Start                              
2000a19d  sl_Stop                               
20007c8d  sl_WlanConnect                        
2000d45d  sl_WlanDisconnect                     
2000bd19  sl_WlanPolicySet                      
2000cc81  sl_WlanProfileDel                     
2000c11d  sl_WlanRxFilterSet                    
2000bba9  sl_WlanSet                            
2000ccc5  sl_WlanSetMode                        
2000bd91  spi_Close                             
20009491  spi_Open                              
20009ed5  spi_Read                              
2000b1a9  spi_Write                             
2000c44d  sprintf                               
2000d717  strchr                                
2000d6bd  strcmp                                
2000d77d  strcpy                                
2000d791  strlen                                
2000d02b  strncpy                               
2000c979  uDMAChannelAssign                     
2000c385  uDMAChannelAttributeDisable           
2000c3e9  uDMAChannelAttributeEnable            
2000cf81  uDMAChannelControlSet                 
2000d511  uDMAChannelEnable                     
20009fc5  uDMAChannelTransferSet                
20007791  unlink                                
2000b595  vsnprintf                             
20007701  write                                 


GLOBAL SYMBOLS: SORTED BY Symbol Address 

address   name                                  
-------   ----                                  
00001000  __STACK_SIZE                          
00008000  __SYSMEM_SIZE                         
20004000  g_pfnVectors                          
20004401  SimpleLinkWlanEventHandler            
2000450f  SimpleLinkNetAppEventHandler          
200045b1  SimpleLinkHttpServerCallback          
200045d5  SimpleLinkGeneralEventHandler         
200045f5  SimpleLinkSockEventHandler            
20004c0d  printErrConvenience                   
20004fa1  main                                  
20005df9  __TI_printfi                          
20006c75  minit                                 
20006cf5  malloc                                
20006d5f  free                                  
20006e21  realloc                               
20006f29  memalign                              
20007015  calloc                                
20007081  GPIO_IF_LedConfigure                  
200070bf  GPIO_IF_LedOn                         
20007173  GPIO_IF_LedOff                        
20007227  GPIO_IF_LedStatus                     
20007291  GPIO_IF_LedToggle                     
200072bf  GPIO_IF_GetPortNPin                   
20007305  GPIO_IF_ConfigureNIntEnable           
2000734d  GPIO_IF_Set                           
20007391  GPIO_IF_Get                           
200073dd  HOSTwrite                             
20007429  HOSTunlink                            
20007461  HOSTtime64                            
200074af  HOSTtime                              
200074e9  HOSTrename                            
20007547  HOSTread                              
20007593  HOSTopen                              
200075e5  HOSTlseek                             
20007641  HOSTgetenv                            
2000767f  HOSTclose                             
200076b7  HOSTclock                             
20007701  write                                 
20007791  remove                                
20007791  unlink                                
200077b5  rename                                
200077f3  remove_device                         
2000781b  read                                  
2000783f  open                                  
200078ed  lseek                                 
20007911  close                                 
20007961  add_device                            
20007a0d  InitTerm                              
20007a2b  Message                               
20007a4d  ClearTerm                             
20007a57  Error                                 
20007a8f  GetCmd                                
20007b35  TrimSpace                             
20007bcd  Report                                
20007c8d  sl_WlanConnect                        
200080e9  __aeabi_uldivmod                      
200082dd  _SlDrvDataReadOp                      
200084c1  _SlDrvReleasePoolObj                  
20008759  __TI_cleanup                          
20008785  freopen                               
200087af  fopen                                 
20008855  __aeabi_dsub                          
2000885f  __aeabi_dadd                          
20008a0b  __mpu_init                            
20008a0d  _SlDrvDriverCBInit                    
20008d5d  _SlDrvWaitForPoolObj                  
20008eed  PRCMCC3200MCUInit                     
200091d5  sl_Connect                            
20009341  _SlDrvDataWriteOp                     
20009491  spi_Open                              
200095d9  __aeabi_ddiv                          
2000970f  _system_post_cinit                    
20009711  fputs                                 
2000981d  puts                                  
20009845  sl_NetAppDnsGetHostByName             
20009a99  _SlDrvDriverCBDeinit                  
20009bbd  sl_Send                               
20009cd5  _SlDrvNetAppEventHandler              
20009dd9  __aeabi_dmul                          
20009ed5  spi_Read                              
20009fc5  uDMAChannelTransferSet                
2000a19d  sl_Stop                               
2000a281  sl_Start                              
2000a43d  setvbuf                               
2000a519  _SlDrvMsgReadSpawnCtx                 
2000a5ed  ldexp                                 
2000a5ed  ldexpl                                
2000a5ed  scalbn                                
2000a5ed  scalbnl                               
2000a6bd  _sl_HandleAsync_DnsGetHostByService   
2000a789  __TI_doflush                          
2000a7d5  fflush                                
2000a851  sl_NetAppMDNSRegisterUnregisterService
2000a9dd  _SlDrvCmdOp                           
2000aa9d  sl_DevGet                             
2000ab51  PinMuxConfig                          
2000ac01  __TI_wrt_ok                           
2000ac63  __TI_rd_ok                            
2000acad  IntDisable                            
2000ad55  IntEnable                             
2000adfd  _SlDriverHandleError                  
2000aea1  SPIConfigSetExpClk                    
2000af41  __aeabi_memcpy                        
2000af41  __aeabi_memcpy4                       
2000af41  __aeabi_memcpy8                       
2000af41  memcpy                                
2000afdd  _SlDrvDeviceEventHandler              
2000b079  __TI_closefile                        
2000b0df  fclose                                
2000b111  fputc                                 
2000b111  putc                                  
2000b195  putchar                               
2000b1a9  spi_Write                             
2000b241  PRCMPeripheralClockGet                
2000b2d5  _sl_HandleAsync_DnsGetHostByName      
2000b365  _sl_HandleAsync_PingResponse          
2000b50d  PinConfigSet                          
2000b595  vsnprintf                             
2000b61d  sl_Recv                               
2000b6a5  __aeabi_cdcmpeq                       
2000b6a5  __aeabi_cdcmple                       
2000b72b  __aeabi_cdrcmple                      
2000b7b1  GPIOIntTypeSet                        
2000b835  _sl_HandleAsync_Connect               
2000b8b5  _sl_HandleAsync_InitComplete          
2000ba35  sl_DevSet                             
2000bab1  sl_NetCfgSet                          
2000bb2d  sl_SetSockOpt                         
2000bba9  sl_WlanSet                            
2000bc25  __aeabi_memclr                        
2000bc25  __aeabi_memclr4                       
2000bc25  __aeabi_memclr8                       
2000bc27  __aeabi_memset                        
2000bc27  __aeabi_memset4                       
2000bc27  __aeabi_memset8                       
2000bc2d  memset                                
2000bca1  _SlNonOsSemGet                        
2000bd19  sl_WlanPolicySet                      
2000bd91  spi_Close                             
2000be09  UARTConfigSetExpClk                   
2000be81  _SlNonOsMainLoopTask                  
2000bef5  __TI_auto_init                        
2000bf6d  printf                                
2000bfd5  sl_Socket                             
2000c045  _SlDrvCmdSend                         
2000c0b1  _sl_NetAppSendTokenValue              
2000c11d  sl_WlanRxFilterSet                    
2000c189  __TI_decompress_lzss                  
2000c1f1  __TI_writemsg                         
2000c21f  C$$IO$$                               
2000c223  __TI_readmsg                          
2000c259  _SlNonOsSpawn                         
2000c2bd  _sl_HandleAsync_Accept                
2000c321  fseek                                 
2000c385  uDMAChannelAttributeDisable           
2000c3e9  uDMAChannelAttributeEnable            
2000c44d  sprintf                               
2000c4ad  frexp                                 
2000c4ad  frexpl                                
2000c509  IntPendClear                          
2000c561  PRCMPeripheralReset                   
2000c5b9  ltoa                                  
2000c611  IntPrioritySet                        
2000c665  _SlDrvRxIrqHandler                    
2000c6b9  _sl_HandleAsync_Select                
2000c70d  C$$EXIT                               
2000c711  abort                                 
2000c719  exit                                  
2000c761  _sl_HandleAsync_Stop                  
2000c7b1  SPIIntEnable                          
2000c849  _SlDrvProtectAsyncRespSetting         
2000c8e1  atoi                                  
2000c92d  copy_in                               
2000c979  uDMAChannelAssign                     
2000ca0d  SPIIntClear                           
2000ca55  _SlDrvBasicCmd                        
2000ca9d  __aeabi_d2iz                          
2000cae5  sl_NetAppMDNSUnRegisterService        
2000cb71  _SlDrvHandleHttpServerEvents          
2000cbb5  _SlDrvSyncObjWaitTimeout              
2000cc3d  sl_Close                              
2000cc81  sl_WlanProfileDel                     
2000ccc5  sl_WlanSetMode                        
2000cd09  sl_Htonl                              
2000cd4d  PinModeSet                            
2000cd8d  _SlDrvHandleNetAppEvents              
2000cdcd  _SlDrvHandleWlanEvents                
2000ce4d  _c_int00                              
2000ce8d  NwpRegisterInterruptHandler           
2000cf09  PRCMPeripheralClkEnable               
2000cf45  sl_Htons                              
2000cf81  uDMAChannelControlSet                 
2000cfbd  NwpPowerOff                           
2000cff5  GPIODirModeSet                        
2000d02b  strncpy                               
2000d061  PRCMPeripheralStatusGet               
2000d095  SPIFIFOLevelSet                       
2000d0c9  PinTypeGPIO                           
2000d0f9  UARTDisable                           
2000d129  __aeabi_i2d                           
2000d159  PRCMSysResetCauseGet                  
2000d1b1  _SlDrvProtectionObjLockWaitForever    
2000d1dd  PRCMPeripheralClkDisable              
2000d205  _SlDrvGlobalObjUnLock                 
2000d22d  _SlDrvProtectionObjUnLock             
2000d255  _SlDrvSyncObjWaitForever              
2000d27d  sl_Provisioning_HttpServerEventHdl    
2000d28b  sl_Provisioning_NetAppEventHdl        
2000d297  sl_Provisioning_WlanEventHdl          
2000d2a5  DmaSpiSwIntHandler                    
2000d2c9  IntUnregister                         
2000d2ed  UARTEnable                            
2000d311  _SlDrvObjLockWaitForever              
2000d335  memmove                               
2000d359  SPIReset                              
2000d37b  SPIWordCountSet                       
2000d39d  GPIOPinWrite                          
2000d3bd  IntRegister                           
2000d3dd  NwpPowerOn                            
2000d3fd  _SlDrvObjUnLock                       
2000d41d  _SlDrvSyncObjSignal                   
2000d43d  memchr                                
2000d45d  sl_WlanDisconnect                     
2000d47d  GPIOIntRegister                       
2000d49b  UARTCharPut                           
2000d4d7  UARTCharGetNonBlocking                
2000d4f3  memccpy                               
2000d511  uDMAChannelEnable                     
2000d52d  GPIOIntEnable                         
2000d547  PinTypeUART                           
2000d561  SPIDmaDisable                         
2000d57b  SPIDmaEnable                          
2000d595  SPIFIFODisable                        
2000d5af  SPIFIFOEnable                         
2000d5c9  SPIIntUnregister                      
2000d5e3  GPIOPinRead                           
2000d5fb  SPICSDisable                          
2000d613  SPICSEnable                           
2000d62b  SPIDisable                            
2000d643  SPIEnable                             
2000d65b  UARTCharsAvail                        
2000d673  _SlNonOsSemSet                        
2000d6a5  _args_main                            
2000d6bd  strcmp                                
2000d6d5  PRCMHIBRegRead                        
2000d6eb  PRCMHIBRegWrite                       
2000d701  _SlDrvMemZero                         
2000d717  strchr                                
2000d72d  CPUcpsie                              
2000d741  GPIOIntClear                          
2000d755  IntVTableBaseSet                      
2000d769  _register_unlock                      
2000d76f  _register_lock                        
2000d777  _nop                                  
2000d77d  strcpy                                
2000d791  strlen                                
2000d7a5  _SlDrvDispatchHttpServerEvents        
2000d7b5  _SlDrvResetCmdExt                     
2000d7c3  __TI_decompress_none                  
2000d7d1  ResetISR                              
2000d7e1  NwpMaskInterrupt                      
2000d7ed  NwpUnMaskInterrupt                    
2000d7f9  __TI_zero_init                        
2000d805  IntMasterEnable                       
2000d80f  copysign                              
2000d80f  copysignl                             
2000d817  UtilsDelay                            
2000d81d  _system_pre_init                      
2000d820  _ctypes_                              
2000dc20  OpcodeTranslateTable                  
2000dc98  _SlActionLookupTable                  
2000ddb4  _SlNetAppSendTokenValueCmdCtrl        
2000de50  __TI_static_base__                    
2000dee4  __TI_Handler_Table_Base               
2000def0  __TI_Handler_Table_Limit              
2000def8  __TI_CINIT_Base                       
2000df08  __TI_CINIT_Limit                      
20017000  _sys_memory                           
2001f168  __CIOBUF_                             
2001f288  __TI_tmpnams                          
2001f328  g_ucDinDout                           
2001f378  g_time                                
2001f3a4  g_ucConnectionSSID                    
2001f3d0  g_ucConnectionBSSID                   
2001f3dc  RxIrqCnt                              
2001f3dd  g_bDeviceRestartIsRequired            
2001f3de  g_cDummy                              
2001f3df  g_ucLED1Pin                           
2001f3e0  g_ucLED2Pin                           
2001f3e1  g_ucLED3Pin                           
2001f3e4  _ftable                               
2001f5a4  g__SlNonOsCB                          
2001f5f4  g_ulStatus                            
2001f5f8  g_ulPingPacketsRecv                   
2001f5fc  g_ulGatewayIP                         
2001f600  g_Host                                
2001f604  __TI_ft_end                           
2001f608  __aeabi_stdin                         
2001f60c  __aeabi_stdout                        
2001f610  __aeabi_stderr                        
2001f618  g_pCB                                 
2001f61c  pPingCallBackFunc                     
2001f624  __TI_cleanup_ptr                      
2001f628  __TI_dtors_ptr                        
2001f62c  __TI_enable_exit_profile_output       
2001f63c  g_uiLED1Port                          
2001f640  g_uiLED2Port                          
2001f644  g_uiLED3Port                          
2001f648  g_SpiFd                               
2001f64c  g_pHostIntHdl                         
2001f650  g_ucDMAEnabled                        
2001f654  _lock                                 
2001f658  _unlock                               
2001f65c  errno                                 
2001f664  main_func_sp                          
2002f000  __stack                               
20030000  __STACK_END                           
ffffffff  __TI_pprof_out_hndl                   
ffffffff  __TI_prof_data_size                   
ffffffff  __TI_prof_data_start                  
ffffffff  __binit__                             
ffffffff  __c_args__                            
ffffffff  binit                                 
UNDEFED   SHT$$INIT_ARRAY$$Base                 
UNDEFED   SHT$$INIT_ARRAY$$Limit                

[325 symbols]
