******************************************************************************
                  TI ARM Linker PC v16.9.0                     
******************************************************************************
>> Linked Thu May 12 23:08:18 2022

OUTPUT FILE NAME:   <ssl.out>
ENTRY POINT SYMBOL: "_c_int00"  address: 2000e3f5


MEMORY CONFIGURATION

         name            origin    length      used     unused   attr    fill
----------------------  --------  ---------  --------  --------  ----  --------
  SRAM_CODE             20004000   00013000  0000bb98  00007468  RW X
  SRAM_DATA             20017000   00019000  000097ff  0000f801  RW X


SEGMENT ALLOCATION MAP

run origin  load origin   length   init length attrs members
----------  ----------- ---------- ----------- ----- -------
20004000    20004000    0000bb98   0000bb98    r-x
  20004000    20004000    00000400   00000400    r-- .intvecs
  20004400    20004400    0000ab54   0000ab54    r-x .text
  2000ef54    2000ef54    00000b8c   00000b8c    r-- .const
  2000fae0    2000fae0    000000b8   000000b8    r-- .cinit
20017000    20017000    00008800   00000000    rw-
  20017000    20017000    00008000   00000000    rw- .sysmem
  2001f000    2001f000    000006b3   00000000    rw- .bss
  2001f6b4    2001f6b4    0000014c   00000000    rw- .data
2002f000    2002f000    00001000   00000000    rw-
  2002f000    2002f000    00001000   00000000    rw- .stack


SECTION ALLOCATION MAP

 output                                  attributes/
section   page    origin      length       input sections
--------  ----  ----------  ----------   ----------------
.intvecs   0    20004000    00000400     
                  20004000    00000400     startup_ccs.obj (.intvecs)

.init_array 
*          0    20004000    00000000     UNINITIALIZED

.text      0    20004400    0000ab54     
                  20004400    000022c4     main.obj (.text)
                  200066c4    0000111e     rtsv7M4_T_le_eabi.lib : _printfi.obj (.text)
                  200077e2    00000002     driverlib.a : interrupt.obj (.text:IntDefaultHandler)
                  200077e4    00000a80     Adafruit_GFX.obj (.text)
                  20008264    00000590     simplelink.a : driver.obj (.text:_SlDrvMsgRead)
                  200087f4    000004a2     Adafruit_OLED.obj (.text)
                  20008c96    00000002     rtsv7M4_T_le_eabi.lib : mpu_init.obj (.text)
                  20008c98    000003d0                           : memory.obj (.text)
                  20009068    00000398     gpio_if.obj (.text)
                  20009400    00000280     uart_if.obj (.text)
                  20009680    00000260     simplelink.a : wlan.obj (.text:sl_WlanConnect)
                  200098e0    000001fc                  : driver.obj (.text:_SlDrvRxHdrRead)
                  20009adc    000001f4     rtsv7M4_T_le_eabi.lib : ull_div_t2.obj (.text)
                  20009cd0    000001e4     simplelink.a : driver.obj (.text:_SlDrvDataReadOp)
                  20009eb4    000001d0                  : driver.obj (.text:_SlDrvReleasePoolObj)
                  2000a084    000001b6     rtsv7M4_T_le_eabi.lib : fd_add_t2.obj (.text)
                  2000a23a    00000002                           : startup.obj (.text)
                  2000a23c    000001b4     simplelink.a : driver.obj (.text:_SlDrvDriverCBInit)
                  2000a3f0    0000019c                  : driver.obj (.text:_SlDrvMsgWrite)
                  2000a58c    00000190                  : driver.obj (.text:_SlDrvWaitForPoolObj)
                  2000a71c    00000178     driverlib.a : prcm.obj (.text:PRCMCC3200MCUInit)
                  2000a894    00000170     simplelink.a : driver.obj (.text:_SlFindAndSetActiveObj)
                  2000aa04    0000016c                  : socket.obj (.text:sl_Connect)
                  2000ab70    00000150                  : driver.obj (.text:_SlDrvDataWriteOp)
                  2000acc0    00000148                  : cc_pal.obj (.text:spi_Open)
                  2000ae08    00000136     rtsv7M4_T_le_eabi.lib : fd_div_t2.obj (.text)
                  2000af3e    00000002     --HOLE-- [fill = 0]
                  2000af40    0000012c     simplelink.a : netapp.obj (.text:sl_NetAppDnsGetHostByName)
                  2000b06c    00000128                  : driver.obj (.text:_SlDrvMsgReadCmdCtx)
                  2000b194    00000124                  : driver.obj (.text:_SlDrvDriverCBDeinit)
                  2000b2b8    00000118                  : socket.obj (.text:sl_Send)
                  2000b3d0    00000104                  : netapp.obj (.text:_SlDrvNetAppEventHandler)
                  2000b4d4    000000fc     rtsv7M4_T_le_eabi.lib : fd_mul_t2.obj (.text)
                  2000b5d0    000000fa     timer_if.obj (.text)
                  2000b6ca    00000002     --HOLE-- [fill = 0]
                  2000b6cc    000000f0     simplelink.a : cc_pal.obj (.text:spi_Read)
                  2000b7bc    000000f0     driverlib.a : udma.obj (.text:uDMAChannelTransferSet)
                  2000b8ac    000000e8     simplelink.a : driver.obj (.text:_SlAsyncEventGenericHandler)
                  2000b994    000000e4                  : device.obj (.text:sl_Stop)
                  2000ba78    000000e0                  : device.obj (.text:sl_Start)
                  2000bb58    000000dc                  : driver.obj (.text:_SlDrvClassifyRxMsg)
                  2000bc34    000000d4                  : driver.obj (.text:_SlDrvMsgReadSpawnCtx)
                  2000bd08    000000d0     rtsv7M4_T_le_eabi.lib : s_scalbn.obj (.text)
                  2000bdd8    000000cc     simplelink.a : netapp.obj (.text:_sl_HandleAsync_DnsGetHostByService)
                  2000bea4    000000c8                  : netapp.obj (.text:sl_NetAppMDNSRegisterUnregisterService)
                  2000bf6c    000000c4                  : driver.obj (.text:_SlRemoveFromList)
                  2000c030    000000c0                  : driver.obj (.text:_SlDrvCmdOp)
                  2000c0f0    000000b4                  : device.obj (.text:sl_DevGet)
                  2000c1a4    000000ac     pinmux.obj (.text)
                  2000c250    000000a8     driverlib.a : interrupt.obj (.text:IntDisable)
                  2000c2f8    000000a8                 : interrupt.obj (.text:IntEnable)
                  2000c3a0    000000a4     simplelink.a : driver.obj (.text:_SlDriverHandleError)
                  2000c444    000000a0     driverlib.a : spi.obj (.text:SPIConfigSetExpClk)
                  2000c4e4    0000009c     rtsv7M4_T_le_eabi.lib : memcpy_t2.obj (.text)
                  2000c580    0000009a     simplelink.a : device.obj (.text:_SlDrvDeviceEventHandler)
                  2000c61a    00000002     --HOLE-- [fill = 0]
                  2000c61c    00000098                  : cc_pal.obj (.text:spi_Write)
                  2000c6b4    00000094     driverlib.a : prcm.obj (.text:PRCMPeripheralClockGet)
                  2000c748    00000092     rtsv7M4_T_le_eabi.lib : fs_div_t2.obj (.text)
                  2000c7da    00000002     --HOLE-- [fill = 0]
                  2000c7dc    00000090     simplelink.a : netapp.obj (.text:_sl_HandleAsync_DnsGetHostByName)
                  2000c86c    00000090                  : netapp.obj (.text:_sl_HandleAsync_PingResponse)
                  2000c8fc    0000008c                  : cc_pal.obj (.text:SetupDMAReceive)
                  2000c988    0000008c                  : cc_pal.obj (.text:SetupDMASend)
                  2000ca14    00000088     driverlib.a : pin.obj (.text:PinConfigSet)
                  2000ca9c    00000088     rtsv7M4_T_le_eabi.lib : vsnprintf.obj (.text)
                  2000cb24    00000088     simplelink.a : socket.obj (.text:sl_Recv)
                  2000cbac    00000086     rtsv7M4_T_le_eabi.lib : fd_cmp_t2.obj (.text:__aeabi_cdcmple)
                  2000cc32    00000086                           : fd_cmp_t2.obj (.text:__aeabi_cdrcmple)
                  2000ccb8    00000082     driverlib.a : gpio.obj (.text:GPIOIntTypeSet)
                  2000cd3a    00000002     --HOLE-- [fill = 0]
                  2000cd3c    00000080     simplelink.a : socket.obj (.text:_sl_HandleAsync_Connect)
                  2000cdbc    00000080                  : device.obj (.text:_sl_HandleAsync_InitComplete)
                  2000ce3c    00000080                  : cc_pal.obj (.text:spi_Read_CPU)
                  2000cebc    00000080                  : cc_pal.obj (.text:spi_Write_CPU)
                  2000cf3c    0000007c                  : device.obj (.text:sl_DevSet)
                  2000cfb8    0000007c                  : netcfg.obj (.text:sl_NetCfgSet)
                  2000d034    0000007c                  : socket.obj (.text:sl_SetSockOpt)
                  2000d0b0    0000007c                  : wlan.obj (.text:sl_WlanSet)
                  2000d12c    0000007a     rtsv7M4_T_le_eabi.lib : memset_t2.obj (.text)
                  2000d1a6    00000002     --HOLE-- [fill = 0]
                  2000d1a8    00000078     simplelink.a : nonos.obj (.text:_SlNonOsSemGet)
                  2000d220    00000078                  : wlan.obj (.text:sl_WlanPolicySet)
                  2000d298    00000078                  : cc_pal.obj (.text:spi_Close)
                  2000d310    00000076     driverlib.a : uart.obj (.text:UARTConfigSetExpClk)
                  2000d386    00000002     --HOLE-- [fill = 0]
                  2000d388    00000074     simplelink.a : nonos.obj (.text:_SlNonOsMainLoopTask)
                  2000d3fc    00000070     driverlib.a : timer.obj (.text:TimerIntRegister)
                  2000d46c    00000070     rtsv7M4_T_le_eabi.lib : autoinit.obj (.text)
                  2000d4dc    00000070     simplelink.a : socket.obj (.text:sl_Socket)
                  2000d54c    0000006c                  : driver.obj (.text:_SlDrvCmdSend)
                  2000d5b8    0000006c                  : netapp.obj (.text:_sl_NetAppSendTokenValue)
                  2000d624    0000006c                  : wlan.obj (.text:sl_WlanRxFilterSet)
                  2000d690    00000068     driverlib.a : timer.obj (.text:TimerIntUnregister)
                  2000d6f8    00000068     rtsv7M4_T_le_eabi.lib : copy_decompress_lzss.obj (.text:decompress:lzss)
                  2000d760    00000064     simplelink.a : nonos.obj (.text:_SlNonOsSpawn)
                  2000d7c4    00000064                  : socket.obj (.text:_sl_HandleAsync_Accept)
                  2000d828    00000064     driverlib.a : udma.obj (.text:uDMAChannelAttributeDisable)
                  2000d88c    00000064                 : udma.obj (.text:uDMAChannelAttributeEnable)
                  2000d8f0    00000060     rtsv7M4_T_le_eabi.lib : fs_cmp_t2.obj (.text:__aeabi_cfcmple)
                  2000d950    00000060                           : fs_cmp_t2.obj (.text:__aeabi_cfrcmple)
                  2000d9b0    00000060                           : sprintf.obj (.text)
                  2000da10    0000005c                           : s_frexp.obj (.text)
                  2000da6c    00000058     driverlib.a : interrupt.obj (.text:IntPendClear)
                  2000dac4    00000058                 : prcm.obj (.text:PRCMPeripheralReset)
                  2000db1c    00000056     rtsv7M4_T_le_eabi.lib : ltoa.obj (.text)
                  2000db72    00000002     --HOLE-- [fill = 0]
                  2000db74    00000054     driverlib.a : interrupt.obj (.text:IntPrioritySet)
                  2000dbc8    00000054     simplelink.a : driver.obj (.text:_SlDrvRxIrqHandler)
                  2000dc1c    00000054                  : socket.obj (.text:_sl_HandleAsync_Select)
                  2000dc70    00000054     rtsv7M4_T_le_eabi.lib : exit.obj (.text)
                  2000dcc4    00000050     simplelink.a : device.obj (.text:_sl_HandleAsync_Stop)
                  2000dd14    0000004c     driverlib.a : spi.obj (.text:SPIIntEnable)
                  2000dd60    0000004c                 : spi.obj (.text:SPIIntNumberGet)
                  2000ddac    0000004c     simplelink.a : driver.obj (.text:_SlDrvProtectAsyncRespSetting)
                  2000ddf8    0000004c                  : socket.obj (.text:_sl_BuildAddress)
                  2000de44    0000004c     rtsv7M4_T_le_eabi.lib : atoi.obj (.text)
                  2000de90    0000004c                           : cpy_tbl.obj (.text)
                  2000dedc    0000004c     driverlib.a : udma.obj (.text:uDMAChannelAssign)
                  2000df28    00000048                 : gpio.obj (.text:GPIOGetIntNumber)
                  2000df70    00000048                 : spi.obj (.text:SPIIntClear)
                  2000dfb8    00000048     simplelink.a : driver.obj (.text:_SlDrvBasicCmd)
                  2000e000    00000048     rtsv7M4_T_le_eabi.lib : fd_toi_t2.obj (.text)
                  2000e048    00000048     simplelink.a : netapp.obj (.text:sl_NetAppMDNSUnRegisterService)
                  2000e090    00000044     driverlib.a : spi.obj (.text:SPIDmaMaskGet)
                  2000e0d4    00000044                 : timer.obj (.text:TimerConfigure)
                  2000e118    00000044     simplelink.a : driver.obj (.text:_SlDrvHandleHttpServerEvents)
                  2000e15c    00000044                  : driver.obj (.text:_SlDrvSyncObjWaitTimeout)
                  2000e1a0    00000044                  : cc_pal.obj (.text:cc_SetupTransfer)
                  2000e1e4    00000044                  : socket.obj (.text:sl_Close)
                  2000e228    00000044                  : wlan.obj (.text:sl_WlanProfileDel)
                  2000e26c    00000044                  : wlan.obj (.text:sl_WlanSetMode)
                  2000e2b0    00000042                  : socket.obj (.text:sl_Htonl)
                  2000e2f2    00000002     --HOLE-- [fill = 0]
                  2000e2f4    00000040     driverlib.a : pin.obj (.text:PinModeSet)
                  2000e334    00000040     simplelink.a : driver.obj (.text:_SlDrvHandleNetAppEvents)
                  2000e374    00000040                  : driver.obj (.text:_SlDrvHandleWlanEvents)
                  2000e3b4    00000040                  : socket.obj (.text:_sl_TruncatePayloadByProtocol)
                  2000e3f4    00000040     rtsv7M4_T_le_eabi.lib : boot.obj (.text)
                  2000e434    0000003e     simplelink.a : cc_pal.obj (.text:NwpRegisterInterruptHandler)
                  2000e472    0000003c                  : netapp.obj (.text:CopyPingResultsToReport)
                  2000e4ae    00000002     --HOLE-- [fill = 0]
                  2000e4b0    0000003c     driverlib.a : prcm.obj (.text:PRCMPeripheralClkEnable)
                  2000e4ec    0000003c     simplelink.a : socket.obj (.text:sl_Htons)
                  2000e528    0000003c     driverlib.a : udma.obj (.text:uDMAChannelControlSet)
                  2000e564    00000038     simplelink.a : cc_pal.obj (.text:NwpPowerOff)
                  2000e59c    00000036     driverlib.a : gpio.obj (.text:GPIODirModeSet)
                  2000e5d2    00000002     --HOLE-- [fill = 0]
                  2000e5d4    00000034                 : prcm.obj (.text:PRCMPeripheralStatusGet)
                  2000e608    00000034                 : spi.obj (.text:SPIFIFOLevelSet)
                  2000e63c    00000030                 : pin.obj (.text:PinTypeGPIO)
                  2000e66c    00000030                 : uart.obj (.text:UARTDisable)
                  2000e69c    0000002e     rtsv7M4_T_le_eabi.lib : i_tofd_t2.obj (.text)
                  2000e6ca    00000002     --HOLE-- [fill = 0]
                  2000e6cc    0000002c     driverlib.a : prcm.obj (.text:PRCMSysResetCauseGet)
                  2000e6f8    0000002c     simplelink.a : driver.obj (.text:_SlDrvObjGlobalLockWaitForever)
                  2000e724    0000002c                  : driver.obj (.text:_SlDrvProtectionObjLockWaitForever)
                  2000e750    0000002a     driverlib.a : timer.obj (.text:TimerLoadSet)
                  2000e77a    0000002a                 : timer.obj (.text:TimerPrescaleSet)
                  2000e7a4    00000028                 : prcm.obj (.text:PRCMPeripheralClkDisable)
                  2000e7cc    00000028     simplelink.a : driver.obj (.text:_SlDrvGlobalObjUnLock)
                  2000e7f4    00000028                  : driver.obj (.text:_SlDrvProtectionObjUnLock)
                  2000e81c    00000028                  : driver.obj (.text:_SlDrvSyncObjWaitForever)
                  2000e844    00000026     network_common.obj (.text)
                  2000e86a    00000002     --HOLE-- [fill = 0]
                  2000e86c    00000024     simplelink.a : cc_pal.obj (.text:DmaSpiSwIntHandler)
                  2000e890    00000024     driverlib.a : interrupt.obj (.text:IntUnregister)
                  2000e8b4    00000024                 : uart.obj (.text:UARTEnable)
                  2000e8d8    00000024     simplelink.a : driver.obj (.text:_SlDrvObjLockWaitForever)
                  2000e8fc    00000024     rtsv7M4_T_le_eabi.lib : memmov.obj (.text)
                  2000e920    00000024                           : u_tofs_t2.obj (.text)
                  2000e944    00000022     driverlib.a : gpio.obj (.text:GPIOIntStatus)
                  2000e966    00000022                 : spi.obj (.text:SPIReset)
                  2000e988    00000022                 : spi.obj (.text:SPIWordCountSet)
                  2000e9aa    00000020                 : gpio.obj (.text:GPIOPinWrite)
                  2000e9ca    00000002     --HOLE-- [fill = 0]
                  2000e9cc    00000020                 : interrupt.obj (.text:IntRegister)
                  2000e9ec    00000020     simplelink.a : cc_pal.obj (.text:NwpPowerOn)
                  2000ea0c    00000020     driverlib.a : spi.obj (.text:SPIDataGet)
                  2000ea2c    00000020     simplelink.a : driver.obj (.text:_SlDrvObjUnLock)
                  2000ea4c    00000020                  : driver.obj (.text:_SlDrvSyncObjSignal)
                  2000ea6c    00000020                  : wlan.obj (.text:sl_WlanDisconnect)
                  2000ea8c    0000001e     driverlib.a : gpio.obj (.text:GPIOIntRegister)
                  2000eaaa    0000001e                 : spi.obj (.text:SPIDataPut)
                  2000eac8    0000001e                 : timer.obj (.text:TimerDisable)
                  2000eae6    0000001e                 : timer.obj (.text:TimerEnable)
                  2000eb04    0000001e                 : timer.obj (.text:TimerIntStatus)
                  2000eb22    0000001e                 : uart.obj (.text:UARTCharPut)
                  2000eb40    0000001e     simplelink.a : cc_pal.obj (.text:cc_UDMAChannelSelect)
                  2000eb5e    0000001e     rtsv7M4_T_le_eabi.lib : strcat.obj (.text)
                  2000eb7c    0000001c     driverlib.a : timer.obj (.text:TimerValueGet)
                  2000eb98    0000001c                 : uart.obj (.text:UARTCharGetNonBlocking)
                  2000ebb4    0000001c     rtsv7M4_T_le_eabi.lib : memccpy.obj (.text)
                  2000ebd0    0000001c     driverlib.a : udma.obj (.text:uDMAChannelEnable)
                  2000ebec    0000001a                 : gpio.obj (.text:GPIOIntDisable)
                  2000ec06    0000001a                 : gpio.obj (.text:GPIOIntEnable)
                  2000ec20    0000001a                 : pin.obj (.text:PinTypeSPI)
                  2000ec3a    0000001a                 : pin.obj (.text:PinTypeUART)
                  2000ec54    0000001a                 : spi.obj (.text:SPIDmaDisable)
                  2000ec6e    0000001a                 : spi.obj (.text:SPIDmaEnable)
                  2000ec88    0000001a                 : spi.obj (.text:SPIFIFODisable)
                  2000eca2    0000001a                 : spi.obj (.text:SPIFIFOEnable)
                  2000ecbc    0000001a                 : spi.obj (.text:SPIIntUnregister)
                  2000ecd6    00000018                 : gpio.obj (.text:GPIOPinRead)
                  2000ecee    00000018                 : spi.obj (.text:SPICSDisable)
                  2000ed06    00000018                 : spi.obj (.text:SPICSEnable)
                  2000ed1e    00000018                 : spi.obj (.text:SPIDisable)
                  2000ed36    00000018                 : spi.obj (.text:SPIEnable)
                  2000ed4e    00000018                 : timer.obj (.text:TimerIntDisable)
                  2000ed66    00000018                 : timer.obj (.text:TimerIntEnable)
                  2000ed7e    00000018                 : uart.obj (.text:UARTCharsAvail)
                  2000ed96    00000018     simplelink.a : nonos.obj (.text:_SlNonOsSemSet)
                  2000edae    00000002     --HOLE-- [fill = 0]
                  2000edb0    00000018                  : device.obj (.text:_sl_GetStartResponseConvert)
                  2000edc8    00000018     rtsv7M4_T_le_eabi.lib : args_main.obj (.text)
                  2000ede0    00000018                           : strcmp.obj (.text)
                  2000edf8    00000016     driverlib.a : prcm.obj (.text:PRCMHIBRegRead)
                  2000ee0e    00000016                 : prcm.obj (.text:PRCMHIBRegWrite)
                  2000ee24    00000016     simplelink.a : driver.obj (.text:_SlDrvMemZero)
                  2000ee3a    00000016     rtsv7M4_T_le_eabi.lib : strchr.obj (.text)
                  2000ee50    00000014     driverlib.a : cpu.obj (.text:CPUcpsie)
                  2000ee64    00000014                 : gpio.obj (.text:GPIOIntClear)
                  2000ee78    00000014                 : interrupt.obj (.text:IntVTableBaseSet)
                  2000ee8c    00000014     rtsv7M4_T_le_eabi.lib : _lock.obj (.text)
                  2000eea0    00000014                           : strcpy.obj (.text)
                  2000eeb4    00000014                           : strlen.obj (.text)
                  2000eec8    00000012     driverlib.a : timer.obj (.text:TimerIntClear)
                  2000eeda    00000010     simplelink.a : driver.obj (.text:_SlDrvDispatchHttpServerEvents)
                  2000eeea    0000000e                  : driver.obj (.text:_SlDrvResetCmdExt)
                  2000eef8    0000000e     rtsv7M4_T_le_eabi.lib : copy_decompress_none.obj (.text:decompress:none)
                  2000ef06    0000000e     startup_ccs.obj (.text)
                  2000ef14    0000000c     simplelink.a : cc_pal.obj (.text:NwpMaskInterrupt)
                  2000ef20    0000000c                  : cc_pal.obj (.text:NwpUnMaskInterrupt)
                  2000ef2c    0000000c     rtsv7M4_T_le_eabi.lib : copy_zero_init.obj (.text:decompress:ZI)
                  2000ef38    0000000a     driverlib.a : interrupt.obj (.text:IntMasterEnable)
                  2000ef42    00000008     rtsv7M4_T_le_eabi.lib : s_copysign.obj (.text)
                  2000ef4a    00000006     driverlib.a : utils.obj (.text:UtilsDelay)
                  2000ef50    00000004     rtsv7M4_T_le_eabi.lib : pre_init.obj (.text)

.const     0    2000ef54    00000b8c     
                  2000ef54    000004fb     Adafruit_GFX.obj (.const:.string:font)
                  2000f44f    00000101     rtsv7M4_T_le_eabi.lib : ctype.obj (.const:.string:_ctypes_)
                  2000f550    00000100     driverlib.a : pin.obj (.const:g_ulPinToPadMap)
                  2000f650    000000d4                 : interrupt.obj (.const:g_pulRegs)
                  2000f724    000000a8                 : prcm.obj (.const:PRCM_PeriphRegsList)
                  2000f7cc    00000080                 : interrupt.obj (.const)
                  2000f84c    0000005e     main.obj (.const:.string)
                  2000f8aa    0000003c     simplelink.a : driver.obj (.const:OpcodeTranslateTable)
                  2000f8e6    0000003c                  : wlan.obj (.const)
                  2000f922    00000002     --HOLE-- [fill = 0]
                  2000f924    00000038                  : driver.obj (.const:_SlActionLookupTable)
                  2000f95c    00000038                  : driver.obj (.const)
                  2000f994    00000034                  : socket.obj (.const)
                  2000f9c8    0000002c     main.obj (.const:$P$T2$3)
                  2000f9f4    00000028     simplelink.a : netapp.obj (.const)
                  2000fa1c    00000026     main.obj (.const:.string:$P$T0$1)
                  2000fa42    00000002     --HOLE-- [fill = 0]
                  2000fa44    00000024     driverlib.a : spi.obj (.const:g_ppulSPIIntMap)
                  2000fa68    0000001c     simplelink.a : device.obj (.const)
                  2000fa84    00000018     driverlib.a : spi.obj (.const)
                  2000fa9c    00000014     main.obj (.const:$P$T3$4)
                  2000fab0    00000010     simplelink.a : socket.obj (.const:.string)
                  2000fac0    0000000c     main.obj (.const:$P$T4$5)
                  2000facc    0000000b     main.obj (.const:.string:$P$T1$2)
                  2000fad7    00000001     --HOLE-- [fill = 0]
                  2000fad8    00000008     simplelink.a : netcfg.obj (.const)

.cinit     0    2000fae0    000000b8     
                  2000fae0    00000094     (.cinit..data.load) [load image, compression = lzss]
                  2000fb74    0000000c     (__TI_handler_table)
                  2000fb80    00000008     (.cinit..bss.load) [load image, compression = zero_init]
                  2000fb88    00000010     (__TI_cinit_table)

.sysmem    0    20017000    00008000     UNINITIALIZED
                  20017000    00000008     rtsv7M4_T_le_eabi.lib : memory.obj (.sysmem)
                  20017008    00007ff8     --HOLE--

.bss       0    2001f000    000006b3     UNINITIALIZED
                  2001f000    00000400     (.common:sendArray)
                  2001f400    00000168     simplelink.a : driver.obj (.bss:g_StatMem)
                  2001f568    0000008c     (.common:values)
                  2001f5f4    00000050                  : cc_pal.obj (.bss:g_ucDinDout)
                  2001f644    0000002c     (.common:g_time)
                  2001f670    00000024     (.common:g_ucConnectionSSID)
                  2001f694    00000008     main.obj (.bss)
                  2001f69c    00000008     (.common:g_ucConnectionBSSID)
                  2001f6a4    00000004     uart_if.obj (.bss)
                  2001f6a8    00000004     (.common:pin8_intcount)
                  2001f6ac    00000001     (.common:RxIrqCnt)
                  2001f6ad    00000001     (.common:g_bDeviceRestartIsRequired)
                  2001f6ae    00000001     (.common:g_cDummy)
                  2001f6af    00000001     (.common:g_ucLED1Pin)
                  2001f6b0    00000001     (.common:g_ucLED2Pin)
                  2001f6b1    00000001     (.common:g_ucLED3Pin)
                  2001f6b2    00000001     (.common:pin8_intflag)

.data      0    2001f6b4    0000014c     UNINITIALIZED
                  2001f6b4    00000048     main.obj (.data)
                  2001f6fc    0000003c     simplelink.a : nonos.obj (.data:g__SlNonOsCB)
                  2001f738    00000028     main.obj (.data:digits)
                  2001f760    0000001c     main.obj (.data:colors)
                  2001f77c    00000015     Adafruit_GFX.obj (.data)
                  2001f791    00000003     --HOLE--
                  2001f794    00000014     gpio_if.obj (.data:ulReg)
                  2001f7a8    0000000d     simplelink.a : driver.obj (.data)
                  2001f7b5    00000003     --HOLE--
                  2001f7b8    0000000c     rtsv7M4_T_le_eabi.lib : exit.obj (.data:$O1$$)
                  2001f7c4    0000000c                           : memory.obj (.data:$O1$$)
                  2001f7d0    0000000c     gpio_if.obj (.data)
                  2001f7dc    00000009     simplelink.a : cc_pal.obj (.data)
                  2001f7e5    00000003     --HOLE--
                  2001f7e8    00000008     rtsv7M4_T_le_eabi.lib : _lock.obj (.data:$O1$$)
                  2001f7f0    00000008     main.obj (.data:ir_input)
                  2001f7f8    00000004     rtsv7M4_T_le_eabi.lib : errno.obj (.data)
                  2001f7fc    00000004                           : stkdepth_vars.obj (.data)

.stack     0    2002f000    00001000     UNINITIALIZED
                  2002f000    00001000     --HOLE--

MODULE SUMMARY

       Module                     code    ro data   rw data
       ------                     ----    -------   -------
    .\
       main.obj                   8900    219       1413   
       Adafruit_GFX.obj           2688    1275      21     
       Adafruit_OLED.obj          1186    0         0      
       startup_ccs.obj            14      1024      0      
       gpio_if.obj                920     0         35     
       uart_if.obj                640     0         4      
       timer_if.obj               250     0         0      
       pinmux.obj                 172     0         0      
       network_common.obj         38      0         0      
    +--+--------------------------+-------+---------+---------+
       Total:                     14808   2518      1473   
                                                           
    C:/ti/CC3200SDK_1.2.0/cc3200-sdk/driverlib/ccs/Release/driverlib.a
       prcm.obj                   852     168       0      
       interrupt.obj              608     340       0      
       spi.obj                    860     60        0      
       udma.obj                   604     0         0      
       pin.obj                    300     256       0      
       timer.obj                  552     0         0      
       gpio.obj                   448     0         0      
       uart.obj                   284     0         0      
       cpu.obj                    20      0         0      
       utils.obj                  6       0         0      
    +--+--------------------------+-------+---------+---------+
       Total:                     4534    824       0      
                                                           
    C:/ti/CC3200SDK_1.2.0/cc3200-sdk/simplelink/ccs/NON_OS/simplelink.a
       driver.obj                 7600    172       375    
       cc_pal.obj                 1684    0         90     
       socket.obj                 1662    68        0      
       netapp.obj                 1492    40        0      
       wlan.obj                   1128    60        0      
       device.obj                 1142    28        0      
       nonos.obj                  360     0         60     
       netcfg.obj                 124     8         0      
    +--+--------------------------+-------+---------+---------+
       Total:                     15192   376       525    
                                                           
    C:\ti\ccsv7\tools\compiler\ti-cgt-arm_16.9.0.LTS\lib\rtsv7M4_T_le_eabi.lib
       _printfi.obj               4382    0         0      
       memory.obj                 976     0         12     
       ull_div_t2.obj             500     0         0      
       fd_add_t2.obj              438     0         0      
       fd_div_t2.obj              310     0         0      
       fd_cmp_t2.obj              268     0         0      
       ctype.obj                  0       257       0      
       fd_mul_t2.obj              252     0         0      
       s_scalbn.obj               208     0         0      
       fs_cmp_t2.obj              192     0         0      
       memcpy_t2.obj              156     0         0      
       fs_div_t2.obj              146     0         0      
       vsnprintf.obj              136     0         0      
       memset_t2.obj              122     0         0      
       autoinit.obj               112     0         0      
       copy_decompress_lzss.obj   104     0         0      
       exit.obj                   84      0         12     
       sprintf.obj                96      0         0      
       s_frexp.obj                92      0         0      
       ltoa.obj                   86      0         0      
       atoi.obj                   76      0         0      
       cpy_tbl.obj                76      0         0      
       fd_toi_t2.obj              72      0         0      
       boot.obj                   64      0         0      
       i_tofd_t2.obj              46      0         0      
       memmov.obj                 36      0         0      
       u_tofs_t2.obj              36      0         0      
       strcat.obj                 30      0         0      
       _lock.obj                  20      0         8      
       memccpy.obj                28      0         0      
       args_main.obj              24      0         0      
       strcmp.obj                 24      0         0      
       strchr.obj                 22      0         0      
       strcpy.obj                 20      0         0      
       strlen.obj                 20      0         0      
       copy_decompress_none.obj   14      0         0      
       copy_zero_init.obj         12      0         0      
       s_copysign.obj             8       0         0      
       errno.obj                  0       0         4      
       pre_init.obj               4       0         0      
       stkdepth_vars.obj          0       0         4      
       mpu_init.obj               2       0         0      
       startup.obj                2       0         0      
    +--+--------------------------+-------+---------+---------+
       Total:                     9296    257       40     
                                                           
       Heap:                      0       0         32768  
       Stack:                     0       0         4096   
       Linker Generated:          0       184       0      
    +--+--------------------------+-------+---------+---------+
       Grand Total:               43830   4159      38902  


LINKER GENERATED COPY TABLES

__TI_cinit_table @ 2000fb88 records: 2, size/record: 8, table size: 16
	.data: load addr=2000fae0, load size=00000094 bytes, run addr=2001f6b4, run size=0000014c bytes, compression=lzss
	.bss: load addr=2000fb80, load size=00000008 bytes, run addr=2001f000, run size=000006b3 bytes, compression=zero_init


LINKER GENERATED HANDLER TABLE

__TI_handler_table @ 2000fb74 records: 3, size/record: 4, table size: 12
	index: 0, handler: __TI_decompress_lzss
	index: 1, handler: __TI_decompress_none
	index: 2, handler: __TI_zero_init


GLOBAL SYMBOLS: SORTED ALPHABETICALLY BY Name 

address   name                                  
-------   ----                                  
2000887d  Adafruit_Init                         
2000dc71  C$$EXIT                               
2000ee51  CPUcpsie                              
20009441  ClearTerm                             
200089f3  Color565                              
2000e86d  DmaSpiSwIntHandler                    
2000944b  Error                                 
2000e59d  GPIODirModeSet                        
200061c5  GPIOInit                              
2000ee65  GPIOIntClear                          
2000ebed  GPIOIntDisable                        
2000ec07  GPIOIntEnable                         
2000ea8d  GPIOIntRegister                       
2000e945  GPIOIntStatus                         
2000ccb9  GPIOIntTypeSet                        
2000ecd7  GPIOPinRead                           
2000e9ab  GPIOPinWrite                          
20009329  GPIO_IF_ConfigureNIntEnable           
200093b5  GPIO_IF_Get                           
200092e3  GPIO_IF_GetPortNPin                   
200090a5  GPIO_IF_LedConfigure                  
20009197  GPIO_IF_LedOff                        
200090e3  GPIO_IF_LedOn                         
2000924b  GPIO_IF_LedStatus                     
200092b5  GPIO_IF_LedToggle                     
20009371  GPIO_IF_Set                           
20009483  GetCmd                                
20005d17  HandleCode                            
20009401  InitTerm                              
2000c251  IntDisable                            
2000c2f9  IntEnable                             
2000ef39  IntMasterEnable                       
2000da6d  IntPendClear                          
2000db75  IntPrioritySet                        
2000e9cd  IntRegister                           
2000e891  IntUnregister                         
2000ee79  IntVTableBaseSet                      
2000941f  Message                               
2000ef15  NwpMaskInterrupt                      
2000e565  NwpPowerOff                           
2000e9ed  NwpPowerOn                            
2000e435  NwpRegisterInterruptHandler           
2000ef21  NwpUnMaskInterrupt                    
2000f8aa  OpcodeTranslateTable                  
2000818f  Outstr                                
2000a71d  PRCMCC3200MCUInit                     
2000edf9  PRCMHIBRegRead                        
2000ee0f  PRCMHIBRegWrite                       
2000e7a5  PRCMPeripheralClkDisable              
2000e4b1  PRCMPeripheralClkEnable               
2000c6b5  PRCMPeripheralClockGet                
2000dac5  PRCMPeripheralReset                   
2000e5d5  PRCMPeripheralStatusGet               
2000e6cd  PRCMSysResetCauseGet                  
2000ca15  PinConfigSet                          
2000e2f5  PinModeSet                            
2000c1a5  PinMuxConfig                          
2000e63d  PinTypeGPIO                           
2000ec21  PinTypeSPI                            
2000ec3b  PinTypeUART                           
20005b2f  PrintChar                             
200095c1  Report                                
2000ef07  ResetISR                              
2001f6ac  RxIrqCnt                              
UNDEFED   SHT$$INIT_ARRAY$$Base                 
UNDEFED   SHT$$INIT_ARRAY$$Limit                
2000ecef  SPICSDisable                          
2000ed07  SPICSEnable                           
2000c445  SPIConfigSetExpClk                    
2000ea0d  SPIDataGet                            
2000eaab  SPIDataPut                            
2000ed1f  SPIDisable                            
2000ec55  SPIDmaDisable                         
2000ec6f  SPIDmaEnable                          
2000ed37  SPIEnable                             
2000ec89  SPIFIFODisable                        
2000eca3  SPIFIFOEnable                         
2000e609  SPIFIFOLevelSet                       
200062cd  SPIInit                               
2000df71  SPIIntClear                           
2000dd15  SPIIntEnable                          
2000ecbd  SPIIntUnregister                      
2000e967  SPIReset                              
2000e989  SPIWordCountSet                       
20004d49  SimpleLinkGeneralEventHandler         
20004d29  SimpleLinkHttpServerCallback          
20004c85  SimpleLinkNetAppEventHandler          
20004d69  SimpleLinkSockEventHandler            
20004b6f  SimpleLinkWlanEventHandler            
2001f6b8  TLS_SOCKET_ID                         
20006079  TimerA0IntHandler                     
200061af  TimerA1IntHandler                     
2000e0d5  TimerConfigure                        
2000eac9  TimerDisable                          
2000eae7  TimerEnable                           
2000621d  TimerInit                             
2000eec9  TimerIntClear                         
2000ed4f  TimerIntDisable                       
2000ed67  TimerIntEnable                        
2000d3fd  TimerIntRegister                      
2000eb05  TimerIntStatus                        
2000d691  TimerIntUnregister                    
2000e751  TimerLoadSet                          
2000e77b  TimerPrescaleSet                      
2000eb7d  TimerValueGet                         
2000b685  Timer_IF_DeInit                       
2000b6b3  Timer_IF_GetCount                     
2000b5d1  Timer_IF_Init                         
2000b603  Timer_IF_IntSetup                     
2000b641  Timer_IF_InterruptClear               
2000b69f  Timer_IF_ReLoad                       
2000b659  Timer_IF_Start                        
2000b675  Timer_IF_Stop                         
20009529  TrimSpace                             
2000eb99  UARTCharGetNonBlocking                
2000eb23  UARTCharPut                           
2000ed7f  UARTCharsAvail                        
2000d311  UARTConfigSetExpClk                   
2000e66d  UARTDisable                           
2000e8b5  UARTEnable                            
2000ef4b  UtilsDelay                            
2000f924  _SlActionLookupTable                  
2000c3a1  _SlDriverHandleError                  
2000dfb9  _SlDrvBasicCmd                        
2000c031  _SlDrvCmdOp                           
2000d54d  _SlDrvCmdSend                         
20009cd1  _SlDrvDataReadOp                      
2000ab71  _SlDrvDataWriteOp                     
2000c581  _SlDrvDeviceEventHandler              
2000eedb  _SlDrvDispatchHttpServerEvents        
2000b195  _SlDrvDriverCBDeinit                  
2000a23d  _SlDrvDriverCBInit                    
2000e7cd  _SlDrvGlobalObjUnLock                 
2000e119  _SlDrvHandleHttpServerEvents          
2000e335  _SlDrvHandleNetAppEvents              
2000e375  _SlDrvHandleWlanEvents                
2000ee25  _SlDrvMemZero                         
2000bc35  _SlDrvMsgReadSpawnCtx                 
2000b3d1  _SlDrvNetAppEventHandler              
2000e8d9  _SlDrvObjLockWaitForever              
2000ea2d  _SlDrvObjUnLock                       
2000ddad  _SlDrvProtectAsyncRespSetting         
2000e725  _SlDrvProtectionObjLockWaitForever    
2000e7f5  _SlDrvProtectionObjUnLock             
20009eb5  _SlDrvReleasePoolObj                  
2000eeeb  _SlDrvResetCmdExt                     
2000dbc9  _SlDrvRxIrqHandler                    
2000ea4d  _SlDrvSyncObjSignal                   
2000e81d  _SlDrvSyncObjWaitForever              
2000e15d  _SlDrvSyncObjWaitTimeout              
2000a58d  _SlDrvWaitForPoolObj                  
2000fa10  _SlNetAppSendTokenValueCmdCtrl        
2000d389  _SlNonOsMainLoopTask                  
2000d1a9  _SlNonOsSemGet                        
2000ed97  _SlNonOsSemSet                        
2000d761  _SlNonOsSpawn                         
20030000  __STACK_END                           
00001000  __STACK_SIZE                          
00008000  __SYSMEM_SIZE                         
2000fb88  __TI_CINIT_Base                       
2000fb98  __TI_CINIT_Limit                      
2000fb74  __TI_Handler_Table_Base               
2000fb80  __TI_Handler_Table_Limit              
2000d46d  __TI_auto_init                        
2001f7b8  __TI_cleanup_ptr                      
2000d6f9  __TI_decompress_lzss                  
2000eef9  __TI_decompress_none                  
2001f7bc  __TI_dtors_ptr                        
2001f7c0  __TI_enable_exit_profile_output       
ffffffff  __TI_pprof_out_hndl                   
20006ef9  __TI_printfi                          
ffffffff  __TI_prof_data_size                   
ffffffff  __TI_prof_data_start                  
2000fae0  __TI_static_base__                    
2000ef2d  __TI_zero_init                        
2000cbad  __aeabi_cdcmpeq                       
2000cbad  __aeabi_cdcmple                       
2000cc33  __aeabi_cdrcmple                      
2000d8f1  __aeabi_cfcmpeq                       
2000d8f1  __aeabi_cfcmple                       
2000d951  __aeabi_cfrcmple                      
2000e001  __aeabi_d2iz                          
2000a08f  __aeabi_dadd                          
2000ae09  __aeabi_ddiv                          
2000b4d5  __aeabi_dmul                          
2000a085  __aeabi_dsub                          
2000c749  __aeabi_fdiv                          
2000e69d  __aeabi_i2d                           
2000d12d  __aeabi_memclr                        
2000d12d  __aeabi_memclr4                       
2000d12d  __aeabi_memclr8                       
2000c4e5  __aeabi_memcpy                        
2000c4e5  __aeabi_memcpy4                       
2000c4e5  __aeabi_memcpy8                       
2000d12f  __aeabi_memset                        
2000d12f  __aeabi_memset4                       
2000d12f  __aeabi_memset8                       
2000e921  __aeabi_ui2f                          
20009add  __aeabi_uldivmod                      
ffffffff  __binit__                             
ffffffff  __c_args__                            
20008c97  __mpu_init                            
2002f000  __stack                               
2000edc9  _args_main                            
2000e3f5  _c_int00                              
2000f44f  _ctypes_                              
2001f7e8  _lock                                 
2000ee9b  _nop                                  
2000ee93  _register_lock                        
2000ee8d  _register_unlock                      
2000d7c5  _sl_HandleAsync_Accept                
2000cd3d  _sl_HandleAsync_Connect               
2000c7dd  _sl_HandleAsync_DnsGetHostByName      
2000bdd9  _sl_HandleAsync_DnsGetHostByService   
2000cdbd  _sl_HandleAsync_InitComplete          
2000c86d  _sl_HandleAsync_PingResponse          
2000dc1d  _sl_HandleAsync_Select                
2000dcc5  _sl_HandleAsync_Stop                  
2000d5b9  _sl_NetAppSendTokenValue              
20017000  _sys_memory                           
2000a23b  _system_post_cinit                    
2000ef51  _system_pre_init                      
2001f7ec  _unlock                               
2000dc75  abort                                 
2000de45  atoi                                  
ffffffff  binit                                 
2001f6e0  c_letter                              
20009039  calloc                                
2001f760  colors                                
2000de91  copy_in                               
2000ef43  copysign                              
2000ef43  copysignl                             
2001f6d0  curr                                  
2001f6f0  curr_color                            
2001f6d8  curr_index                            
2001f77c  cursor_x                              
2001f780  cursor_y                              
2001f6e8  cx                                    
2001f6ec  cy                                    
20004401  delay                                 
2001f738  digits                                
20008043  drawChar                              
200077e5  drawCircle                            
20007919  drawCircleHelper                      
20008ba1  drawFastHLine                         
20008b01  drawFastVLine                         
20007b5f  drawLine                              
20008c3d  drawPixel                             
20007c4b  drawRect                              
20007c99  drawRoundRect                         
20007e01  drawTriangle                          
2001f7f8  errno                                 
2000dc7d  exit                                  
20007a37  fillCircle                            
20007a71  fillCircleHelper                      
20008a4b  fillRect                              
20007d87  fillRoundRect                         
20008a35  fillScreen                            
20007e43  fillTriangle                          
20008d83  free                                  
2000da11  frexp                                 
2000da11  frexpl                                
2001f6c8  g_Host                                
2001f7dc  g_SpiFd                               
2001f6fc  g__SlNonOsCB                          
2001f6ad  g_bDeviceRestartIsRequired            
2001f6ae  g_cDummy                              
2001f7ac  g_pCB                                 
2001f7e0  g_pHostIntHdl                         
20004000  g_pfnVectors                          
2001f644  g_time                                
2001f69c  g_ucConnectionBSSID                   
2001f670  g_ucConnectionSSID                    
2001f7e4  g_ucDMAEnabled                        
2001f5f4  g_ucDinDout                           
2001f6af  g_ucLED1Pin                           
2001f6b0  g_ucLED2Pin                           
2001f6b1  g_ucLED3Pin                           
2001f7d0  g_uiLED1Port                          
2001f7d4  g_uiLED2Port                          
2001f7d8  g_uiLED3Port                          
2001f6c4  g_ulGatewayIP                         
2001f6c0  g_ulPingPacketsRecv                   
2001f6bc  g_ulStatus                            
20004b13  generateBody                          
200089af  goTo                                  
20008243  height                                
20008c7b  invert                                
20005733  keyToBinary                           
2001f6e4  key_time                              
20004973  lcdTestPattern                        
20004a43  lcdTestPattern2                       
2000bd09  ldexp                                 
2000bd09  ldexpl                                
2000db1d  ltoa                                  
20006345  main                                  
2001f7fc  main_func_sp                          
20008d19  malloc                                
20008f4d  memalign                              
2000ebb5  memccpy                               
2000c4e5  memcpy                                
2000e8fd  memmove                               
2000d135  memset                                
20008c99  minit                                 
2001f6f4  nLetters                              
2001f6b4  p                                     
2001f7b0  pPingCallBackFunc                     
2001f6a8  pin8_intcount                         
2001f6b2  pin8_intflag                          
2001f6cc  prev                                  
20005a55  printBinary                           
2000538d  printErrConvenience                   
20008e45  realloc                               
2000bd09  scalbn                                
2000bd09  scalbnl                               
2001f000  sendArray                             
200081db  setCursor                             
20008213  setTextColor                          
200081f3  setTextSize                           
2000822b  setTextWrap                           
2000e1e5  sl_Close                              
2000aa05  sl_Connect                            
2000c0f1  sl_DevGet                             
2000cf3d  sl_DevSet                             
2000e2b1  sl_Htonl                              
2000e4ed  sl_Htons                              
2000af41  sl_NetAppDnsGetHostByName             
2000bea5  sl_NetAppMDNSRegisterUnregisterService
2000e049  sl_NetAppMDNSUnRegisterService        
2000cfb9  sl_NetCfgSet                          
2000e845  sl_Provisioning_HttpServerEventHdl    
2000e853  sl_Provisioning_NetAppEventHdl        
2000e85f  sl_Provisioning_WlanEventHdl          
2000cb25  sl_Recv                               
2000b2b9  sl_Send                               
2000d035  sl_SetSockOpt                         
2000d4dd  sl_Socket                             
2000ba79  sl_Start                              
2000b995  sl_Stop                               
20009681  sl_WlanConnect                        
2000ea6d  sl_WlanDisconnect                     
2000d221  sl_WlanPolicySet                      
2000e229  sl_WlanProfileDel                     
2000d625  sl_WlanRxFilterSet                    
2000d0b1  sl_WlanSet                            
2000e26d  sl_WlanSetMode                        
2000d299  spi_Close                             
2000acc1  spi_Open                              
2000b6cd  spi_Read                              
2000c61d  spi_Write                             
2000d9b1  sprintf                               
2001f6d4  start                                 
2001f6dc  state                                 
2000eb5f  strcat                                
2000ee3b  strchr                                
2000ede1  strcmp                                
2000eea1  strcpy                                
2000eeb5  strlen                                
20004637  testdrawcircles                       
200044a7  testdrawrects                         
20004435  testfastlines                         
200045c5  testfillcircles                       
20004507  testfillrects                         
200047a5  testlines                             
20004733  testroundrects                        
200046b1  testtriangles                         
2001f78c  textbgcolor                           
2001f788  textcolor                             
2001f784  textsize                              
2001f6f8  ticks                                 
2000dedd  uDMAChannelAssign                     
2000d829  uDMAChannelAttributeDisable           
2000d88d  uDMAChannelAttributeEnable            
2000e529  uDMAChannelControlSet                 
2000ebd1  uDMAChannelEnable                     
2000b7bd  uDMAChannelTransferSet                
2001f568  values                                
2000ca9d  vsnprintf                             
2000823f  width                                 
2001f790  wrap                                  
200087f5  writeCommand                          
20008839  writeData                             


GLOBAL SYMBOLS: SORTED BY Symbol Address 

address   name                                  
-------   ----                                  
00001000  __STACK_SIZE                          
00008000  __SYSMEM_SIZE                         
20004000  g_pfnVectors                          
20004401  delay                                 
20004435  testfastlines                         
200044a7  testdrawrects                         
20004507  testfillrects                         
200045c5  testfillcircles                       
20004637  testdrawcircles                       
200046b1  testtriangles                         
20004733  testroundrects                        
200047a5  testlines                             
20004973  lcdTestPattern                        
20004a43  lcdTestPattern2                       
20004b13  generateBody                          
20004b6f  SimpleLinkWlanEventHandler            
20004c85  SimpleLinkNetAppEventHandler          
20004d29  SimpleLinkHttpServerCallback          
20004d49  SimpleLinkGeneralEventHandler         
20004d69  SimpleLinkSockEventHandler            
2000538d  printErrConvenience                   
20005733  keyToBinary                           
20005a55  printBinary                           
20005b2f  PrintChar                             
20005d17  HandleCode                            
20006079  TimerA0IntHandler                     
200061af  TimerA1IntHandler                     
200061c5  GPIOInit                              
2000621d  TimerInit                             
200062cd  SPIInit                               
20006345  main                                  
20006ef9  __TI_printfi                          
200077e5  drawCircle                            
20007919  drawCircleHelper                      
20007a37  fillCircle                            
20007a71  fillCircleHelper                      
20007b5f  drawLine                              
20007c4b  drawRect                              
20007c99  drawRoundRect                         
20007d87  fillRoundRect                         
20007e01  drawTriangle                          
20007e43  fillTriangle                          
20008043  drawChar                              
2000818f  Outstr                                
200081db  setCursor                             
200081f3  setTextSize                           
20008213  setTextColor                          
2000822b  setTextWrap                           
2000823f  width                                 
20008243  height                                
200087f5  writeCommand                          
20008839  writeData                             
2000887d  Adafruit_Init                         
200089af  goTo                                  
200089f3  Color565                              
20008a35  fillScreen                            
20008a4b  fillRect                              
20008b01  drawFastVLine                         
20008ba1  drawFastHLine                         
20008c3d  drawPixel                             
20008c7b  invert                                
20008c97  __mpu_init                            
20008c99  minit                                 
20008d19  malloc                                
20008d83  free                                  
20008e45  realloc                               
20008f4d  memalign                              
20009039  calloc                                
200090a5  GPIO_IF_LedConfigure                  
200090e3  GPIO_IF_LedOn                         
20009197  GPIO_IF_LedOff                        
2000924b  GPIO_IF_LedStatus                     
200092b5  GPIO_IF_LedToggle                     
200092e3  GPIO_IF_GetPortNPin                   
20009329  GPIO_IF_ConfigureNIntEnable           
20009371  GPIO_IF_Set                           
200093b5  GPIO_IF_Get                           
20009401  InitTerm                              
2000941f  Message                               
20009441  ClearTerm                             
2000944b  Error                                 
20009483  GetCmd                                
20009529  TrimSpace                             
200095c1  Report                                
20009681  sl_WlanConnect                        
20009add  __aeabi_uldivmod                      
20009cd1  _SlDrvDataReadOp                      
20009eb5  _SlDrvReleasePoolObj                  
2000a085  __aeabi_dsub                          
2000a08f  __aeabi_dadd                          
2000a23b  _system_post_cinit                    
2000a23d  _SlDrvDriverCBInit                    
2000a58d  _SlDrvWaitForPoolObj                  
2000a71d  PRCMCC3200MCUInit                     
2000aa05  sl_Connect                            
2000ab71  _SlDrvDataWriteOp                     
2000acc1  spi_Open                              
2000ae09  __aeabi_ddiv                          
2000af41  sl_NetAppDnsGetHostByName             
2000b195  _SlDrvDriverCBDeinit                  
2000b2b9  sl_Send                               
2000b3d1  _SlDrvNetAppEventHandler              
2000b4d5  __aeabi_dmul                          
2000b5d1  Timer_IF_Init                         
2000b603  Timer_IF_IntSetup                     
2000b641  Timer_IF_InterruptClear               
2000b659  Timer_IF_Start                        
2000b675  Timer_IF_Stop                         
2000b685  Timer_IF_DeInit                       
2000b69f  Timer_IF_ReLoad                       
2000b6b3  Timer_IF_GetCount                     
2000b6cd  spi_Read                              
2000b7bd  uDMAChannelTransferSet                
2000b995  sl_Stop                               
2000ba79  sl_Start                              
2000bc35  _SlDrvMsgReadSpawnCtx                 
2000bd09  ldexp                                 
2000bd09  ldexpl                                
2000bd09  scalbn                                
2000bd09  scalbnl                               
2000bdd9  _sl_HandleAsync_DnsGetHostByService   
2000bea5  sl_NetAppMDNSRegisterUnregisterService
2000c031  _SlDrvCmdOp                           
2000c0f1  sl_DevGet                             
2000c1a5  PinMuxConfig                          
2000c251  IntDisable                            
2000c2f9  IntEnable                             
2000c3a1  _SlDriverHandleError                  
2000c445  SPIConfigSetExpClk                    
2000c4e5  __aeabi_memcpy                        
2000c4e5  __aeabi_memcpy4                       
2000c4e5  __aeabi_memcpy8                       
2000c4e5  memcpy                                
2000c581  _SlDrvDeviceEventHandler              
2000c61d  spi_Write                             
2000c6b5  PRCMPeripheralClockGet                
2000c749  __aeabi_fdiv                          
2000c7dd  _sl_HandleAsync_DnsGetHostByName      
2000c86d  _sl_HandleAsync_PingResponse          
2000ca15  PinConfigSet                          
2000ca9d  vsnprintf                             
2000cb25  sl_Recv                               
2000cbad  __aeabi_cdcmpeq                       
2000cbad  __aeabi_cdcmple                       
2000cc33  __aeabi_cdrcmple                      
2000ccb9  GPIOIntTypeSet                        
2000cd3d  _sl_HandleAsync_Connect               
2000cdbd  _sl_HandleAsync_InitComplete          
2000cf3d  sl_DevSet                             
2000cfb9  sl_NetCfgSet                          
2000d035  sl_SetSockOpt                         
2000d0b1  sl_WlanSet                            
2000d12d  __aeabi_memclr                        
2000d12d  __aeabi_memclr4                       
2000d12d  __aeabi_memclr8                       
2000d12f  __aeabi_memset                        
2000d12f  __aeabi_memset4                       
2000d12f  __aeabi_memset8                       
2000d135  memset                                
2000d1a9  _SlNonOsSemGet                        
2000d221  sl_WlanPolicySet                      
2000d299  spi_Close                             
2000d311  UARTConfigSetExpClk                   
2000d389  _SlNonOsMainLoopTask                  
2000d3fd  TimerIntRegister                      
2000d46d  __TI_auto_init                        
2000d4dd  sl_Socket                             
2000d54d  _SlDrvCmdSend                         
2000d5b9  _sl_NetAppSendTokenValue              
2000d625  sl_WlanRxFilterSet                    
2000d691  TimerIntUnregister                    
2000d6f9  __TI_decompress_lzss                  
2000d761  _SlNonOsSpawn                         
2000d7c5  _sl_HandleAsync_Accept                
2000d829  uDMAChannelAttributeDisable           
2000d88d  uDMAChannelAttributeEnable            
2000d8f1  __aeabi_cfcmpeq                       
2000d8f1  __aeabi_cfcmple                       
2000d951  __aeabi_cfrcmple                      
2000d9b1  sprintf                               
2000da11  frexp                                 
2000da11  frexpl                                
2000da6d  IntPendClear                          
2000dac5  PRCMPeripheralReset                   
2000db1d  ltoa                                  
2000db75  IntPrioritySet                        
2000dbc9  _SlDrvRxIrqHandler                    
2000dc1d  _sl_HandleAsync_Select                
2000dc71  C$$EXIT                               
2000dc75  abort                                 
2000dc7d  exit                                  
2000dcc5  _sl_HandleAsync_Stop                  
2000dd15  SPIIntEnable                          
2000ddad  _SlDrvProtectAsyncRespSetting         
2000de45  atoi                                  
2000de91  copy_in                               
2000dedd  uDMAChannelAssign                     
2000df71  SPIIntClear                           
2000dfb9  _SlDrvBasicCmd                        
2000e001  __aeabi_d2iz                          
2000e049  sl_NetAppMDNSUnRegisterService        
2000e0d5  TimerConfigure                        
2000e119  _SlDrvHandleHttpServerEvents          
2000e15d  _SlDrvSyncObjWaitTimeout              
2000e1e5  sl_Close                              
2000e229  sl_WlanProfileDel                     
2000e26d  sl_WlanSetMode                        
2000e2b1  sl_Htonl                              
2000e2f5  PinModeSet                            
2000e335  _SlDrvHandleNetAppEvents              
2000e375  _SlDrvHandleWlanEvents                
2000e3f5  _c_int00                              
2000e435  NwpRegisterInterruptHandler           
2000e4b1  PRCMPeripheralClkEnable               
2000e4ed  sl_Htons                              
2000e529  uDMAChannelControlSet                 
2000e565  NwpPowerOff                           
2000e59d  GPIODirModeSet                        
2000e5d5  PRCMPeripheralStatusGet               
2000e609  SPIFIFOLevelSet                       
2000e63d  PinTypeGPIO                           
2000e66d  UARTDisable                           
2000e69d  __aeabi_i2d                           
2000e6cd  PRCMSysResetCauseGet                  
2000e725  _SlDrvProtectionObjLockWaitForever    
2000e751  TimerLoadSet                          
2000e77b  TimerPrescaleSet                      
2000e7a5  PRCMPeripheralClkDisable              
2000e7cd  _SlDrvGlobalObjUnLock                 
2000e7f5  _SlDrvProtectionObjUnLock             
2000e81d  _SlDrvSyncObjWaitForever              
2000e845  sl_Provisioning_HttpServerEventHdl    
2000e853  sl_Provisioning_NetAppEventHdl        
2000e85f  sl_Provisioning_WlanEventHdl          
2000e86d  DmaSpiSwIntHandler                    
2000e891  IntUnregister                         
2000e8b5  UARTEnable                            
2000e8d9  _SlDrvObjLockWaitForever              
2000e8fd  memmove                               
2000e921  __aeabi_ui2f                          
2000e945  GPIOIntStatus                         
2000e967  SPIReset                              
2000e989  SPIWordCountSet                       
2000e9ab  GPIOPinWrite                          
2000e9cd  IntRegister                           
2000e9ed  NwpPowerOn                            
2000ea0d  SPIDataGet                            
2000ea2d  _SlDrvObjUnLock                       
2000ea4d  _SlDrvSyncObjSignal                   
2000ea6d  sl_WlanDisconnect                     
2000ea8d  GPIOIntRegister                       
2000eaab  SPIDataPut                            
2000eac9  TimerDisable                          
2000eae7  TimerEnable                           
2000eb05  TimerIntStatus                        
2000eb23  UARTCharPut                           
2000eb5f  strcat                                
2000eb7d  TimerValueGet                         
2000eb99  UARTCharGetNonBlocking                
2000ebb5  memccpy                               
2000ebd1  uDMAChannelEnable                     
2000ebed  GPIOIntDisable                        
2000ec07  GPIOIntEnable                         
2000ec21  PinTypeSPI                            
2000ec3b  PinTypeUART                           
2000ec55  SPIDmaDisable                         
2000ec6f  SPIDmaEnable                          
2000ec89  SPIFIFODisable                        
2000eca3  SPIFIFOEnable                         
2000ecbd  SPIIntUnregister                      
2000ecd7  GPIOPinRead                           
2000ecef  SPICSDisable                          
2000ed07  SPICSEnable                           
2000ed1f  SPIDisable                            
2000ed37  SPIEnable                             
2000ed4f  TimerIntDisable                       
2000ed67  TimerIntEnable                        
2000ed7f  UARTCharsAvail                        
2000ed97  _SlNonOsSemSet                        
2000edc9  _args_main                            
2000ede1  strcmp                                
2000edf9  PRCMHIBRegRead                        
2000ee0f  PRCMHIBRegWrite                       
2000ee25  _SlDrvMemZero                         
2000ee3b  strchr                                
2000ee51  CPUcpsie                              
2000ee65  GPIOIntClear                          
2000ee79  IntVTableBaseSet                      
2000ee8d  _register_unlock                      
2000ee93  _register_lock                        
2000ee9b  _nop                                  
2000eea1  strcpy                                
2000eeb5  strlen                                
2000eec9  TimerIntClear                         
2000eedb  _SlDrvDispatchHttpServerEvents        
2000eeeb  _SlDrvResetCmdExt                     
2000eef9  __TI_decompress_none                  
2000ef07  ResetISR                              
2000ef15  NwpMaskInterrupt                      
2000ef21  NwpUnMaskInterrupt                    
2000ef2d  __TI_zero_init                        
2000ef39  IntMasterEnable                       
2000ef43  copysign                              
2000ef43  copysignl                             
2000ef4b  UtilsDelay                            
2000ef51  _system_pre_init                      
2000f44f  _ctypes_                              
2000f8aa  OpcodeTranslateTable                  
2000f924  _SlActionLookupTable                  
2000fa10  _SlNetAppSendTokenValueCmdCtrl        
2000fae0  __TI_static_base__                    
2000fb74  __TI_Handler_Table_Base               
2000fb80  __TI_Handler_Table_Limit              
2000fb88  __TI_CINIT_Base                       
2000fb98  __TI_CINIT_Limit                      
20017000  _sys_memory                           
2001f000  sendArray                             
2001f568  values                                
2001f5f4  g_ucDinDout                           
2001f644  g_time                                
2001f670  g_ucConnectionSSID                    
2001f69c  g_ucConnectionBSSID                   
2001f6a8  pin8_intcount                         
2001f6ac  RxIrqCnt                              
2001f6ad  g_bDeviceRestartIsRequired            
2001f6ae  g_cDummy                              
2001f6af  g_ucLED1Pin                           
2001f6b0  g_ucLED2Pin                           
2001f6b1  g_ucLED3Pin                           
2001f6b2  pin8_intflag                          
2001f6b4  p                                     
2001f6b8  TLS_SOCKET_ID                         
2001f6bc  g_ulStatus                            
2001f6c0  g_ulPingPacketsRecv                   
2001f6c4  g_ulGatewayIP                         
2001f6c8  g_Host                                
2001f6cc  prev                                  
2001f6d0  curr                                  
2001f6d4  start                                 
2001f6d8  curr_index                            
2001f6dc  state                                 
2001f6e0  c_letter                              
2001f6e4  key_time                              
2001f6e8  cx                                    
2001f6ec  cy                                    
2001f6f0  curr_color                            
2001f6f4  nLetters                              
2001f6f8  ticks                                 
2001f6fc  g__SlNonOsCB                          
2001f738  digits                                
2001f760  colors                                
2001f77c  cursor_x                              
2001f780  cursor_y                              
2001f784  textsize                              
2001f788  textcolor                             
2001f78c  textbgcolor                           
2001f790  wrap                                  
2001f7ac  g_pCB                                 
2001f7b0  pPingCallBackFunc                     
2001f7b8  __TI_cleanup_ptr                      
2001f7bc  __TI_dtors_ptr                        
2001f7c0  __TI_enable_exit_profile_output       
2001f7d0  g_uiLED1Port                          
2001f7d4  g_uiLED2Port                          
2001f7d8  g_uiLED3Port                          
2001f7dc  g_SpiFd                               
2001f7e0  g_pHostIntHdl                         
2001f7e4  g_ucDMAEnabled                        
2001f7e8  _lock                                 
2001f7ec  _unlock                               
2001f7f8  errno                                 
2001f7fc  main_func_sp                          
2002f000  __stack                               
20030000  __STACK_END                           
ffffffff  __TI_pprof_out_hndl                   
ffffffff  __TI_prof_data_size                   
ffffffff  __TI_prof_data_start                  
ffffffff  __binit__                             
ffffffff  __c_args__                            
ffffffff  binit                                 
UNDEFED   SHT$$INIT_ARRAY$$Base                 
UNDEFED   SHT$$INIT_ARRAY$$Limit                

[382 symbols]
