******************************************************************************
                  TI ARM Linker PC v16.9.0                     
******************************************************************************
>> Linked Wed May 11 21:05:01 2022

OUTPUT FILE NAME:   <ssl.out>
ENTRY POINT SYMBOL: "_c_int00"  address: 2000b251


MEMORY CONFIGURATION

         name            origin    length      used     unused   attr    fill
----------------------  --------  ---------  --------  --------  ----  --------
  SRAM_CODE             20004000   00013000  000081ec  0000ae14  RW X
  SRAM_DATA             20017000   00019000  000012be  00017d42  RW X


SEGMENT ALLOCATION MAP

run origin  load origin   length   init length attrs members
----------  ----------- ---------- ----------- ----- -------
20004000    20004000    000081f0   000081f0    r-x
  20004000    20004000    00000400   00000400    r-- .intvecs
  20004400    20004400    00007764   00007764    r-x .text
  2000bb64    2000bb64    00000630   00000630    r-- .const
  2000c198    2000c198    00000058   00000058    r-- .cinit
20017000    20017000    000002c0   00000000    rw-
  20017000    20017000    0000021a   00000000    rw- .bss
  2001721c    2001721c    000000a4   00000000    rw- .data
2002f000    2002f000    00001000   00000000    rw-
  2002f000    2002f000    00001000   00000000    rw- .stack


SECTION ALLOCATION MAP

 output                                  attributes/
section   page    origin      length       input sections
--------  ----  ----------  ----------   ----------------
.intvecs   0    20004000    00000400     
                  20004000    00000400     startup_ccs.obj (.intvecs)

.init_array 
*          0    20004000    00000000     UNINITIALIZED

.text      0    20004400    00007764     
                  20004400    0000111e     rtsv7M4_T_le_eabi.lib : _printfi.obj (.text)
                  2000551e    00000002     driverlib.a : interrupt.obj (.text:IntDefaultHandler)
                  20005520    000009c8     main.obj (.text)
                  20005ee8    00000590     simplelink.a : driver.obj (.text:_SlDrvMsgRead)
                  20006478    00000398     gpio_if.obj (.text)
                  20006810    00000260     simplelink.a : wlan.obj (.text:sl_WlanConnect)
                  20006a70    000001fc                  : driver.obj (.text:_SlDrvRxHdrRead)
                  20006c6c    000001f4     rtsv7M4_T_le_eabi.lib : ull_div_t2.obj (.text)
                  20006e60    000001e4     simplelink.a : driver.obj (.text:_SlDrvDataReadOp)
                  20007044    000001d0                  : driver.obj (.text:_SlDrvReleasePoolObj)
                  20007214    000001b6     rtsv7M4_T_le_eabi.lib : fd_add_t2.obj (.text)
                  200073ca    00000002                           : mpu_init.obj (.text)
                  200073cc    000001b4     simplelink.a : driver.obj (.text:_SlDrvDriverCBInit)
                  20007580    0000019c                  : driver.obj (.text:_SlDrvMsgWrite)
                  2000771c    00000190                  : driver.obj (.text:_SlDrvWaitForPoolObj)
                  200078ac    0000018c     uart_if.obj (.text)
                  20007a38    00000178     driverlib.a : prcm.obj (.text:PRCMCC3200MCUInit)
                  20007bb0    00000170     simplelink.a : driver.obj (.text:_SlFindAndSetActiveObj)
                  20007d20    0000016c                  : socket.obj (.text:sl_Connect)
                  20007e8c    00000150                  : driver.obj (.text:_SlDrvDataWriteOp)
                  20007fdc    00000148                  : cc_pal.obj (.text:spi_Open)
                  20008124    00000136     rtsv7M4_T_le_eabi.lib : fd_div_t2.obj (.text)
                  2000825a    00000002                           : startup.obj (.text)
                  2000825c    0000012c     simplelink.a : netapp.obj (.text:sl_NetAppDnsGetHostByName)
                  20008388    00000128                  : driver.obj (.text:_SlDrvMsgReadCmdCtx)
                  200084b0    00000124                  : driver.obj (.text:_SlDrvDriverCBDeinit)
                  200085d4    00000118                  : socket.obj (.text:sl_Send)
                  200086ec    00000104                  : netapp.obj (.text:_SlDrvNetAppEventHandler)
                  200087f0    000000fc     rtsv7M4_T_le_eabi.lib : fd_mul_t2.obj (.text)
                  200088ec    000000f0     simplelink.a : cc_pal.obj (.text:spi_Read)
                  200089dc    000000f0     driverlib.a : udma.obj (.text:uDMAChannelTransferSet)
                  20008acc    000000e8     simplelink.a : driver.obj (.text:_SlAsyncEventGenericHandler)
                  20008bb4    000000e4                  : device.obj (.text:sl_Stop)
                  20008c98    000000e0                  : device.obj (.text:sl_Start)
                  20008d78    000000dc                  : driver.obj (.text:_SlDrvClassifyRxMsg)
                  20008e54    000000d4                  : driver.obj (.text:_SlDrvMsgReadSpawnCtx)
                  20008f28    000000d0     rtsv7M4_T_le_eabi.lib : s_scalbn.obj (.text)
                  20008ff8    000000cc     simplelink.a : netapp.obj (.text:_sl_HandleAsync_DnsGetHostByService)
                  200090c4    000000c8                  : netapp.obj (.text:sl_NetAppMDNSRegisterUnregisterService)
                  2000918c    000000c4                  : driver.obj (.text:_SlRemoveFromList)
                  20009250    000000c0                  : driver.obj (.text:_SlDrvCmdOp)
                  20009310    000000b4                  : device.obj (.text:sl_DevGet)
                  200093c4    000000a8     driverlib.a : interrupt.obj (.text:IntDisable)
                  2000946c    000000a8                 : interrupt.obj (.text:IntEnable)
                  20009514    000000a4     simplelink.a : driver.obj (.text:_SlDriverHandleError)
                  200095b8    000000a0     driverlib.a : spi.obj (.text:SPIConfigSetExpClk)
                  20009658    0000009c     rtsv7M4_T_le_eabi.lib : memcpy_t2.obj (.text)
                  200096f4    0000009a     simplelink.a : device.obj (.text:_SlDrvDeviceEventHandler)
                  2000978e    00000002     --HOLE-- [fill = 0]
                  20009790    00000098                  : cc_pal.obj (.text:spi_Write)
                  20009828    00000094     driverlib.a : prcm.obj (.text:PRCMPeripheralClockGet)
                  200098bc    00000090     simplelink.a : netapp.obj (.text:_sl_HandleAsync_DnsGetHostByName)
                  2000994c    00000090                  : netapp.obj (.text:_sl_HandleAsync_PingResponse)
                  200099dc    0000008c                  : cc_pal.obj (.text:SetupDMAReceive)
                  20009a68    0000008c                  : cc_pal.obj (.text:SetupDMASend)
                  20009af4    00000088     driverlib.a : pin.obj (.text:PinConfigSet)
                  20009b7c    00000088     simplelink.a : socket.obj (.text:sl_Recv)
                  20009c04    00000086     rtsv7M4_T_le_eabi.lib : fd_cmp_t2.obj (.text:__aeabi_cdcmple)
                  20009c8a    00000086                           : fd_cmp_t2.obj (.text:__aeabi_cdrcmple)
                  20009d10    00000082     driverlib.a : gpio.obj (.text:GPIOIntTypeSet)
                  20009d92    00000002     --HOLE-- [fill = 0]
                  20009d94    00000080     simplelink.a : socket.obj (.text:_sl_HandleAsync_Connect)
                  20009e14    00000080                  : device.obj (.text:_sl_HandleAsync_InitComplete)
                  20009e94    00000080                  : cc_pal.obj (.text:spi_Read_CPU)
                  20009f14    00000080                  : cc_pal.obj (.text:spi_Write_CPU)
                  20009f94    0000007c                  : device.obj (.text:sl_DevSet)
                  2000a010    0000007c                  : netcfg.obj (.text:sl_NetCfgSet)
                  2000a08c    0000007c                  : socket.obj (.text:sl_SetSockOpt)
                  2000a108    0000007c                  : wlan.obj (.text:sl_WlanSet)
                  2000a184    0000007a     rtsv7M4_T_le_eabi.lib : memset_t2.obj (.text)
                  2000a1fe    00000002     --HOLE-- [fill = 0]
                  2000a200    00000078     simplelink.a : nonos.obj (.text:_SlNonOsSemGet)
                  2000a278    00000078                  : wlan.obj (.text:sl_WlanPolicySet)
                  2000a2f0    00000078                  : cc_pal.obj (.text:spi_Close)
                  2000a368    00000074                  : nonos.obj (.text:_SlNonOsMainLoopTask)
                  2000a3dc    00000070     rtsv7M4_T_le_eabi.lib : autoinit.obj (.text)
                  2000a44c    00000070     simplelink.a : socket.obj (.text:sl_Socket)
                  2000a4bc    0000006c                  : driver.obj (.text:_SlDrvCmdSend)
                  2000a528    0000006c                  : netapp.obj (.text:_sl_NetAppSendTokenValue)
                  2000a594    0000006c                  : wlan.obj (.text:sl_WlanRxFilterSet)
                  2000a600    00000068     rtsv7M4_T_le_eabi.lib : copy_decompress_lzss.obj (.text:decompress:lzss)
                  2000a668    00000064     simplelink.a : nonos.obj (.text:_SlNonOsSpawn)
                  2000a6cc    00000064                  : socket.obj (.text:_sl_HandleAsync_Accept)
                  2000a730    00000064     driverlib.a : udma.obj (.text:uDMAChannelAttributeDisable)
                  2000a794    00000064                 : udma.obj (.text:uDMAChannelAttributeEnable)
                  2000a7f8    00000060     rtsv7M4_T_le_eabi.lib : sprintf.obj (.text)
                  2000a858    0000005c                           : s_frexp.obj (.text)
                  2000a8b4    00000058     driverlib.a : interrupt.obj (.text:IntPendClear)
                  2000a90c    00000058                 : prcm.obj (.text:PRCMPeripheralReset)
                  2000a964    00000058     pinmux.obj (.text)
                  2000a9bc    00000056     rtsv7M4_T_le_eabi.lib : ltoa.obj (.text)
                  2000aa12    00000002     --HOLE-- [fill = 0]
                  2000aa14    00000054     driverlib.a : interrupt.obj (.text:IntPrioritySet)
                  2000aa68    00000054     simplelink.a : driver.obj (.text:_SlDrvRxIrqHandler)
                  2000aabc    00000054                  : socket.obj (.text:_sl_HandleAsync_Select)
                  2000ab10    00000054     rtsv7M4_T_le_eabi.lib : exit.obj (.text)
                  2000ab64    00000050     simplelink.a : device.obj (.text:_sl_HandleAsync_Stop)
                  2000abb4    0000004c     driverlib.a : spi.obj (.text:SPIIntEnable)
                  2000ac00    0000004c                 : spi.obj (.text:SPIIntNumberGet)
                  2000ac4c    0000004c     simplelink.a : driver.obj (.text:_SlDrvProtectAsyncRespSetting)
                  2000ac98    0000004c                  : socket.obj (.text:_sl_BuildAddress)
                  2000ace4    0000004c     rtsv7M4_T_le_eabi.lib : atoi.obj (.text)
                  2000ad30    0000004c                           : cpy_tbl.obj (.text)
                  2000ad7c    0000004c     driverlib.a : udma.obj (.text:uDMAChannelAssign)
                  2000adc8    00000048                 : gpio.obj (.text:GPIOGetIntNumber)
                  2000ae10    00000048                 : spi.obj (.text:SPIIntClear)
                  2000ae58    00000048     simplelink.a : driver.obj (.text:_SlDrvBasicCmd)
                  2000aea0    00000048     rtsv7M4_T_le_eabi.lib : fd_toi_t2.obj (.text)
                  2000aee8    00000048     simplelink.a : netapp.obj (.text:sl_NetAppMDNSUnRegisterService)
                  2000af30    00000044     driverlib.a : spi.obj (.text:SPIDmaMaskGet)
                  2000af74    00000044     simplelink.a : driver.obj (.text:_SlDrvHandleHttpServerEvents)
                  2000afb8    00000044                  : driver.obj (.text:_SlDrvSyncObjWaitTimeout)
                  2000affc    00000044                  : cc_pal.obj (.text:cc_SetupTransfer)
                  2000b040    00000044                  : socket.obj (.text:sl_Close)
                  2000b084    00000044                  : wlan.obj (.text:sl_WlanProfileDel)
                  2000b0c8    00000044                  : wlan.obj (.text:sl_WlanSetMode)
                  2000b10c    00000042                  : socket.obj (.text:sl_Htonl)
                  2000b14e    00000002     --HOLE-- [fill = 0]
                  2000b150    00000040     driverlib.a : pin.obj (.text:PinModeSet)
                  2000b190    00000040     simplelink.a : driver.obj (.text:_SlDrvHandleNetAppEvents)
                  2000b1d0    00000040                  : driver.obj (.text:_SlDrvHandleWlanEvents)
                  2000b210    00000040                  : socket.obj (.text:_sl_TruncatePayloadByProtocol)
                  2000b250    00000040     rtsv7M4_T_le_eabi.lib : boot.obj (.text)
                  2000b290    0000003e     simplelink.a : cc_pal.obj (.text:NwpRegisterInterruptHandler)
                  2000b2ce    0000003c                  : netapp.obj (.text:CopyPingResultsToReport)
                  2000b30a    00000002     --HOLE-- [fill = 0]
                  2000b30c    0000003c     driverlib.a : prcm.obj (.text:PRCMPeripheralClkEnable)
                  2000b348    0000003c     simplelink.a : socket.obj (.text:sl_Htons)
                  2000b384    0000003c     driverlib.a : udma.obj (.text:uDMAChannelControlSet)
                  2000b3c0    00000038     simplelink.a : cc_pal.obj (.text:NwpPowerOff)
                  2000b3f8    00000036     driverlib.a : gpio.obj (.text:GPIODirModeSet)
                  2000b42e    00000002     --HOLE-- [fill = 0]
                  2000b430    00000034                 : prcm.obj (.text:PRCMPeripheralStatusGet)
                  2000b464    00000034                 : spi.obj (.text:SPIFIFOLevelSet)
                  2000b498    00000030                 : pin.obj (.text:PinTypeGPIO)
                  2000b4c8    0000002e     rtsv7M4_T_le_eabi.lib : i_tofd_t2.obj (.text)
                  2000b4f6    00000002     --HOLE-- [fill = 0]
                  2000b4f8    0000002c     driverlib.a : prcm.obj (.text:PRCMSysResetCauseGet)
                  2000b524    0000002c     simplelink.a : driver.obj (.text:_SlDrvObjGlobalLockWaitForever)
                  2000b550    0000002c                  : driver.obj (.text:_SlDrvProtectionObjLockWaitForever)
                  2000b57c    00000028     driverlib.a : prcm.obj (.text:PRCMPeripheralClkDisable)
                  2000b5a4    00000028     simplelink.a : driver.obj (.text:_SlDrvGlobalObjUnLock)
                  2000b5cc    00000028                  : driver.obj (.text:_SlDrvProtectionObjUnLock)
                  2000b5f4    00000028                  : driver.obj (.text:_SlDrvSyncObjWaitForever)
                  2000b61c    00000026     network_common.obj (.text)
                  2000b642    00000002     --HOLE-- [fill = 0]
                  2000b644    00000024     simplelink.a : cc_pal.obj (.text:DmaSpiSwIntHandler)
                  2000b668    00000024     driverlib.a : interrupt.obj (.text:IntUnregister)
                  2000b68c    00000024     simplelink.a : driver.obj (.text:_SlDrvObjLockWaitForever)
                  2000b6b0    00000024     rtsv7M4_T_le_eabi.lib : memmov.obj (.text)
                  2000b6d4    00000022     driverlib.a : spi.obj (.text:SPIReset)
                  2000b6f6    00000022                 : spi.obj (.text:SPIWordCountSet)
                  2000b718    00000020                 : gpio.obj (.text:GPIOPinWrite)
                  2000b738    00000020                 : interrupt.obj (.text:IntRegister)
                  2000b758    00000020     simplelink.a : cc_pal.obj (.text:NwpPowerOn)
                  2000b778    00000020                  : driver.obj (.text:_SlDrvObjUnLock)
                  2000b798    00000020                  : driver.obj (.text:_SlDrvSyncObjSignal)
                  2000b7b8    00000020                  : wlan.obj (.text:sl_WlanDisconnect)
                  2000b7d8    0000001e     driverlib.a : gpio.obj (.text:GPIOIntRegister)
                  2000b7f6    0000001e                 : uart.obj (.text:UARTCharPut)
                  2000b814    0000001e     simplelink.a : cc_pal.obj (.text:cc_UDMAChannelSelect)
                  2000b832    0000001c     driverlib.a : uart.obj (.text:UARTCharGetNonBlocking)
                  2000b84e    0000001c     rtsv7M4_T_le_eabi.lib : memccpy.obj (.text)
                  2000b86a    00000002     --HOLE-- [fill = 0]
                  2000b86c    0000001c     driverlib.a : udma.obj (.text:uDMAChannelEnable)
                  2000b888    0000001a                 : gpio.obj (.text:GPIOIntEnable)
                  2000b8a2    0000001a                 : pin.obj (.text:PinTypeUART)
                  2000b8bc    0000001a                 : spi.obj (.text:SPIDmaDisable)
                  2000b8d6    0000001a                 : spi.obj (.text:SPIDmaEnable)
                  2000b8f0    0000001a                 : spi.obj (.text:SPIFIFODisable)
                  2000b90a    0000001a                 : spi.obj (.text:SPIFIFOEnable)
                  2000b924    0000001a                 : spi.obj (.text:SPIIntUnregister)
                  2000b93e    00000018                 : gpio.obj (.text:GPIOPinRead)
                  2000b956    00000018                 : spi.obj (.text:SPICSDisable)
                  2000b96e    00000018                 : spi.obj (.text:SPICSEnable)
                  2000b986    00000018                 : spi.obj (.text:SPIDisable)
                  2000b99e    00000018                 : spi.obj (.text:SPIEnable)
                  2000b9b6    00000018                 : uart.obj (.text:UARTCharsAvail)
                  2000b9ce    00000018     simplelink.a : nonos.obj (.text:_SlNonOsSemSet)
                  2000b9e6    00000002     --HOLE-- [fill = 0]
                  2000b9e8    00000018                  : device.obj (.text:_sl_GetStartResponseConvert)
                  2000ba00    00000018     rtsv7M4_T_le_eabi.lib : args_main.obj (.text)
                  2000ba18    00000016     driverlib.a : prcm.obj (.text:PRCMHIBRegRead)
                  2000ba2e    00000016                 : prcm.obj (.text:PRCMHIBRegWrite)
                  2000ba44    00000016     simplelink.a : driver.obj (.text:_SlDrvMemZero)
                  2000ba5a    00000016     rtsv7M4_T_le_eabi.lib : strchr.obj (.text)
                  2000ba70    00000014     driverlib.a : cpu.obj (.text:CPUcpsie)
                  2000ba84    00000014                 : gpio.obj (.text:GPIOIntClear)
                  2000ba98    00000014                 : interrupt.obj (.text:IntVTableBaseSet)
                  2000baac    00000014     rtsv7M4_T_le_eabi.lib : _lock.obj (.text)
                  2000bac0    00000014                           : strcpy.obj (.text)
                  2000bad4    00000014                           : strlen.obj (.text)
                  2000bae8    00000010     simplelink.a : driver.obj (.text:_SlDrvDispatchHttpServerEvents)
                  2000baf8    0000000e                  : driver.obj (.text:_SlDrvResetCmdExt)
                  2000bb06    0000000e     rtsv7M4_T_le_eabi.lib : copy_decompress_none.obj (.text:decompress:none)
                  2000bb14    0000000e     startup_ccs.obj (.text)
                  2000bb22    00000002     --HOLE-- [fill = 0]
                  2000bb24    0000000c     simplelink.a : cc_pal.obj (.text:NwpMaskInterrupt)
                  2000bb30    0000000c                  : cc_pal.obj (.text:NwpUnMaskInterrupt)
                  2000bb3c    0000000c     rtsv7M4_T_le_eabi.lib : copy_zero_init.obj (.text:decompress:ZI)
                  2000bb48    0000000a     driverlib.a : interrupt.obj (.text:IntMasterEnable)
                  2000bb52    00000008     rtsv7M4_T_le_eabi.lib : s_copysign.obj (.text)
                  2000bb5a    00000006     driverlib.a : utils.obj (.text:UtilsDelay)
                  2000bb60    00000004     rtsv7M4_T_le_eabi.lib : pre_init.obj (.text)

.const     0    2000bb64    00000630     
                  2000bb64    00000101     rtsv7M4_T_le_eabi.lib : ctype.obj (.const:.string:_ctypes_)
                  2000bc65    00000003     --HOLE-- [fill = 0]
                  2000bc68    00000100     driverlib.a : pin.obj (.const:g_ulPinToPadMap)
                  2000bd68    000000d4                 : interrupt.obj (.const:g_pulRegs)
                  2000be3c    000000a8                 : prcm.obj (.const:PRCM_PeriphRegsList)
                  2000bee4    00000080                 : interrupt.obj (.const)
                  2000bf64    0000003c     simplelink.a : driver.obj (.const:OpcodeTranslateTable)
                  2000bfa0    0000003c                  : wlan.obj (.const)
                  2000bfdc    00000038                  : driver.obj (.const:_SlActionLookupTable)
                  2000c014    00000038                  : driver.obj (.const)
                  2000c04c    00000034                  : socket.obj (.const)
                  2000c080    00000030     main.obj (.const:.string)
                  2000c0b0    0000002c     main.obj (.const:$P$T0$1)
                  2000c0dc    00000028     simplelink.a : netapp.obj (.const)
                  2000c104    00000024     driverlib.a : spi.obj (.const:g_ppulSPIIntMap)
                  2000c128    0000001c     simplelink.a : device.obj (.const)
                  2000c144    00000018     driverlib.a : spi.obj (.const)
                  2000c15c    00000014     main.obj (.const:$P$T1$2)
                  2000c170    00000010     simplelink.a : socket.obj (.const:.string)
                  2000c180    0000000c     main.obj (.const:$P$T2$3)
                  2000c18c    00000008     simplelink.a : netcfg.obj (.const)

.cinit     0    2000c198    00000058     
                  2000c198    00000032     (.cinit..data.load) [load image, compression = lzss]
                  2000c1ca    00000002     --HOLE-- [fill = 0]
                  2000c1cc    0000000c     (__TI_handler_table)
                  2000c1d8    00000008     (.cinit..bss.load) [load image, compression = zero_init]
                  2000c1e0    00000010     (__TI_cinit_table)

.bss       0    20017000    0000021a     UNINITIALIZED
                  20017000    00000168     simplelink.a : driver.obj (.bss:g_StatMem)
                  20017168    00000050                  : cc_pal.obj (.bss:g_ucDinDout)
                  200171b8    0000002c     (.common:g_time)
                  200171e4    00000024     (.common:g_ucConnectionSSID)
                  20017208    00000008     (.common:g_ucConnectionBSSID)
                  20017210    00000004     uart_if.obj (.bss)
                  20017214    00000001     (.common:RxIrqCnt)
                  20017215    00000001     (.common:g_bDeviceRestartIsRequired)
                  20017216    00000001     (.common:g_cDummy)
                  20017217    00000001     (.common:g_ucLED1Pin)
                  20017218    00000001     (.common:g_ucLED2Pin)
                  20017219    00000001     (.common:g_ucLED3Pin)

.data      0    2001721c    000000a4     UNINITIALIZED
                  2001721c    0000003c     simplelink.a : nonos.obj (.data:g__SlNonOsCB)
                  20017258    00000014     gpio_if.obj (.data:ulReg)
                  2001726c    00000010     main.obj (.data)
                  2001727c    0000000d     simplelink.a : driver.obj (.data)
                  20017289    00000003     --HOLE--
                  2001728c    0000000c     rtsv7M4_T_le_eabi.lib : exit.obj (.data:$O1$$)
                  20017298    0000000c     gpio_if.obj (.data)
                  200172a4    00000009     simplelink.a : cc_pal.obj (.data)
                  200172ad    00000003     --HOLE--
                  200172b0    00000008     rtsv7M4_T_le_eabi.lib : _lock.obj (.data:$O1$$)
                  200172b8    00000004                           : errno.obj (.data)
                  200172bc    00000004                           : stkdepth_vars.obj (.data)

.stack     0    2002f000    00001000     UNINITIALIZED
                  2002f000    00001000     --HOLE--

MODULE SUMMARY

       Module                     code    ro data   rw data
       ------                     ----    -------   -------
    .\
       main.obj                   2504    124       104    
       startup_ccs.obj            14      1024      0      
       gpio_if.obj                920     0         35     
       uart_if.obj                396     0         4      
       pinmux.obj                 88      0         0      
       network_common.obj         38      0         0      
    +--+--------------------------+-------+---------+---------+
       Total:                     3960    1148      143    
                                                           
    C:/ti/CC3200SDK_1.2.0/cc3200-sdk/driverlib/ccs/Release/driverlib.a
       prcm.obj                   852     168       0      
       interrupt.obj              608     340       0      
       spi.obj                    798     60        0      
       udma.obj                   604     0         0      
       pin.obj                    274     256       0      
       gpio.obj                   388     0         0      
       uart.obj                   82      0         0      
       cpu.obj                    20      0         0      
       utils.obj                  6       0         0      
    +--+--------------------------+-------+---------+---------+
       Total:                     3632    824       0      
                                                           
    C:/ti/CC3200SDK_1.2.0/cc3200-sdk/simplelink/ccs/NON_OS/simplelink.a
       driver.obj                 7600    172       375    
       cc_pal.obj                 1684    0         90     
       socket.obj                 1662    68        0      
       netapp.obj                 1492    40        0      
       wlan.obj                   1128    60        0      
       device.obj                 1142    28        0      
       nonos.obj                  360     0         60     
       netcfg.obj                 124     8         0      
    +--+--------------------------+-------+---------+---------+
       Total:                     15192   376       525    
                                                           
    C:\ti\ccsv7\tools\compiler\ti-cgt-arm_16.9.0.LTS\lib\rtsv7M4_T_le_eabi.lib
       _printfi.obj               4382    0         0      
       ull_div_t2.obj             500     0         0      
       fd_add_t2.obj              438     0         0      
       fd_div_t2.obj              310     0         0      
       fd_cmp_t2.obj              268     0         0      
       ctype.obj                  0       257       0      
       fd_mul_t2.obj              252     0         0      
       s_scalbn.obj               208     0         0      
       memcpy_t2.obj              156     0         0      
       memset_t2.obj              122     0         0      
       autoinit.obj               112     0         0      
       copy_decompress_lzss.obj   104     0         0      
       exit.obj                   84      0         12     
       sprintf.obj                96      0         0      
       s_frexp.obj                92      0         0      
       ltoa.obj                   86      0         0      
       atoi.obj                   76      0         0      
       cpy_tbl.obj                76      0         0      
       fd_toi_t2.obj              72      0         0      
       boot.obj                   64      0         0      
       i_tofd_t2.obj              46      0         0      
       memmov.obj                 36      0         0      
       _lock.obj                  20      0         8      
       memccpy.obj                28      0         0      
       args_main.obj              24      0         0      
       strchr.obj                 22      0         0      
       strcpy.obj                 20      0         0      
       strlen.obj                 20      0         0      
       copy_decompress_none.obj   14      0         0      
       copy_zero_init.obj         12      0         0      
       s_copysign.obj             8       0         0      
       errno.obj                  0       0         4      
       pre_init.obj               4       0         0      
       stkdepth_vars.obj          0       0         4      
       mpu_init.obj               2       0         0      
       startup.obj                2       0         0      
    +--+--------------------------+-------+---------+---------+
       Total:                     7756    257       28     
                                                           
       Stack:                     0       0         4096   
       Linker Generated:          0       86        0      
    +--+--------------------------+-------+---------+---------+
       Grand Total:               30540   2691      4792   


LINKER GENERATED COPY TABLES

__TI_cinit_table @ 2000c1e0 records: 2, size/record: 8, table size: 16
	.data: load addr=2000c198, load size=00000032 bytes, run addr=2001721c, run size=000000a4 bytes, compression=lzss
	.bss: load addr=2000c1d8, load size=00000008 bytes, run addr=20017000, run size=0000021a bytes, compression=zero_init


LINKER GENERATED HANDLER TABLE

__TI_handler_table @ 2000c1cc records: 3, size/record: 4, table size: 12
	index: 0, handler: __TI_decompress_lzss
	index: 1, handler: __TI_decompress_none
	index: 2, handler: __TI_zero_init


GLOBAL SYMBOLS: SORTED ALPHABETICALLY BY Name 

address   name                                  
-------   ----                                  
2000ab11  C$$EXIT                               
2000ba71  CPUcpsie                              
200078bf  ClearTerm                             
2000b645  DmaSpiSwIntHandler                    
200078c9  Error                                 
2000b3f9  GPIODirModeSet                        
2000ba85  GPIOIntClear                          
2000b889  GPIOIntEnable                         
2000b7d9  GPIOIntRegister                       
20009d11  GPIOIntTypeSet                        
2000b93f  GPIOPinRead                           
2000b719  GPIOPinWrite                          
20006739  GPIO_IF_ConfigureNIntEnable           
200067c5  GPIO_IF_Get                           
200066f3  GPIO_IF_GetPortNPin                   
200064b5  GPIO_IF_LedConfigure                  
200065a7  GPIO_IF_LedOff                        
200064f3  GPIO_IF_LedOn                         
2000665b  GPIO_IF_LedStatus                     
200066c5  GPIO_IF_LedToggle                     
20006781  GPIO_IF_Set                           
200078d7  GetCmd                                
200078ad  InitTerm                              
200093c5  IntDisable                            
2000946d  IntEnable                             
2000bb49  IntMasterEnable                       
2000a8b5  IntPendClear                          
2000aa15  IntPrioritySet                        
2000b739  IntRegister                           
2000b669  IntUnregister                         
2000ba99  IntVTableBaseSet                      
200078b5  Message                               
2000bb25  NwpMaskInterrupt                      
2000b3c1  NwpPowerOff                           
2000b759  NwpPowerOn                            
2000b291  NwpRegisterInterruptHandler           
2000bb31  NwpUnMaskInterrupt                    
2000bf64  OpcodeTranslateTable                  
20007a39  PRCMCC3200MCUInit                     
2000ba19  PRCMHIBRegRead                        
2000ba2f  PRCMHIBRegWrite                       
2000b57d  PRCMPeripheralClkDisable              
2000b30d  PRCMPeripheralClkEnable               
20009829  PRCMPeripheralClockGet                
2000a90d  PRCMPeripheralReset                   
2000b431  PRCMPeripheralStatusGet               
2000b4f9  PRCMSysResetCauseGet                  
20009af5  PinConfigSet                          
2000b151  PinModeSet                            
2000a965  PinMuxConfig                          
2000b499  PinTypeGPIO                           
2000b8a3  PinTypeUART                           
20007a15  Report                                
2000bb15  ResetISR                              
20017214  RxIrqCnt                              
UNDEFED   SHT$$INIT_ARRAY$$Base                 
UNDEFED   SHT$$INIT_ARRAY$$Limit                
2000b957  SPICSDisable                          
2000b96f  SPICSEnable                           
200095b9  SPIConfigSetExpClk                    
2000b987  SPIDisable                            
2000b8bd  SPIDmaDisable                         
2000b8d7  SPIDmaEnable                          
2000b99f  SPIEnable                             
2000b8f1  SPIFIFODisable                        
2000b90b  SPIFIFOEnable                         
2000b465  SPIFIFOLevelSet                       
2000ae11  SPIIntClear                           
2000abb5  SPIIntEnable                          
2000b925  SPIIntUnregister                      
2000b6d5  SPIReset                              
2000b6f7  SPIWordCountSet                       
200055e7  SimpleLinkGeneralEventHandler         
200055db  SimpleLinkHttpServerCallback          
200055a3  SimpleLinkNetAppEventHandler          
200055f7  SimpleLinkSockEventHandler            
20005521  SimpleLinkWlanEventHandler            
2000797d  TrimSpace                             
2000b833  UARTCharGetNonBlocking                
2000b7f7  UARTCharPut                           
2000b9b7  UARTCharsAvail                        
2000bb5b  UtilsDelay                            
2000bfdc  _SlActionLookupTable                  
20009515  _SlDriverHandleError                  
2000ae59  _SlDrvBasicCmd                        
20009251  _SlDrvCmdOp                           
2000a4bd  _SlDrvCmdSend                         
20006e61  _SlDrvDataReadOp                      
20007e8d  _SlDrvDataWriteOp                     
200096f5  _SlDrvDeviceEventHandler              
2000bae9  _SlDrvDispatchHttpServerEvents        
200084b1  _SlDrvDriverCBDeinit                  
200073cd  _SlDrvDriverCBInit                    
2000b5a5  _SlDrvGlobalObjUnLock                 
2000af75  _SlDrvHandleHttpServerEvents          
2000b191  _SlDrvHandleNetAppEvents              
2000b1d1  _SlDrvHandleWlanEvents                
2000ba45  _SlDrvMemZero                         
20008e55  _SlDrvMsgReadSpawnCtx                 
200086ed  _SlDrvNetAppEventHandler              
2000b68d  _SlDrvObjLockWaitForever              
2000b779  _SlDrvObjUnLock                       
2000ac4d  _SlDrvProtectAsyncRespSetting         
2000b551  _SlDrvProtectionObjLockWaitForever    
2000b5cd  _SlDrvProtectionObjUnLock             
20007045  _SlDrvReleasePoolObj                  
2000baf9  _SlDrvResetCmdExt                     
2000aa69  _SlDrvRxIrqHandler                    
2000b799  _SlDrvSyncObjSignal                   
2000b5f5  _SlDrvSyncObjWaitForever              
2000afb9  _SlDrvSyncObjWaitTimeout              
2000771d  _SlDrvWaitForPoolObj                  
2000c0f8  _SlNetAppSendTokenValueCmdCtrl        
2000a369  _SlNonOsMainLoopTask                  
2000a201  _SlNonOsSemGet                        
2000b9cf  _SlNonOsSemSet                        
2000a669  _SlNonOsSpawn                         
20030000  __STACK_END                           
00001000  __STACK_SIZE                          
2000c1e0  __TI_CINIT_Base                       
2000c1f0  __TI_CINIT_Limit                      
2000c1cc  __TI_Handler_Table_Base               
2000c1d8  __TI_Handler_Table_Limit              
2000a3dd  __TI_auto_init                        
2001728c  __TI_cleanup_ptr                      
2000a601  __TI_decompress_lzss                  
2000bb07  __TI_decompress_none                  
20017290  __TI_dtors_ptr                        
20017294  __TI_enable_exit_profile_output       
ffffffff  __TI_pprof_out_hndl                   
20004c35  __TI_printfi                          
ffffffff  __TI_prof_data_size                   
ffffffff  __TI_prof_data_start                  
2000c198  __TI_static_base__                    
2000bb3d  __TI_zero_init                        
20009c05  __aeabi_cdcmpeq                       
20009c05  __aeabi_cdcmple                       
20009c8b  __aeabi_cdrcmple                      
2000aea1  __aeabi_d2iz                          
2000721f  __aeabi_dadd                          
20008125  __aeabi_ddiv                          
200087f1  __aeabi_dmul                          
20007215  __aeabi_dsub                          
2000b4c9  __aeabi_i2d                           
2000a185  __aeabi_memclr                        
2000a185  __aeabi_memclr4                       
2000a185  __aeabi_memclr8                       
20009659  __aeabi_memcpy                        
20009659  __aeabi_memcpy4                       
20009659  __aeabi_memcpy8                       
2000a187  __aeabi_memset                        
2000a187  __aeabi_memset4                       
2000a187  __aeabi_memset8                       
20006c6d  __aeabi_uldivmod                      
ffffffff  __binit__                             
ffffffff  __c_args__                            
200073cb  __mpu_init                            
2002f000  __stack                               
2000ba01  _args_main                            
2000b251  _c_int00                              
2000bb64  _ctypes_                              
200172b0  _lock                                 
2000babb  _nop                                  
2000bab3  _register_lock                        
2000baad  _register_unlock                      
2000a6cd  _sl_HandleAsync_Accept                
20009d95  _sl_HandleAsync_Connect               
200098bd  _sl_HandleAsync_DnsGetHostByName      
20008ff9  _sl_HandleAsync_DnsGetHostByService   
20009e15  _sl_HandleAsync_InitComplete          
2000994d  _sl_HandleAsync_PingResponse          
2000aabd  _sl_HandleAsync_Select                
2000ab65  _sl_HandleAsync_Stop                  
2000a529  _sl_NetAppSendTokenValue              
2000825b  _system_post_cinit                    
2000bb61  _system_pre_init                      
200172b4  _unlock                               
2000ab15  abort                                 
2000ace5  atoi                                  
ffffffff  binit                                 
2000ad31  copy_in                               
2000bb53  copysign                              
2000bb53  copysignl                             
200172b8  errno                                 
2000ab1d  exit                                  
2000a859  frexp                                 
2000a859  frexpl                                
20017278  g_Host                                
200172a4  g_SpiFd                               
2001721c  g__SlNonOsCB                          
20017215  g_bDeviceRestartIsRequired            
20017216  g_cDummy                              
20017280  g_pCB                                 
200172a8  g_pHostIntHdl                         
20004000  g_pfnVectors                          
200171b8  g_time                                
20017208  g_ucConnectionBSSID                   
200171e4  g_ucConnectionSSID                    
200172ac  g_ucDMAEnabled                        
20017168  g_ucDinDout                           
20017217  g_ucLED1Pin                           
20017218  g_ucLED2Pin                           
20017219  g_ucLED3Pin                           
20017298  g_uiLED1Port                          
2001729c  g_uiLED2Port                          
200172a0  g_uiLED3Port                          
20017274  g_ulGatewayIP                         
20017270  g_ulPingPacketsRecv                   
2001726c  g_ulStatus                            
20008f29  ldexp                                 
20008f29  ldexpl                                
2000a9bd  ltoa                                  
20005b7d  main                                  
200172bc  main_func_sp                          
2000b84f  memccpy                               
20009659  memcpy                                
2000b6b1  memmove                               
2000a18d  memset                                
20017284  pPingCallBackFunc                     
200058cf  printErrConvenience                   
20008f29  scalbn                                
20008f29  scalbnl                               
2000b041  sl_Close                              
20007d21  sl_Connect                            
20009311  sl_DevGet                             
20009f95  sl_DevSet                             
2000b10d  sl_Htonl                              
2000b349  sl_Htons                              
2000825d  sl_NetAppDnsGetHostByName             
200090c5  sl_NetAppMDNSRegisterUnregisterService
2000aee9  sl_NetAppMDNSUnRegisterService        
2000a011  sl_NetCfgSet                          
2000b61d  sl_Provisioning_HttpServerEventHdl    
2000b62b  sl_Provisioning_NetAppEventHdl        
2000b637  sl_Provisioning_WlanEventHdl          
20009b7d  sl_Recv                               
200085d5  sl_Send                               
2000a08d  sl_SetSockOpt                         
2000a44d  sl_Socket                             
20008c99  sl_Start                              
20008bb5  sl_Stop                               
20006811  sl_WlanConnect                        
2000b7b9  sl_WlanDisconnect                     
2000a279  sl_WlanPolicySet                      
2000b085  sl_WlanProfileDel                     
2000a595  sl_WlanRxFilterSet                    
2000a109  sl_WlanSet                            
2000b0c9  sl_WlanSetMode                        
2000a2f1  spi_Close                             
20007fdd  spi_Open                              
200088ed  spi_Read                              
20009791  spi_Write                             
2000a7f9  sprintf                               
2000ba5b  strchr                                
2000bac1  strcpy                                
2000bad5  strlen                                
2000ad7d  uDMAChannelAssign                     
2000a731  uDMAChannelAttributeDisable           
2000a795  uDMAChannelAttributeEnable            
2000b385  uDMAChannelControlSet                 
2000b86d  uDMAChannelEnable                     
200089dd  uDMAChannelTransferSet                


GLOBAL SYMBOLS: SORTED BY Symbol Address 

address   name                                  
-------   ----                                  
00001000  __STACK_SIZE                          
20004000  g_pfnVectors                          
20004c35  __TI_printfi                          
20005521  SimpleLinkWlanEventHandler            
200055a3  SimpleLinkNetAppEventHandler          
200055db  SimpleLinkHttpServerCallback          
200055e7  SimpleLinkGeneralEventHandler         
200055f7  SimpleLinkSockEventHandler            
200058cf  printErrConvenience                   
20005b7d  main                                  
200064b5  GPIO_IF_LedConfigure                  
200064f3  GPIO_IF_LedOn                         
200065a7  GPIO_IF_LedOff                        
2000665b  GPIO_IF_LedStatus                     
200066c5  GPIO_IF_LedToggle                     
200066f3  GPIO_IF_GetPortNPin                   
20006739  GPIO_IF_ConfigureNIntEnable           
20006781  GPIO_IF_Set                           
200067c5  GPIO_IF_Get                           
20006811  sl_WlanConnect                        
20006c6d  __aeabi_uldivmod                      
20006e61  _SlDrvDataReadOp                      
20007045  _SlDrvReleasePoolObj                  
20007215  __aeabi_dsub                          
2000721f  __aeabi_dadd                          
200073cb  __mpu_init                            
200073cd  _SlDrvDriverCBInit                    
2000771d  _SlDrvWaitForPoolObj                  
200078ad  InitTerm                              
200078b5  Message                               
200078bf  ClearTerm                             
200078c9  Error                                 
200078d7  GetCmd                                
2000797d  TrimSpace                             
20007a15  Report                                
20007a39  PRCMCC3200MCUInit                     
20007d21  sl_Connect                            
20007e8d  _SlDrvDataWriteOp                     
20007fdd  spi_Open                              
20008125  __aeabi_ddiv                          
2000825b  _system_post_cinit                    
2000825d  sl_NetAppDnsGetHostByName             
200084b1  _SlDrvDriverCBDeinit                  
200085d5  sl_Send                               
200086ed  _SlDrvNetAppEventHandler              
200087f1  __aeabi_dmul                          
200088ed  spi_Read                              
200089dd  uDMAChannelTransferSet                
20008bb5  sl_Stop                               
20008c99  sl_Start                              
20008e55  _SlDrvMsgReadSpawnCtx                 
20008f29  ldexp                                 
20008f29  ldexpl                                
20008f29  scalbn                                
20008f29  scalbnl                               
20008ff9  _sl_HandleAsync_DnsGetHostByService   
200090c5  sl_NetAppMDNSRegisterUnregisterService
20009251  _SlDrvCmdOp                           
20009311  sl_DevGet                             
200093c5  IntDisable                            
2000946d  IntEnable                             
20009515  _SlDriverHandleError                  
200095b9  SPIConfigSetExpClk                    
20009659  __aeabi_memcpy                        
20009659  __aeabi_memcpy4                       
20009659  __aeabi_memcpy8                       
20009659  memcpy                                
200096f5  _SlDrvDeviceEventHandler              
20009791  spi_Write                             
20009829  PRCMPeripheralClockGet                
200098bd  _sl_HandleAsync_DnsGetHostByName      
2000994d  _sl_HandleAsync_PingResponse          
20009af5  PinConfigSet                          
20009b7d  sl_Recv                               
20009c05  __aeabi_cdcmpeq                       
20009c05  __aeabi_cdcmple                       
20009c8b  __aeabi_cdrcmple                      
20009d11  GPIOIntTypeSet                        
20009d95  _sl_HandleAsync_Connect               
20009e15  _sl_HandleAsync_InitComplete          
20009f95  sl_DevSet                             
2000a011  sl_NetCfgSet                          
2000a08d  sl_SetSockOpt                         
2000a109  sl_WlanSet                            
2000a185  __aeabi_memclr                        
2000a185  __aeabi_memclr4                       
2000a185  __aeabi_memclr8                       
2000a187  __aeabi_memset                        
2000a187  __aeabi_memset4                       
2000a187  __aeabi_memset8                       
2000a18d  memset                                
2000a201  _SlNonOsSemGet                        
2000a279  sl_WlanPolicySet                      
2000a2f1  spi_Close                             
2000a369  _SlNonOsMainLoopTask                  
2000a3dd  __TI_auto_init                        
2000a44d  sl_Socket                             
2000a4bd  _SlDrvCmdSend                         
2000a529  _sl_NetAppSendTokenValue              
2000a595  sl_WlanRxFilterSet                    
2000a601  __TI_decompress_lzss                  
2000a669  _SlNonOsSpawn                         
2000a6cd  _sl_HandleAsync_Accept                
2000a731  uDMAChannelAttributeDisable           
2000a795  uDMAChannelAttributeEnable            
2000a7f9  sprintf                               
2000a859  frexp                                 
2000a859  frexpl                                
2000a8b5  IntPendClear                          
2000a90d  PRCMPeripheralReset                   
2000a965  PinMuxConfig                          
2000a9bd  ltoa                                  
2000aa15  IntPrioritySet                        
2000aa69  _SlDrvRxIrqHandler                    
2000aabd  _sl_HandleAsync_Select                
2000ab11  C$$EXIT                               
2000ab15  abort                                 
2000ab1d  exit                                  
2000ab65  _sl_HandleAsync_Stop                  
2000abb5  SPIIntEnable                          
2000ac4d  _SlDrvProtectAsyncRespSetting         
2000ace5  atoi                                  
2000ad31  copy_in                               
2000ad7d  uDMAChannelAssign                     
2000ae11  SPIIntClear                           
2000ae59  _SlDrvBasicCmd                        
2000aea1  __aeabi_d2iz                          
2000aee9  sl_NetAppMDNSUnRegisterService        
2000af75  _SlDrvHandleHttpServerEvents          
2000afb9  _SlDrvSyncObjWaitTimeout              
2000b041  sl_Close                              
2000b085  sl_WlanProfileDel                     
2000b0c9  sl_WlanSetMode                        
2000b10d  sl_Htonl                              
2000b151  PinModeSet                            
2000b191  _SlDrvHandleNetAppEvents              
2000b1d1  _SlDrvHandleWlanEvents                
2000b251  _c_int00                              
2000b291  NwpRegisterInterruptHandler           
2000b30d  PRCMPeripheralClkEnable               
2000b349  sl_Htons                              
2000b385  uDMAChannelControlSet                 
2000b3c1  NwpPowerOff                           
2000b3f9  GPIODirModeSet                        
2000b431  PRCMPeripheralStatusGet               
2000b465  SPIFIFOLevelSet                       
2000b499  PinTypeGPIO                           
2000b4c9  __aeabi_i2d                           
2000b4f9  PRCMSysResetCauseGet                  
2000b551  _SlDrvProtectionObjLockWaitForever    
2000b57d  PRCMPeripheralClkDisable              
2000b5a5  _SlDrvGlobalObjUnLock                 
2000b5cd  _SlDrvProtectionObjUnLock             
2000b5f5  _SlDrvSyncObjWaitForever              
2000b61d  sl_Provisioning_HttpServerEventHdl    
2000b62b  sl_Provisioning_NetAppEventHdl        
2000b637  sl_Provisioning_WlanEventHdl          
2000b645  DmaSpiSwIntHandler                    
2000b669  IntUnregister                         
2000b68d  _SlDrvObjLockWaitForever              
2000b6b1  memmove                               
2000b6d5  SPIReset                              
2000b6f7  SPIWordCountSet                       
2000b719  GPIOPinWrite                          
2000b739  IntRegister                           
2000b759  NwpPowerOn                            
2000b779  _SlDrvObjUnLock                       
2000b799  _SlDrvSyncObjSignal                   
2000b7b9  sl_WlanDisconnect                     
2000b7d9  GPIOIntRegister                       
2000b7f7  UARTCharPut                           
2000b833  UARTCharGetNonBlocking                
2000b84f  memccpy                               
2000b86d  uDMAChannelEnable                     
2000b889  GPIOIntEnable                         
2000b8a3  PinTypeUART                           
2000b8bd  SPIDmaDisable                         
2000b8d7  SPIDmaEnable                          
2000b8f1  SPIFIFODisable                        
2000b90b  SPIFIFOEnable                         
2000b925  SPIIntUnregister                      
2000b93f  GPIOPinRead                           
2000b957  SPICSDisable                          
2000b96f  SPICSEnable                           
2000b987  SPIDisable                            
2000b99f  SPIEnable                             
2000b9b7  UARTCharsAvail                        
2000b9cf  _SlNonOsSemSet                        
2000ba01  _args_main                            
2000ba19  PRCMHIBRegRead                        
2000ba2f  PRCMHIBRegWrite                       
2000ba45  _SlDrvMemZero                         
2000ba5b  strchr                                
2000ba71  CPUcpsie                              
2000ba85  GPIOIntClear                          
2000ba99  IntVTableBaseSet                      
2000baad  _register_unlock                      
2000bab3  _register_lock                        
2000babb  _nop                                  
2000bac1  strcpy                                
2000bad5  strlen                                
2000bae9  _SlDrvDispatchHttpServerEvents        
2000baf9  _SlDrvResetCmdExt                     
2000bb07  __TI_decompress_none                  
2000bb15  ResetISR                              
2000bb25  NwpMaskInterrupt                      
2000bb31  NwpUnMaskInterrupt                    
2000bb3d  __TI_zero_init                        
2000bb49  IntMasterEnable                       
2000bb53  copysign                              
2000bb53  copysignl                             
2000bb5b  UtilsDelay                            
2000bb61  _system_pre_init                      
2000bb64  _ctypes_                              
2000bf64  OpcodeTranslateTable                  
2000bfdc  _SlActionLookupTable                  
2000c0f8  _SlNetAppSendTokenValueCmdCtrl        
2000c198  __TI_static_base__                    
2000c1cc  __TI_Handler_Table_Base               
2000c1d8  __TI_Handler_Table_Limit              
2000c1e0  __TI_CINIT_Base                       
2000c1f0  __TI_CINIT_Limit                      
20017168  g_ucDinDout                           
200171b8  g_time                                
200171e4  g_ucConnectionSSID                    
20017208  g_ucConnectionBSSID                   
20017214  RxIrqCnt                              
20017215  g_bDeviceRestartIsRequired            
20017216  g_cDummy                              
20017217  g_ucLED1Pin                           
20017218  g_ucLED2Pin                           
20017219  g_ucLED3Pin                           
2001721c  g__SlNonOsCB                          
2001726c  g_ulStatus                            
20017270  g_ulPingPacketsRecv                   
20017274  g_ulGatewayIP                         
20017278  g_Host                                
20017280  g_pCB                                 
20017284  pPingCallBackFunc                     
2001728c  __TI_cleanup_ptr                      
20017290  __TI_dtors_ptr                        
20017294  __TI_enable_exit_profile_output       
20017298  g_uiLED1Port                          
2001729c  g_uiLED2Port                          
200172a0  g_uiLED3Port                          
200172a4  g_SpiFd                               
200172a8  g_pHostIntHdl                         
200172ac  g_ucDMAEnabled                        
200172b0  _lock                                 
200172b4  _unlock                               
200172b8  errno                                 
200172bc  main_func_sp                          
2002f000  __stack                               
20030000  __STACK_END                           
ffffffff  __TI_pprof_out_hndl                   
ffffffff  __TI_prof_data_size                   
ffffffff  __TI_prof_data_start                  
ffffffff  __binit__                             
ffffffff  __c_args__                            
ffffffff  binit                                 
UNDEFED   SHT$$INIT_ARRAY$$Base                 
UNDEFED   SHT$$INIT_ARRAY$$Limit                

[262 symbols]
