<?xml version="1.0"?>
<link_info>
   <banner>TI ARM Linker PC v16.9.0.LTS</banner>
   <copyright>Copyright (c) 1996-2015 Texas Instruments Incorporated</copyright>
   <link_time>0x627c876d</link_time>
   <link_errors>0x0</link_errors>
   <output_file>ssl.out</output_file>
   <entry_point>
      <name>_c_int00</name>
      <address>0x2000b251</address>
   </entry_point>
   <input_file_list>
      <input_file id="fl-2">
         <path>.\</path>
         <kind>object</kind>
         <file>gpio_if.obj</file>
         <name>gpio_if.obj</name>
      </input_file>
      <input_file id="fl-3">
         <path>.\</path>
         <kind>object</kind>
         <file>main.obj</file>
         <name>main.obj</name>
      </input_file>
      <input_file id="fl-4">
         <path>.\</path>
         <kind>object</kind>
         <file>network_common.obj</file>
         <name>network_common.obj</name>
      </input_file>
      <input_file id="fl-5">
         <path>.\</path>
         <kind>object</kind>
         <file>pinmux.obj</file>
         <name>pinmux.obj</name>
      </input_file>
      <input_file id="fl-6">
         <path>.\</path>
         <kind>object</kind>
         <file>startup_ccs.obj</file>
         <name>startup_ccs.obj</name>
      </input_file>
      <input_file id="fl-7">
         <path>.\</path>
         <kind>object</kind>
         <file>uart_if.obj</file>
         <name>uart_if.obj</name>
      </input_file>
      <input_file id="fl-c3">
         <path>C:\ti\ccsv7\tools\compiler\ti-cgt-arm_16.9.0.LTS\lib\</path>
         <kind>archive</kind>
         <file>rtsv7M4_T_le_eabi.lib</file>
         <name>boot.obj</name>
      </input_file>
      <input_file id="fl-c4">
         <path>C:\ti\ccsv7\tools\compiler\ti-cgt-arm_16.9.0.LTS\lib\</path>
         <kind>archive</kind>
         <file>rtsv7M4_T_le_eabi.lib</file>
         <name>copy_decompress_lzss.obj</name>
      </input_file>
      <input_file id="fl-c5">
         <path>C:\ti\ccsv7\tools\compiler\ti-cgt-arm_16.9.0.LTS\lib\</path>
         <kind>archive</kind>
         <file>rtsv7M4_T_le_eabi.lib</file>
         <name>copy_decompress_none.obj</name>
      </input_file>
      <input_file id="fl-c6">
         <path>C:\ti\ccsv7\tools\compiler\ti-cgt-arm_16.9.0.LTS\lib\</path>
         <kind>archive</kind>
         <file>rtsv7M4_T_le_eabi.lib</file>
         <name>copy_zero_init.obj</name>
      </input_file>
      <input_file id="fl-c7">
         <path>C:\ti\ccsv7\tools\compiler\ti-cgt-arm_16.9.0.LTS\lib\</path>
         <kind>archive</kind>
         <file>rtsv7M4_T_le_eabi.lib</file>
         <name>exit.obj</name>
      </input_file>
      <input_file id="fl-c8">
         <path>C:\ti\ccsv7\tools\compiler\ti-cgt-arm_16.9.0.LTS\lib\</path>
         <kind>archive</kind>
         <file>rtsv7M4_T_le_eabi.lib</file>
         <name>memcpy_t2.obj</name>
      </input_file>
      <input_file id="fl-c9">
         <path>C:\ti\ccsv7\tools\compiler\ti-cgt-arm_16.9.0.LTS\lib\</path>
         <kind>archive</kind>
         <file>rtsv7M4_T_le_eabi.lib</file>
         <name>memmov.obj</name>
      </input_file>
      <input_file id="fl-ca">
         <path>C:\ti\ccsv7\tools\compiler\ti-cgt-arm_16.9.0.LTS\lib\</path>
         <kind>archive</kind>
         <file>rtsv7M4_T_le_eabi.lib</file>
         <name>memset_t2.obj</name>
      </input_file>
      <input_file id="fl-cb">
         <path>C:\ti\ccsv7\tools\compiler\ti-cgt-arm_16.9.0.LTS\lib\</path>
         <kind>archive</kind>
         <file>rtsv7M4_T_le_eabi.lib</file>
         <name>mpu_init.obj</name>
      </input_file>
      <input_file id="fl-cc">
         <path>C:\ti\ccsv7\tools\compiler\ti-cgt-arm_16.9.0.LTS\lib\</path>
         <kind>archive</kind>
         <file>rtsv7M4_T_le_eabi.lib</file>
         <name>pre_init.obj</name>
      </input_file>
      <input_file id="fl-cd">
         <path>C:\ti\ccsv7\tools\compiler\ti-cgt-arm_16.9.0.LTS\lib\</path>
         <kind>archive</kind>
         <file>rtsv7M4_T_le_eabi.lib</file>
         <name>sprintf.obj</name>
      </input_file>
      <input_file id="fl-ce">
         <path>C:\ti\ccsv7\tools\compiler\ti-cgt-arm_16.9.0.LTS\lib\</path>
         <kind>archive</kind>
         <file>rtsv7M4_T_le_eabi.lib</file>
         <name>stkdepth_vars.obj</name>
      </input_file>
      <input_file id="fl-cf">
         <path>C:\ti\ccsv7\tools\compiler\ti-cgt-arm_16.9.0.LTS\lib\</path>
         <kind>archive</kind>
         <file>rtsv7M4_T_le_eabi.lib</file>
         <name>strcpy.obj</name>
      </input_file>
      <input_file id="fl-d0">
         <path>C:\ti\ccsv7\tools\compiler\ti-cgt-arm_16.9.0.LTS\lib\</path>
         <kind>archive</kind>
         <file>rtsv7M4_T_le_eabi.lib</file>
         <name>strlen.obj</name>
      </input_file>
      <input_file id="fl-d1">
         <path>C:\ti\ccsv7\tools\compiler\ti-cgt-arm_16.9.0.LTS\lib\</path>
         <kind>archive</kind>
         <file>rtsv7M4_T_le_eabi.lib</file>
         <name>_lock.obj</name>
      </input_file>
      <input_file id="fl-d2">
         <path>C:\ti\ccsv7\tools\compiler\ti-cgt-arm_16.9.0.LTS\lib\</path>
         <kind>archive</kind>
         <file>rtsv7M4_T_le_eabi.lib</file>
         <name>_printfi.obj</name>
      </input_file>
      <input_file id="fl-d3">
         <path>C:\ti\ccsv7\tools\compiler\ti-cgt-arm_16.9.0.LTS\lib\</path>
         <kind>archive</kind>
         <file>rtsv7M4_T_le_eabi.lib</file>
         <name>args_main.obj</name>
      </input_file>
      <input_file id="fl-d4">
         <path>C:\ti\ccsv7\tools\compiler\ti-cgt-arm_16.9.0.LTS\lib\</path>
         <kind>archive</kind>
         <file>rtsv7M4_T_le_eabi.lib</file>
         <name>atoi.obj</name>
      </input_file>
      <input_file id="fl-d5">
         <path>C:\ti\ccsv7\tools\compiler\ti-cgt-arm_16.9.0.LTS\lib\</path>
         <kind>archive</kind>
         <file>rtsv7M4_T_le_eabi.lib</file>
         <name>autoinit.obj</name>
      </input_file>
      <input_file id="fl-d6">
         <path>C:\ti\ccsv7\tools\compiler\ti-cgt-arm_16.9.0.LTS\lib\</path>
         <kind>archive</kind>
         <file>rtsv7M4_T_le_eabi.lib</file>
         <name>cpy_tbl.obj</name>
      </input_file>
      <input_file id="fl-d7">
         <path>C:\ti\ccsv7\tools\compiler\ti-cgt-arm_16.9.0.LTS\lib\</path>
         <kind>archive</kind>
         <file>rtsv7M4_T_le_eabi.lib</file>
         <name>ctype.obj</name>
      </input_file>
      <input_file id="fl-d8">
         <path>C:\ti\ccsv7\tools\compiler\ti-cgt-arm_16.9.0.LTS\lib\</path>
         <kind>archive</kind>
         <file>rtsv7M4_T_le_eabi.lib</file>
         <name>fd_add_t2.obj</name>
      </input_file>
      <input_file id="fl-d9">
         <path>C:\ti\ccsv7\tools\compiler\ti-cgt-arm_16.9.0.LTS\lib\</path>
         <kind>archive</kind>
         <file>rtsv7M4_T_le_eabi.lib</file>
         <name>fd_cmp_t2.obj</name>
      </input_file>
      <input_file id="fl-da">
         <path>C:\ti\ccsv7\tools\compiler\ti-cgt-arm_16.9.0.LTS\lib\</path>
         <kind>archive</kind>
         <file>rtsv7M4_T_le_eabi.lib</file>
         <name>fd_div_t2.obj</name>
      </input_file>
      <input_file id="fl-db">
         <path>C:\ti\ccsv7\tools\compiler\ti-cgt-arm_16.9.0.LTS\lib\</path>
         <kind>archive</kind>
         <file>rtsv7M4_T_le_eabi.lib</file>
         <name>fd_mul_t2.obj</name>
      </input_file>
      <input_file id="fl-dc">
         <path>C:\ti\ccsv7\tools\compiler\ti-cgt-arm_16.9.0.LTS\lib\</path>
         <kind>archive</kind>
         <file>rtsv7M4_T_le_eabi.lib</file>
         <name>fd_toi_t2.obj</name>
      </input_file>
      <input_file id="fl-dd">
         <path>C:\ti\ccsv7\tools\compiler\ti-cgt-arm_16.9.0.LTS\lib\</path>
         <kind>archive</kind>
         <file>rtsv7M4_T_le_eabi.lib</file>
         <name>i_tofd_t2.obj</name>
      </input_file>
      <input_file id="fl-de">
         <path>C:\ti\ccsv7\tools\compiler\ti-cgt-arm_16.9.0.LTS\lib\</path>
         <kind>archive</kind>
         <file>rtsv7M4_T_le_eabi.lib</file>
         <name>ltoa.obj</name>
      </input_file>
      <input_file id="fl-df">
         <path>C:\ti\ccsv7\tools\compiler\ti-cgt-arm_16.9.0.LTS\lib\</path>
         <kind>archive</kind>
         <file>rtsv7M4_T_le_eabi.lib</file>
         <name>memccpy.obj</name>
      </input_file>
      <input_file id="fl-e0">
         <path>C:\ti\ccsv7\tools\compiler\ti-cgt-arm_16.9.0.LTS\lib\</path>
         <kind>archive</kind>
         <file>rtsv7M4_T_le_eabi.lib</file>
         <name>s_frexp.obj</name>
      </input_file>
      <input_file id="fl-e1">
         <path>C:\ti\ccsv7\tools\compiler\ti-cgt-arm_16.9.0.LTS\lib\</path>
         <kind>archive</kind>
         <file>rtsv7M4_T_le_eabi.lib</file>
         <name>s_scalbn.obj</name>
      </input_file>
      <input_file id="fl-e2">
         <path>C:\ti\ccsv7\tools\compiler\ti-cgt-arm_16.9.0.LTS\lib\</path>
         <kind>archive</kind>
         <file>rtsv7M4_T_le_eabi.lib</file>
         <name>startup.obj</name>
      </input_file>
      <input_file id="fl-e3">
         <path>C:\ti\ccsv7\tools\compiler\ti-cgt-arm_16.9.0.LTS\lib\</path>
         <kind>archive</kind>
         <file>rtsv7M4_T_le_eabi.lib</file>
         <name>strchr.obj</name>
      </input_file>
      <input_file id="fl-e4">
         <path>C:\ti\ccsv7\tools\compiler\ti-cgt-arm_16.9.0.LTS\lib\</path>
         <kind>archive</kind>
         <file>rtsv7M4_T_le_eabi.lib</file>
         <name>ull_div_t2.obj</name>
      </input_file>
      <input_file id="fl-e5">
         <path>C:\ti\ccsv7\tools\compiler\ti-cgt-arm_16.9.0.LTS\lib\</path>
         <kind>archive</kind>
         <file>rtsv7M4_T_le_eabi.lib</file>
         <name>errno.obj</name>
      </input_file>
      <input_file id="fl-e6">
         <path>C:\ti\ccsv7\tools\compiler\ti-cgt-arm_16.9.0.LTS\lib\</path>
         <kind>archive</kind>
         <file>rtsv7M4_T_le_eabi.lib</file>
         <name>s_copysign.obj</name>
      </input_file>
      <input_file id="fl-e7">
         <path>C:\ti\CC3200SDK_1.2.0\cc3200-sdk\driverlib\ccs\Release\</path>
         <kind>archive</kind>
         <file>driverlib.a</file>
         <name>gpio.obj</name>
      </input_file>
      <input_file id="fl-e8">
         <path>C:\ti\CC3200SDK_1.2.0\cc3200-sdk\driverlib\ccs\Release\</path>
         <kind>archive</kind>
         <file>driverlib.a</file>
         <name>interrupt.obj</name>
      </input_file>
      <input_file id="fl-e9">
         <path>C:\ti\CC3200SDK_1.2.0\cc3200-sdk\driverlib\ccs\Release\</path>
         <kind>archive</kind>
         <file>driverlib.a</file>
         <name>pin.obj</name>
      </input_file>
      <input_file id="fl-ea">
         <path>C:\ti\CC3200SDK_1.2.0\cc3200-sdk\driverlib\ccs\Release\</path>
         <kind>archive</kind>
         <file>driverlib.a</file>
         <name>prcm.obj</name>
      </input_file>
      <input_file id="fl-eb">
         <path>C:\ti\CC3200SDK_1.2.0\cc3200-sdk\driverlib\ccs\Release\</path>
         <kind>archive</kind>
         <file>driverlib.a</file>
         <name>uart.obj</name>
      </input_file>
      <input_file id="fl-ec">
         <path>C:\ti\CC3200SDK_1.2.0\cc3200-sdk\driverlib\ccs\Release\</path>
         <kind>archive</kind>
         <file>driverlib.a</file>
         <name>utils.obj</name>
      </input_file>
      <input_file id="fl-ed">
         <path>C:\ti\CC3200SDK_1.2.0\cc3200-sdk\driverlib\ccs\Release\</path>
         <kind>archive</kind>
         <file>driverlib.a</file>
         <name>cpu.obj</name>
      </input_file>
      <input_file id="fl-ee">
         <path>C:\ti\CC3200SDK_1.2.0\cc3200-sdk\driverlib\ccs\Release\</path>
         <kind>archive</kind>
         <file>driverlib.a</file>
         <name>flash.obj</name>
      </input_file>
      <input_file id="fl-ef">
         <path>C:\ti\CC3200SDK_1.2.0\cc3200-sdk\simplelink\ccs\NON_OS\</path>
         <kind>archive</kind>
         <file>simplelink.a</file>
         <name>device.obj</name>
      </input_file>
      <input_file id="fl-f0">
         <path>C:\ti\CC3200SDK_1.2.0\cc3200-sdk\simplelink\ccs\NON_OS\</path>
         <kind>archive</kind>
         <file>simplelink.a</file>
         <name>driver.obj</name>
      </input_file>
      <input_file id="fl-f1">
         <path>C:\ti\CC3200SDK_1.2.0\cc3200-sdk\simplelink\ccs\NON_OS\</path>
         <kind>archive</kind>
         <file>simplelink.a</file>
         <name>netapp.obj</name>
      </input_file>
      <input_file id="fl-f2">
         <path>C:\ti\CC3200SDK_1.2.0\cc3200-sdk\simplelink\ccs\NON_OS\</path>
         <kind>archive</kind>
         <file>simplelink.a</file>
         <name>netcfg.obj</name>
      </input_file>
      <input_file id="fl-f3">
         <path>C:\ti\CC3200SDK_1.2.0\cc3200-sdk\simplelink\ccs\NON_OS\</path>
         <kind>archive</kind>
         <file>simplelink.a</file>
         <name>nonos.obj</name>
      </input_file>
      <input_file id="fl-f4">
         <path>C:\ti\CC3200SDK_1.2.0\cc3200-sdk\simplelink\ccs\NON_OS\</path>
         <kind>archive</kind>
         <file>simplelink.a</file>
         <name>socket.obj</name>
      </input_file>
      <input_file id="fl-f5">
         <path>C:\ti\CC3200SDK_1.2.0\cc3200-sdk\simplelink\ccs\NON_OS\</path>
         <kind>archive</kind>
         <file>simplelink.a</file>
         <name>wlan.obj</name>
      </input_file>
      <input_file id="fl-f6">
         <path>C:\ti\CC3200SDK_1.2.0\cc3200-sdk\simplelink\ccs\NON_OS\</path>
         <kind>archive</kind>
         <file>simplelink.a</file>
         <name>cc_pal.obj</name>
      </input_file>
      <input_file id="fl-f7">
         <path>C:\ti\CC3200SDK_1.2.0\cc3200-sdk\driverlib\ccs\Release\</path>
         <kind>archive</kind>
         <file>driverlib.a</file>
         <name>spi.obj</name>
      </input_file>
      <input_file id="fl-f8">
         <path>C:\ti\CC3200SDK_1.2.0\cc3200-sdk\driverlib\ccs\Release\</path>
         <kind>archive</kind>
         <file>driverlib.a</file>
         <name>udma.obj</name>
      </input_file>
   </input_file_list>
   <object_component_list>
      <object_component id="oc-f">
         <name>.intvecs</name>
         <load_address>0x20004000</load_address>
         <run_address>0x20004000</run_address>
         <size>0x400</size>
         <input_file_ref idref="fl-6"/>
      </object_component>
      <object_component id="oc-375">
         <name>.text</name>
         <load_address>0x20004400</load_address>
         <run_address>0x20004400</run_address>
         <size>0x111e</size>
         <input_file_ref idref="fl-d2"/>
      </object_component>
      <object_component id="oc-59e">
         <name>.text:IntDefaultHandler</name>
         <load_address>0x2000551e</load_address>
         <run_address>0x2000551e</run_address>
         <size>0x2</size>
         <input_file_ref idref="fl-e8"/>
      </object_component>
      <object_component id="oc-a1">
         <name>.text</name>
         <load_address>0x20005520</load_address>
         <run_address>0x20005520</run_address>
         <size>0x9c8</size>
         <input_file_ref idref="fl-3"/>
      </object_component>
      <object_component id="oc-5ac">
         <name>.text:_SlDrvMsgRead</name>
         <load_address>0x20005ee8</load_address>
         <run_address>0x20005ee8</run_address>
         <size>0x590</size>
         <input_file_ref idref="fl-f0"/>
      </object_component>
      <object_component id="oc-132">
         <name>.text</name>
         <load_address>0x20006478</load_address>
         <run_address>0x20006478</run_address>
         <size>0x398</size>
         <input_file_ref idref="fl-2"/>
      </object_component>
      <object_component id="oc-12c">
         <name>.text:sl_WlanConnect</name>
         <load_address>0x20006810</load_address>
         <run_address>0x20006810</run_address>
         <size>0x260</size>
         <input_file_ref idref="fl-f5"/>
      </object_component>
      <object_component id="oc-620">
         <name>.text:_SlDrvRxHdrRead</name>
         <load_address>0x20006a70</load_address>
         <run_address>0x20006a70</run_address>
         <size>0x1fc</size>
         <input_file_ref idref="fl-f0"/>
      </object_component>
      <object_component id="oc-4f6">
         <name>.text</name>
         <load_address>0x20006c6c</load_address>
         <run_address>0x20006c6c</run_address>
         <size>0x1f4</size>
         <input_file_ref idref="fl-e4"/>
      </object_component>
      <object_component id="oc-390">
         <name>.text:_SlDrvDataReadOp</name>
         <load_address>0x20006e60</load_address>
         <run_address>0x20006e60</run_address>
         <size>0x1e4</size>
         <input_file_ref idref="fl-f0"/>
      </object_component>
      <object_component id="oc-218">
         <name>.text:_SlDrvReleasePoolObj</name>
         <load_address>0x20007044</load_address>
         <run_address>0x20007044</run_address>
         <size>0x1d0</size>
         <input_file_ref idref="fl-f0"/>
      </object_component>
      <object_component id="oc-51f">
         <name>.text</name>
         <load_address>0x20007214</load_address>
         <run_address>0x20007214</run_address>
         <size>0x1b6</size>
         <input_file_ref idref="fl-d8"/>
      </object_component>
      <object_component id="oc-56">
         <name>.text</name>
         <load_address>0x200073ca</load_address>
         <run_address>0x200073ca</run_address>
         <size>0x2</size>
         <input_file_ref idref="fl-cb"/>
      </object_component>
      <object_component id="oc-1ee">
         <name>.text:_SlDrvDriverCBInit</name>
         <load_address>0x200073cc</load_address>
         <run_address>0x200073cc</run_address>
         <size>0x1b4</size>
         <input_file_ref idref="fl-f0"/>
      </object_component>
      <object_component id="oc-478">
         <name>.text:_SlDrvMsgWrite</name>
         <load_address>0x20007580</load_address>
         <run_address>0x20007580</run_address>
         <size>0x19c</size>
         <input_file_ref idref="fl-f0"/>
      </object_component>
      <object_component id="oc-309">
         <name>.text:_SlDrvWaitForPoolObj</name>
         <load_address>0x2000771c</load_address>
         <run_address>0x2000771c</run_address>
         <size>0x190</size>
         <input_file_ref idref="fl-f0"/>
      </object_component>
      <object_component id="oc-179">
         <name>.text</name>
         <load_address>0x200078ac</load_address>
         <run_address>0x200078ac</run_address>
         <size>0x18c</size>
         <input_file_ref idref="fl-7"/>
      </object_component>
      <object_component id="oc-126">
         <name>.text:PRCMCC3200MCUInit</name>
         <load_address>0x20007a38</load_address>
         <run_address>0x20007a38</run_address>
         <size>0x178</size>
         <input_file_ref idref="fl-ea"/>
      </object_component>
      <object_component id="oc-632">
         <name>.text:_SlFindAndSetActiveObj</name>
         <load_address>0x20007bb0</load_address>
         <run_address>0x20007bb0</run_address>
         <size>0x170</size>
         <input_file_ref idref="fl-f0"/>
      </object_component>
      <object_component id="oc-16c">
         <name>.text:sl_Connect</name>
         <load_address>0x20007d20</load_address>
         <run_address>0x20007d20</run_address>
         <size>0x16c</size>
         <input_file_ref idref="fl-f4"/>
      </object_component>
      <object_component id="oc-388">
         <name>.text:_SlDrvDataWriteOp</name>
         <load_address>0x20007e8c</load_address>
         <run_address>0x20007e8c</run_address>
         <size>0x150</size>
         <input_file_ref idref="fl-f0"/>
      </object_component>
      <object_component id="oc-1f4">
         <name>.text:spi_Open</name>
         <load_address>0x20007fdc</load_address>
         <run_address>0x20007fdc</run_address>
         <size>0x148</size>
         <input_file_ref idref="fl-f6"/>
      </object_component>
      <object_component id="oc-505">
         <name>.text</name>
         <load_address>0x20008124</load_address>
         <run_address>0x20008124</run_address>
         <size>0x136</size>
         <input_file_ref idref="fl-da"/>
      </object_component>
      <object_component id="oc-99">
         <name>.text</name>
         <load_address>0x2000825a</load_address>
         <run_address>0x2000825a</run_address>
         <size>0x2</size>
         <input_file_ref idref="fl-e2"/>
      </object_component>
      <object_component id="oc-14e">
         <name>.text:sl_NetAppDnsGetHostByName</name>
         <load_address>0x2000825c</load_address>
         <run_address>0x2000825c</run_address>
         <size>0x12c</size>
         <input_file_ref idref="fl-f1"/>
      </object_component>
      <object_component id="oc-47e">
         <name>.text:_SlDrvMsgReadCmdCtx</name>
         <load_address>0x20008388</load_address>
         <run_address>0x20008388</run_address>
         <size>0x128</size>
         <input_file_ref idref="fl-f0"/>
      </object_component>
      <object_component id="oc-257">
         <name>.text:_SlDrvDriverCBDeinit</name>
         <load_address>0x200084b0</load_address>
         <run_address>0x200084b0</run_address>
         <size>0x124</size>
         <input_file_ref idref="fl-f0"/>
      </object_component>
      <object_component id="oc-18b">
         <name>.text:sl_Send</name>
         <load_address>0x200085d4</load_address>
         <run_address>0x200085d4</run_address>
         <size>0x118</size>
         <input_file_ref idref="fl-f4"/>
      </object_component>
      <object_component id="oc-687">
         <name>.text:_SlDrvNetAppEventHandler</name>
         <load_address>0x200086ec</load_address>
         <run_address>0x200086ec</run_address>
         <size>0x104</size>
         <input_file_ref idref="fl-f1"/>
      </object_component>
      <object_component id="oc-500">
         <name>.text</name>
         <load_address>0x200087f0</load_address>
         <run_address>0x200087f0</run_address>
         <size>0xfc</size>
         <input_file_ref idref="fl-db"/>
      </object_component>
      <object_component id="oc-62c">
         <name>.text:spi_Read</name>
         <load_address>0x200088ec</load_address>
         <run_address>0x200088ec</run_address>
         <size>0xf0</size>
         <input_file_ref idref="fl-f6"/>
      </object_component>
      <object_component id="oc-70a">
         <name>.text:uDMAChannelTransferSet</name>
         <load_address>0x200089dc</load_address>
         <run_address>0x200089dc</run_address>
         <size>0xf0</size>
         <input_file_ref idref="fl-f8"/>
      </object_component>
      <object_component id="oc-5b2">
         <name>.text:_SlAsyncEventGenericHandler</name>
         <load_address>0x20008acc</load_address>
         <run_address>0x20008acc</run_address>
         <size>0xe8</size>
         <input_file_ref idref="fl-f0"/>
      </object_component>
      <object_component id="oc-db">
         <name>.text:sl_Stop</name>
         <load_address>0x20008bb4</load_address>
         <run_address>0x20008bb4</run_address>
         <size>0xe4</size>
         <input_file_ref idref="fl-ef"/>
      </object_component>
      <object_component id="oc-c9">
         <name>.text:sl_Start</name>
         <load_address>0x20008c98</load_address>
         <run_address>0x20008c98</run_address>
         <size>0xe0</size>
         <input_file_ref idref="fl-ef"/>
      </object_component>
      <object_component id="oc-626">
         <name>.text:_SlDrvClassifyRxMsg</name>
         <load_address>0x20008d78</load_address>
         <run_address>0x20008d78</run_address>
         <size>0xdc</size>
         <input_file_ref idref="fl-f0"/>
      </object_component>
      <object_component id="oc-45f">
         <name>.text:_SlDrvMsgReadSpawnCtx</name>
         <load_address>0x20008e54</load_address>
         <run_address>0x20008e54</run_address>
         <size>0xd4</size>
         <input_file_ref idref="fl-f0"/>
      </object_component>
      <object_component id="oc-52a">
         <name>.text</name>
         <load_address>0x20008f28</load_address>
         <run_address>0x20008f28</run_address>
         <size>0xd0</size>
         <input_file_ref idref="fl-e1"/>
      </object_component>
      <object_component id="oc-6ce">
         <name>.text:_sl_HandleAsync_DnsGetHostByService</name>
         <load_address>0x20008ff8</load_address>
         <run_address>0x20008ff8</run_address>
         <size>0xcc</size>
         <input_file_ref idref="fl-f1"/>
      </object_component>
      <object_component id="oc-289">
         <name>.text:sl_NetAppMDNSRegisterUnregisterService</name>
         <load_address>0x200090c4</load_address>
         <run_address>0x200090c4</run_address>
         <size>0xc8</size>
         <input_file_ref idref="fl-f1"/>
      </object_component>
      <object_component id="oc-437">
         <name>.text:_SlRemoveFromList</name>
         <load_address>0x2000918c</load_address>
         <run_address>0x2000918c</run_address>
         <size>0xc4</size>
         <input_file_ref idref="fl-f0"/>
      </object_component>
      <object_component id="oc-241">
         <name>.text:_SlDrvCmdOp</name>
         <load_address>0x20009250</load_address>
         <run_address>0x20009250</run_address>
         <size>0xc0</size>
         <input_file_ref idref="fl-f0"/>
      </object_component>
      <object_component id="oc-e1">
         <name>.text:sl_DevGet</name>
         <load_address>0x20009310</load_address>
         <run_address>0x20009310</run_address>
         <size>0xb4</size>
         <input_file_ref idref="fl-ef"/>
      </object_component>
      <object_component id="oc-416">
         <name>.text:IntDisable</name>
         <load_address>0x200093c4</load_address>
         <run_address>0x200093c4</run_address>
         <size>0xa8</size>
         <input_file_ref idref="fl-e8"/>
      </object_component>
      <object_component id="oc-120">
         <name>.text:IntEnable</name>
         <load_address>0x2000946c</load_address>
         <run_address>0x2000946c</run_address>
         <size>0xa8</size>
         <input_file_ref idref="fl-e8"/>
      </object_component>
      <object_component id="oc-430">
         <name>.text:_SlDriverHandleError</name>
         <load_address>0x20009514</load_address>
         <run_address>0x20009514</run_address>
         <size>0xa4</size>
         <input_file_ref idref="fl-f0"/>
      </object_component>
      <object_component id="oc-3c3">
         <name>.text:SPIConfigSetExpClk</name>
         <load_address>0x200095b8</load_address>
         <run_address>0x200095b8</run_address>
         <size>0xa0</size>
         <input_file_ref idref="fl-f7"/>
      </object_component>
      <object_component id="oc-3e">
         <name>.text</name>
         <load_address>0x20009658</load_address>
         <run_address>0x20009658</run_address>
         <size>0x9c</size>
         <input_file_ref idref="fl-c8"/>
      </object_component>
      <object_component id="oc-656">
         <name>.text:_SlDrvDeviceEventHandler</name>
         <load_address>0x200096f4</load_address>
         <run_address>0x200096f4</run_address>
         <size>0x9a</size>
         <input_file_ref idref="fl-ef"/>
      </object_component>
      <object_component id="oc-5bb">
         <name>.text:spi_Write</name>
         <load_address>0x20009790</load_address>
         <run_address>0x20009790</run_address>
         <size>0x98</size>
         <input_file_ref idref="fl-f6"/>
      </object_component>
      <object_component id="oc-3bd">
         <name>.text:PRCMPeripheralClockGet</name>
         <load_address>0x20009828</load_address>
         <run_address>0x20009828</run_address>
         <size>0x94</size>
         <input_file_ref idref="fl-ea"/>
      </object_component>
      <object_component id="oc-6c8">
         <name>.text:_sl_HandleAsync_DnsGetHostByName</name>
         <load_address>0x200098bc</load_address>
         <run_address>0x200098bc</run_address>
         <size>0x90</size>
         <input_file_ref idref="fl-f1"/>
      </object_component>
      <object_component id="oc-68d">
         <name>.text:_sl_HandleAsync_PingResponse</name>
         <load_address>0x2000994c</load_address>
         <run_address>0x2000994c</run_address>
         <size>0x90</size>
         <input_file_ref idref="fl-f1"/>
      </object_component>
      <object_component id="oc-694">
         <name>.text:SetupDMAReceive</name>
         <load_address>0x200099dc</load_address>
         <run_address>0x200099dc</run_address>
         <size>0x8c</size>
         <input_file_ref idref="fl-f6"/>
      </object_component>
      <object_component id="oc-63d">
         <name>.text:SetupDMASend</name>
         <load_address>0x20009a68</load_address>
         <run_address>0x20009a68</run_address>
         <size>0x8c</size>
         <input_file_ref idref="fl-f6"/>
      </object_component>
      <object_component id="oc-4db">
         <name>.text:PinConfigSet</name>
         <load_address>0x20009af4</load_address>
         <run_address>0x20009af4</run_address>
         <size>0x88</size>
         <input_file_ref idref="fl-e9"/>
      </object_component>
      <object_component id="oc-197">
         <name>.text:sl_Recv</name>
         <load_address>0x20009b7c</load_address>
         <run_address>0x20009b7c</run_address>
         <size>0x88</size>
         <input_file_ref idref="fl-f4"/>
      </object_component>
      <object_component id="oc-4fb">
         <name>.text:__aeabi_cdcmple</name>
         <load_address>0x20009c04</load_address>
         <run_address>0x20009c04</run_address>
         <size>0x86</size>
         <input_file_ref idref="fl-d9"/>
      </object_component>
      <object_component id="oc-50a">
         <name>.text:__aeabi_cdrcmple</name>
         <load_address>0x20009c8a</load_address>
         <run_address>0x20009c8a</run_address>
         <size>0x86</size>
         <input_file_ref idref="fl-d9"/>
      </object_component>
      <object_component id="oc-2ca">
         <name>.text:GPIOIntTypeSet</name>
         <load_address>0x20009d10</load_address>
         <run_address>0x20009d10</run_address>
         <size>0x82</size>
         <input_file_ref idref="fl-e7"/>
      </object_component>
      <object_component id="oc-6f0">
         <name>.text:_sl_HandleAsync_Connect</name>
         <load_address>0x20009d94</load_address>
         <run_address>0x20009d94</run_address>
         <size>0x80</size>
         <input_file_ref idref="fl-f4"/>
      </object_component>
      <object_component id="oc-6b1">
         <name>.text:_sl_HandleAsync_InitComplete</name>
         <load_address>0x20009e14</load_address>
         <run_address>0x20009e14</run_address>
         <size>0x80</size>
         <input_file_ref idref="fl-ef"/>
      </object_component>
      <object_component id="oc-69a">
         <name>.text:spi_Read_CPU</name>
         <load_address>0x20009e94</load_address>
         <run_address>0x20009e94</run_address>
         <size>0x80</size>
         <input_file_ref idref="fl-f6"/>
      </object_component>
      <object_component id="oc-64f">
         <name>.text:spi_Write_CPU</name>
         <load_address>0x20009f14</load_address>
         <run_address>0x20009f14</run_address>
         <size>0x80</size>
         <input_file_ref idref="fl-f6"/>
      </object_component>
      <object_component id="oc-13f">
         <name>.text:sl_DevSet</name>
         <load_address>0x20009f94</load_address>
         <run_address>0x20009f94</run_address>
         <size>0x7c</size>
         <input_file_ref idref="fl-ef"/>
      </object_component>
      <object_component id="oc-f9">
         <name>.text:sl_NetCfgSet</name>
         <load_address>0x2000a010</load_address>
         <run_address>0x2000a010</run_address>
         <size>0x7c</size>
         <input_file_ref idref="fl-f2"/>
      </object_component>
      <object_component id="oc-166">
         <name>.text:sl_SetSockOpt</name>
         <load_address>0x2000a08c</load_address>
         <run_address>0x2000a08c</run_address>
         <size>0x7c</size>
         <input_file_ref idref="fl-f4"/>
      </object_component>
      <object_component id="oc-ff">
         <name>.text:sl_WlanSet</name>
         <load_address>0x2000a108</load_address>
         <run_address>0x2000a108</run_address>
         <size>0x7c</size>
         <input_file_ref idref="fl-f5"/>
      </object_component>
      <object_component id="oc-4a">
         <name>.text</name>
         <load_address>0x2000a184</load_address>
         <run_address>0x2000a184</run_address>
         <size>0x7a</size>
         <input_file_ref idref="fl-ca"/>
      </object_component>
      <object_component id="oc-3a0">
         <name>.text:_SlNonOsSemGet</name>
         <load_address>0x2000a200</load_address>
         <run_address>0x2000a200</run_address>
         <size>0x78</size>
         <input_file_ref idref="fl-f3"/>
      </object_component>
      <object_component id="oc-e7">
         <name>.text:sl_WlanPolicySet</name>
         <load_address>0x2000a278</load_address>
         <run_address>0x2000a278</run_address>
         <size>0x78</size>
         <input_file_ref idref="fl-f5"/>
      </object_component>
      <object_component id="oc-251">
         <name>.text:spi_Close</name>
         <load_address>0x2000a2f0</load_address>
         <run_address>0x2000a2f0</run_address>
         <size>0x78</size>
         <input_file_ref idref="fl-f6"/>
      </object_component>
      <object_component id="oc-cf">
         <name>.text:_SlNonOsMainLoopTask</name>
         <load_address>0x2000a368</load_address>
         <run_address>0x2000a368</run_address>
         <size>0x74</size>
         <input_file_ref idref="fl-f3"/>
      </object_component>
      <object_component id="oc-62">
         <name>.text</name>
         <load_address>0x2000a3dc</load_address>
         <run_address>0x2000a3dc</run_address>
         <size>0x70</size>
         <input_file_ref idref="fl-d5"/>
      </object_component>
      <object_component id="oc-160">
         <name>.text:sl_Socket</name>
         <load_address>0x2000a44c</load_address>
         <run_address>0x2000a44c</run_address>
         <size>0x70</size>
         <input_file_ref idref="fl-f4"/>
      </object_component>
      <object_component id="oc-722">
         <name>.text:_SlDrvCmdSend</name>
         <load_address>0x2000a4bc</load_address>
         <run_address>0x2000a4bc</run_address>
         <size>0x6c</size>
         <input_file_ref idref="fl-f0"/>
      </object_component>
      <object_component id="oc-6da">
         <name>.text:_sl_NetAppSendTokenValue</name>
         <load_address>0x2000a528</load_address>
         <run_address>0x2000a528</run_address>
         <size>0x6c</size>
         <input_file_ref idref="fl-f1"/>
      </object_component>
      <object_component id="oc-10e">
         <name>.text:sl_WlanRxFilterSet</name>
         <load_address>0x2000a594</load_address>
         <run_address>0x2000a594</run_address>
         <size>0x6c</size>
         <input_file_ref idref="fl-f5"/>
      </object_component>
      <object_component id="oc-12">
         <name>.text:decompress:lzss</name>
         <load_address>0x2000a600</load_address>
         <run_address>0x2000a600</run_address>
         <size>0x68</size>
         <input_file_ref idref="fl-c4"/>
      </object_component>
      <object_component id="oc-459">
         <name>.text:_SlNonOsSpawn</name>
         <load_address>0x2000a668</load_address>
         <run_address>0x2000a668</run_address>
         <size>0x64</size>
         <input_file_ref idref="fl-f3"/>
      </object_component>
      <object_component id="oc-6ea">
         <name>.text:_sl_HandleAsync_Accept</name>
         <load_address>0x2000a6cc</load_address>
         <run_address>0x2000a6cc</run_address>
         <size>0x64</size>
         <input_file_ref idref="fl-f4"/>
      </object_component>
      <object_component id="oc-577">
         <name>.text:uDMAChannelAttributeDisable</name>
         <load_address>0x2000a730</load_address>
         <run_address>0x2000a730</run_address>
         <size>0x64</size>
         <input_file_ref idref="fl-f8"/>
      </object_component>
      <object_component id="oc-704">
         <name>.text:uDMAChannelAttributeEnable</name>
         <load_address>0x2000a794</load_address>
         <run_address>0x2000a794</run_address>
         <size>0x64</size>
         <input_file_ref idref="fl-f8"/>
      </object_component>
      <object_component id="oc-185">
         <name>.text</name>
         <load_address>0x2000a7f8</load_address>
         <run_address>0x2000a7f8</run_address>
         <size>0x60</size>
         <input_file_ref idref="fl-cd"/>
      </object_component>
      <object_component id="oc-524">
         <name>.text</name>
         <load_address>0x2000a858</load_address>
         <run_address>0x2000a858</run_address>
         <size>0x5c</size>
         <input_file_ref idref="fl-e0"/>
      </object_component>
      <object_component id="oc-422">
         <name>.text:IntPendClear</name>
         <load_address>0x2000a8b4</load_address>
         <run_address>0x2000a8b4</run_address>
         <size>0x58</size>
         <input_file_ref idref="fl-e8"/>
      </object_component>
      <object_component id="oc-2b6">
         <name>.text:PRCMPeripheralReset</name>
         <load_address>0x2000a90c</load_address>
         <run_address>0x2000a90c</run_address>
         <size>0x58</size>
         <input_file_ref idref="fl-ea"/>
      </object_component>
      <object_component id="oc-173">
         <name>.text</name>
         <load_address>0x2000a964</load_address>
         <run_address>0x2000a964</run_address>
         <size>0x58</size>
         <input_file_ref idref="fl-5"/>
      </object_component>
      <object_component id="oc-514">
         <name>.text</name>
         <load_address>0x2000a9bc</load_address>
         <run_address>0x2000a9bc</run_address>
         <size>0x56</size>
         <input_file_ref idref="fl-de"/>
      </object_component>
      <object_component id="oc-2d0">
         <name>.text:IntPrioritySet</name>
         <load_address>0x2000aa14</load_address>
         <run_address>0x2000aa14</run_address>
         <size>0x54</size>
         <input_file_ref idref="fl-e8"/>
      </object_component>
      <object_component id="oc-22a">
         <name>.text:_SlDrvRxIrqHandler</name>
         <load_address>0x2000aa68</load_address>
         <run_address>0x2000aa68</run_address>
         <size>0x54</size>
         <input_file_ref idref="fl-f0"/>
      </object_component>
      <object_component id="oc-6f6">
         <name>.text:_sl_HandleAsync_Select</name>
         <load_address>0x2000aabc</load_address>
         <run_address>0x2000aabc</run_address>
         <size>0x54</size>
         <input_file_ref idref="fl-f4"/>
      </object_component>
      <object_component id="oc-6e">
         <name>.text</name>
         <load_address>0x2000ab10</load_address>
         <run_address>0x2000ab10</run_address>
         <size>0x54</size>
         <input_file_ref idref="fl-c7"/>
      </object_component>
      <object_component id="oc-6b7">
         <name>.text:_sl_HandleAsync_Stop</name>
         <load_address>0x2000ab64</load_address>
         <run_address>0x2000ab64</run_address>
         <size>0x50</size>
         <input_file_ref idref="fl-ef"/>
      </object_component>
      <object_component id="oc-3ed">
         <name>.text:SPIIntEnable</name>
         <load_address>0x2000abb4</load_address>
         <run_address>0x2000abb4</run_address>
         <size>0x4c</size>
         <input_file_ref idref="fl-f7"/>
      </object_component>
      <object_component id="oc-5c6">
         <name>.text:SPIIntNumberGet</name>
         <load_address>0x2000ac00</load_address>
         <run_address>0x2000ac00</run_address>
         <size>0x4c</size>
         <input_file_ref idref="fl-f7"/>
      </object_component>
      <object_component id="oc-1fa">
         <name>.text:_SlDrvProtectAsyncRespSetting</name>
         <load_address>0x2000ac4c</load_address>
         <run_address>0x2000ac4c</run_address>
         <size>0x4c</size>
         <input_file_ref idref="fl-f0"/>
      </object_component>
      <object_component id="oc-337">
         <name>.text:_sl_BuildAddress</name>
         <load_address>0x2000ac98</load_address>
         <run_address>0x2000ac98</run_address>
         <size>0x4c</size>
         <input_file_ref idref="fl-f4"/>
      </object_component>
      <object_component id="oc-536">
         <name>.text</name>
         <load_address>0x2000ace4</load_address>
         <run_address>0x2000ace4</run_address>
         <size>0x4c</size>
         <input_file_ref idref="fl-d4"/>
      </object_component>
      <object_component id="oc-93">
         <name>.text</name>
         <load_address>0x2000ad30</load_address>
         <run_address>0x2000ad30</run_address>
         <size>0x4c</size>
         <input_file_ref idref="fl-d6"/>
      </object_component>
      <object_component id="oc-571">
         <name>.text:uDMAChannelAssign</name>
         <load_address>0x2000ad7c</load_address>
         <run_address>0x2000ad7c</run_address>
         <size>0x4c</size>
         <input_file_ref idref="fl-f8"/>
      </object_component>
      <object_component id="oc-4bc">
         <name>.text:GPIOGetIntNumber</name>
         <load_address>0x2000adc8</load_address>
         <run_address>0x2000adc8</run_address>
         <size>0x48</size>
         <input_file_ref idref="fl-e7"/>
      </object_component>
      <object_component id="oc-58e">
         <name>.text:SPIIntClear</name>
         <load_address>0x2000ae10</load_address>
         <run_address>0x2000ae10</run_address>
         <size>0x48</size>
         <input_file_ref idref="fl-f7"/>
      </object_component>
      <object_component id="oc-274">
         <name>.text:_SlDrvBasicCmd</name>
         <load_address>0x2000ae58</load_address>
         <run_address>0x2000ae58</run_address>
         <size>0x48</size>
         <input_file_ref idref="fl-f0"/>
      </object_component>
      <object_component id="oc-50f">
         <name>.text</name>
         <load_address>0x2000aea0</load_address>
         <run_address>0x2000aea0</run_address>
         <size>0x48</size>
         <input_file_ref idref="fl-dc"/>
      </object_component>
      <object_component id="oc-108">
         <name>.text:sl_NetAppMDNSUnRegisterService</name>
         <load_address>0x2000aee8</load_address>
         <run_address>0x2000aee8</run_address>
         <size>0x48</size>
         <input_file_ref idref="fl-f1"/>
      </object_component>
      <object_component id="oc-582">
         <name>.text:SPIDmaMaskGet</name>
         <load_address>0x2000af30</load_address>
         <run_address>0x2000af30</run_address>
         <size>0x44</size>
         <input_file_ref idref="fl-f7"/>
      </object_component>
      <object_component id="oc-71b">
         <name>.text:_SlDrvHandleHttpServerEvents</name>
         <load_address>0x2000af74</load_address>
         <run_address>0x2000af74</run_address>
         <size>0x44</size>
         <input_file_ref idref="fl-f0"/>
      </object_component>
      <object_component id="oc-212">
         <name>.text:_SlDrvSyncObjWaitTimeout</name>
         <load_address>0x2000afb8</load_address>
         <run_address>0x2000afb8</run_address>
         <size>0x44</size>
         <input_file_ref idref="fl-f0"/>
      </object_component>
      <object_component id="oc-6a7">
         <name>.text:cc_SetupTransfer</name>
         <load_address>0x2000affc</load_address>
         <run_address>0x2000affc</run_address>
         <size>0x44</size>
         <input_file_ref idref="fl-f6"/>
      </object_component>
      <object_component id="oc-191">
         <name>.text:sl_Close</name>
         <load_address>0x2000b040</load_address>
         <run_address>0x2000b040</run_address>
         <size>0x44</size>
         <input_file_ref idref="fl-f4"/>
      </object_component>
      <object_component id="oc-ed">
         <name>.text:sl_WlanProfileDel</name>
         <load_address>0x2000b084</load_address>
         <run_address>0x2000b084</run_address>
         <size>0x44</size>
         <input_file_ref idref="fl-f5"/>
      </object_component>
      <object_component id="oc-d5">
         <name>.text:sl_WlanSetMode</name>
         <load_address>0x2000b0c8</load_address>
         <run_address>0x2000b0c8</run_address>
         <size>0x44</size>
         <input_file_ref idref="fl-f5"/>
      </object_component>
      <object_component id="oc-15a">
         <name>.text:sl_Htonl</name>
         <load_address>0x2000b10c</load_address>
         <run_address>0x2000b10c</run_address>
         <size>0x42</size>
         <input_file_ref idref="fl-f4"/>
      </object_component>
      <object_component id="oc-4e1">
         <name>.text:PinModeSet</name>
         <load_address>0x2000b150</load_address>
         <run_address>0x2000b150</run_address>
         <size>0x40</size>
         <input_file_ref idref="fl-e9"/>
      </object_component>
      <object_component id="oc-662">
         <name>.text:_SlDrvHandleNetAppEvents</name>
         <load_address>0x2000b190</load_address>
         <run_address>0x2000b190</run_address>
         <size>0x40</size>
         <input_file_ref idref="fl-f0"/>
      </object_component>
      <object_component id="oc-65c">
         <name>.text:_SlDrvHandleWlanEvents</name>
         <load_address>0x2000b1d0</load_address>
         <run_address>0x2000b1d0</run_address>
         <size>0x40</size>
         <input_file_ref idref="fl-f0"/>
      </object_component>
      <object_component id="oc-382">
         <name>.text:_sl_TruncatePayloadByProtocol</name>
         <load_address>0x2000b210</load_address>
         <run_address>0x2000b210</run_address>
         <size>0x40</size>
         <input_file_ref idref="fl-f4"/>
      </object_component>
      <object_component id="oc-24">
         <name>.text</name>
         <load_address>0x2000b250</load_address>
         <run_address>0x2000b250</run_address>
         <size>0x40</size>
         <input_file_ref idref="fl-c3"/>
      </object_component>
      <object_component id="oc-206">
         <name>.text:NwpRegisterInterruptHandler</name>
         <load_address>0x2000b290</load_address>
         <run_address>0x2000b290</run_address>
         <size>0x3e</size>
         <input_file_ref idref="fl-f6"/>
      </object_component>
      <object_component id="oc-6e1">
         <name>.text:CopyPingResultsToReport</name>
         <load_address>0x2000b2ce</load_address>
         <run_address>0x2000b2ce</run_address>
         <size>0x3c</size>
         <input_file_ref idref="fl-f1"/>
      </object_component>
      <object_component id="oc-2b0">
         <name>.text:PRCMPeripheralClkEnable</name>
         <load_address>0x2000b30c</load_address>
         <run_address>0x2000b30c</run_address>
         <size>0x3c</size>
         <input_file_ref idref="fl-ea"/>
      </object_component>
      <object_component id="oc-154">
         <name>.text:sl_Htons</name>
         <load_address>0x2000b348</load_address>
         <run_address>0x2000b348</run_address>
         <size>0x3c</size>
         <input_file_ref idref="fl-f4"/>
      </object_component>
      <object_component id="oc-6fe">
         <name>.text:uDMAChannelControlSet</name>
         <load_address>0x2000b384</load_address>
         <run_address>0x2000b384</run_address>
         <size>0x3c</size>
         <input_file_ref idref="fl-f8"/>
      </object_component>
      <object_component id="oc-200">
         <name>.text:NwpPowerOff</name>
         <load_address>0x2000b3c0</load_address>
         <run_address>0x2000b3c0</run_address>
         <size>0x38</size>
         <input_file_ref idref="fl-f6"/>
      </object_component>
      <object_component id="oc-344">
         <name>.text:GPIODirModeSet</name>
         <load_address>0x2000b3f8</load_address>
         <run_address>0x2000b3f8</run_address>
         <size>0x36</size>
         <input_file_ref idref="fl-e7"/>
      </object_component>
      <object_component id="oc-3c9">
         <name>.text:PRCMPeripheralStatusGet</name>
         <load_address>0x2000b430</load_address>
         <run_address>0x2000b430</run_address>
         <size>0x34</size>
         <input_file_ref idref="fl-ea"/>
      </object_component>
      <object_component id="oc-3e1">
         <name>.text:SPIFIFOLevelSet</name>
         <load_address>0x2000b464</load_address>
         <run_address>0x2000b464</run_address>
         <size>0x34</size>
         <input_file_ref idref="fl-f7"/>
      </object_component>
      <object_component id="oc-33e">
         <name>.text:PinTypeGPIO</name>
         <load_address>0x2000b498</load_address>
         <run_address>0x2000b498</run_address>
         <size>0x30</size>
         <input_file_ref idref="fl-e9"/>
      </object_component>
      <object_component id="oc-51a">
         <name>.text</name>
         <load_address>0x2000b4c8</load_address>
         <run_address>0x2000b4c8</run_address>
         <size>0x2e</size>
         <input_file_ref idref="fl-dd"/>
      </object_component>
      <object_component id="oc-29e">
         <name>.text:PRCMSysResetCauseGet</name>
         <load_address>0x2000b4f8</load_address>
         <run_address>0x2000b4f8</run_address>
         <size>0x2c</size>
         <input_file_ref idref="fl-ea"/>
      </object_component>
      <object_component id="oc-46c">
         <name>.text:_SlDrvObjGlobalLockWaitForever</name>
         <load_address>0x2000b524</load_address>
         <run_address>0x2000b524</run_address>
         <size>0x2c</size>
         <input_file_ref idref="fl-f0"/>
      </object_component>
      <object_component id="oc-30f">
         <name>.text:_SlDrvProtectionObjLockWaitForever</name>
         <load_address>0x2000b550</load_address>
         <run_address>0x2000b550</run_address>
         <size>0x2c</size>
         <input_file_ref idref="fl-f0"/>
      </object_component>
      <object_component id="oc-2bc">
         <name>.text:PRCMPeripheralClkDisable</name>
         <load_address>0x2000b57c</load_address>
         <run_address>0x2000b57c</run_address>
         <size>0x28</size>
         <input_file_ref idref="fl-ea"/>
      </object_component>
      <object_component id="oc-472">
         <name>.text:_SlDrvGlobalObjUnLock</name>
         <load_address>0x2000b5a4</load_address>
         <run_address>0x2000b5a4</run_address>
         <size>0x28</size>
         <input_file_ref idref="fl-f0"/>
      </object_component>
      <object_component id="oc-315">
         <name>.text:_SlDrvProtectionObjUnLock</name>
         <load_address>0x2000b5cc</load_address>
         <run_address>0x2000b5cc</run_address>
         <size>0x28</size>
         <input_file_ref idref="fl-f0"/>
      </object_component>
      <object_component id="oc-31b">
         <name>.text:_SlDrvSyncObjWaitForever</name>
         <load_address>0x2000b5f4</load_address>
         <run_address>0x2000b5f4</run_address>
         <size>0x28</size>
         <input_file_ref idref="fl-f0"/>
      </object_component>
      <object_component id="oc-451">
         <name>.text</name>
         <load_address>0x2000b61c</load_address>
         <run_address>0x2000b61c</run_address>
         <size>0x26</size>
         <input_file_ref idref="fl-4"/>
      </object_component>
      <object_component id="oc-3ff">
         <name>.text:DmaSpiSwIntHandler</name>
         <load_address>0x2000b644</load_address>
         <run_address>0x2000b644</run_address>
         <size>0x24</size>
         <input_file_ref idref="fl-f6"/>
      </object_component>
      <object_component id="oc-41c">
         <name>.text:IntUnregister</name>
         <load_address>0x2000b668</load_address>
         <run_address>0x2000b668</run_address>
         <size>0x24</size>
         <input_file_ref idref="fl-e8"/>
      </object_component>
      <object_component id="oc-559">
         <name>.text:_SlDrvObjLockWaitForever</name>
         <load_address>0x2000b68c</load_address>
         <run_address>0x2000b68c</run_address>
         <size>0x24</size>
         <input_file_ref idref="fl-f0"/>
      </object_component>
      <object_component id="oc-363">
         <name>.text</name>
         <load_address>0x2000b6b0</load_address>
         <run_address>0x2000b6b0</run_address>
         <size>0x24</size>
         <input_file_ref idref="fl-c9"/>
      </object_component>
      <object_component id="oc-3b7">
         <name>.text:SPIReset</name>
         <load_address>0x2000b6d4</load_address>
         <run_address>0x2000b6d4</run_address>
         <size>0x22</size>
         <input_file_ref idref="fl-f7"/>
      </object_component>
      <object_component id="oc-649">
         <name>.text:SPIWordCountSet</name>
         <load_address>0x2000b6f6</load_address>
         <run_address>0x2000b6f6</run_address>
         <size>0x22</size>
         <input_file_ref idref="fl-f7"/>
      </object_component>
      <object_component id="oc-2e8">
         <name>.text:GPIOPinWrite</name>
         <load_address>0x2000b718</load_address>
         <run_address>0x2000b718</run_address>
         <size>0x20</size>
         <input_file_ref idref="fl-e7"/>
      </object_component>
      <object_component id="oc-3e7">
         <name>.text:IntRegister</name>
         <load_address>0x2000b738</load_address>
         <run_address>0x2000b738</run_address>
         <size>0x20</size>
         <input_file_ref idref="fl-e8"/>
      </object_component>
      <object_component id="oc-20c">
         <name>.text:NwpPowerOn</name>
         <load_address>0x2000b758</load_address>
         <run_address>0x2000b758</run_address>
         <size>0x20</size>
         <input_file_ref idref="fl-f6"/>
      </object_component>
      <object_component id="oc-55f">
         <name>.text:_SlDrvObjUnLock</name>
         <load_address>0x2000b778</load_address>
         <run_address>0x2000b778</run_address>
         <size>0x20</size>
         <input_file_ref idref="fl-f0"/>
      </object_component>
      <object_component id="oc-43d">
         <name>.text:_SlDrvSyncObjSignal</name>
         <load_address>0x2000b798</load_address>
         <run_address>0x2000b798</run_address>
         <size>0x20</size>
         <input_file_ref idref="fl-f0"/>
      </object_component>
      <object_component id="oc-f3">
         <name>.text:sl_WlanDisconnect</name>
         <load_address>0x2000b7b8</load_address>
         <run_address>0x2000b7b8</run_address>
         <size>0x20</size>
         <input_file_ref idref="fl-f5"/>
      </object_component>
      <object_component id="oc-2d6">
         <name>.text:GPIOIntRegister</name>
         <load_address>0x2000b7d8</load_address>
         <run_address>0x2000b7d8</run_address>
         <size>0x1e</size>
         <input_file_ref idref="fl-e7"/>
      </object_component>
      <object_component id="oc-35d">
         <name>.text:UARTCharPut</name>
         <load_address>0x2000b7f6</load_address>
         <run_address>0x2000b7f6</run_address>
         <size>0x1e</size>
         <input_file_ref idref="fl-eb"/>
      </object_component>
      <object_component id="oc-3cf">
         <name>.text:cc_UDMAChannelSelect</name>
         <load_address>0x2000b814</load_address>
         <run_address>0x2000b814</run_address>
         <size>0x1e</size>
         <input_file_ref idref="fl-f6"/>
      </object_component>
      <object_component id="oc-357">
         <name>.text:UARTCharGetNonBlocking</name>
         <load_address>0x2000b832</load_address>
         <run_address>0x2000b832</run_address>
         <size>0x1c</size>
         <input_file_ref idref="fl-eb"/>
      </object_component>
      <object_component id="oc-53c">
         <name>.text</name>
         <load_address>0x2000b84e</load_address>
         <run_address>0x2000b84e</run_address>
         <size>0x1c</size>
         <input_file_ref idref="fl-df"/>
      </object_component>
      <object_component id="oc-710">
         <name>.text:uDMAChannelEnable</name>
         <load_address>0x2000b86c</load_address>
         <run_address>0x2000b86c</run_address>
         <size>0x1c</size>
         <input_file_ref idref="fl-f8"/>
      </object_component>
      <object_component id="oc-2e2">
         <name>.text:GPIOIntEnable</name>
         <load_address>0x2000b888</load_address>
         <run_address>0x2000b888</run_address>
         <size>0x1a</size>
         <input_file_ref idref="fl-e7"/>
      </object_component>
      <object_component id="oc-34a">
         <name>.text:PinTypeUART</name>
         <load_address>0x2000b8a2</load_address>
         <run_address>0x2000b8a2</run_address>
         <size>0x1a</size>
         <input_file_ref idref="fl-e9"/>
      </object_component>
      <object_component id="oc-495">
         <name>.text:SPIDmaDisable</name>
         <load_address>0x2000b8bc</load_address>
         <run_address>0x2000b8bc</run_address>
         <size>0x1a</size>
         <input_file_ref idref="fl-f7"/>
      </object_component>
      <object_component id="oc-3db">
         <name>.text:SPIDmaEnable</name>
         <load_address>0x2000b8d6</load_address>
         <run_address>0x2000b8d6</run_address>
         <size>0x1a</size>
         <input_file_ref idref="fl-f7"/>
      </object_component>
      <object_component id="oc-48f">
         <name>.text:SPIFIFODisable</name>
         <load_address>0x2000b8f0</load_address>
         <run_address>0x2000b8f0</run_address>
         <size>0x1a</size>
         <input_file_ref idref="fl-f7"/>
      </object_component>
      <object_component id="oc-3d5">
         <name>.text:SPIFIFOEnable</name>
         <load_address>0x2000b90a</load_address>
         <run_address>0x2000b90a</run_address>
         <size>0x1a</size>
         <input_file_ref idref="fl-f7"/>
      </object_component>
      <object_component id="oc-489">
         <name>.text:SPIIntUnregister</name>
         <load_address>0x2000b924</load_address>
         <run_address>0x2000b924</run_address>
         <size>0x1a</size>
         <input_file_ref idref="fl-f7"/>
      </object_component>
      <object_component id="oc-2f4">
         <name>.text:GPIOPinRead</name>
         <load_address>0x2000b93e</load_address>
         <run_address>0x2000b93e</run_address>
         <size>0x18</size>
         <input_file_ref idref="fl-e7"/>
      </object_component>
      <object_component id="oc-3ab">
         <name>.text:SPICSDisable</name>
         <load_address>0x2000b956</load_address>
         <run_address>0x2000b956</run_address>
         <size>0x18</size>
         <input_file_ref idref="fl-f7"/>
      </object_component>
      <object_component id="oc-643">
         <name>.text:SPICSEnable</name>
         <load_address>0x2000b96e</load_address>
         <run_address>0x2000b96e</run_address>
         <size>0x18</size>
         <input_file_ref idref="fl-f7"/>
      </object_component>
      <object_component id="oc-3b1">
         <name>.text:SPIDisable</name>
         <load_address>0x2000b986</load_address>
         <run_address>0x2000b986</run_address>
         <size>0x18</size>
         <input_file_ref idref="fl-f7"/>
      </object_component>
      <object_component id="oc-3f3">
         <name>.text:SPIEnable</name>
         <load_address>0x2000b99e</load_address>
         <run_address>0x2000b99e</run_address>
         <size>0x18</size>
         <input_file_ref idref="fl-f7"/>
      </object_component>
      <object_component id="oc-351">
         <name>.text:UARTCharsAvail</name>
         <load_address>0x2000b9b6</load_address>
         <run_address>0x2000b9b6</run_address>
         <size>0x18</size>
         <input_file_ref idref="fl-eb"/>
      </object_component>
      <object_component id="oc-39a">
         <name>.text:_SlNonOsSemSet</name>
         <load_address>0x2000b9ce</load_address>
         <run_address>0x2000b9ce</run_address>
         <size>0x18</size>
         <input_file_ref idref="fl-f3"/>
      </object_component>
      <object_component id="oc-21e">
         <name>.text:_sl_GetStartResponseConvert</name>
         <load_address>0x2000b9e8</load_address>
         <run_address>0x2000b9e8</run_address>
         <size>0x18</size>
         <input_file_ref idref="fl-ef"/>
      </object_component>
      <object_component id="oc-68">
         <name>.text</name>
         <load_address>0x2000ba00</load_address>
         <run_address>0x2000ba00</run_address>
         <size>0x18</size>
         <input_file_ref idref="fl-d3"/>
      </object_component>
      <object_component id="oc-2a4">
         <name>.text:PRCMHIBRegRead</name>
         <load_address>0x2000ba18</load_address>
         <run_address>0x2000ba18</run_address>
         <size>0x16</size>
         <input_file_ref idref="fl-ea"/>
      </object_component>
      <object_component id="oc-2aa">
         <name>.text:PRCMHIBRegWrite</name>
         <load_address>0x2000ba2e</load_address>
         <run_address>0x2000ba2e</run_address>
         <size>0x16</size>
         <input_file_ref idref="fl-ea"/>
      </object_component>
      <object_component id="oc-2c3">
         <name>.text:_SlDrvMemZero</name>
         <load_address>0x2000ba44</load_address>
         <run_address>0x2000ba44</run_address>
         <size>0x16</size>
         <input_file_ref idref="fl-f0"/>
      </object_component>
      <object_component id="oc-530">
         <name>.text</name>
         <load_address>0x2000ba5a</load_address>
         <run_address>0x2000ba5a</run_address>
         <size>0x16</size>
         <input_file_ref idref="fl-e3"/>
      </object_component>
      <object_component id="oc-293">
         <name>.text:CPUcpsie</name>
         <load_address>0x2000ba70</load_address>
         <run_address>0x2000ba70</run_address>
         <size>0x14</size>
         <input_file_ref idref="fl-ed"/>
      </object_component>
      <object_component id="oc-2dc">
         <name>.text:GPIOIntClear</name>
         <load_address>0x2000ba84</load_address>
         <run_address>0x2000ba84</run_address>
         <size>0x14</size>
         <input_file_ref idref="fl-e7"/>
      </object_component>
      <object_component id="oc-114">
         <name>.text:IntVTableBaseSet</name>
         <load_address>0x2000ba98</load_address>
         <run_address>0x2000ba98</run_address>
         <size>0x14</size>
         <input_file_ref idref="fl-e8"/>
      </object_component>
      <object_component id="oc-1bb">
         <name>.text</name>
         <load_address>0x2000baac</load_address>
         <run_address>0x2000baac</run_address>
         <size>0x14</size>
         <input_file_ref idref="fl-d1"/>
      </object_component>
      <object_component id="oc-17f">
         <name>.text</name>
         <load_address>0x2000bac0</load_address>
         <run_address>0x2000bac0</run_address>
         <size>0x14</size>
         <input_file_ref idref="fl-cf"/>
      </object_component>
      <object_component id="oc-148">
         <name>.text</name>
         <load_address>0x2000bad4</load_address>
         <run_address>0x2000bad4</run_address>
         <size>0x14</size>
         <input_file_ref idref="fl-d0"/>
      </object_component>
      <object_component id="oc-6d4">
         <name>.text:_SlDrvDispatchHttpServerEvents</name>
         <load_address>0x2000bae8</load_address>
         <run_address>0x2000bae8</run_address>
         <size>0x10</size>
         <input_file_ref idref="fl-f0"/>
      </object_component>
      <object_component id="oc-266">
         <name>.text:_SlDrvResetCmdExt</name>
         <load_address>0x2000baf8</load_address>
         <run_address>0x2000baf8</run_address>
         <size>0xe</size>
         <input_file_ref idref="fl-f0"/>
      </object_component>
      <object_component id="oc-18">
         <name>.text:decompress:none</name>
         <load_address>0x2000bb06</load_address>
         <run_address>0x2000bb06</run_address>
         <size>0xe</size>
         <input_file_ref idref="fl-c5"/>
      </object_component>
      <object_component id="oc-2a">
         <name>.text</name>
         <load_address>0x2000bb14</load_address>
         <run_address>0x2000bb14</run_address>
         <size>0xe</size>
         <input_file_ref idref="fl-6"/>
      </object_component>
      <object_component id="oc-40f">
         <name>.text:NwpMaskInterrupt</name>
         <load_address>0x2000bb24</load_address>
         <run_address>0x2000bb24</run_address>
         <size>0xc</size>
         <input_file_ref idref="fl-f6"/>
      </object_component>
      <object_component id="oc-429">
         <name>.text:NwpUnMaskInterrupt</name>
         <load_address>0x2000bb30</load_address>
         <run_address>0x2000bb30</run_address>
         <size>0xc</size>
         <input_file_ref idref="fl-f6"/>
      </object_component>
      <object_component id="oc-1e">
         <name>.text:decompress:ZI</name>
         <load_address>0x2000bb3c</load_address>
         <run_address>0x2000bb3c</run_address>
         <size>0xc</size>
         <input_file_ref idref="fl-c6"/>
      </object_component>
      <object_component id="oc-11a">
         <name>.text:IntMasterEnable</name>
         <load_address>0x2000bb48</load_address>
         <run_address>0x2000bb48</run_address>
         <size>0xa</size>
         <input_file_ref idref="fl-e8"/>
      </object_component>
      <object_component id="oc-5f9">
         <name>.text</name>
         <load_address>0x2000bb52</load_address>
         <run_address>0x2000bb52</run_address>
         <size>0x8</size>
         <input_file_ref idref="fl-e6"/>
      </object_component>
      <object_component id="oc-138">
         <name>.text:UtilsDelay</name>
         <load_address>0x2000bb5a</load_address>
         <run_address>0x2000bb5a</run_address>
         <size>0x6</size>
         <input_file_ref idref="fl-ec"/>
      </object_component>
      <object_component id="oc-5c">
         <name>.text</name>
         <load_address>0x2000bb60</load_address>
         <run_address>0x2000bb60</run_address>
         <size>0x4</size>
         <input_file_ref idref="fl-cc"/>
      </object_component>
      <object_component id="oc-606">
         <name>.const:.string:_ctypes_</name>
         <load_address>0x2000bb64</load_address>
         <run_address>0x2000bb64</run_address>
         <size>0x101</size>
         <input_file_ref idref="fl-d7"/>
      </object_component>
      <object_component id="oc-5df">
         <name>.const:g_ulPinToPadMap</name>
         <load_address>0x2000bc68</load_address>
         <run_address>0x2000bc68</run_address>
         <size>0x100</size>
         <input_file_ref idref="fl-e9"/>
      </object_component>
      <object_component id="oc-4b8">
         <name>.const:g_pulRegs</name>
         <load_address>0x2000bd68</load_address>
         <run_address>0x2000bd68</run_address>
         <size>0xd4</size>
         <input_file_ref idref="fl-e8"/>
      </object_component>
      <object_component id="oc-4af">
         <name>.const:PRCM_PeriphRegsList</name>
         <load_address>0x2000be3c</load_address>
         <run_address>0x2000be3c</run_address>
         <size>0xa8</size>
         <input_file_ref idref="fl-ea"/>
      </object_component>
      <object_component id="oc-29a">
         <name>.const</name>
         <load_address>0x2000bee4</load_address>
         <run_address>0x2000bee4</run_address>
         <size>0x80</size>
         <input_file_ref idref="fl-e8"/>
      </object_component>
      <object_component id="oc-639">
         <name>.const:OpcodeTranslateTable</name>
         <load_address>0x2000bf64</load_address>
         <run_address>0x2000bf64</run_address>
         <size>0x3c</size>
         <input_file_ref idref="fl-f0"/>
      </object_component>
      <object_component id="oc-247">
         <name>.const</name>
         <load_address>0x2000bfa0</load_address>
         <run_address>0x2000bfa0</run_address>
         <size>0x3c</size>
         <input_file_ref idref="fl-f5"/>
      </object_component>
      <object_component id="oc-6a1">
         <name>.const:_SlActionLookupTable</name>
         <load_address>0x2000bfdc</load_address>
         <run_address>0x2000bfdc</run_address>
         <size>0x38</size>
         <input_file_ref idref="fl-f0"/>
      </object_component>
      <object_component id="oc-5c1">
         <name>.const</name>
         <load_address>0x2000c014</load_address>
         <run_address>0x2000c014</run_address>
         <size>0x38</size>
         <input_file_ref idref="fl-f0"/>
      </object_component>
      <object_component id="oc-32d">
         <name>.const</name>
         <load_address>0x2000c04c</load_address>
         <run_address>0x2000c04c</run_address>
         <size>0x34</size>
         <input_file_ref idref="fl-f4"/>
      </object_component>
      <object_component id="oc-286">
         <name>.const:.string</name>
         <load_address>0x2000c080</load_address>
         <run_address>0x2000c080</run_address>
         <size>0x30</size>
         <input_file_ref idref="fl-3"/>
      </object_component>
      <object_component id="oc-139">
         <name>.const:$P$T0$1</name>
         <load_address>0x2000c0b0</load_address>
         <run_address>0x2000c0b0</run_address>
         <size>0x2c</size>
         <input_file_ref idref="fl-3"/>
      </object_component>
      <object_component id="oc-321">
         <name>.const</name>
         <load_address>0x2000c0dc</load_address>
         <run_address>0x2000c0dc</run_address>
         <size>0x28</size>
         <input_file_ref idref="fl-f1"/>
      </object_component>
      <object_component id="oc-66a">
         <name>.const:g_ppulSPIIntMap</name>
         <load_address>0x2000c104</load_address>
         <run_address>0x2000c104</run_address>
         <size>0x24</size>
         <input_file_ref idref="fl-f7"/>
      </object_component>
      <object_component id="oc-25d">
         <name>.const</name>
         <load_address>0x2000c128</load_address>
         <run_address>0x2000c128</run_address>
         <size>0x1c</size>
         <input_file_ref idref="fl-ef"/>
      </object_component>
      <object_component id="oc-61a">
         <name>.const</name>
         <load_address>0x2000c144</load_address>
         <run_address>0x2000c144</run_address>
         <size>0x18</size>
         <input_file_ref idref="fl-f7"/>
      </object_component>
      <object_component id="oc-13c">
         <name>.const:$P$T1$2</name>
         <load_address>0x2000c15c</load_address>
         <run_address>0x2000c15c</run_address>
         <size>0x14</size>
         <input_file_ref idref="fl-3"/>
      </object_component>
      <object_component id="oc-555">
         <name>.const:.string</name>
         <load_address>0x2000c170</load_address>
         <run_address>0x2000c170</run_address>
         <size>0x10</size>
         <input_file_ref idref="fl-f4"/>
      </object_component>
      <object_component id="oc-145">
         <name>.const:$P$T2$3</name>
         <load_address>0x2000c180</load_address>
         <run_address>0x2000c180</run_address>
         <size>0xc</size>
         <input_file_ref idref="fl-3"/>
      </object_component>
      <object_component id="oc-27b">
         <name>.const</name>
         <load_address>0x2000c18c</load_address>
         <run_address>0x2000c18c</run_address>
         <size>0x8</size>
         <input_file_ref idref="fl-f2"/>
      </object_component>
      <object_component id="oc-75c">
         <name>.cinit..data.load</name>
         <load_address>0x2000c198</load_address>
         <run_address>0x2000c198</run_address>
         <size>0x32</size>
      </object_component>
      <object_component id="oc-75a">
         <name>__TI_handler_table</name>
         <load_address>0x2000c1cc</load_address>
         <run_address>0x2000c1cc</run_address>
         <size>0xc</size>
      </object_component>
      <object_component id="oc-75d">
         <name>.cinit..bss.load</name>
         <load_address>0x2000c1d8</load_address>
         <run_address>0x2000c1d8</run_address>
         <size>0x8</size>
      </object_component>
      <object_component id="oc-75b">
         <name>__TI_cinit_table</name>
         <load_address>0x2000c1e0</load_address>
         <run_address>0x2000c1e0</run_address>
         <size>0x10</size>
      </object_component>
      <object_component id="oc-2fc">
         <name>.data:ulReg</name>
         <load_address>0x20017258</load_address>
         <run_address>0x20017258</run_address>
         <size>0x14</size>
         <input_file_ref idref="fl-2"/>
      </object_component>
      <object_component id="oc-2ee">
         <name>.data</name>
         <load_address>0x20017298</load_address>
         <run_address>0x20017298</run_address>
         <size>0xc</size>
         <input_file_ref idref="fl-2"/>
      </object_component>
      <object_component id="oc-105">
         <name>.data</name>
         <load_address>0x2001726c</load_address>
         <run_address>0x2001726c</run_address>
         <size>0x10</size>
         <input_file_ref idref="fl-3"/>
      </object_component>
      <object_component id="oc-a9">
         <name>.data:$O1$$</name>
         <load_address>0x2001728c</load_address>
         <run_address>0x2001728c</run_address>
         <size>0xc</size>
         <input_file_ref idref="fl-c7"/>
      </object_component>
      <object_component id="oc-74">
         <name>.data</name>
         <load_address>0x200172bc</load_address>
         <run_address>0x200172bc</run_address>
         <size>0x4</size>
         <input_file_ref idref="fl-ce"/>
      </object_component>
      <object_component id="oc-ac">
         <name>.data:$O1$$</name>
         <load_address>0x200172b0</load_address>
         <run_address>0x200172b0</run_address>
         <size>0x8</size>
         <input_file_ref idref="fl-d1"/>
      </object_component>
      <object_component id="oc-5ff">
         <name>.data</name>
         <load_address>0x200172b8</load_address>
         <run_address>0x200172b8</run_address>
         <size>0x4</size>
         <input_file_ref idref="fl-e5"/>
      </object_component>
      <object_component id="oc-227">
         <name>.data</name>
         <load_address>0x2001727c</load_address>
         <run_address>0x2001727c</run_address>
         <size>0xd</size>
         <input_file_ref idref="fl-f0"/>
      </object_component>
      <object_component id="oc-23c">
         <name>.data:g__SlNonOsCB</name>
         <load_address>0x2001721c</load_address>
         <run_address>0x2001721c</run_address>
         <size>0x3c</size>
         <input_file_ref idref="fl-f3"/>
      </object_component>
      <object_component id="oc-3f9">
         <name>.data</name>
         <load_address>0x200172a4</load_address>
         <run_address>0x200172a4</run_address>
         <size>0x9</size>
         <input_file_ref idref="fl-f6"/>
      </object_component>
      <object_component id="oc-369">
         <name>.bss</name>
         <uninitialized>true</uninitialized>
         <run_address>0x20017210</run_address>
         <size>0x4</size>
         <input_file_ref idref="fl-7"/>
      </object_component>
      <object_component id="oc-3a6">
         <name>.bss:g_StatMem</name>
         <uninitialized>true</uninitialized>
         <run_address>0x20017000</run_address>
         <size>0x168</size>
         <input_file_ref idref="fl-f0"/>
      </object_component>
      <object_component id="oc-3fc">
         <name>.bss:g_ucDinDout</name>
         <uninitialized>true</uninitialized>
         <run_address>0x20017168</run_address>
         <size>0x50</size>
         <input_file_ref idref="fl-f6"/>
      </object_component>
      <object_component id="oc-2f1">
         <name>.common:g_ucLED1Pin</name>
         <uninitialized>true</uninitialized>
         <run_address>0x20017217</run_address>
         <size>0x1</size>
      </object_component>
      <object_component id="oc-2fa">
         <name>.common:g_ucLED2Pin</name>
         <uninitialized>true</uninitialized>
         <run_address>0x20017218</run_address>
         <size>0x1</size>
      </object_component>
      <object_component id="oc-2fb">
         <name>.common:g_ucLED3Pin</name>
         <uninitialized>true</uninitialized>
         <run_address>0x20017219</run_address>
         <size>0x1</size>
      </object_component>
      <object_component id="oc-c5">
         <name>.common:g_ucConnectionSSID</name>
         <uninitialized>true</uninitialized>
         <run_address>0x200171e4</run_address>
         <size>0x24</size>
      </object_component>
      <object_component id="oc-c8">
         <name>.common:g_ucConnectionBSSID</name>
         <uninitialized>true</uninitialized>
         <run_address>0x20017208</run_address>
         <size>0x8</size>
      </object_component>
      <object_component id="oc-172">
         <name>.common:g_time</name>
         <uninitialized>true</uninitialized>
         <run_address>0x200171b8</run_address>
         <size>0x2c</size>
      </object_component>
      <object_component id="oc-3a9">
         <name>.common:RxIrqCnt</name>
         <uninitialized>true</uninitialized>
         <run_address>0x20017214</run_address>
         <size>0x1</size>
      </object_component>
      <object_component id="oc-224">
         <name>.common:g_bDeviceRestartIsRequired</name>
         <uninitialized>true</uninitialized>
         <run_address>0x20017215</run_address>
         <size>0x1</size>
      </object_component>
      <object_component id="oc-405">
         <name>.common:g_cDummy</name>
         <uninitialized>true</uninitialized>
         <run_address>0x20017216</run_address>
         <size>0x1</size>
      </object_component>
      <object_component id="oc-29">
         <name>.stack</name>
         <uninitialized>true</uninitialized>
         <run_address>0x2002f000</run_address>
         <size>0x0</size>
         <input_file_ref idref="fl-c3"/>
      </object_component>
      <object_component id="oc-75e">
         <name>.stack</name>
         <uninitialized>true</uninitialized>
         <run_address>0x2002f000</run_address>
[...]
         <object_component_ref idref="oc-2bc"/>
      </symbol>
      <symbol id="sm-787">
         <name>PRCMHIBRegRead</name>
         <value>0x2000ba19</value>
         <object_component_ref idref="oc-2a4"/>
      </symbol>
      <symbol id="sm-7a6">
         <name>UARTCharsAvail</name>
         <value>0x2000b9b7</value>
         <object_component_ref idref="oc-351"/>
      </symbol>
      <symbol id="sm-7a7">
         <name>UARTCharGetNonBlocking</name>
         <value>0x2000b833</value>
         <object_component_ref idref="oc-357"/>
      </symbol>
      <symbol id="sm-7a8">
         <name>UARTCharPut</name>
         <value>0x2000b7f7</value>
         <object_component_ref idref="oc-35d"/>
      </symbol>
      <symbol id="sm-7ac">
         <name>UtilsDelay</name>
         <value>0x2000bb5b</value>
         <object_component_ref idref="oc-138"/>
      </symbol>
      <symbol id="sm-7b6">
         <name>CPUcpsie</name>
         <value>0x2000ba71</value>
         <object_component_ref idref="oc-293"/>
      </symbol>
      <symbol id="sm-85e">
         <name>_sl_HandleAsync_InitComplete</name>
         <value>0x20009e15</value>
         <object_component_ref idref="oc-6b1"/>
      </symbol>
      <symbol id="sm-85f">
         <name>_SlDrvDeviceEventHandler</name>
         <value>0x200096f5</value>
         <object_component_ref idref="oc-656"/>
      </symbol>
      <symbol id="sm-860">
         <name>_sl_HandleAsync_Stop</name>
         <value>0x2000ab65</value>
         <object_component_ref idref="oc-6b7"/>
      </symbol>
      <symbol id="sm-861">
         <name>sl_DevSet</name>
         <value>0x20009f95</value>
         <object_component_ref idref="oc-13f"/>
      </symbol>
      <symbol id="sm-862">
         <name>sl_Stop</name>
         <value>0x20008bb5</value>
         <object_component_ref idref="oc-db"/>
      </symbol>
      <symbol id="sm-863">
         <name>sl_Start</name>
         <value>0x20008c99</value>
         <object_component_ref idref="oc-c9"/>
      </symbol>
      <symbol id="sm-864">
         <name>sl_DevGet</name>
         <value>0x20009311</value>
         <object_component_ref idref="oc-e1"/>
      </symbol>
      <symbol id="sm-b0f">
         <name>RxIrqCnt</name>
         <value>0x20017214</value>
      </symbol>
      <symbol id="sm-b10">
         <name>g_bDeviceRestartIsRequired</name>
         <value>0x20017215</value>
      </symbol>
      <symbol id="sm-b11">
         <name>_SlDrvProtectionObjUnLock</name>
         <value>0x2000b5cd</value>
         <object_component_ref idref="oc-315"/>
      </symbol>
      <symbol id="sm-b12">
         <name>_SlDrvBasicCmd</name>
         <value>0x2000ae59</value>
         <object_component_ref idref="oc-274"/>
      </symbol>
      <symbol id="sm-b13">
         <name>_SlDrvObjUnLock</name>
         <value>0x2000b779</value>
         <object_component_ref idref="oc-55f"/>
      </symbol>
      <symbol id="sm-b14">
         <name>_SlDrvObjLockWaitForever</name>
         <value>0x2000b68d</value>
         <object_component_ref idref="oc-559"/>
      </symbol>
      <symbol id="sm-b15">
         <name>_SlDrvMsgReadSpawnCtx</name>
         <value>0x20008e55</value>
         <object_component_ref idref="oc-45f"/>
      </symbol>
      <symbol id="sm-b16">
         <name>_SlDrvDispatchHttpServerEvents</name>
         <value>0x2000bae9</value>
         <object_component_ref idref="oc-6d4"/>
      </symbol>
      <symbol id="sm-b17">
         <name>_SlDrvHandleNetAppEvents</name>
         <value>0x2000b191</value>
         <object_component_ref idref="oc-662"/>
      </symbol>
      <symbol id="sm-b18">
         <name>_SlDriverHandleError</name>
         <value>0x20009515</value>
         <object_component_ref idref="oc-430"/>
      </symbol>
      <symbol id="sm-b19">
         <name>_SlDrvDriverCBDeinit</name>
         <value>0x200084b1</value>
         <object_component_ref idref="oc-257"/>
      </symbol>
      <symbol id="sm-b1a">
         <name>_SlDrvResetCmdExt</name>
         <value>0x2000baf9</value>
         <object_component_ref idref="oc-266"/>
      </symbol>
      <symbol id="sm-b1b">
         <name>_SlDrvProtectAsyncRespSetting</name>
         <value>0x2000ac4d</value>
         <object_component_ref idref="oc-1fa"/>
      </symbol>
      <symbol id="sm-b1c">
         <name>_SlDrvReleasePoolObj</name>
         <value>0x20007045</value>
         <object_component_ref idref="oc-218"/>
      </symbol>
      <symbol id="sm-b1d">
         <name>_SlDrvHandleWlanEvents</name>
         <value>0x2000b1d1</value>
         <object_component_ref idref="oc-65c"/>
      </symbol>
      <symbol id="sm-b1e">
         <name>OpcodeTranslateTable</name>
         <value>0x2000bf64</value>
         <object_component_ref idref="oc-639"/>
      </symbol>
      <symbol id="sm-b1f">
         <name>pPingCallBackFunc</name>
         <value>0x20017284</value>
         <object_component_ref idref="oc-227"/>
      </symbol>
      <symbol id="sm-b20">
         <name>_SlDrvDriverCBInit</name>
         <value>0x200073cd</value>
         <object_component_ref idref="oc-1ee"/>
      </symbol>
      <symbol id="sm-b21">
         <name>g_pCB</name>
         <value>0x20017280</value>
         <object_component_ref idref="oc-227"/>
      </symbol>
      <symbol id="sm-b22">
         <name>_SlDrvProtectionObjLockWaitForever</name>
         <value>0x2000b551</value>
         <object_component_ref idref="oc-30f"/>
      </symbol>
      <symbol id="sm-b23">
         <name>_SlDrvCmdOp</name>
         <value>0x20009251</value>
         <object_component_ref idref="oc-241"/>
      </symbol>
      <symbol id="sm-b24">
         <name>_SlDrvSyncObjWaitTimeout</name>
         <value>0x2000afb9</value>
         <object_component_ref idref="oc-212"/>
      </symbol>
      <symbol id="sm-b25">
         <name>_SlDrvGlobalObjUnLock</name>
         <value>0x2000b5a5</value>
         <object_component_ref idref="oc-472"/>
      </symbol>
      <symbol id="sm-b26">
         <name>_SlDrvMemZero</name>
         <value>0x2000ba45</value>
         <object_component_ref idref="oc-2c3"/>
      </symbol>
      <symbol id="sm-b27">
         <name>_SlDrvWaitForPoolObj</name>
         <value>0x2000771d</value>
         <object_component_ref idref="oc-309"/>
      </symbol>
      <symbol id="sm-b28">
         <name>_SlDrvSyncObjSignal</name>
         <value>0x2000b799</value>
         <object_component_ref idref="oc-43d"/>
      </symbol>
      <symbol id="sm-b29">
         <name>_SlDrvDataReadOp</name>
         <value>0x20006e61</value>
         <object_component_ref idref="oc-390"/>
      </symbol>
      <symbol id="sm-b2a">
         <name>_SlDrvDataWriteOp</name>
         <value>0x20007e8d</value>
         <object_component_ref idref="oc-388"/>
      </symbol>
      <symbol id="sm-b2b">
         <name>_SlDrvRxIrqHandler</name>
         <value>0x2000aa69</value>
         <object_component_ref idref="oc-22a"/>
      </symbol>
      <symbol id="sm-b2c">
         <name>_SlDrvHandleHttpServerEvents</name>
         <value>0x2000af75</value>
         <object_component_ref idref="oc-71b"/>
      </symbol>
      <symbol id="sm-b2d">
         <name>_SlDrvSyncObjWaitForever</name>
         <value>0x2000b5f5</value>
         <object_component_ref idref="oc-31b"/>
      </symbol>
      <symbol id="sm-b2e">
         <name>_SlDrvCmdSend</name>
         <value>0x2000a4bd</value>
         <object_component_ref idref="oc-722"/>
      </symbol>
      <symbol id="sm-b2f">
         <name>_SlActionLookupTable</name>
         <value>0x2000bfdc</value>
         <object_component_ref idref="oc-6a1"/>
      </symbol>
      <symbol id="sm-bd2">
         <name>sl_NetAppMDNSUnRegisterService</name>
         <value>0x2000aee9</value>
         <object_component_ref idref="oc-108"/>
      </symbol>
      <symbol id="sm-bd3">
         <name>_SlNetAppSendTokenValueCmdCtrl</name>
         <value>0x2000c0f8</value>
         <object_component_ref idref="oc-321"/>
      </symbol>
      <symbol id="sm-bd4">
         <name>sl_NetAppDnsGetHostByName</name>
         <value>0x2000825d</value>
         <object_component_ref idref="oc-14e"/>
      </symbol>
      <symbol id="sm-bd5">
         <name>_sl_HandleAsync_DnsGetHostByName</name>
         <value>0x200098bd</value>
         <object_component_ref idref="oc-6c8"/>
      </symbol>
      <symbol id="sm-bd6">
         <name>_sl_HandleAsync_PingResponse</name>
         <value>0x2000994d</value>
         <object_component_ref idref="oc-68d"/>
      </symbol>
      <symbol id="sm-bd7">
         <name>_SlDrvNetAppEventHandler</name>
         <value>0x200086ed</value>
         <object_component_ref idref="oc-687"/>
      </symbol>
      <symbol id="sm-bd8">
         <name>_sl_HandleAsync_DnsGetHostByService</name>
         <value>0x20008ff9</value>
         <object_component_ref idref="oc-6ce"/>
      </symbol>
      <symbol id="sm-bd9">
         <name>_sl_NetAppSendTokenValue</name>
         <value>0x2000a529</value>
         <object_component_ref idref="oc-6da"/>
      </symbol>
      <symbol id="sm-bda">
         <name>sl_NetAppMDNSRegisterUnregisterService</name>
         <value>0x200090c5</value>
         <object_component_ref idref="oc-289"/>
      </symbol>
      <symbol id="sm-bfb">
         <name>sl_NetCfgSet</name>
         <value>0x2000a011</value>
         <object_component_ref idref="oc-f9"/>
      </symbol>
      <symbol id="sm-c3a">
         <name>_SlNonOsSemSet</name>
         <value>0x2000b9cf</value>
         <object_component_ref idref="oc-39a"/>
      </symbol>
      <symbol id="sm-c3b">
         <name>_SlNonOsSpawn</name>
         <value>0x2000a669</value>
         <object_component_ref idref="oc-459"/>
      </symbol>
      <symbol id="sm-c3c">
         <name>_SlNonOsSemGet</name>
         <value>0x2000a201</value>
         <object_component_ref idref="oc-3a0"/>
      </symbol>
      <symbol id="sm-c3d">
         <name>_SlNonOsMainLoopTask</name>
         <value>0x2000a369</value>
         <object_component_ref idref="oc-cf"/>
      </symbol>
      <symbol id="sm-c3e">
         <name>g__SlNonOsCB</name>
         <value>0x2001721c</value>
         <object_component_ref idref="oc-23c"/>
      </symbol>
      <symbol id="sm-d22">
         <name>sl_Recv</name>
         <value>0x20009b7d</value>
         <object_component_ref idref="oc-197"/>
      </symbol>
      <symbol id="sm-d23">
         <name>sl_Send</name>
         <value>0x200085d5</value>
         <object_component_ref idref="oc-18b"/>
      </symbol>
      <symbol id="sm-d24">
         <name>_sl_HandleAsync_Connect</name>
         <value>0x20009d95</value>
         <object_component_ref idref="oc-6f0"/>
      </symbol>
      <symbol id="sm-d25">
         <name>sl_Htonl</name>
         <value>0x2000b10d</value>
         <object_component_ref idref="oc-15a"/>
      </symbol>
      <symbol id="sm-d26">
         <name>sl_Htons</name>
         <value>0x2000b349</value>
         <object_component_ref idref="oc-154"/>
      </symbol>
      <symbol id="sm-d27">
         <name>sl_Connect</name>
         <value>0x20007d21</value>
         <object_component_ref idref="oc-16c"/>
      </symbol>
      <symbol id="sm-d28">
         <name>sl_Socket</name>
         <value>0x2000a44d</value>
         <object_component_ref idref="oc-160"/>
      </symbol>
      <symbol id="sm-d29">
         <name>_sl_HandleAsync_Select</name>
         <value>0x2000aabd</value>
         <object_component_ref idref="oc-6f6"/>
      </symbol>
      <symbol id="sm-d2a">
         <name>sl_Close</name>
         <value>0x2000b041</value>
         <object_component_ref idref="oc-191"/>
      </symbol>
      <symbol id="sm-d2b">
         <name>_sl_HandleAsync_Accept</name>
         <value>0x2000a6cd</value>
         <object_component_ref idref="oc-6ea"/>
      </symbol>
      <symbol id="sm-d2c">
         <name>sl_SetSockOpt</name>
         <value>0x2000a08d</value>
         <object_component_ref idref="oc-166"/>
      </symbol>
      <symbol id="sm-dca">
         <name>sl_WlanDisconnect</name>
         <value>0x2000b7b9</value>
         <object_component_ref idref="oc-f3"/>
      </symbol>
      <symbol id="sm-dcb">
         <name>sl_WlanPolicySet</name>
         <value>0x2000a279</value>
         <object_component_ref idref="oc-e7"/>
      </symbol>
      <symbol id="sm-dcc">
         <name>sl_WlanProfileDel</name>
         <value>0x2000b085</value>
         <object_component_ref idref="oc-ed"/>
      </symbol>
      <symbol id="sm-dcd">
         <name>sl_WlanRxFilterSet</name>
         <value>0x2000a595</value>
         <object_component_ref idref="oc-10e"/>
      </symbol>
      <symbol id="sm-dce">
         <name>sl_WlanConnect</name>
         <value>0x20006811</value>
         <object_component_ref idref="oc-12c"/>
      </symbol>
      <symbol id="sm-dcf">
         <name>sl_WlanSet</name>
         <value>0x2000a109</value>
         <object_component_ref idref="oc-ff"/>
      </symbol>
      <symbol id="sm-dd0">
         <name>sl_WlanSetMode</name>
         <value>0x2000b0c9</value>
         <object_component_ref idref="oc-d5"/>
      </symbol>
      <symbol id="sm-ed4">
         <name>g_cDummy</name>
         <value>0x20017216</value>
      </symbol>
      <symbol id="sm-ed5">
         <name>NwpMaskInterrupt</name>
         <value>0x2000bb25</value>
         <object_component_ref idref="oc-40f"/>
      </symbol>
      <symbol id="sm-ed6">
         <name>NwpRegisterInterruptHandler</name>
         <value>0x2000b291</value>
         <object_component_ref idref="oc-206"/>
      </symbol>
      <symbol id="sm-ed7">
         <name>g_pHostIntHdl</name>
         <value>0x200172a8</value>
         <object_component_ref idref="oc-3f9"/>
      </symbol>
      <symbol id="sm-ed8">
         <name>NwpUnMaskInterrupt</name>
         <value>0x2000bb31</value>
         <object_component_ref idref="oc-429"/>
      </symbol>
      <symbol id="sm-ed9">
         <name>g_ucDinDout</name>
         <value>0x20017168</value>
         <object_component_ref idref="oc-3fc"/>
      </symbol>
      <symbol id="sm-eda">
         <name>NwpPowerOff</name>
         <value>0x2000b3c1</value>
         <object_component_ref idref="oc-200"/>
      </symbol>
      <symbol id="sm-edb">
         <name>spi_Read</name>
         <value>0x200088ed</value>
         <object_component_ref idref="oc-62c"/>
      </symbol>
      <symbol id="sm-edc">
         <name>DmaSpiSwIntHandler</name>
         <value>0x2000b645</value>
         <object_component_ref idref="oc-3ff"/>
      </symbol>
      <symbol id="sm-edd">
         <name>NwpPowerOn</name>
         <value>0x2000b759</value>
         <object_component_ref idref="oc-20c"/>
      </symbol>
      <symbol id="sm-ede">
         <name>spi_Close</name>
         <value>0x2000a2f1</value>
         <object_component_ref idref="oc-251"/>
      </symbol>
      <symbol id="sm-edf">
         <name>spi_Write</name>
         <value>0x20009791</value>
         <object_component_ref idref="oc-5bb"/>
      </symbol>
      <symbol id="sm-ee0">
         <name>spi_Open</name>
         <value>0x20007fdd</value>
         <object_component_ref idref="oc-1f4"/>
      </symbol>
      <symbol id="sm-ee1">
         <name>g_ucDMAEnabled</name>
         <value>0x200172ac</value>
         <object_component_ref idref="oc-3f9"/>
      </symbol>
      <symbol id="sm-ee2">
         <name>g_SpiFd</name>
         <value>0x200172a4</value>
         <object_component_ref idref="oc-3f9"/>
      </symbol>
      <symbol id="sm-f9d">
         <name>SPIFIFODisable</name>
         <value>0x2000b8f1</value>
         <object_component_ref idref="oc-48f"/>
      </symbol>
      <symbol id="sm-f9e">
         <name>SPICSEnable</name>
         <value>0x2000b96f</value>
         <object_component_ref idref="oc-643"/>
      </symbol>
      <symbol id="sm-f9f">
         <name>SPIDisable</name>
         <value>0x2000b987</value>
         <object_component_ref idref="oc-3b1"/>
      </symbol>
      <symbol id="sm-fa0">
         <name>SPIFIFOEnable</name>
         <value>0x2000b90b</value>
         <object_component_ref idref="oc-3d5"/>
      </symbol>
      <symbol id="sm-fa1">
         <name>SPIWordCountSet</name>
         <value>0x2000b6f7</value>
         <object_component_ref idref="oc-649"/>
      </symbol>
      <symbol id="sm-fa2">
         <name>SPIEnable</name>
         <value>0x2000b99f</value>
         <object_component_ref idref="oc-3f3"/>
      </symbol>
      <symbol id="sm-fa3">
         <name>SPIDmaEnable</name>
         <value>0x2000b8d7</value>
         <object_component_ref idref="oc-3db"/>
      </symbol>
      <symbol id="sm-fa4">
         <name>SPIConfigSetExpClk</name>
         <value>0x200095b9</value>
         <object_component_ref idref="oc-3c3"/>
      </symbol>
      <symbol id="sm-fa5">
         <name>SPIIntUnregister</name>
         <value>0x2000b925</value>
         <object_component_ref idref="oc-489"/>
      </symbol>
      <symbol id="sm-fa6">
         <name>SPIFIFOLevelSet</name>
         <value>0x2000b465</value>
         <object_component_ref idref="oc-3e1"/>
      </symbol>
      <symbol id="sm-fa7">
         <name>SPIDmaDisable</name>
         <value>0x2000b8bd</value>
         <object_component_ref idref="oc-495"/>
      </symbol>
      <symbol id="sm-fa8">
         <name>SPIReset</name>
         <value>0x2000b6d5</value>
         <object_component_ref idref="oc-3b7"/>
      </symbol>
      <symbol id="sm-fa9">
         <name>SPIIntEnable</name>
         <value>0x2000abb5</value>
         <object_component_ref idref="oc-3ed"/>
      </symbol>
      <symbol id="sm-faa">
         <name>SPIIntClear</name>
         <value>0x2000ae11</value>
         <object_component_ref idref="oc-58e"/>
      </symbol>
      <symbol id="sm-fab">
         <name>SPICSDisable</name>
         <value>0x2000b957</value>
         <object_component_ref idref="oc-3ab"/>
      </symbol>
      <symbol id="sm-1002">
         <name>uDMAChannelControlSet</name>
         <value>0x2000b385</value>
         <object_component_ref idref="oc-6fe"/>
      </symbol>
      <symbol id="sm-1003">
         <name>uDMAChannelAttributeEnable</name>
         <value>0x2000a795</value>
         <object_component_ref idref="oc-704"/>
      </symbol>
      <symbol id="sm-1004">
         <name>uDMAChannelTransferSet</name>
         <value>0x200089dd</value>
         <object_component_ref idref="oc-70a"/>
      </symbol>
      <symbol id="sm-1005">
         <name>uDMAChannelAssign</name>
         <value>0x2000ad7d</value>
         <object_component_ref idref="oc-571"/>
      </symbol>
      <symbol id="sm-1006">
         <name>uDMAChannelAttributeDisable</name>
         <value>0x2000a731</value>
         <object_component_ref idref="oc-577"/>
      </symbol>
      <symbol id="sm-1007">
         <name>uDMAChannelEnable</name>
         <value>0x2000b86d</value>
         <object_component_ref idref="oc-710"/>
      </symbol>
      <symbol id="sm-1008">
         <name>__TI_static_base__</name>
         <value>0x2000c198</value>
      </symbol>
      <symbol id="sm-100b">
         <name>SHT$$INIT_ARRAY$$Limit</name>
         <value>0x0</value>
      </symbol>
      <symbol id="sm-100c">
         <name>SHT$$INIT_ARRAY$$Base</name>
         <value>0x0</value>
      </symbol>
   </symbol_table>
   <title>Link successful</title>
</link_info>
