******************************************************************************
                  TI ARM Linker PC v16.9.0                     
******************************************************************************
>> Linked Tue Apr 12 19:26:28 2022

OUTPUT FILE NAME:   <game i2c.out>
ENTRY POINT SYMBOL: "_c_int00"  address: 20009285


MEMORY CONFIGURATION

         name            origin    length      used     unused   attr    fill
----------------------  --------  ---------  --------  --------  ----  --------
  SRAM_CODE             20004000   00013000  000060c4  0000cf3c  RW X
  SRAM_DATA             20017000   00019000  000010a0  00017f60  RW X


SEGMENT ALLOCATION MAP

run origin  load origin   length   init length attrs members
----------  ----------- ---------- ----------- ----- -------
20004000    20004000    000060c8   000060c8    r-x
  20004000    20004000    00000400   00000400    r-- .intvecs
  20004400    20004400    00005428   00005428    r-x .text
  20009828    20009828    00000824   00000824    r-- .const
  2000a050    2000a050    00000078   00000078    r-- .cinit
20017000    20017000    000008a0   00000000    rw-
  20017000    20017000    00000800   00000000    rw- .sysmem
  20017800    20017800    0000009c   00000000    rw- .data
  2001789c    2001789c    00000004   00000000    rw- .bss
2002f800    2002f800    00000800   00000000    rw-
  2002f800    2002f800    00000800   00000000    rw- .stack


SECTION ALLOCATION MAP

 output                                  attributes/
section   page    origin      length       input sections
--------  ----  ----------  ----------   ----------------
.intvecs   0    20004000    00000400     
                  20004000    00000400     startup_ccs.obj (.intvecs)

.init_array 
*          0    20004000    00000000     UNINITIALIZED

.text      0    20004400    00005428     
                  20004400    0000111e     rtsv7M4_T_le_eabi.lib : _printfi.obj (.text)
                  2000551e    00000002                           : mpu_init.obj (.text)
                  20005520    0000107c     main.obj (.text)
                  2000659c    00000a80     Adafruit_GFX.obj (.text)
                  2000701c    000004a2     Adafruit_OLED.obj (.text)
                  200074be    00000002     rtsv7M4_T_le_eabi.lib : startup.obj (.text)
                  200074c0    000003d0                           : memory.obj (.text)
                  20007890    00000284     i2c_if.obj (.text)
                  20007b14    00000280     uart_if.obj (.text)
                  20007d94    000001f4     rtsv7M4_T_le_eabi.lib : ull_div_t2.obj (.text)
                  20007f88    000001b6                           : fd_add_t2.obj (.text)
                  2000813e    00000002     --HOLE-- [fill = 0]
                  20008140    00000178     driverlib.a : prcm.obj (.text:PRCMCC3200MCUInit)
                  200082b8    00000136     rtsv7M4_T_le_eabi.lib : fd_div_t2.obj (.text)
                  200083ee    00000002     --HOLE-- [fill = 0]
                  200083f0    00000118     pin_mux_config.obj (.text)
                  20008508    000000fc     rtsv7M4_T_le_eabi.lib : fd_mul_t2.obj (.text)
                  20008604    000000fa                           : fs_add_t2.obj (.text)
                  200086fe    00000002     --HOLE-- [fill = 0]
                  20008700    000000d0                           : s_scalbn.obj (.text)
                  200087d0    000000a8     driverlib.a : interrupt.obj (.text:IntEnable)
                  20008878    000000a0                 : spi.obj (.text:SPIConfigSetExpClk)
                  20008918    0000009c     rtsv7M4_T_le_eabi.lib : memcpy_t2.obj (.text)
                  200089b4    00000094     driverlib.a : prcm.obj (.text:PRCMPeripheralClockGet)
                  20008a48    00000092     rtsv7M4_T_le_eabi.lib : fs_div_t2.obj (.text)
                  20008ada    00000002     --HOLE-- [fill = 0]
                  20008adc    00000088     driverlib.a : pin.obj (.text:PinConfigSet)
                  20008b64    00000088     rtsv7M4_T_le_eabi.lib : vsnprintf.obj (.text)
                  20008bec    00000086                           : fd_cmp_t2.obj (.text:__aeabi_cdcmple)
                  20008c72    00000086                           : fd_cmp_t2.obj (.text:__aeabi_cdrcmple)
                  20008cf8    00000084     driverlib.a : i2c.obj (.text:I2CMasterInitExpClk)
                  20008d7c    0000007a     rtsv7M4_T_le_eabi.lib : memset_t2.obj (.text)
                  20008df6    00000076     driverlib.a : uart.obj (.text:UARTConfigSetExpClk)
                  20008e6c    00000070     rtsv7M4_T_le_eabi.lib : autoinit.obj (.text)
                  20008edc    00000068                           : copy_decompress_lzss.obj (.text:decompress:lzss)
                  20008f44    00000060                           : fs_cmp_t2.obj (.text:__aeabi_cfcmple)
                  20008fa4    00000060                           : fs_cmp_t2.obj (.text:__aeabi_cfrcmple)
                  20009004    0000005c                           : s_frexp.obj (.text)
                  20009060    00000058     driverlib.a : prcm.obj (.text:PRCMPeripheralReset)
                  200090b8    00000056     rtsv7M4_T_le_eabi.lib : ltoa.obj (.text)
                  2000910e    00000002     --HOLE-- [fill = 0]
                  20009110    00000054                           : exit.obj (.text)
                  20009164    0000004c                           : atoi.obj (.text)
                  200091b0    0000004c                           : cpy_tbl.obj (.text)
                  200091fc    00000048                           : fd_toi_t2.obj (.text)
                  20009244    00000040     driverlib.a : pin.obj (.text:PinModeSet)
                  20009284    00000040     rtsv7M4_T_le_eabi.lib : boot.obj (.text)
                  200092c4    0000003c     driverlib.a : prcm.obj (.text:PRCMPeripheralClkEnable)
                  20009300    00000038     rtsv7M4_T_le_eabi.lib : fs_toi_t2.obj (.text)
                  20009338    00000038                           : i_tofs_t2.obj (.text)
                  20009370    00000036     driverlib.a : gpio.obj (.text:GPIODirModeSet)
                  200093a6    00000030                 : pin.obj (.text:PinTypeGPIO)
                  200093d6    00000002     --HOLE-- [fill = 0]
                  200093d8    00000030                 : uart.obj (.text:UARTDisable)
                  20009408    0000002e     rtsv7M4_T_le_eabi.lib : i_tofd_t2.obj (.text)
                  20009436    0000002c     driverlib.a : i2c.obj (.text:I2CMasterErr)
                  20009462    00000002     --HOLE-- [fill = 0]
                  20009464    0000002c                 : prcm.obj (.text:PRCMSysResetCauseGet)
                  20009490    00000028                 : prcm.obj (.text:PRCMPeripheralClkDisable)
                  200094b8    00000024                 : uart.obj (.text:UARTEnable)
                  200094dc    00000024     rtsv7M4_T_le_eabi.lib : memmov.obj (.text)
                  20009500    00000022     driverlib.a : i2c.obj (.text:I2CMasterSlaveAddrSet)
                  20009522    00000022                 : spi.obj (.text:SPIReset)
                  20009544    00000020                 : gpio.obj (.text:GPIOPinWrite)
                  20009564    00000020                 : spi.obj (.text:SPIDataGet)
                  20009584    0000001e                 : i2c.obj (.text:I2CMasterIntStatusEx)
                  200095a2    0000001e                 : spi.obj (.text:SPIDataPut)
                  200095c0    0000001e                 : uart.obj (.text:UARTCharPut)
                  200095de    0000001c                 : pin.obj (.text:PinTypeI2C)
                  200095fa    0000001c                 : uart.obj (.text:UARTCharGetNonBlocking)
                  20009616    0000001c     rtsv7M4_T_le_eabi.lib : memccpy.obj (.text)
                  20009632    0000001a     driverlib.a : pin.obj (.text:PinTypeSPI)
                  2000964c    0000001a                 : pin.obj (.text:PinTypeUART)
                  20009666    00000018                 : spi.obj (.text:SPICSDisable)
                  2000967e    00000018                 : spi.obj (.text:SPICSEnable)
                  20009696    00000018                 : spi.obj (.text:SPIEnable)
                  200096ae    00000018                 : uart.obj (.text:UARTCharsAvail)
                  200096c6    00000002     --HOLE-- [fill = 0]
                  200096c8    00000018     rtsv7M4_T_le_eabi.lib : args_main.obj (.text)
                  200096e0    00000016     driverlib.a : i2c.obj (.text:I2CMasterDataPut)
                  200096f6    00000016                 : i2c.obj (.text:I2CMasterEnable)
                  2000970c    00000016                 : prcm.obj (.text:PRCMHIBRegRead)
                  20009722    00000016                 : prcm.obj (.text:PRCMHIBRegWrite)
                  20009738    00000016     rtsv7M4_T_le_eabi.lib : strchr.obj (.text)
                  2000974e    00000014     driverlib.a : cpu.obj (.text:CPUcpsie)
                  20009762    00000002     --HOLE-- [fill = 0]
                  20009764    00000014                 : interrupt.obj (.text:IntVTableBaseSet)
                  20009778    00000014     rtsv7M4_T_le_eabi.lib : _lock.obj (.text)
                  2000978c    00000014                           : strlen.obj (.text)
                  200097a0    00000012     driverlib.a : i2c.obj (.text:I2CMasterControl)
                  200097b2    00000012                 : i2c.obj (.text:I2CMasterIntClearEx)
                  200097c4    00000012                 : i2c.obj (.text:I2CMasterTimeoutSet)
                  200097d6    0000000e                 : i2c.obj (.text:I2CMasterDataGet)
                  200097e4    0000000e     rtsv7M4_T_le_eabi.lib : copy_decompress_none.obj (.text:decompress:none)
                  200097f2    0000000e     startup_ccs.obj (.text)
                  20009800    0000000c     rtsv7M4_T_le_eabi.lib : copy_zero_init.obj (.text:decompress:ZI)
                  2000980c    0000000a     driverlib.a : interrupt.obj (.text:IntMasterEnable)
                  20009816    00000008     rtsv7M4_T_le_eabi.lib : s_copysign.obj (.text)
                  2000981e    00000006     driverlib.a : utils.obj (.text:UtilsDelay)
                  20009824    00000004     rtsv7M4_T_le_eabi.lib : pre_init.obj (.text)

.const     0    20009828    00000824     
                  20009828    000004fb     Adafruit_GFX.obj (.const:.string:font)
                  20009d23    00000101     rtsv7M4_T_le_eabi.lib : ctype.obj (.const:.string:_ctypes_)
                  20009e24    00000100     driverlib.a : pin.obj (.const:g_ulPinToPadMap)
                  20009f24    000000a8                 : prcm.obj (.const:PRCM_PeriphRegsList)
                  20009fcc    00000080                 : interrupt.obj (.const)

.cinit     0    2000a050    00000078     
                  2000a050    00000050     (.cinit..data.load) [load image, compression = lzss]
                  2000a0a0    0000000c     (__TI_handler_table)
                  2000a0ac    00000004     --HOLE-- [fill = 0]
                  2000a0b0    00000008     (.cinit..bss.load) [load image, compression = zero_init]
                  2000a0b8    00000010     (__TI_cinit_table)

.sysmem    0    20017000    00000800     UNINITIALIZED
                  20017000    00000008     rtsv7M4_T_le_eabi.lib : memory.obj (.sysmem)
                  20017008    000007f8     --HOLE--

.data      0    20017800    0000009c     UNINITIALIZED
                  20017800    00000030     main.obj (.data:boxes)
                  20017830    0000002c     main.obj (.data)
                  2001785c    00000015     Adafruit_GFX.obj (.data)
                  20017871    00000003     --HOLE--
                  20017874    0000000c     rtsv7M4_T_le_eabi.lib : exit.obj (.data:$O1$$)
                  20017880    0000000c                           : memory.obj (.data:$O1$$)
                  2001788c    00000008                           : _lock.obj (.data:$O1$$)
                  20017894    00000004                           : errno.obj (.data)
                  20017898    00000004                           : stkdepth_vars.obj (.data)

.bss       0    2001789c    00000004     UNINITIALIZED
                  2001789c    00000004     uart_if.obj (.bss)

.stack     0    2002f800    00000800     UNINITIALIZED
                  2002f800    00000800     --HOLE--

MODULE SUMMARY

       Module                     code    ro data   rw data
       ------                     ----    -------   -------
    .\
       main.obj                   4220    0         92     
       Adafruit_GFX.obj           2688    1275      21     
       Adafruit_OLED.obj          1186    0         0      
       startup_ccs.obj            14      1024      0      
       i2c_if.obj                 644     0         0      
       uart_if.obj                640     0         4      
       pin_mux_config.obj         280     0         0      
    +--+--------------------------+-------+---------+---------+
       Total:                     9672    2299      117    
                                                           
    C:/ti/CC3200SDK_1.2.0/cc3200-sdk/driverlib/ccs/Release/driverlib.a
       prcm.obj                   800     168       0      
       pin.obj                    328     256       0      
       i2c.obj                    352     0         0      
       spi.obj                    328     0         0      
       interrupt.obj              198     128       0      
       uart.obj                   284     0         0      
       gpio.obj                   86      0         0      
       cpu.obj                    20      0         0      
       utils.obj                  6       0         0      
    +--+--------------------------+-------+---------+---------+
       Total:                     2402    552       0      
                                                           
    C:\ti\ccsv7\tools\compiler\ti-cgt-arm_16.9.0.LTS\lib\rtsv7M4_T_le_eabi.lib
       _printfi.obj               4382    0         0      
       memory.obj                 976     0         12     
       ull_div_t2.obj             500     0         0      
       fd_add_t2.obj              438     0         0      
       fd_div_t2.obj              310     0         0      
       fd_cmp_t2.obj              268     0         0      
       ctype.obj                  0       257       0      
       fd_mul_t2.obj              252     0         0      
       fs_add_t2.obj              250     0         0      
       s_scalbn.obj               208     0         0      
       fs_cmp_t2.obj              192     0         0      
       memcpy_t2.obj              156     0         0      
       fs_div_t2.obj              146     0         0      
       vsnprintf.obj              136     0         0      
       memset_t2.obj              122     0         0      
       autoinit.obj               112     0         0      
       copy_decompress_lzss.obj   104     0         0      
       exit.obj                   84      0         12     
       s_frexp.obj                92      0         0      
       ltoa.obj                   86      0         0      
       atoi.obj                   76      0         0      
       cpy_tbl.obj                76      0         0      
       fd_toi_t2.obj              72      0         0      
       boot.obj                   64      0         0      
       fs_toi_t2.obj              56      0         0      
       i_tofs_t2.obj              56      0         0      
       i_tofd_t2.obj              46      0         0      
       memmov.obj                 36      0         0      
       _lock.obj                  20      0         8      
       memccpy.obj                28      0         0      
       args_main.obj              24      0         0      
       strchr.obj                 22      0         0      
       strlen.obj                 20      0         0      
       copy_decompress_none.obj   14      0         0      
       copy_zero_init.obj         12      0         0      
       s_copysign.obj             8       0         0      
       errno.obj                  0       0         4      
       pre_init.obj               4       0         0      
       stkdepth_vars.obj          0       0         4      
       mpu_init.obj               2       0         0      
       startup.obj                2       0         0      
    +--+--------------------------+-------+---------+---------+
       Total:                     9452    257       40     
                                                           
       Heap:                      0       0         2048   
       Stack:                     0       0         2048   
       Linker Generated:          0       116       0      
    +--+--------------------------+-------+---------+---------+
       Grand Total:               21526   3224      4253   


LINKER GENERATED COPY TABLES

__TI_cinit_table @ 2000a0b8 records: 2, size/record: 8, table size: 16
	.data: load addr=2000a050, load size=00000050 bytes, run addr=20017800, run size=0000009c bytes, compression=lzss
	.bss: load addr=2000a0b0, load size=00000008 bytes, run addr=2001789c, run size=00000004 bytes, compression=zero_init


LINKER GENERATED HANDLER TABLE

__TI_handler_table @ 2000a0a0 records: 3, size/record: 4, table size: 12
	index: 0, handler: __TI_decompress_lzss
	index: 1, handler: __TI_decompress_none
	index: 2, handler: __TI_zero_init


GLOBAL SYMBOLS: SORTED ALPHABETICALLY BY Name 

address   name                           
-------   ----                           
200070a5  Adafruit_Init                  
20009111  C$$EXIT                        
2000974f  CPUcpsie                       
20007b55  ClearTerm                      
2000721b  Color565                       
20007b5f  Error                          
20009371  GPIODirModeSet                 
20009545  GPIOPinWrite                   
20007b97  GetCmd                         
200097a1  I2CMasterControl               
200097d7  I2CMasterDataGet               
200096e1  I2CMasterDataPut               
200096f7  I2CMasterEnable                
20009437  I2CMasterErr                   
20008cf9  I2CMasterInitExpClk            
200097b3  I2CMasterIntClearEx            
20009585  I2CMasterIntStatusEx           
20009501  I2CMasterSlaveAddrSet          
200097c5  I2CMasterTimeoutSet            
20007aff  I2C_IF_Close                   
20007ab7  I2C_IF_Open                    
200079b5  I2C_IF_Read                    
20007a71  I2C_IF_ReadFrom                
20007905  I2C_IF_Write                   
20007b15  InitTerm                       
200087d1  IntEnable                      
2000980d  IntMasterEnable                
20009765  IntVTableBaseSet               
20007b33  Message                        
20005d05  MoveBall                       
20005c59  MovePaddle                     
20006f47  Outstr                         
20008141  PRCMCC3200MCUInit              
2000970d  PRCMHIBRegRead                 
20009723  PRCMHIBRegWrite                
20009491  PRCMPeripheralClkDisable       
200092c5  PRCMPeripheralClkEnable        
200089b5  PRCMPeripheralClockGet         
20009061  PRCMPeripheralReset            
20009465  PRCMSysResetCauseGet           
20008add  PinConfigSet                   
20009245  PinModeSet                     
200083f1  PinMuxConfig                   
200093a7  PinTypeGPIO                    
200095df  PinTypeI2C                     
20009633  PinTypeSPI                     
2000964d  PinTypeUART                    
20007cd5  Report                         
200097f3  ResetISR                       
UNDEFED   SHT$$INIT_ARRAY$$Base          
UNDEFED   SHT$$INIT_ARRAY$$Limit         
20009667  SPICSDisable                   
2000967f  SPICSEnable                    
20008879  SPIConfigSetExpClk             
20009565  SPIDataGet                     
200095a3  SPIDataPut                     
20009697  SPIEnable                      
20009523  SPIReset                       
20007c3d  TrimSpace                      
200095fb  UARTCharGetNonBlocking         
200095c1  UARTCharPut                    
200096af  UARTCharsAvail                 
20008df7  UARTConfigSetExpClk            
200093d9  UARTDisable                    
200094b9  UARTEnable                     
2000981f  UtilsDelay                     
20030000  __STACK_END                    
00000800  __STACK_SIZE                   
00000800  __SYSMEM_SIZE                  
2000a0b8  __TI_CINIT_Base                
2000a0c8  __TI_CINIT_Limit               
2000a0a0  __TI_Handler_Table_Base        
2000a0ac  __TI_Handler_Table_Limit       
20008e6d  __TI_auto_init                 
20017874  __TI_cleanup_ptr               
20008edd  __TI_decompress_lzss           
200097e5  __TI_decompress_none           
20017878  __TI_dtors_ptr                 
2001787c  __TI_enable_exit_profile_output
ffffffff  __TI_pprof_out_hndl            
20004c35  __TI_printfi                   
ffffffff  __TI_prof_data_size            
ffffffff  __TI_prof_data_start           
2000a050  __TI_static_base__             
20009801  __TI_zero_init                 
20008bed  __aeabi_cdcmpeq                
20008bed  __aeabi_cdcmple                
20008c73  __aeabi_cdrcmple               
20008f45  __aeabi_cfcmpeq                
20008f45  __aeabi_cfcmple                
20008fa5  __aeabi_cfrcmple               
200091fd  __aeabi_d2iz                   
20007f93  __aeabi_dadd                   
200082b9  __aeabi_ddiv                   
20008509  __aeabi_dmul                   
20007f89  __aeabi_dsub                   
20009301  __aeabi_f2iz                   
20008609  __aeabi_fadd                   
20008a49  __aeabi_fdiv                   
20008605  __aeabi_fsub                   
20009409  __aeabi_i2d                    
20009339  __aeabi_i2f                    
20008d7d  __aeabi_memclr                 
20008d7d  __aeabi_memclr4                
20008d7d  __aeabi_memclr8                
20008919  __aeabi_memcpy                 
20008919  __aeabi_memcpy4                
20008919  __aeabi_memcpy8                
20008d7f  __aeabi_memset                 
20008d7f  __aeabi_memset4                
20008d7f  __aeabi_memset8                
20007d95  __aeabi_uldivmod               
ffffffff  __binit__                      
ffffffff  __c_args__                     
2000551f  __mpu_init                     
2002f800  __stack                        
200096c9  _args_main                     
20009285  _c_int00                       
20009d23  _ctypes_                       
2001788c  _lock                          
20009787  _nop                           
2000977f  _register_lock                 
20009779  _register_unlock               
20017000  _sys_memory                    
200074bf  _system_post_cinit             
20009825  _system_pre_init               
20017890  _unlock                        
20009115  abort                          
20009165  atoi                           
ffffffff  binit                          
20017800  boxes                          
20007861  calloc                         
20005e89  checkCollisions                
200063f5  checkWin                       
200091b1  copy_in                        
20009817  copysign                       
20009817  copysignl                      
20017838  curr_x                         
2001783c  curr_y                         
2001785c  cursor_x                       
20017860  cursor_y                       
20005521  delay                          
20006dfb  drawChar                       
2000659d  drawCircle                     
200066d1  drawCircleHelper               
200073c9  drawFastHLine                  
20007329  drawFastVLine                  
20006917  drawLine                       
20007465  drawPixel                      
20006a03  drawRect                       
20006a51  drawRoundRect                  
20006bb9  drawTriangle                   
20017894  errno                          
2000911d  exit                           
200067ef  fillCircle                     
20006829  fillCircleHelper               
20007273  fillRect                       
20006b3f  fillRoundRect                  
2000725d  fillScreen                     
20006bfb  fillTriangle                   
200075ab  free                           
20009005  frexp                          
20009005  frexpl                         
20004000  g_pfnVectors                   
200071d7  goTo                           
2001784c  h                              
20006ffb  height                         
200074a3  invert                         
20017858  ischange                       
20005a93  lcdTestPattern                 
20005b63  lcdTestPattern2                
20008701  ldexp                          
20008701  ldexpl                         
200090b9  ltoa                           
20006471  main                           
20017898  main_func_sp                   
20007541  malloc                         
20007775  memalign                       
20009617  memccpy                        
20008919  memcpy                         
200094dd  memmove                        
20008d85  memset                         
200074c1  minit                          
20017850  nx                             
20017854  ny                             
20017830  p                              
20017834  paddle_x                       
2000766d  realloc                        
20008701  scalbn                         
20008701  scalbnl                        
20006f93  setCursor                      
20006fcb  setTextColor                   
20006fab  setTextSize                    
20006fe3  setTextWrap                    
20009739  strchr                         
2000978d  strlen                         
20005757  testdrawcircles                
200055c7  testdrawrects                  
20005555  testfastlines                  
200056e5  testfillcircles                
20005627  testfillrects                  
200058c5  testlines                      
20005853  testroundrects                 
200057d1  testtriangles                  
2001786c  textbgcolor                    
20017868  textcolor                      
20017864  textsize                       
20008b65  vsnprintf                      
20017848  w                              
20006ff7  width                          
20017870  wrap                           
2000701d  writeCommand                   
20007061  writeData                      
20017840  xvelocity                      
20017844  yvelocity                      


GLOBAL SYMBOLS: SORTED BY Symbol Address 

address   name                           
-------   ----                           
00000800  __STACK_SIZE                   
00000800  __SYSMEM_SIZE                  
20004000  g_pfnVectors                   
20004c35  __TI_printfi                   
2000551f  __mpu_init                     
20005521  delay                          
20005555  testfastlines                  
200055c7  testdrawrects                  
20005627  testfillrects                  
200056e5  testfillcircles                
20005757  testdrawcircles                
200057d1  testtriangles                  
20005853  testroundrects                 
200058c5  testlines                      
20005a93  lcdTestPattern                 
20005b63  lcdTestPattern2                
20005c59  MovePaddle                     
20005d05  MoveBall                       
20005e89  checkCollisions                
200063f5  checkWin                       
20006471  main                           
2000659d  drawCircle                     
200066d1  drawCircleHelper               
200067ef  fillCircle                     
20006829  fillCircleHelper               
20006917  drawLine                       
20006a03  drawRect                       
20006a51  drawRoundRect                  
20006b3f  fillRoundRect                  
20006bb9  drawTriangle                   
20006bfb  fillTriangle                   
20006dfb  drawChar                       
20006f47  Outstr                         
20006f93  setCursor                      
20006fab  setTextSize                    
20006fcb  setTextColor                   
20006fe3  setTextWrap                    
20006ff7  width                          
20006ffb  height                         
2000701d  writeCommand                   
20007061  writeData                      
200070a5  Adafruit_Init                  
200071d7  goTo                           
2000721b  Color565                       
2000725d  fillScreen                     
20007273  fillRect                       
20007329  drawFastVLine                  
200073c9  drawFastHLine                  
20007465  drawPixel                      
200074a3  invert                         
200074bf  _system_post_cinit             
200074c1  minit                          
20007541  malloc                         
200075ab  free                           
2000766d  realloc                        
20007775  memalign                       
20007861  calloc                         
20007905  I2C_IF_Write                   
200079b5  I2C_IF_Read                    
20007a71  I2C_IF_ReadFrom                
20007ab7  I2C_IF_Open                    
20007aff  I2C_IF_Close                   
20007b15  InitTerm                       
20007b33  Message                        
20007b55  ClearTerm                      
20007b5f  Error                          
20007b97  GetCmd                         
20007c3d  TrimSpace                      
20007cd5  Report                         
20007d95  __aeabi_uldivmod               
20007f89  __aeabi_dsub                   
20007f93  __aeabi_dadd                   
20008141  PRCMCC3200MCUInit              
200082b9  __aeabi_ddiv                   
200083f1  PinMuxConfig                   
20008509  __aeabi_dmul                   
20008605  __aeabi_fsub                   
20008609  __aeabi_fadd                   
20008701  ldexp                          
20008701  ldexpl                         
20008701  scalbn                         
20008701  scalbnl                        
200087d1  IntEnable                      
20008879  SPIConfigSetExpClk             
20008919  __aeabi_memcpy                 
20008919  __aeabi_memcpy4                
20008919  __aeabi_memcpy8                
20008919  memcpy                         
200089b5  PRCMPeripheralClockGet         
20008a49  __aeabi_fdiv                   
20008add  PinConfigSet                   
20008b65  vsnprintf                      
20008bed  __aeabi_cdcmpeq                
20008bed  __aeabi_cdcmple                
20008c73  __aeabi_cdrcmple               
20008cf9  I2CMasterInitExpClk            
20008d7d  __aeabi_memclr                 
20008d7d  __aeabi_memclr4                
20008d7d  __aeabi_memclr8                
20008d7f  __aeabi_memset                 
20008d7f  __aeabi_memset4                
20008d7f  __aeabi_memset8                
20008d85  memset                         
20008df7  UARTConfigSetExpClk            
20008e6d  __TI_auto_init                 
20008edd  __TI_decompress_lzss           
20008f45  __aeabi_cfcmpeq                
20008f45  __aeabi_cfcmple                
20008fa5  __aeabi_cfrcmple               
20009005  frexp                          
20009005  frexpl                         
20009061  PRCMPeripheralReset            
200090b9  ltoa                           
20009111  C$$EXIT                        
20009115  abort                          
2000911d  exit                           
20009165  atoi                           
200091b1  copy_in                        
200091fd  __aeabi_d2iz                   
20009245  PinModeSet                     
20009285  _c_int00                       
200092c5  PRCMPeripheralClkEnable        
20009301  __aeabi_f2iz                   
20009339  __aeabi_i2f                    
20009371  GPIODirModeSet                 
200093a7  PinTypeGPIO                    
200093d9  UARTDisable                    
20009409  __aeabi_i2d                    
20009437  I2CMasterErr                   
20009465  PRCMSysResetCauseGet           
20009491  PRCMPeripheralClkDisable       
200094b9  UARTEnable                     
200094dd  memmove                        
20009501  I2CMasterSlaveAddrSet          
20009523  SPIReset                       
20009545  GPIOPinWrite                   
20009565  SPIDataGet                     
20009585  I2CMasterIntStatusEx           
200095a3  SPIDataPut                     
200095c1  UARTCharPut                    
200095df  PinTypeI2C                     
200095fb  UARTCharGetNonBlocking         
20009617  memccpy                        
20009633  PinTypeSPI                     
2000964d  PinTypeUART                    
20009667  SPICSDisable                   
2000967f  SPICSEnable                    
20009697  SPIEnable                      
200096af  UARTCharsAvail                 
200096c9  _args_main                     
200096e1  I2CMasterDataPut               
200096f7  I2CMasterEnable                
2000970d  PRCMHIBRegRead                 
20009723  PRCMHIBRegWrite                
20009739  strchr                         
2000974f  CPUcpsie                       
20009765  IntVTableBaseSet               
20009779  _register_unlock               
2000977f  _register_lock                 
20009787  _nop                           
2000978d  strlen                         
200097a1  I2CMasterControl               
200097b3  I2CMasterIntClearEx            
200097c5  I2CMasterTimeoutSet            
200097d7  I2CMasterDataGet               
200097e5  __TI_decompress_none           
200097f3  ResetISR                       
20009801  __TI_zero_init                 
2000980d  IntMasterEnable                
20009817  copysign                       
20009817  copysignl                      
2000981f  UtilsDelay                     
20009825  _system_pre_init               
20009d23  _ctypes_                       
2000a050  __TI_static_base__             
2000a0a0  __TI_Handler_Table_Base        
2000a0ac  __TI_Handler_Table_Limit       
2000a0b8  __TI_CINIT_Base                
2000a0c8  __TI_CINIT_Limit               
20017000  _sys_memory                    
20017800  boxes                          
20017830  p                              
20017834  paddle_x                       
20017838  curr_x                         
2001783c  curr_y                         
20017840  xvelocity                      
20017844  yvelocity                      
20017848  w                              
2001784c  h                              
20017850  nx                             
20017854  ny                             
20017858  ischange                       
2001785c  cursor_x                       
20017860  cursor_y                       
20017864  textsize                       
20017868  textcolor                      
2001786c  textbgcolor                    
20017870  wrap                           
20017874  __TI_cleanup_ptr               
20017878  __TI_dtors_ptr                 
2001787c  __TI_enable_exit_profile_output
2001788c  _lock                          
20017890  _unlock                        
20017894  errno                          
20017898  main_func_sp                   
2002f800  __stack                        
20030000  __STACK_END                    
ffffffff  __TI_pprof_out_hndl            
ffffffff  __TI_prof_data_size            
ffffffff  __TI_prof_data_start           
ffffffff  __binit__                      
ffffffff  __c_args__                     
ffffffff  binit                          
UNDEFED   SHT$$INIT_ARRAY$$Base          
UNDEFED   SHT$$INIT_ARRAY$$Limit         

[215 symbols]
