<?xml version="1.0"?>
<link_info>
   <banner>TI ARM Linker PC v16.9.0.LTS</banner>
   <copyright>Copyright (c) 1996-2015 Texas Instruments Incorporated</copyright>
   <link_time>0x6279cad9</link_time>
   <link_errors>0x0</link_errors>
   <output_file>uart_demo.out</output_file>
   <entry_point>
      <name>_c_int00</name>
      <address>0x20009579</address>
   </entry_point>
   <input_file_list>
      <input_file id="fl-2">
         <path>.\</path>
         <kind>object</kind>
         <file>Adafruit_GFX.obj</file>
         <name>Adafruit_GFX.obj</name>
      </input_file>
      <input_file id="fl-3">
         <path>.\</path>
         <kind>object</kind>
         <file>Adafruit_OLED.obj</file>
         <name>Adafruit_OLED.obj</name>
      </input_file>
      <input_file id="fl-4">
         <path>.\</path>
         <kind>object</kind>
         <file>main.obj</file>
         <name>main.obj</name>
      </input_file>
      <input_file id="fl-5">
         <path>.\</path>
         <kind>object</kind>
         <file>pin_mux_config.obj</file>
         <name>pin_mux_config.obj</name>
      </input_file>
      <input_file id="fl-6">
         <path>.\</path>
         <kind>object</kind>
         <file>startup_ccs.obj</file>
         <name>startup_ccs.obj</name>
      </input_file>
      <input_file id="fl-7">
         <path>.\</path>
         <kind>object</kind>
         <file>timer_if.obj</file>
         <name>timer_if.obj</name>
      </input_file>
      <input_file id="fl-8">
         <path>.\</path>
         <kind>object</kind>
         <file>uart_if.obj</file>
         <name>uart_if.obj</name>
      </input_file>
      <input_file id="fl-c3">
         <path>C:\ti\ccsv7\tools\compiler\ti-cgt-arm_16.9.0.LTS\lib\</path>
         <kind>archive</kind>
         <file>rtsv7M4_T_le_eabi.lib</file>
         <name>boot.obj</name>
      </input_file>
      <input_file id="fl-c4">
         <path>C:\ti\ccsv7\tools\compiler\ti-cgt-arm_16.9.0.LTS\lib\</path>
         <kind>archive</kind>
         <file>rtsv7M4_T_le_eabi.lib</file>
         <name>copy_decompress_lzss.obj</name>
      </input_file>
      <input_file id="fl-c5">
         <path>C:\ti\ccsv7\tools\compiler\ti-cgt-arm_16.9.0.LTS\lib\</path>
         <kind>archive</kind>
         <file>rtsv7M4_T_le_eabi.lib</file>
         <name>copy_decompress_none.obj</name>
      </input_file>
      <input_file id="fl-c6">
         <path>C:\ti\ccsv7\tools\compiler\ti-cgt-arm_16.9.0.LTS\lib\</path>
         <kind>archive</kind>
         <file>rtsv7M4_T_le_eabi.lib</file>
         <name>copy_zero_init.obj</name>
      </input_file>
      <input_file id="fl-c7">
         <path>C:\ti\ccsv7\tools\compiler\ti-cgt-arm_16.9.0.LTS\lib\</path>
         <kind>archive</kind>
         <file>rtsv7M4_T_le_eabi.lib</file>
         <name>exit.obj</name>
      </input_file>
      <input_file id="fl-c8">
         <path>C:\ti\ccsv7\tools\compiler\ti-cgt-arm_16.9.0.LTS\lib\</path>
         <kind>archive</kind>
         <file>rtsv7M4_T_le_eabi.lib</file>
         <name>ll_mul_t2.obj</name>
      </input_file>
      <input_file id="fl-c9">
         <path>C:\ti\ccsv7\tools\compiler\ti-cgt-arm_16.9.0.LTS\lib\</path>
         <kind>archive</kind>
         <file>rtsv7M4_T_le_eabi.lib</file>
         <name>memcpy_t2.obj</name>
      </input_file>
      <input_file id="fl-ca">
         <path>C:\ti\ccsv7\tools\compiler\ti-cgt-arm_16.9.0.LTS\lib\</path>
         <kind>archive</kind>
         <file>rtsv7M4_T_le_eabi.lib</file>
         <name>memmov.obj</name>
      </input_file>
      <input_file id="fl-cb">
         <path>C:\ti\ccsv7\tools\compiler\ti-cgt-arm_16.9.0.LTS\lib\</path>
         <kind>archive</kind>
         <file>rtsv7M4_T_le_eabi.lib</file>
         <name>memory.obj</name>
      </input_file>
      <input_file id="fl-cc">
         <path>C:\ti\ccsv7\tools\compiler\ti-cgt-arm_16.9.0.LTS\lib\</path>
         <kind>archive</kind>
         <file>rtsv7M4_T_le_eabi.lib</file>
         <name>memset_t2.obj</name>
      </input_file>
      <input_file id="fl-cd">
         <path>C:\ti\ccsv7\tools\compiler\ti-cgt-arm_16.9.0.LTS\lib\</path>
         <kind>archive</kind>
         <file>rtsv7M4_T_le_eabi.lib</file>
         <name>mpu_init.obj</name>
      </input_file>
      <input_file id="fl-ce">
         <path>C:\ti\ccsv7\tools\compiler\ti-cgt-arm_16.9.0.LTS\lib\</path>
         <kind>archive</kind>
         <file>rtsv7M4_T_le_eabi.lib</file>
         <name>pre_init.obj</name>
      </input_file>
      <input_file id="fl-cf">
         <path>C:\ti\ccsv7\tools\compiler\ti-cgt-arm_16.9.0.LTS\lib\</path>
         <kind>archive</kind>
         <file>rtsv7M4_T_le_eabi.lib</file>
         <name>stkdepth_vars.obj</name>
      </input_file>
      <input_file id="fl-d0">
         <path>C:\ti\ccsv7\tools\compiler\ti-cgt-arm_16.9.0.LTS\lib\</path>
         <kind>archive</kind>
         <file>rtsv7M4_T_le_eabi.lib</file>
         <name>strlen.obj</name>
      </input_file>
      <input_file id="fl-d1">
         <path>C:\ti\ccsv7\tools\compiler\ti-cgt-arm_16.9.0.LTS\lib\</path>
         <kind>archive</kind>
         <file>rtsv7M4_T_le_eabi.lib</file>
         <name>vsnprintf.obj</name>
      </input_file>
      <input_file id="fl-d2">
         <path>C:\ti\ccsv7\tools\compiler\ti-cgt-arm_16.9.0.LTS\lib\</path>
         <kind>archive</kind>
         <file>rtsv7M4_T_le_eabi.lib</file>
         <name>_lock.obj</name>
      </input_file>
      <input_file id="fl-d3">
         <path>C:\ti\ccsv7\tools\compiler\ti-cgt-arm_16.9.0.LTS\lib\</path>
         <kind>archive</kind>
         <file>rtsv7M4_T_le_eabi.lib</file>
         <name>_printfi.obj</name>
      </input_file>
      <input_file id="fl-d4">
         <path>C:\ti\ccsv7\tools\compiler\ti-cgt-arm_16.9.0.LTS\lib\</path>
         <kind>archive</kind>
         <file>rtsv7M4_T_le_eabi.lib</file>
         <name>args_main.obj</name>
      </input_file>
      <input_file id="fl-d5">
         <path>C:\ti\ccsv7\tools\compiler\ti-cgt-arm_16.9.0.LTS\lib\</path>
         <kind>archive</kind>
         <file>rtsv7M4_T_le_eabi.lib</file>
         <name>atoi.obj</name>
      </input_file>
      <input_file id="fl-d6">
         <path>C:\ti\ccsv7\tools\compiler\ti-cgt-arm_16.9.0.LTS\lib\</path>
         <kind>archive</kind>
         <file>rtsv7M4_T_le_eabi.lib</file>
         <name>autoinit.obj</name>
      </input_file>
      <input_file id="fl-d7">
         <path>C:\ti\ccsv7\tools\compiler\ti-cgt-arm_16.9.0.LTS\lib\</path>
         <kind>archive</kind>
         <file>rtsv7M4_T_le_eabi.lib</file>
         <name>cpy_tbl.obj</name>
      </input_file>
      <input_file id="fl-d8">
         <path>C:\ti\ccsv7\tools\compiler\ti-cgt-arm_16.9.0.LTS\lib\</path>
         <kind>archive</kind>
         <file>rtsv7M4_T_le_eabi.lib</file>
         <name>ctype.obj</name>
      </input_file>
      <input_file id="fl-d9">
         <path>C:\ti\ccsv7\tools\compiler\ti-cgt-arm_16.9.0.LTS\lib\</path>
         <kind>archive</kind>
         <file>rtsv7M4_T_le_eabi.lib</file>
         <name>fd_add_t2.obj</name>
      </input_file>
      <input_file id="fl-da">
         <path>C:\ti\ccsv7\tools\compiler\ti-cgt-arm_16.9.0.LTS\lib\</path>
         <kind>archive</kind>
         <file>rtsv7M4_T_le_eabi.lib</file>
         <name>fd_cmp_t2.obj</name>
      </input_file>
      <input_file id="fl-db">
         <path>C:\ti\ccsv7\tools\compiler\ti-cgt-arm_16.9.0.LTS\lib\</path>
         <kind>archive</kind>
         <file>rtsv7M4_T_le_eabi.lib</file>
         <name>fd_div_t2.obj</name>
      </input_file>
      <input_file id="fl-dc">
         <path>C:\ti\ccsv7\tools\compiler\ti-cgt-arm_16.9.0.LTS\lib\</path>
         <kind>archive</kind>
         <file>rtsv7M4_T_le_eabi.lib</file>
         <name>fd_mul_t2.obj</name>
      </input_file>
      <input_file id="fl-dd">
         <path>C:\ti\ccsv7\tools\compiler\ti-cgt-arm_16.9.0.LTS\lib\</path>
         <kind>archive</kind>
         <file>rtsv7M4_T_le_eabi.lib</file>
         <name>fd_toi_t2.obj</name>
      </input_file>
      <input_file id="fl-de">
         <path>C:\ti\ccsv7\tools\compiler\ti-cgt-arm_16.9.0.LTS\lib\</path>
         <kind>archive</kind>
         <file>rtsv7M4_T_le_eabi.lib</file>
         <name>i_tofd_t2.obj</name>
      </input_file>
      <input_file id="fl-df">
         <path>C:\ti\ccsv7\tools\compiler\ti-cgt-arm_16.9.0.LTS\lib\</path>
         <kind>archive</kind>
         <file>rtsv7M4_T_le_eabi.lib</file>
         <name>ltoa.obj</name>
      </input_file>
      <input_file id="fl-e0">
         <path>C:\ti\ccsv7\tools\compiler\ti-cgt-arm_16.9.0.LTS\lib\</path>
         <kind>archive</kind>
         <file>rtsv7M4_T_le_eabi.lib</file>
         <name>memccpy.obj</name>
      </input_file>
      <input_file id="fl-e1">
         <path>C:\ti\ccsv7\tools\compiler\ti-cgt-arm_16.9.0.LTS\lib\</path>
         <kind>archive</kind>
         <file>rtsv7M4_T_le_eabi.lib</file>
         <name>s_frexp.obj</name>
      </input_file>
      <input_file id="fl-e2">
         <path>C:\ti\ccsv7\tools\compiler\ti-cgt-arm_16.9.0.LTS\lib\</path>
         <kind>archive</kind>
         <file>rtsv7M4_T_le_eabi.lib</file>
         <name>s_scalbn.obj</name>
      </input_file>
      <input_file id="fl-e3">
         <path>C:\ti\ccsv7\tools\compiler\ti-cgt-arm_16.9.0.LTS\lib\</path>
         <kind>archive</kind>
         <file>rtsv7M4_T_le_eabi.lib</file>
         <name>startup.obj</name>
      </input_file>
      <input_file id="fl-e4">
         <path>C:\ti\ccsv7\tools\compiler\ti-cgt-arm_16.9.0.LTS\lib\</path>
         <kind>archive</kind>
         <file>rtsv7M4_T_le_eabi.lib</file>
         <name>strchr.obj</name>
      </input_file>
      <input_file id="fl-e5">
         <path>C:\ti\ccsv7\tools\compiler\ti-cgt-arm_16.9.0.LTS\lib\</path>
         <kind>archive</kind>
         <file>rtsv7M4_T_le_eabi.lib</file>
         <name>ull_div_t2.obj</name>
      </input_file>
      <input_file id="fl-e6">
         <path>C:\ti\ccsv7\tools\compiler\ti-cgt-arm_16.9.0.LTS\lib\</path>
         <kind>archive</kind>
         <file>rtsv7M4_T_le_eabi.lib</file>
         <name>errno.obj</name>
      </input_file>
      <input_file id="fl-e7">
         <path>C:\ti\ccsv7\tools\compiler\ti-cgt-arm_16.9.0.LTS\lib\</path>
         <kind>archive</kind>
         <file>rtsv7M4_T_le_eabi.lib</file>
         <name>s_copysign.obj</name>
      </input_file>
      <input_file id="fl-e8">
         <path>C:\ti\CC3200SDK_1.2.0\cc3200-sdk\driverlib\ccs\Release\</path>
         <kind>archive</kind>
         <file>driverlib.a</file>
         <name>gpio.obj</name>
      </input_file>
      <input_file id="fl-e9">
         <path>C:\ti\CC3200SDK_1.2.0\cc3200-sdk\driverlib\ccs\Release\</path>
         <kind>archive</kind>
         <file>driverlib.a</file>
         <name>interrupt.obj</name>
      </input_file>
      <input_file id="fl-ea">
         <path>C:\ti\CC3200SDK_1.2.0\cc3200-sdk\driverlib\ccs\Release\</path>
         <kind>archive</kind>
         <file>driverlib.a</file>
         <name>pin.obj</name>
      </input_file>
      <input_file id="fl-eb">
         <path>C:\ti\CC3200SDK_1.2.0\cc3200-sdk\driverlib\ccs\Release\</path>
         <kind>archive</kind>
         <file>driverlib.a</file>
         <name>prcm.obj</name>
      </input_file>
      <input_file id="fl-ec">
         <path>C:\ti\CC3200SDK_1.2.0\cc3200-sdk\driverlib\ccs\Release\</path>
         <kind>archive</kind>
         <file>driverlib.a</file>
         <name>spi.obj</name>
      </input_file>
      <input_file id="fl-ed">
         <path>C:\ti\CC3200SDK_1.2.0\cc3200-sdk\driverlib\ccs\Release\</path>
         <kind>archive</kind>
         <file>driverlib.a</file>
         <name>timer.obj</name>
      </input_file>
      <input_file id="fl-ee">
         <path>C:\ti\CC3200SDK_1.2.0\cc3200-sdk\driverlib\ccs\Release\</path>
         <kind>archive</kind>
         <file>driverlib.a</file>
         <name>uart.obj</name>
      </input_file>
      <input_file id="fl-ef">
         <path>C:\ti\CC3200SDK_1.2.0\cc3200-sdk\driverlib\ccs\Release\</path>
         <kind>archive</kind>
         <file>driverlib.a</file>
         <name>utils.obj</name>
      </input_file>
      <input_file id="fl-f0">
         <path>C:\ti\CC3200SDK_1.2.0\cc3200-sdk\driverlib\ccs\Release\</path>
         <kind>archive</kind>
         <file>driverlib.a</file>
         <name>cpu.obj</name>
      </input_file>
      <input_file id="fl-f1">
         <path>C:\ti\CC3200SDK_1.2.0\cc3200-sdk\driverlib\ccs\Release\</path>
         <kind>archive</kind>
         <file>driverlib.a</file>
         <name>flash.obj</name>
      </input_file>
   </input_file_list>
   <object_component_list>
      <object_component id="oc-f">
         <name>.intvecs</name>
         <load_address>0x20004000</load_address>
         <run_address>0x20004000</run_address>
         <size>0x400</size>
         <input_file_ref idref="fl-6"/>
      </object_component>
      <object_component id="oc-a8">
         <name>.text</name>
         <load_address>0x20004400</load_address>
         <run_address>0x20004400</run_address>
         <size>0x11e0</size>
         <input_file_ref idref="fl-4"/>
      </object_component>
      <object_component id="oc-306">
         <name>.text</name>
         <load_address>0x200055e0</load_address>
         <run_address>0x200055e0</run_address>
         <size>0x111e</size>
         <input_file_ref idref="fl-d3"/>
      </object_component>
      <object_component id="oc-3d2">
         <name>.text:IntDefaultHandler</name>
         <load_address>0x200066fe</load_address>
         <run_address>0x200066fe</run_address>
         <size>0x2</size>
         <input_file_ref idref="fl-e9"/>
      </object_component>
      <object_component id="oc-de">
         <name>.text</name>
         <load_address>0x20006700</load_address>
         <run_address>0x20006700</run_address>
         <size>0xa80</size>
         <input_file_ref idref="fl-2"/>
      </object_component>
      <object_component id="oc-d8">
         <name>.text</name>
         <load_address>0x20007180</load_address>
         <run_address>0x20007180</run_address>
         <size>0x4a2</size>
         <input_file_ref idref="fl-3"/>
      </object_component>
      <object_component id="oc-59">
         <name>.text</name>
         <load_address>0x20007622</load_address>
         <run_address>0x20007622</run_address>
         <size>0x2</size>
         <input_file_ref idref="fl-cd"/>
      </object_component>
      <object_component id="oc-20a">
         <name>.text</name>
         <load_address>0x20007624</load_address>
         <run_address>0x20007624</run_address>
         <size>0x3d0</size>
         <input_file_ref idref="fl-cb"/>
      </object_component>
      <object_component id="oc-e4">
         <name>.text</name>
         <load_address>0x200079f4</load_address>
         <run_address>0x200079f4</run_address>
         <size>0x280</size>
         <input_file_ref idref="fl-8"/>
      </object_component>
      <object_component id="oc-36d">
         <name>.text</name>
         <load_address>0x20007c74</load_address>
         <run_address>0x20007c74</run_address>
         <size>0x1f4</size>
         <input_file_ref idref="fl-e5"/>
      </object_component>
      <object_component id="oc-396">
         <name>.text</name>
         <load_address>0x20007e68</load_address>
         <run_address>0x20007e68</run_address>
         <size>0x1b6</size>
         <input_file_ref idref="fl-d9"/>
      </object_component>
      <object_component id="oc-a0">
         <name>.text</name>
         <load_address>0x2000801e</load_address>
         <run_address>0x2000801e</run_address>
         <size>0x2</size>
         <input_file_ref idref="fl-e3"/>
      </object_component>
      <object_component id="oc-135">
         <name>.text</name>
         <load_address>0x20008020</load_address>
         <run_address>0x20008020</run_address>
         <size>0x198</size>
         <input_file_ref idref="fl-7"/>
      </object_component>
      <object_component id="oc-fc">
         <name>.text:PRCMCC3200MCUInit</name>
         <load_address>0x200081b8</load_address>
         <run_address>0x200081b8</run_address>
         <size>0x178</size>
         <input_file_ref idref="fl-eb"/>
      </object_component>
      <object_component id="oc-37c">
         <name>.text</name>
         <load_address>0x20008330</load_address>
         <run_address>0x20008330</run_address>
         <size>0x136</size>
         <input_file_ref idref="fl-db"/>
      </object_component>
      <object_component id="oc-1a5">
         <name>.text</name>
         <load_address>0x20008468</load_address>
         <run_address>0x20008468</run_address>
         <size>0x12c</size>
         <input_file_ref idref="fl-5"/>
      </object_component>
      <object_component id="oc-377">
         <name>.text</name>
         <load_address>0x20008594</load_address>
         <run_address>0x20008594</run_address>
         <size>0xfc</size>
         <input_file_ref idref="fl-dc"/>
      </object_component>
      <object_component id="oc-257">
         <name>.text:SPITransfer32</name>
         <load_address>0x20008690</load_address>
         <run_address>0x20008690</run_address>
         <size>0xd0</size>
         <input_file_ref idref="fl-ec"/>
      </object_component>
      <object_component id="oc-3a1">
         <name>.text</name>
         <load_address>0x20008760</load_address>
         <run_address>0x20008760</run_address>
         <size>0xd0</size>
         <input_file_ref idref="fl-e2"/>
      </object_component>
      <object_component id="oc-251">
         <name>.text:SPITransfer16</name>
         <load_address>0x20008830</load_address>
         <run_address>0x20008830</run_address>
         <size>0xce</size>
         <input_file_ref idref="fl-ec"/>
      </object_component>
      <object_component id="oc-24b">
         <name>.text:SPITransfer8</name>
         <load_address>0x200088fe</load_address>
         <run_address>0x200088fe</run_address>
         <size>0xb8</size>
         <input_file_ref idref="fl-ec"/>
      </object_component>
      <object_component id="oc-33d">
         <name>.text:IntDisable</name>
         <load_address>0x200089b8</load_address>
         <run_address>0x200089b8</run_address>
         <size>0xa8</size>
         <input_file_ref idref="fl-e9"/>
      </object_component>
      <object_component id="oc-f6">
         <name>.text:IntEnable</name>
         <load_address>0x20008a60</load_address>
         <run_address>0x20008a60</run_address>
         <size>0xa8</size>
         <input_file_ref idref="fl-e9"/>
      </object_component>
      <object_component id="oc-199">
         <name>.text:SPIConfigSetExpClk</name>
         <load_address>0x20008b08</load_address>
         <run_address>0x20008b08</run_address>
         <size>0xa0</size>
         <input_file_ref idref="fl-ec"/>
      </object_component>
      <object_component id="oc-41">
         <name>.text</name>
         <load_address>0x20008ba8</load_address>
         <run_address>0x20008ba8</run_address>
         <size>0x9c</size>
         <input_file_ref idref="fl-c9"/>
      </object_component>
      <object_component id="oc-16f">
         <name>.text:PRCMPeripheralClockGet</name>
         <load_address>0x20008c44</load_address>
         <run_address>0x20008c44</run_address>
         <size>0x94</size>
         <input_file_ref idref="fl-eb"/>
      </object_component>
      <object_component id="oc-363">
         <name>.text:PinConfigSet</name>
         <load_address>0x20008cd8</load_address>
         <run_address>0x20008cd8</run_address>
         <size>0x88</size>
         <input_file_ref idref="fl-ea"/>
      </object_component>
      <object_component id="oc-10d">
         <name>.text:SPITransfer</name>
         <load_address>0x20008d60</load_address>
         <run_address>0x20008d60</run_address>
         <size>0x88</size>
         <input_file_ref idref="fl-ec"/>
      </object_component>
      <object_component id="oc-1f8">
         <name>.text</name>
         <load_address>0x20008de8</load_address>
         <run_address>0x20008de8</run_address>
         <size>0x88</size>
         <input_file_ref idref="fl-d1"/>
      </object_component>
      <object_component id="oc-372">
         <name>.text:__aeabi_cdcmple</name>
         <load_address>0x20008e70</load_address>
         <run_address>0x20008e70</run_address>
         <size>0x86</size>
         <input_file_ref idref="fl-da"/>
      </object_component>
      <object_component id="oc-381">
         <name>.text:__aeabi_cdrcmple</name>
         <load_address>0x20008ef6</load_address>
         <run_address>0x20008ef6</run_address>
         <size>0x86</size>
         <input_file_ref idref="fl-da"/>
      </object_component>
      <object_component id="oc-4d">
         <name>.text</name>
         <load_address>0x20008f7c</load_address>
         <run_address>0x20008f7c</run_address>
         <size>0x7a</size>
         <input_file_ref idref="fl-cc"/>
      </object_component>
      <object_component id="oc-175">
         <name>.text:UARTConfigSetExpClk</name>
         <load_address>0x20008ff6</load_address>
         <run_address>0x20008ff6</run_address>
         <size>0x76</size>
         <input_file_ref idref="fl-ee"/>
      </object_component>
      <object_component id="oc-285">
         <name>.text:TimerIntRegister</name>
         <load_address>0x2000906c</load_address>
         <run_address>0x2000906c</run_address>
         <size>0x70</size>
         <input_file_ref idref="fl-ed"/>
      </object_component>
      <object_component id="oc-65">
         <name>.text</name>
         <load_address>0x200090dc</load_address>
         <run_address>0x200090dc</run_address>
         <size>0x70</size>
         <input_file_ref idref="fl-d6"/>
      </object_component>
      <object_component id="oc-297">
         <name>.text:TimerIntUnregister</name>
         <load_address>0x2000914c</load_address>
         <run_address>0x2000914c</run_address>
         <size>0x68</size>
         <input_file_ref idref="fl-ed"/>
      </object_component>
      <object_component id="oc-12">
         <name>.text:decompress:lzss</name>
         <load_address>0x200091b4</load_address>
         <run_address>0x200091b4</run_address>
         <size>0x68</size>
         <input_file_ref idref="fl-c4"/>
      </object_component>
      <object_component id="oc-39b">
         <name>.text</name>
         <load_address>0x2000921c</load_address>
         <run_address>0x2000921c</run_address>
         <size>0x5c</size>
         <input_file_ref idref="fl-e1"/>
      </object_component>
      <object_component id="oc-18d">
         <name>.text:PRCMPeripheralReset</name>
         <load_address>0x20009278</load_address>
         <run_address>0x20009278</run_address>
         <size>0x58</size>
         <input_file_ref idref="fl-eb"/>
      </object_component>
      <object_component id="oc-38b">
         <name>.text</name>
         <load_address>0x200092d0</load_address>
         <run_address>0x200092d0</run_address>
         <size>0x56</size>
         <input_file_ref idref="fl-df"/>
      </object_component>
      <object_component id="oc-27f">
         <name>.text:IntPrioritySet</name>
         <load_address>0x20009328</load_address>
         <run_address>0x20009328</run_address>
         <size>0x54</size>
         <input_file_ref idref="fl-e9"/>
      </object_component>
      <object_component id="oc-71">
         <name>.text</name>
         <load_address>0x2000937c</load_address>
         <run_address>0x2000937c</run_address>
         <size>0x54</size>
         <input_file_ref idref="fl-c7"/>
      </object_component>
      <object_component id="oc-3ad">
         <name>.text</name>
         <load_address>0x200093d0</load_address>
         <run_address>0x200093d0</run_address>
         <size>0x4c</size>
         <input_file_ref idref="fl-d5"/>
      </object_component>
      <object_component id="oc-9a">
         <name>.text</name>
         <load_address>0x2000941c</load_address>
         <run_address>0x2000941c</run_address>
         <size>0x4c</size>
         <input_file_ref idref="fl-d7"/>
      </object_component>
      <object_component id="oc-386">
         <name>.text</name>
         <load_address>0x20009468</load_address>
         <run_address>0x20009468</run_address>
         <size>0x48</size>
         <input_file_ref idref="fl-dd"/>
      </object_component>
      <object_component id="oc-273">
         <name>.text:TimerConfigure</name>
         <load_address>0x200094b0</load_address>
         <run_address>0x200094b0</run_address>
         <size>0x44</size>
         <input_file_ref idref="fl-ed"/>
      </object_component>
      <object_component id="oc-2bd">
         <name>.text:UARTIntNumberGet</name>
         <load_address>0x200094f4</load_address>
         <run_address>0x200094f4</run_address>
         <size>0x44</size>
         <input_file_ref idref="fl-ee"/>
      </object_component>
      <object_component id="oc-2d5">
         <name>.text:PinModeSet</name>
         <load_address>0x20009538</load_address>
         <run_address>0x20009538</run_address>
         <size>0x40</size>
         <input_file_ref idref="fl-ea"/>
      </object_component>
      <object_component id="oc-24">
         <name>.text</name>
         <load_address>0x20009578</load_address>
         <run_address>0x20009578</run_address>
         <size>0x40</size>
         <input_file_ref idref="fl-c3"/>
      </object_component>
      <object_component id="oc-1ab">
         <name>.text:PRCMPeripheralClkEnable</name>
         <load_address>0x200095b8</load_address>
         <run_address>0x200095b8</run_address>
         <size>0x3c</size>
         <input_file_ref idref="fl-eb"/>
      </object_component>
      <object_component id="oc-2e1">
         <name>.text:GPIODirModeSet</name>
         <load_address>0x200095f4</load_address>
         <run_address>0x200095f4</run_address>
         <size>0x36</size>
         <input_file_ref idref="fl-e8"/>
      </object_component>
      <object_component id="oc-2db">
         <name>.text:PinTypeGPIO</name>
         <load_address>0x2000962a</load_address>
         <run_address>0x2000962a</run_address>
         <size>0x30</size>
         <input_file_ref idref="fl-ea"/>
      </object_component>
      <object_component id="oc-2b0">
         <name>.text:UARTDisable</name>
         <load_address>0x2000965c</load_address>
         <run_address>0x2000965c</run_address>
         <size>0x30</size>
         <input_file_ref idref="fl-ee"/>
      </object_component>
      <object_component id="oc-391">
         <name>.text</name>
         <load_address>0x2000968c</load_address>
         <run_address>0x2000968c</run_address>
         <size>0x2e</size>
         <input_file_ref idref="fl-de"/>
      </object_component>
      <object_component id="oc-230">
         <name>.text:PRCMSysResetCauseGet</name>
         <load_address>0x200096bc</load_address>
         <run_address>0x200096bc</run_address>
         <size>0x2c</size>
         <input_file_ref idref="fl-eb"/>
      </object_component>
      <object_component id="oc-160">
         <name>.text:TimerLoadSet</name>
         <load_address>0x200096e8</load_address>
         <run_address>0x200096e8</run_address>
         <size>0x2a</size>
         <input_file_ref idref="fl-ed"/>
      </object_component>
      <object_component id="oc-279">
         <name>.text:TimerPrescaleSet</name>
         <load_address>0x20009712</load_address>
         <run_address>0x20009712</run_address>
         <size>0x2a</size>
         <input_file_ref idref="fl-ed"/>
      </object_component>
      <object_component id="oc-242">
         <name>.text:PRCMPeripheralClkDisable</name>
         <load_address>0x2000973c</load_address>
         <run_address>0x2000973c</run_address>
         <size>0x28</size>
         <input_file_ref idref="fl-eb"/>
      </object_component>
      <object_component id="oc-343">
         <name>.text:IntUnregister</name>
         <load_address>0x20009764</load_address>
         <run_address>0x20009764</run_address>
         <size>0x24</size>
         <input_file_ref idref="fl-e9"/>
      </object_component>
      <object_component id="oc-2b6">
         <name>.text:UARTEnable</name>
         <load_address>0x20009788</load_address>
         <run_address>0x20009788</run_address>
         <size>0x24</size>
         <input_file_ref idref="fl-ee"/>
      </object_component>
      <object_component id="oc-204">
         <name>.text</name>
         <load_address>0x200097ac</load_address>
         <run_address>0x200097ac</run_address>
         <size>0x24</size>
         <input_file_ref idref="fl-ca"/>
      </object_component>
      <object_component id="oc-193">
         <name>.text:SPIReset</name>
         <load_address>0x200097d0</load_address>
         <run_address>0x200097d0</run_address>
         <size>0x22</size>
         <input_file_ref idref="fl-ec"/>
      </object_component>
      <object_component id="oc-107">
         <name>.text:GPIOPinWrite</name>
         <load_address>0x200097f2</load_address>
         <run_address>0x200097f2</run_address>
         <size>0x20</size>
         <input_file_ref idref="fl-e8"/>
      </object_component>
      <object_component id="oc-2c3">
         <name>.text:IntRegister</name>
         <load_address>0x20009814</load_address>
         <run_address>0x20009814</run_address>
         <size>0x20</size>
         <input_file_ref idref="fl-e9"/>
      </object_component>
      <object_component id="oc-1e2">
         <name>.text:SPIDataGet</name>
         <load_address>0x20009834</load_address>
         <run_address>0x20009834</run_address>
         <size>0x20</size>
         <input_file_ref idref="fl-ec"/>
      </object_component>
      <object_component id="oc-1dc">
         <name>.text:SPIDataPut</name>
         <load_address>0x20009854</load_address>
         <run_address>0x20009854</run_address>
         <size>0x1e</size>
         <input_file_ref idref="fl-ec"/>
      </object_component>
      <object_component id="oc-13b">
         <name>.text:TimerDisable</name>
         <load_address>0x20009872</load_address>
         <run_address>0x20009872</run_address>
         <size>0x1e</size>
         <input_file_ref idref="fl-ed"/>
      </object_component>
      <object_component id="oc-141">
         <name>.text:TimerEnable</name>
         <load_address>0x20009890</load_address>
         <run_address>0x20009890</run_address>
         <size>0x1e</size>
         <input_file_ref idref="fl-ed"/>
      </object_component>
      <object_component id="oc-12f">
         <name>.text:TimerIntStatus</name>
         <load_address>0x200098ae</load_address>
         <run_address>0x200098ae</run_address>
         <size>0x1e</size>
         <input_file_ref idref="fl-ed"/>
      </object_component>
      <object_component id="oc-11d">
         <name>.text:UARTCharPut</name>
         <load_address>0x200098cc</load_address>
         <run_address>0x200098cc</run_address>
         <size>0x1e</size>
         <input_file_ref idref="fl-ee"/>
      </object_component>
      <object_component id="oc-17b">
         <name>.text:UARTIntRegister</name>
         <load_address>0x200098ea</load_address>
         <run_address>0x200098ea</run_address>
         <size>0x1e</size>
         <input_file_ref idref="fl-ee"/>
      </object_component>
      <object_component id="oc-14e">
         <name>.text:UARTIntStatus</name>
         <load_address>0x20009908</load_address>
         <run_address>0x20009908</run_address>
         <size>0x1e</size>
         <input_file_ref idref="fl-ee"/>
      </object_component>
      <object_component id="oc-29d">
         <name>.text:TimerValueGet</name>
         <load_address>0x20009926</load_address>
         <run_address>0x20009926</run_address>
         <size>0x1c</size>
         <input_file_ref idref="fl-ed"/>
      </object_component>
      <object_component id="oc-1fe">
         <name>.text:UARTCharGetNonBlocking</name>
         <load_address>0x20009942</load_address>
         <run_address>0x20009942</run_address>
         <size>0x1c</size>
         <input_file_ref idref="fl-ee"/>
      </object_component>
      <object_component id="oc-3b3">
         <name>.text</name>
         <load_address>0x2000995e</load_address>
         <run_address>0x2000995e</run_address>
         <size>0x1c</size>
         <input_file_ref idref="fl-e0"/>
      </object_component>
      <object_component id="oc-2e7">
         <name>.text:PinTypeSPI</name>
         <load_address>0x2000997a</load_address>
         <run_address>0x2000997a</run_address>
         <size>0x1a</size>
         <input_file_ref idref="fl-ea"/>
      </object_component>
      <object_component id="oc-2ed">
         <name>.text:PinTypeUART</name>
         <load_address>0x20009994</load_address>
         <run_address>0x20009994</run_address>
         <size>0x1a</size>
         <input_file_ref idref="fl-ea"/>
      </object_component>
      <object_component id="oc-1e8">
         <name>.text:SPICSDisable</name>
         <load_address>0x200099ae</load_address>
         <run_address>0x200099ae</run_address>
         <size>0x18</size>
         <input_file_ref idref="fl-ec"/>
      </object_component>
      <object_component id="oc-1d6">
         <name>.text:SPICSEnable</name>
         <load_address>0x200099c6</load_address>
         <run_address>0x200099c6</run_address>
         <size>0x18</size>
         <input_file_ref idref="fl-ec"/>
      </object_component>
      <object_component id="oc-19f">
         <name>.text:SPIEnable</name>
         <load_address>0x200099de</load_address>
         <run_address>0x200099de</run_address>
         <size>0x18</size>
         <input_file_ref idref="fl-ec"/>
      </object_component>
      <object_component id="oc-291">
         <name>.text:TimerIntDisable</name>
         <load_address>0x200099f6</load_address>
         <run_address>0x200099f6</run_address>
         <size>0x18</size>
         <input_file_ref idref="fl-ed"/>
      </object_component>
      <object_component id="oc-166">
         <name>.text:TimerIntEnable</name>
         <load_address>0x20009a0e</load_address>
         <run_address>0x20009a0e</run_address>
         <size>0x18</size>
         <input_file_ref idref="fl-ed"/>
      </object_component>
      <object_component id="oc-15a">
         <name>.text:UARTCharsAvail</name>
         <load_address>0x20009a26</load_address>
         <run_address>0x20009a26</run_address>
         <size>0x18</size>
         <input_file_ref idref="fl-ee"/>
      </object_component>
      <object_component id="oc-187">
         <name>.text:UARTDMAEnable</name>
         <load_address>0x20009a3e</load_address>
         <run_address>0x20009a3e</run_address>
         <size>0x18</size>
         <input_file_ref idref="fl-ee"/>
      </object_component>
      <object_component id="oc-181">
         <name>.text:UARTIntEnable</name>
         <load_address>0x20009a56</load_address>
         <run_address>0x20009a56</run_address>
         <size>0x18</size>
         <input_file_ref idref="fl-ee"/>
      </object_component>
      <object_component id="oc-6b">
         <name>.text</name>
         <load_address>0x20009a70</load_address>
         <run_address>0x20009a70</run_address>
         <size>0x18</size>
         <input_file_ref idref="fl-d4"/>
      </object_component>
      <object_component id="oc-102">
         <name>.text</name>
         <load_address>0x20009a88</load_address>
         <run_address>0x20009a88</run_address>
         <size>0x18</size>
         <input_file_ref idref="fl-c8"/>
      </object_component>
      <object_component id="oc-236">
         <name>.text:PRCMHIBRegRead</name>
         <load_address>0x20009aa0</load_address>
         <run_address>0x20009aa0</run_address>
         <size>0x16</size>
         <input_file_ref idref="fl-eb"/>
      </object_component>
      <object_component id="oc-23c">
         <name>.text:PRCMHIBRegWrite</name>
         <load_address>0x20009ab6</load_address>
         <run_address>0x20009ab6</run_address>
         <size>0x16</size>
         <input_file_ref idref="fl-eb"/>
      </object_component>
      <object_component id="oc-154">
         <name>.text:UARTCharGet</name>
         <load_address>0x20009acc</load_address>
         <run_address>0x20009acc</run_address>
         <size>0x16</size>
         <input_file_ref idref="fl-ee"/>
      </object_component>
      <object_component id="oc-3a7">
         <name>.text</name>
         <load_address>0x20009ae2</load_address>
         <run_address>0x20009ae2</run_address>
         <size>0x16</size>
         <input_file_ref idref="fl-e4"/>
      </object_component>
      <object_component id="oc-220">
         <name>.text:CPUcpsie</name>
         <load_address>0x20009af8</load_address>
         <run_address>0x20009af8</run_address>
         <size>0x14</size>
         <input_file_ref idref="fl-f0"/>
      </object_component>
      <object_component id="oc-ea">
         <name>.text:IntVTableBaseSet</name>
         <load_address>0x20009b0c</load_address>
         <run_address>0x20009b0c</run_address>
         <size>0x14</size>
         <input_file_ref idref="fl-e9"/>
      </object_component>
      <object_component id="oc-1be">
         <name>.text</name>
         <load_address>0x20009b20</load_address>
         <run_address>0x20009b20</run_address>
         <size>0x14</size>
         <input_file_ref idref="fl-d2"/>
      </object_component>
      <object_component id="oc-123">
         <name>.text</name>
         <load_address>0x20009b34</load_address>
         <run_address>0x20009b34</run_address>
         <size>0x14</size>
         <input_file_ref idref="fl-d0"/>
      </object_component>
      <object_component id="oc-28b">
         <name>.text:TimerIntClear</name>
         <load_address>0x20009b48</load_address>
         <run_address>0x20009b48</run_address>
         <size>0x12</size>
         <input_file_ref idref="fl-ed"/>
      </object_component>
      <object_component id="oc-148">
         <name>.text:UARTIntClear</name>
         <load_address>0x20009b5a</load_address>
         <run_address>0x20009b5a</run_address>
         <size>0x12</size>
         <input_file_ref idref="fl-ee"/>
      </object_component>
      <object_component id="oc-18">
         <name>.text:decompress:none</name>
         <load_address>0x20009b6c</load_address>
         <run_address>0x20009b6c</run_address>
         <size>0xe</size>
         <input_file_ref idref="fl-c5"/>
      </object_component>
      <object_component id="oc-2d">
         <name>.text</name>
         <load_address>0x20009b7a</load_address>
         <run_address>0x20009b7a</run_address>
         <size>0xe</size>
         <input_file_ref idref="fl-6"/>
      </object_component>
      <object_component id="oc-1e">
         <name>.text:decompress:ZI</name>
         <load_address>0x20009b88</load_address>
         <run_address>0x20009b88</run_address>
         <size>0xc</size>
         <input_file_ref idref="fl-c6"/>
      </object_component>
      <object_component id="oc-f0">
         <name>.text:IntMasterEnable</name>
         <load_address>0x20009b94</load_address>
         <run_address>0x20009b94</run_address>
         <size>0xa</size>
         <input_file_ref idref="fl-e9"/>
      </object_component>
      <object_component id="oc-3f0">
         <name>.text</name>
         <load_address>0x20009b9e</load_address>
         <run_address>0x20009b9e</run_address>
         <size>0x8</size>
         <input_file_ref idref="fl-e7"/>
      </object_component>
      <object_component id="oc-328">
         <name>.text:UtilsDelay</name>
         <load_address>0x20009ba6</load_address>
         <run_address>0x20009ba6</run_address>
         <size>0x6</size>
         <input_file_ref idref="fl-ef"/>
      </object_component>
      <object_component id="oc-5f">
         <name>.text</name>
         <load_address>0x20009bac</load_address>
         <run_address>0x20009bac</run_address>
         <size>0x4</size>
         <input_file_ref idref="fl-ce"/>
      </object_component>
      <object_component id="oc-1f0">
         <name>.const:.string:font</name>
         <load_address>0x20009bb0</load_address>
         <run_address>0x20009bb0</run_address>
         <size>0x4fb</size>
         <input_file_ref idref="fl-2"/>
      </object_component>
      <object_component id="oc-3fd">
         <name>.const:.string:_ctypes_</name>
         <load_address>0x2000a0ab</load_address>
         <run_address>0x2000a0ab</run_address>
         <size>0x101</size>
         <input_file_ref idref="fl-d8"/>
      </object_component>
      <object_component id="oc-35f">
         <name>.const:g_ulPinToPadMap</name>
         <load_address>0x2000a1ac</load_address>
         <run_address>0x2000a1ac</run_address>
         <size>0x100</size>
         <input_file_ref idref="fl-ea"/>
      </object_component>
      <object_component id="oc-335">
         <name>.const:g_pulRegs</name>
         <load_address>0x2000a2ac</load_address>
         <run_address>0x2000a2ac</run_address>
         <size>0xd4</size>
         <input_file_ref idref="fl-e9"/>
      </object_component>
      <object_component id="oc-2cd">
         <name>.const:PRCM_PeriphRegsList</name>
         <load_address>0x2000a380</load_address>
         <run_address>0x2000a380</run_address>
         <size>0xa8</size>
         <input_file_ref idref="fl-eb"/>
      </object_component>
      <object_component id="oc-22c">
         <name>.const</name>
         <load_address>0x2000a428</load_address>
         <run_address>0x2000a428</run_address>
         <size>0x80</size>
         <input_file_ref idref="fl-e9"/>
      </object_component>
      <object_component id="oc-26d">
         <name>.const:.string</name>
         <load_address>0x2000a4a8</load_address>
         <run_address>0x2000a4a8</run_address>
         <size>0x2e</size>
         <input_file_ref idref="fl-4"/>
      </object_component>
      <object_component id="oc-116">
         <name>.const:$P$T0$1</name>
         <load_address>0x2000a4d6</load_address>
         <run_address>0x2000a4d6</run_address>
         <size>0x10</size>
         <input_file_ref idref="fl-4"/>
      </object_component>
      <object_component id="oc-34f">
         <name>.const</name>
         <load_address>0x2000a4e8</load_address>
         <run_address>0x2000a4e8</run_address>
         <size>0x10</size>
         <input_file_ref idref="fl-ee"/>
      </object_component>
      <object_component id="oc-443">
         <name>.cinit..data.load</name>
         <load_address>0x2000a4f8</load_address>
         <run_address>0x2000a4f8</run_address>
         <size>0x9d</size>
      </object_component>
      <object_component id="oc-441">
         <name>__TI_handler_table</name>
         <load_address>0x2000a598</load_address>
         <run_address>0x2000a598</run_address>
         <size>0xc</size>
      </object_component>
      <object_component id="oc-444">
         <name>.cinit..bss.load</name>
         <load_address>0x2000a5a8</load_address>
         <run_address>0x2000a5a8</run_address>
         <size>0x8</size>
      </object_component>
      <object_component id="oc-442">
         <name>__TI_cinit_table</name>
         <load_address>0x2000a5b0</load_address>
         <run_address>0x2000a5b0</run_address>
         <size>0x10</size>
      </object_component>
      <object_component id="oc-1f3">
         <name>.data</name>
         <load_address>0x2001834c</load_address>
         <run_address>0x2001834c</run_address>
         <size>0x15</size>
         <input_file_ref idref="fl-2"/>
      </object_component>
      <object_component id="oc-11a">
         <name>.data</name>
         <load_address>0x20018298</load_address>
         <run_address>0x20018298</run_address>
         <size>0x4d</size>
         <input_file_ref idref="fl-4"/>
      </object_component>
      <object_component id="oc-129">
         <name>.data:digits</name>
         <load_address>0x200182e8</load_address>
         <run_address>0x200182e8</run_address>
         <size>0x28</size>
         <input_file_ref idref="fl-4"/>
      </object_component>
      <object_component id="oc-16c">
         <name>.data:coeff</name>
         <load_address>0x20018310</load_address>
         <run_address>0x20018310</run_address>
         <size>0x20</size>
         <input_file_ref idref="fl-4"/>
      </object_component>
      <object_component id="oc-12c">
         <name>.data:colors</name>
         <load_address>0x20018330</load_address>
         <run_address>0x20018330</run_address>
         <size>0x1c</size>
         <input_file_ref idref="fl-4"/>
      </object_component>
      <object_component id="oc-b0">
         <name>.data:$O1$$</name>
         <load_address>0x20018364</load_address>
         <run_address>0x20018364</run_address>
         <size>0xc</size>
         <input_file_ref idref="fl-c7"/>
      </object_component>
      <object_component id="oc-31b">
         <name>.data:$O1$$</name>
         <load_address>0x20018370</load_address>
         <run_address>0x20018370</run_address>
         <size>0xc</size>
         <input_file_ref idref="fl-cb"/>
      </object_component>
      <object_component id="oc-77">
         <name>.data</name>
         <load_address>0x20018388</load_address>
         <run_address>0x20018388</run_address>
         <size>0x4</size>
         <input_file_ref idref="fl-cf"/>
      </object_component>
      <object_component id="oc-b3">
         <name>.data:$O1$$</name>
         <load_address>0x2001837c</load_address>
         <run_address>0x2001837c</run_address>
         <size>0x8</size>
         <input_file_ref idref="fl-d2"/>
      </object_component>
      <object_component id="oc-3f6">
         <name>.data</name>
         <load_address>0x20018384</load_address>
         <run_address>0x20018384</run_address>
         <size>0x4</size>
         <input_file_ref idref="fl-e6"/>
      </object_component>
      <object_component id="oc-1b1">
         <name>.bss</name>
         <uninitialized>true</uninitialized>
         <run_address>0x20017a88</run_address>
         <size>0x8</size>
         <input_file_ref idref="fl-4"/>
      </object_component>
      <object_component id="oc-210">
         <name>.bss</name>
         <uninitialized>true</uninitialized>
         <run_address>0x20017a90</run_address>
         <size>0x4</size>
         <input_file_ref idref="fl-8"/>
      </object_component>
      <object_component id="oc-119">
         <name>.common:power_all</name>
         <uninitialized>true</uninitialized>
         <run_address>0x20017a68</run_address>
         <size>0x20</size>
      </object_component>
      <object_component id="oc-113">
         <name>.common:samples</name>
         <uninitialized>true</uninitialized>
         <run_address>0x20017000</run_address>
         <size>0x668</size>
      </object_component>
      <object_component id="oc-147">
         <name>.common:sendArray</name>
         <uninitialized>true</uninitialized>
         <run_address>0x20017668</run_address>
         <size>0x400</size>
      </object_component>
      <object_component id="oc-2a">
         <name>.sysmem</name>
         <uninitialized>true</uninitialized>
         <run_address>0x20017a98</run_address>
         <size>0x8</size>
         <input_file_ref idref="fl-cb"/>
      </object_component>
      <object_component id="oc-446">
         <name>.sysmem</name>
         <uninitialized>true</uninitialized>
         <run_address>0x20017a98</run_address>
         <size>0x0</size>
      </object_component>
      <object_component id="oc-29">
         <name>.stack</name>
         <uninitialized>true</uninitialized>
         <run_address>0x2002ff00</run_address>
         <size>0x0</size>
         <input_file_ref idref="fl-c3"/>
      </object_component>
      <object_component id="oc-445">
         <name>.stack</name>
         <uninitialized>true</uninitialized>
         <run_address>0x2002ff00</run_address>
         <size>0x0</size>
      </object_component>
      <object_component id="oc-1f7">
         <name>.debug_info</name>
         <load_address>0x0</load_address>
         <run_address>0x0</run_address>
         <size>0x1de</size>
         <input_file_ref idref="fl-2"/>
      </object_component>
      <object_component id="oc-1f1">
         <name>.debug_info</name>
         <load_address>0x1de</load_address>
         <run_address>0x1de</run_address>
         <size>0xe3</size>
         <input_file_ref idref="fl-2"/>
      </object_component>
      <object_component id="oc-1f4">
         <name>.debug_info</name>
         <load_address>0x2c1</load_address>
         <run_address>0x2c1</run_address>
         <size>0x191</size>
         <input_file_ref idref="fl-2"/>
      </object_component>
      <object_component id="oc-df">
         <name>.debug_info</name>
         <load_address>0x452</load_address>
         <run_address>0x452</run_address>
         <size>0x14ed</size>
         <input_file_ref idref="fl-2"/>
      </object_component>
      <object_component id="oc-3c">
         <name>.debug_info</name>
         <load_address>0x193f</load_address>
         <run_address>0x193f</run_address>
         <size>0x84</size>
         <input_file_ref idref="fl-2"/>
      </object_component>
      <object_component id="oc-1ef">
         <name>.debug_info</name>
         <load_address>0x19c3</load_address>
         <run_address>0x19c3</run_address>
         <size>0x1c0</size>
         <input_file_ref idref="fl-3"/>
      </object_component>
      <object_component id="oc-db">
         <name>.debug_info</name>
         <load_address>0x1b83</load_address>
         <run_address>0x1b83</run_address>
         <size>0xe6a</size>
         <input_file_ref idref="fl-3"/>
      </object_component>
      <object_component id="oc-35a">
         <name>.debug_info</name>
         <load_address>0x29ed</load_address>
         <run_address>0x29ed</run_address>
         <size>0x62</size>
         <input_file_ref idref="fl-3"/>
      </object_component>
      <object_component id="oc-227">
         <name>.debug_info</name>
         <load_address>0x2a4f</load_address>
         <run_address>0x2a4f</run_address>
         <size>0x2c</size>
         <input_file_ref idref="fl-3"/>
      </object_component>
      <object_component id="oc-91">
         <name>.debug_info</name>
         <load_address>0x2a7b</load_address>
         <run_address>0x2a7b</run_address>
         <size>0x2c</size>
         <input_file_ref idref="fl-3"/>
      </object_component>
      <object_component id="oc-114">
         <name>.debug_info</name>
         <load_address>0x2aa7</load_address>
         <run_address>0x2aa7</run_address>
         <size>0xc97</size>
         <input_file_ref idref="fl-4"/>
      </object_component>
      <object_component id="oc-11b">
         <name>.debug_info</name>
         <load_address>0x373e</load_address>
         <run_address>0x373e</run_address>
         <size>0x30f</size>
         <input_file_ref idref="fl-4"/>
      </object_component>
      <object_component id="oc-1b2">
         <name>.debug_info</name>
         <load_address>0x3a4d</load_address>
         <run_address>0x3a4d</run_address>
         <size>0x109</size>
         <input_file_ref idref="fl-4"/>
      </object_component>
      <object_component id="oc-12a">
         <name>.debug_info</name>
         <load_address>0x3b56</load_address>
         <run_address>0x3b56</run_address>
         <size>0xe0</size>
         <input_file_ref idref="fl-4"/>
      </object_component>
      <object_component id="oc-16d">
         <name>.debug_info</name>
         <load_address>0x3c36</load_address>
         <run_address>0x3c36</run_address>
         <size>0xde</size>
         <input_file_ref idref="fl-4"/>
      </object_component>
      <object_component id="oc-12d">
         <name>.debug_info</name>
         <load_address>0x3d14</load_address>
         <run_address>0x3d14</run_address>
         <size>0xe1</size>
         <input_file_ref idref="fl-4"/>
      </object_component>
      <object_component id="oc-117">
         <name>.debug_info</name>
         <load_address>0x3df5</load_address>
         <run_address>0x3df5</run_address>
         <size>0xe2</size>
         <input_file_ref idref="fl-4"/>
      </object_component>
      <object_component id="oc-ab">
         <name>.debug_info</name>
         <load_address>0x3ed7</load_address>
         <run_address>0x3ed7</run_address>
         <size>0x1ada</size>
         <input_file_ref idref="fl-4"/>
      </object_component>
      <object_component id="oc-261">
         <name>.debug_info</name>
         <load_address>0x59b1</load_address>
         <run_address>0x59b1</run_address>
         <size>0xa5</size>
         <input_file_ref idref="fl-4"/>
      </object_component>
      <object_component id="oc-215">
         <name>.debug_info</name>
         <load_address>0x5a56</load_address>
         <run_address>0x5a56</run_address>
         <size>0x4e</size>
         <input_file_ref idref="fl-4"/>
      </object_component>
      <object_component id="oc-1a7">
         <name>.debug_info</name>
         <load_address>0x5aa4</load_address>
         <run_address>0x5aa4</run_address>
         <size>0x3dc</size>
         <input_file_ref idref="fl-5"/>
      </object_component>
      <object_component id="oc-35">
         <name>.debug_info</name>
         <load_address>0x5e80</load_address>
         <run_address>0x5e80</run_address>
         <size>0x135</size>
         <input_file_ref idref="fl-6"/>
      </object_component>
      <object_component id="oc-10">
         <name>.debug_info</name>
         <load_address>0x5fb5</load_address>
         <run_address>0x5fb5</run_address>
         <size>0x120</size>
         <input_file_ref idref="fl-6"/>
      </object_component>
      <object_component id="oc-2f">
         <name>.debug_info</name>
         <load_address>0x60d5</load_address>
         <run_address>0x60d5</run_address>
         <size>0x441</size>
         <input_file_ref idref="fl-6"/>
      </object_component>
      <object_component id="oc-2a4">
         <name>.debug_info</name>
         <load_address>0x6516</load_address>
         <run_address>0x6516</run_address>
         <size>0x427</size>
         <input_file_ref idref="fl-7"/>
      </object_component>
      <object_component id="oc-136">
         <name>.debug_info</name>
         <load_address>0x693d</load_address>
         <run_address>0x693d</run_address>
         <size>0xd6d</size>
         <input_file_ref idref="fl-7"/>
      </object_component>
      <object_component id="oc-214">
         <name>.debug_info</name>
         <load_address>0x76aa</load_address>
         <run_address>0x76aa</run_address>
         <size>0x397</size>
         <input_file_ref idref="fl-8"/>
      </object_component>
      <object_component id="oc-211">
         <name>.debug_info</name>
         <load_address>0x7a41</load_address>
         <run_address>0x7a41</run_address>
         <size>0x117</size>
         <input_file_ref idref="fl-8"/>
      </object_component>
      <object_component id="oc-e5">
         <name>.debug_info</name>
         <load_address>0x7b58</load_address>
         <run_address>0x7b58</run_address>
         <size>0x8f3</size>
         <input_file_ref idref="fl-8"/>
      </object_component>
      <object_component id="oc-21a">
         <name>.debug_info</name>
         <load_address>0x844b</load_address>
         <run_address>0x844b</run_address>
         <size>0x110</size>
         <input_file_ref idref="fl-8"/>
      </object_component>
      <object_component id="oc-26">
         <name>.debug_info</name>
         <load_address>0x855b</load_address>
         <run_address>0x855b</run_address>
         <size>0x160</size>
         <input_file_ref idref="fl-c3"/>
      </object_component>
      <object_component id="oc-87">
         <name>.debug_info</name>
         <load_address>0x86bb</load_address>
         <run_address>0x86bb</run_address>
         <size>0xf9</size>
         <input_file_ref idref="fl-c4"/>
      </object_component>
      <object_component id="oc-14">
         <name>.debug_info</name>
         <load_address>0x87b4</load_address>
         <run_address>0x87b4</run_address>
         <size>0x245</size>
         <input_file_ref idref="fl-c4"/>
      </object_component>
      <object_component id="oc-37">
         <name>.debug_info</name>
         <load_address>0x89f9</load_address>
         <run_address>0x89f9</run_address>
         <size>0x60</size>
         <input_file_ref idref="fl-c4"/>
      </object_component>
      <object_component id="oc-82">
         <name>.debug_info</name>
         <load_address>0x8a59</load_address>
         <run_address>0x8a59</run_address>
         <size>0x46</size>
         <input_file_ref idref="fl-c4"/>
      </object_component>
      <object_component id="oc-4c">
         <name>.debug_info</name>
         <load_address>0x8a9f</load_address>
         <run_address>0x8a9f</run_address>
         <size>0x140</size>
         <input_file_ref idref="fl-c5"/>
      </object_component>
      <object_component id="oc-1a">
         <name>.debug_info</name>
         <load_address>0x8bdf</load_address>
         <run_address>0x8bdf</run_address>
         <size>0x1df</size>
         <input_file_ref idref="fl-c5"/>
      </object_component>
      <object_component id="oc-47">
         <name>.debug_info</name>
         <load_address>0x8dbe</load_address>
         <run_address>0x8dbe</run_address>
         <size>0x46</size>
         <input_file_ref idref="fl-c5"/>
      </object_component>
      <object_component id="oc-89">
         <name>.debug_info</name>
         <load_address>0x8e04</load_address>
         <run_address>0x8e04</run_address>
         <size>0x2c</size>
         <input_file_ref idref="fl-c5"/>
      </object_component>
      <object_component id="oc-58">
         <name>.debug_info</name>
         <load_address>0x8e30</load_address>
         <run_address>0x8e30</run_address>
         <size>0x12f</size>
         <input_file_ref idref="fl-c6"/>
      </object_component>
      <object_component id="oc-22">
         <name>.debug_info</name>
         <load_address>0x8f5f</load_address>
         <run_address>0x8f5f</run_address>
         <size>0x1aa</size>
         <input_file_ref idref="fl-c6"/>
      </object_component>
      <object_component id="oc-53">
         <name>.debug_info</name>
         <load_address>0x9109</load_address>
         <run_address>0x9109</run_address>
         <size>0x46</size>
         <input_file_ref idref="fl-c6"/>
      </object_component>
      <object_component id="oc-b7">
         <name>.debug_info</name>
         <load_address>0x914f</load_address>
         <run_address>0x914f</run_address>
         <size>0x234</size>
         <input_file_ref idref="fl-c7"/>
      </object_component>
      <object_component id="oc-b1">
         <name>.debug_info</name>
         <load_address>0x9383</load_address>
         <run_address>0x9383</run_address>
         <size>0x185</size>
         <input_file_ref idref="fl-c7"/>
      </object_component>
      <object_component id="oc-72">
         <name>.debug_info</name>
         <load_address>0x9508</load_address>
         <run_address>0x9508</run_address>
         <size>0x214</size>
         <input_file_ref idref="fl-c7"/>
      </object_component>
      <object_component id="oc-103">
         <name>.debug_info</name>
         <load_address>0x971c</load_address>
         <run_address>0x971c</run_address>
         <size>0x11a</size>
         <input_file_ref idref="fl-c8"/>
      </object_component>
      <object_component id="oc-43">
         <name>.debug_info</name>
         <load_address>0x9836</load_address>
         <run_address>0x9836</run_address>
         <size>0x111</size>
         <input_file_ref idref="fl-c9"/>
      </object_component>
      <object_component id="oc-31a">
         <name>.debug_info</name>
         <load_address>0x9947</load_address>
         <run_address>0x9947</run_address>
         <size>0x12c</size>
         <input_file_ref idref="fl-ca"/>
      </object_component>
      <object_component id="oc-205">
         <name>.debug_info</name>
         <load_address>0x9a73</load_address>
         <run_address>0x9a73</run_address>
         <size>0x1ab</size>
         <input_file_ref idref="fl-ca"/>
      </object_component>
      <object_component id="oc-7d">
         <name>.debug_info</name>
         <load_address>0x9c1e</load_address>
         <run_address>0x9c1e</run_address>
         <size>0x222</size>
         <input_file_ref idref="fl-cb"/>
      </object_component>
      <object_component id="oc-2b">
         <name>.debug_info</name>
         <load_address>0x9e40</load_address>
         <run_address>0x9e40</run_address>
         <size>0x101</size>
         <input_file_ref idref="fl-cb"/>
      </object_component>
      <object_component id="oc-31c">
         <name>.debug_info</name>
         <load_address>0x9f41</load_address>
         <run_address>0x9f41</run_address>
         <size>0x14c</size>
         <input_file_ref idref="fl-cb"/>
      </object_component>
      <object_component id="oc-20b">
         <name>.debug_info</name>
         <load_address>0xa08d</load_address>
         <run_address>0xa08d</run_address>
         <size>0x885</size>
         <input_file_ref idref="fl-cb"/>
      </object_component>
      <object_component id="oc-bd">
         <name>.debug_info</name>
         <load_address>0xa912</load_address>
         <run_address>0xa912</run_address>
         <size>0x2c</size>
         <input_file_ref idref="fl-cb"/>
      </object_component>
      <object_component id="oc-c2">
         <name>.debug_info</name>
         <load_address>0xa93e</load_address>
         <run_address>0xa93e</run_address>
         <size>0x62</size>
         <input_file_ref idref="fl-cb"/>
      </object_component>
      <object_component id="oc-4f">
         <name>.debug_info</name>
         <load_address>0xa9a0</load_address>
         <run_address>0xa9a0</run_address>
         <size>0x13f</size>
         <input_file_ref idref="fl-cc"/>
      </object_component>
      <object_component id="oc-5d">
         <name>.debug_info</name>
         <load_address>0xaadf</load_address>
         <run_address>0xaadf</run_address>
         <size>0x138</size>
         <input_file_ref idref="fl-cd"/>
      </object_component>
      <object_component id="oc-61">
         <name>.debug_info</name>
         <load_address>0xac17</load_address>
         <run_address>0xac17</run_address>
         <size>0x148</size>
         <input_file_ref idref="fl-ce"/>
      </object_component>
      <object_component id="oc-78">
         <name>.debug_info</name>
         <load_address>0xad5f</load_address>
         <run_address>0xad5f</run_address>
         <size>0x109</size>
         <input_file_ref idref="fl-cf"/>
      </object_component>
      <object_component id="oc-26c">
         <name>.debug_info</name>
         <load_address>0xae68</load_address>
         <run_address>0xae68</run_address>
         <size>0xea</size>
         <input_file_ref idref="fl-d0"/>
      </object_component>
      <object_component id="oc-124">
         <name>.debug_info</name>
         <load_address>0xaf52</load_address>
         <run_address>0xaf52</run_address>
         <size>0x22a</size>
         <input_file_ref idref="fl-d0"/>
      </object_component>
      <object_component id="oc-30d">
         <name>.debug_info</name>
         <load_address>0xb17c</load_address>
         <run_address>0xb17c</run_address>
         <size>0x1c8</size>
         <input_file_ref idref="fl-d1"/>
      </object_component>
      <object_component id="oc-1fa">
         <name>.debug_info</name>
         <load_address>0xb344</load_address>
         <run_address>0xb344</run_address>
         <size>0x35c</size>
         <input_file_ref idref="fl-d1"/>
      </object_component>
      <object_component id="oc-30e">
         <name>.debug_info</name>
         <load_address>0xb6a0</load_address>
         <run_address>0xb6a0</run_address>
         <size>0x2c</size>
         <input_file_ref idref="fl-d1"/>
      </object_component>
      <object_component id="oc-313">
         <name>.debug_info</name>
         <load_address>0xb6cc</load_address>
         <run_address>0xb6cc</run_address>
         <size>0x69</size>
         <input_file_ref idref="fl-d1"/>
      </object_component>
      <object_component id="oc-1c6">
         <name>.debug_info</name>
         <load_address>0xb735</load_address>
         <run_address>0xb735</run_address>
         <size>0x124</size>
         <input_file_ref idref="fl-d2"/>
      </object_component>
      <object_component id="oc-b4">
         <name>.debug_info</name>
         <load_address>0xb859</load_address>
         <run_address>0xb859</run_address>
         <size>0x113</size>
         <input_file_ref idref="fl-d2"/>
      </object_component>
      <object_component id="oc-1bf">
         <name>.debug_info</name>
         <load_address>0xb96c</load_address>
         <run_address>0xb96c</run_address>
         <size>0x21f</size>
         <input_file_ref idref="fl-d2"/>
      </object_component>
      <object_component id="oc-3ba">
         <name>.debug_info</name>
         <load_address>0xbb8b</load_address>
         <run_address>0xbb8b</run_address>
         <size>0x385</size>
         <input_file_ref idref="fl-d3"/>
      </object_component>
      <object_component id="oc-308">
         <name>.debug_info</name>
         <load_address>0xbf10</load_address>
         <run_address>0xbf10</run_address>
         <size>0x1554</size>
         <input_file_ref idref="fl-d3"/>
      </object_component>
      <object_component id="oc-3bb">
         <name>.debug_info</name>
         <load_address>0xd464</load_address>
         <run_address>0xd464</run_address>
         <size>0x86</size>
         <input_file_ref idref="fl-d3"/>
      </object_component>
      <object_component id="oc-406">
         <name>.debug_info</name>
         <load_address>0xd4ea</load_address>
         <run_address>0xd4ea</run_address>
         <size>0x46</size>
         <input_file_ref idref="fl-d3"/>
      </object_component>
      <object_component id="oc-3c0">
         <name>.debug_info</name>
         <load_address>0xd530</load_address>
         <run_address>0xd530</run_address>
         <size>0x39</size>
         <input_file_ref idref="fl-d3"/>
      </object_component>
      <object_component id="oc-af">
         <name>.debug_info</name>
         <load_address>0xd569</load_address>
         <run_address>0xd569</run_address>
         <size>0x166</size>
         <input_file_ref idref="fl-d4"/>
      </object_component>
      <object_component id="oc-6c">
         <name>.debug_info</name>
         <load_address>0xd6cf</load_address>
         <run_address>0xd6cf</run_address>
         <size>0x167</size>
         <input_file_ref idref="fl-d4"/>
      </object_component>
      <object_component id="oc-1b7">
         <name>.debug_info</name>
         <load_address>0xd836</load_address>
         <run_address>0xd836</run_address>
         <size>0x5e</size>
         <input_file_ref idref="fl-d4"/>
      </object_component>
      <object_component id="oc-401">
         <name>.debug_info</name>
         <load_address>0xd894</load_address>
         <run_address>0xd894</run_address>
         <size>0x114</size>
         <input_file_ref idref="fl-d5"/>
      </object_component>
      <object_component id="oc-3b0">
         <name>.debug_info</name>
         <load_address>0xd9a8</load_address>
         <run_address>0xd9a8</run_address>
         <size>0x171</size>
         <input_file_ref idref="fl-d5"/>
      </object_component>
      <object_component id="oc-a7">
         <name>.debug_info</name>
         <load_address>0xdb19</load_address>
         <run_address>0xdb19</run_address>
         <size>0x2e9</size>
         <input_file_ref idref="fl-d6"/>
      </object_component>
      <object_component id="oc-67">
         <name>.debug_info</name>
         <load_address>0xde02</load_address>
         <run_address>0xde02</run_address>
         <size>0x190</size>
         <input_file_ref idref="fl-d6"/>
      </object_component>
      <object_component id="oc-ce">
         <name>.debug_info</name>
         <load_address>0xdf92</load_address>
         <run_address>0xdf92</run_address>
         <size>0x39</size>
         <input_file_ref idref="fl-d6"/>
      </object_component>
      <object_component id="oc-1d1">
         <name>.debug_info</name>
         <load_address>0xdfcb</load_address>
         <run_address>0xdfcb</run_address>
         <size>0x39</size>
         <input_file_ref idref="fl-d6"/>
      </object_component>
      <object_component id="oc-d3">
         <name>.debug_info</name>
         <load_address>0xe004</load_address>
         <run_address>0xe004</run_address>
         <size>0xcd</size>
         <input_file_ref idref="fl-d6"/>
      </object_component>
      <object_component id="oc-ca">
         <name>.debug_info</name>
         <load_address>0xe0d1</load_address>
         <run_address>0xe0d1</run_address>
         <size>0x1e0</size>
         <input_file_ref idref="fl-d7"/>
      </object_component>
      <object_component id="oc-9d">
         <name>.debug_info</name>
         <load_address>0xe2b1</load_address>
         <run_address>0xe2b1</run_address>
         <size>0x183</size>
         <input_file_ref idref="fl-d7"/>
      </object_component>
      <object_component id="oc-1cc">
         <name>.debug_info</name>
         <load_address>0xe434</load_address>
         <run_address>0xe434</run_address>
         <size>0x2c</size>
         <input_file_ref idref="fl-d7"/>
      </object_component>
      <object_component id="oc-41b">
         <name>.debug_info</name>
         <load_address>0xe460</load_address>
         <run_address>0xe460</run_address>
         <size>0xee</size>
         <input_file_ref idref="fl-d8"/>
      </object_component>
      <object_component id="oc-3fe">
         <name>.debug_info</name>
         <load_address>0xe54e</load_address>
         <run_address>0xe54e</run_address>
         <size>0xfa</size>
         <input_file_ref idref="fl-d8"/>
      </object_component>
      <object_component id="oc-397">
         <name>.debug_info</name>
         <load_address>0xe648</load_address>
         <run_address>0xe648</run_address>
         <size>0x144</size>
         <input_file_ref idref="fl-d9"/>
      </object_component>
      <object_component id="oc-373">
         <name>.debug_info</name>
         <load_address>0xe78c</load_address>
         <run_address>0xe78c</run_address>
         <size>0x120</size>
         <input_file_ref idref="fl-da"/>
      </object_component>
      <object_component id="oc-384">
         <name>.debug_info</name>
         <load_address>0xe8ac</load_address>
         <run_address>0xe8ac</run_address>
         <size>0x122</size>
         <input_file_ref idref="fl-da"/>
      </object_component>
      <object_component id="oc-37f">
         <name>.debug_info</name>
         <load_address>0xe9ce</load_address>
         <run_address>0xe9ce</run_address>
         <size>0x132</size>
         <input_file_ref idref="fl-db"/>
      </object_component>
      <object_component id="oc-378">
         <name>.debug_info</name>
         <load_address>0xeb00</load_address>
         <run_address>0xeb00</run_address>
         <size>0x132</size>
         <input_file_ref idref="fl-dc"/>
      </object_component>
      <object_component id="oc-389">
         <name>.debug_info</name>
         <load_address>0xec32</load_address>
         <run_address>0xec32</run_address>
         <size>0x126</size>
         <input_file_ref idref="fl-dd"/>
      </object_component>
      <object_component id="oc-392">
         <name>.debug_info</name>
         <load_address>0xed58</load_address>
         <run_address>0xed58</run_address>
         <size>0x124</size>
         <input_file_ref idref="fl-de"/>
      </object_component>
      <object_component id="oc-3e6">
         <name>.debug_info</name>
         <load_address>0xee7c</load_address>
         <run_address>0xee7c</run_address>
         <size>0x14c</size>
         <input_file_ref idref="fl-df"/>
      </object_component>
      <object_component id="oc-38c">
         <name>.debug_info</name>
         <load_address>0xefc8</load_address>
         <run_address>0xefc8</run_address>
         <size>0x1c2</size>
         <input_file_ref idref="fl-df"/>
      </object_component>
      <object_component id="oc-403">
         <name>.debug_info</name>
         <load_address>0xf18a</load_address>
         <run_address>0xf18a</run_address>
         <size>0xf1</size>
         <input_file_ref idref="fl-e0"/>
      </object_component>
      <object_component id="oc-3b4">
         <name>.debug_info</name>
         <load_address>0xf27b</load_address>
         <run_address>0xf27b</run_address>
         <size>0x1ab</size>
         <input_file_ref idref="fl-e0"/>
      </object_component>
      <object_component id="oc-3ea">
         <name>.debug_info</name>
         <load_address>0xf426</load_address>
         <run_address>0xf426</run_address>
         <size>0x13f</size>
         <input_file_ref idref="fl-e1"/>
      </object_component>
      <object_component id="oc-39f">
         <name>.debug_info</name>
         <load_address>0xf565</load_address>
         <run_address>0xf565</run_address>
         <size>0x189</size>
         <input_file_ref idref="fl-e1"/>
      </object_component>
      <object_component id="oc-3eb">
         <name>.debug_info</name>
         <load_address>0xf6ee</load_address>
         <run_address>0xf6ee</run_address>
         <size>0x2c</size>
         <input_file_ref idref="fl-e1"/>
      </object_component>
      <object_component id="oc-3fa">
         <name>.debug_info</name>
         <load_address>0xf71a</load_address>
         <run_address>0xf71a</run_address>
         <size>0x17c</size>
         <input_file_ref idref="fl-e2"/>
      </object_component>
      <object_component id="oc-3a2">
         <name>.debug_info</name>
         <load_address>0xf896</load_address>
         <run_address>0xf896</run_address>
         <size>0x1e6</size>
         <input_file_ref idref="fl-e2"/>
      </object_component>
      <object_component id="oc-a1">
         <name>.debug_info</name>
         <load_address>0xfa7c</load_address>
         <run_address>0xfa7c</run_address>
         <size>0x145</size>
         <input_file_ref idref="fl-e3"/>
      </object_component>
      <object_component id="oc-3fc">
         <name>.debug_info</name>
         <load_address>0xfbc1</load_address>
         <run_address>0xfbc1</run_address>
         <size>0xf5</size>
         <input_file_ref idref="fl-e4"/>
      </object_component>
      <object_component id="oc-3a8">
         <name>.debug_info</name>
         <load_address>0xfcb6</load_address>
         <run_address>0xfcb6</run_address>
         <size>0x244</size>
         <input_file_ref idref="fl-e4"/>
      </object_component>
      <object_component id="oc-36f">
         <name>.debug_info</name>
         <load_address>0xfefa</load_address>
         <run_address>0xfefa</run_address>
         <size>0x17d</size>
         <input_file_ref idref="fl-e5"/>
      </object_component>
      <object_component id="oc-3f7">
         <name>.debug_info</name>
         <load_address>0x10077</load_address>
         <run_address>0x10077</run_address>
         <size>0xf3</size>
         <input_file_ref idref="fl-e6"/>
      </object_component>
      <object_component id="oc-3f2">
         <name>.debug_info</name>
         <load_address>0x1016a</load_address>
         <run_address>0x1016a</run_address>
         <size>0x154</size>
         <input_file_ref idref="fl-e7"/>
      </object_component>
      <object_component id="oc-2e2">
         <name>.debug_info</name>
         <load_address>0x102be</load_address>
         <run_address>0x102be</run_address>
         <size>0x1e9</size>
         <input_file_ref idref="fl-e8"/>
      </object_component>
      <object_component id="oc-108">
         <name>.debug_info</name>
         <load_address>0x104a7</load_address>
         <run_address>0x104a7</run_address>
         <size>0x1e0</size>
         <input_file_ref idref="fl-e8"/>
      </object_component>
      <object_component id="oc-326">
         <name>.debug_info</name>
         <load_address>0x10687</load_address>
         <run_address>0x10687</run_address>
         <size>0x19b</size>
         <input_file_ref idref="fl-e9"/>
      </object_component>
      <object_component id="oc-22d">
         <name>.debug_info</name>
         <load_address>0x10822</load_address>
         <run_address>0x10822</run_address>
         <size>0x19e</size>
         <input_file_ref idref="fl-e9"/>
      </object_component>
      <object_component id="oc-336">
         <name>.debug_info</name>
         <load_address>0x109c0</load_address>
         <run_address>0x109c0</run_address>
         <size>0xf0</size>
         <input_file_ref idref="fl-e9"/>
      </object_component>
      <object_component id="oc-3d4">
         <name>.debug_info</name>
         <load_address>0x10ab0</load_address>
         <run_address>0x10ab0</run_address>
         <size>0x16d</size>
         <input_file_ref idref="fl-e9"/>
      </object_component>
      <object_component id="oc-f1">
         <name>.debug_info</name>
         <load_address>0x10c1d</load_address>
         <run_address>0x10c1d</run_address>
         <size>0x188</size>
         <input_file_ref idref="fl-e9"/>
      </object_component>
      <object_component id="oc-ec">
         <name>.debug_info</name>
         <load_address>0x10da5</load_address>
         <run_address>0x10da5</run_address>
         <size>0x1ba</size>
         <input_file_ref idref="fl-e9"/>
      </object_component>
      <object_component id="oc-2c5">
         <name>.debug_info</name>
         <load_address>0x10f5f</load_address>
         <run_address>0x10f5f</run_address>
         <size>0x204</size>
         <input_file_ref idref="fl-e9"/>
      </object_component>
      <object_component id="oc-345">
         <name>.debug_info</name>
         <load_address>0x11163</load_address>
         <run_address>0x11163</run_address>
         <size>0x1cf</size>
         <input_file_ref idref="fl-e9"/>
      </object_component>
      <object_component id="oc-281">
         <name>.debug_info</name>
         <load_address>0x11332</load_address>
         <run_address>0x11332</run_address>
         <size>0x206</size>
         <input_file_ref idref="fl-e9"/>
      </object_component>
      <object_component id="oc-f8">
         <name>.debug_info</name>
         <load_address>0x11538</load_address>
         <run_address>0x11538</run_address>
         <size>0x1ab</size>
         <input_file_ref idref="fl-e9"/>
      </object_component>
      <object_component id="oc-33f">
         <name>.debug_info</name>
         <load_address>0x116e3</load_address>
         <run_address>0x116e3</run_address>
         <size>0x1ad</size>
         <input_file_ref idref="fl-e9"/>
      </object_component>
      <object_component id="oc-3dd">
         <name>.debug_info</name>
         <load_address>0x11890</load_address>
         <run_address>0x11890</run_address>
         <size>0xe8</size>
         <input_file_ref idref="fl-ea"/>
      </object_component>
      <object_component id="oc-360">
         <name>.debug_info</name>
         <load_address>0x11978</load_address>
         <run_address>0x11978</run_address>
         <size>0xf6</size>
         <input_file_ref idref="fl-ea"/>
      </object_component>
      <object_component id="oc-2d6">
         <name>.debug_info</name>
         <load_address>0x11a6e</load_address>
         <run_address>0x11a6e</run_address>
         <size>0x1cb</size>
         <input_file_ref idref="fl-ea"/>
      </object_component>
[...]
         <name>__TI_zero_init</name>
         <value>0x20009b89</value>
         <object_component_ref idref="oc-1e"/>
      </symbol>
      <symbol id="sm-37f">
         <name>C$$EXIT</name>
         <value>0x2000937d</value>
         <object_component_ref idref="oc-71"/>
      </symbol>
      <symbol id="sm-380">
         <name>abort</name>
         <value>0x20009381</value>
         <object_component_ref idref="oc-71"/>
      </symbol>
      <symbol id="sm-381">
         <name>exit</name>
         <value>0x20009389</value>
         <object_component_ref idref="oc-71"/>
      </symbol>
      <symbol id="sm-382">
         <name>__TI_dtors_ptr</name>
         <value>0x20018368</value>
         <object_component_ref idref="oc-b0"/>
      </symbol>
      <symbol id="sm-383">
         <name>__TI_cleanup_ptr</name>
         <value>0x20018364</value>
         <object_component_ref idref="oc-b0"/>
      </symbol>
      <symbol id="sm-384">
         <name>__TI_enable_exit_profile_output</name>
         <value>0x2001836c</value>
         <object_component_ref idref="oc-b0"/>
      </symbol>
      <symbol id="sm-38d">
         <name>__aeabi_lmul</name>
         <value>0x20009a89</value>
         <object_component_ref idref="oc-102"/>
      </symbol>
      <symbol id="sm-3a8">
         <name>memcpy</name>
         <value>0x20008ba9</value>
         <object_component_ref idref="oc-41"/>
      </symbol>
      <symbol id="sm-3a9">
         <name>__aeabi_memcpy</name>
         <value>0x20008ba9</value>
         <object_component_ref idref="oc-41"/>
      </symbol>
      <symbol id="sm-3aa">
         <name>__aeabi_memcpy8</name>
         <value>0x20008ba9</value>
         <object_component_ref idref="oc-41"/>
      </symbol>
      <symbol id="sm-3ab">
         <name>__aeabi_memcpy4</name>
         <value>0x20008ba9</value>
         <object_component_ref idref="oc-41"/>
      </symbol>
      <symbol id="sm-3bb">
         <name>memmove</name>
         <value>0x200097ad</value>
         <object_component_ref idref="oc-204"/>
      </symbol>
      <symbol id="sm-42f">
         <name>_sys_memory</name>
         <value>0x20017a98</value>
         <object_component_ref idref="oc-2a"/>
      </symbol>
      <symbol id="sm-430">
         <name>free</name>
         <value>0x2000770f</value>
         <object_component_ref idref="oc-20a"/>
      </symbol>
      <symbol id="sm-431">
         <name>realloc</name>
         <value>0x200077d1</value>
         <object_component_ref idref="oc-20a"/>
      </symbol>
      <symbol id="sm-432">
         <name>memalign</name>
         <value>0x200078d9</value>
         <object_component_ref idref="oc-20a"/>
      </symbol>
      <symbol id="sm-433">
         <name>calloc</name>
         <value>0x200079c5</value>
         <object_component_ref idref="oc-20a"/>
      </symbol>
      <symbol id="sm-434">
         <name>malloc</name>
         <value>0x200076a5</value>
         <object_component_ref idref="oc-20a"/>
      </symbol>
      <symbol id="sm-435">
         <name>minit</name>
         <value>0x20007625</value>
         <object_component_ref idref="oc-20a"/>
      </symbol>
      <symbol id="sm-444">
         <name>__aeabi_memset</name>
         <value>0x20008f7f</value>
         <object_component_ref idref="oc-4d"/>
      </symbol>
      <symbol id="sm-445">
         <name>memset</name>
         <value>0x20008f85</value>
         <object_component_ref idref="oc-4d"/>
      </symbol>
      <symbol id="sm-446">
         <name>__aeabi_memset8</name>
         <value>0x20008f7f</value>
         <object_component_ref idref="oc-4d"/>
      </symbol>
      <symbol id="sm-447">
         <name>__aeabi_memset4</name>
         <value>0x20008f7f</value>
         <object_component_ref idref="oc-4d"/>
      </symbol>
      <symbol id="sm-448">
         <name>__aeabi_memclr8</name>
         <value>0x20008f7d</value>
         <object_component_ref idref="oc-4d"/>
      </symbol>
      <symbol id="sm-449">
         <name>__aeabi_memclr4</name>
         <value>0x20008f7d</value>
         <object_component_ref idref="oc-4d"/>
      </symbol>
      <symbol id="sm-44a">
         <name>__aeabi_memclr</name>
         <value>0x20008f7d</value>
         <object_component_ref idref="oc-4d"/>
      </symbol>
      <symbol id="sm-454">
         <name>__mpu_init</name>
         <value>0x20007623</value>
         <object_component_ref idref="oc-59"/>
      </symbol>
      <symbol id="sm-45e">
         <name>_system_pre_init</name>
         <value>0x20009bad</value>
         <object_component_ref idref="oc-5f"/>
      </symbol>
      <symbol id="sm-466">
         <name>main_func_sp</name>
         <value>0x20018388</value>
         <object_component_ref idref="oc-77"/>
      </symbol>
      <symbol id="sm-474">
         <name>strlen</name>
         <value>0x20009b35</value>
         <object_component_ref idref="oc-123"/>
      </symbol>
      <symbol id="sm-495">
         <name>vsnprintf</name>
         <value>0x20008de9</value>
         <object_component_ref idref="oc-1f8"/>
      </symbol>
      <symbol id="sm-4ae">
         <name>_nop</name>
         <value>0x20009b2f</value>
         <object_component_ref idref="oc-1be"/>
      </symbol>
      <symbol id="sm-4af">
         <name>_lock</name>
         <value>0x2001837c</value>
         <object_component_ref idref="oc-b3"/>
      </symbol>
      <symbol id="sm-4b0">
         <name>_unlock</name>
         <value>0x20018380</value>
         <object_component_ref idref="oc-b3"/>
      </symbol>
      <symbol id="sm-4b1">
         <name>_register_lock</name>
         <value>0x20009b27</value>
         <object_component_ref idref="oc-1be"/>
      </symbol>
      <symbol id="sm-4b2">
         <name>_register_unlock</name>
         <value>0x20009b21</value>
         <object_component_ref idref="oc-1be"/>
      </symbol>
      <symbol id="sm-5b3">
         <name>__TI_printfi</name>
         <value>0x20005e15</value>
         <object_component_ref idref="oc-306"/>
      </symbol>
      <symbol id="sm-5c7">
         <name>_args_main</name>
         <value>0x20009a71</value>
         <object_component_ref idref="oc-6b"/>
      </symbol>
      <symbol id="sm-5dd">
         <name>atoi</name>
         <value>0x200093d1</value>
         <object_component_ref idref="oc-3ad"/>
      </symbol>
      <symbol id="sm-607">
         <name>__TI_auto_init</name>
         <value>0x200090dd</value>
         <object_component_ref idref="oc-65"/>
      </symbol>
      <symbol id="sm-621">
         <name>copy_in</name>
         <value>0x2000941d</value>
         <object_component_ref idref="oc-9a"/>
      </symbol>
      <symbol id="sm-62c">
         <name>_ctypes_</name>
         <value>0x2000a0ab</value>
         <object_component_ref idref="oc-3fd"/>
      </symbol>
      <symbol id="sm-643">
         <name>__aeabi_dsub</name>
         <value>0x20007e69</value>
         <object_component_ref idref="oc-396"/>
      </symbol>
      <symbol id="sm-644">
         <name>__aeabi_dadd</name>
         <value>0x20007e73</value>
         <object_component_ref idref="oc-396"/>
      </symbol>
      <symbol id="sm-666">
         <name>__aeabi_cdcmpeq</name>
         <value>0x20008e71</value>
         <object_component_ref idref="oc-372"/>
      </symbol>
      <symbol id="sm-667">
         <name>__aeabi_cdcmple</name>
         <value>0x20008e71</value>
         <object_component_ref idref="oc-372"/>
      </symbol>
      <symbol id="sm-668">
         <name>__aeabi_cdrcmple</name>
         <value>0x20008ef7</value>
         <object_component_ref idref="oc-381"/>
      </symbol>
      <symbol id="sm-67c">
         <name>__aeabi_ddiv</name>
         <value>0x20008331</value>
         <object_component_ref idref="oc-37c"/>
      </symbol>
      <symbol id="sm-687">
         <name>__aeabi_dmul</name>
         <value>0x20008595</value>
         <object_component_ref idref="oc-377"/>
      </symbol>
      <symbol id="sm-691">
         <name>__aeabi_d2iz</name>
         <value>0x20009469</value>
         <object_component_ref idref="oc-386"/>
      </symbol>
      <symbol id="sm-69b">
         <name>__aeabi_i2d</name>
         <value>0x2000968d</value>
         <object_component_ref idref="oc-391"/>
      </symbol>
      <symbol id="sm-6aa">
         <name>ltoa</name>
         <value>0x200092d1</value>
         <object_component_ref idref="oc-38b"/>
      </symbol>
      <symbol id="sm-6ba">
         <name>memccpy</name>
         <value>0x2000995f</value>
         <object_component_ref idref="oc-3b3"/>
      </symbol>
      <symbol id="sm-6d5">
         <name>frexpl</name>
         <value>0x2000921d</value>
         <object_component_ref idref="oc-39b"/>
      </symbol>
      <symbol id="sm-6d6">
         <name>frexp</name>
         <value>0x2000921d</value>
         <object_component_ref idref="oc-39b"/>
      </symbol>
      <symbol id="sm-6f4">
         <name>scalbn</name>
         <value>0x20008761</value>
         <object_component_ref idref="oc-3a1"/>
      </symbol>
      <symbol id="sm-6f5">
         <name>scalbnl</name>
         <value>0x20008761</value>
         <object_component_ref idref="oc-3a1"/>
      </symbol>
      <symbol id="sm-6f6">
         <name>ldexpl</name>
         <value>0x20008761</value>
         <object_component_ref idref="oc-3a1"/>
      </symbol>
      <symbol id="sm-6f7">
         <name>ldexp</name>
         <value>0x20008761</value>
         <object_component_ref idref="oc-3a1"/>
      </symbol>
      <symbol id="sm-701">
         <name>_system_post_cinit</name>
         <value>0x2000801f</value>
         <object_component_ref idref="oc-a0"/>
      </symbol>
      <symbol id="sm-711">
         <name>strchr</name>
         <value>0x20009ae3</value>
         <object_component_ref idref="oc-3a7"/>
      </symbol>
      <symbol id="sm-72d">
         <name>__aeabi_uldivmod</name>
         <value>0x20007c75</value>
         <object_component_ref idref="oc-36d"/>
      </symbol>
      <symbol id="sm-735">
         <name>errno</name>
         <value>0x20018384</value>
         <object_component_ref idref="oc-3f6"/>
      </symbol>
      <symbol id="sm-73f">
         <name>copysign</name>
         <value>0x20009b9f</value>
         <object_component_ref idref="oc-3f0"/>
      </symbol>
      <symbol id="sm-740">
         <name>copysignl</name>
         <value>0x20009b9f</value>
         <object_component_ref idref="oc-3f0"/>
      </symbol>
      <symbol id="sm-754">
         <name>GPIODirModeSet</name>
         <value>0x200095f5</value>
         <object_component_ref idref="oc-2e1"/>
      </symbol>
      <symbol id="sm-755">
         <name>GPIOPinWrite</name>
         <value>0x200097f3</value>
         <object_component_ref idref="oc-107"/>
      </symbol>
      <symbol id="sm-7cd">
         <name>IntPrioritySet</name>
         <value>0x20009329</value>
         <object_component_ref idref="oc-27f"/>
      </symbol>
      <symbol id="sm-7ce">
         <name>IntVTableBaseSet</name>
         <value>0x20009b0d</value>
         <object_component_ref idref="oc-ea"/>
      </symbol>
      <symbol id="sm-7cf">
         <name>IntEnable</name>
         <value>0x20008a61</value>
         <object_component_ref idref="oc-f6"/>
      </symbol>
      <symbol id="sm-7d0">
         <name>IntDisable</name>
         <value>0x200089b9</value>
         <object_component_ref idref="oc-33d"/>
      </symbol>
      <symbol id="sm-7d1">
         <name>IntRegister</name>
         <value>0x20009815</value>
         <object_component_ref idref="oc-2c3"/>
      </symbol>
      <symbol id="sm-7d2">
         <name>IntUnregister</name>
         <value>0x20009765</value>
         <object_component_ref idref="oc-343"/>
      </symbol>
      <symbol id="sm-7d3">
         <name>IntMasterEnable</name>
         <value>0x20009b95</value>
         <object_component_ref idref="oc-f0"/>
      </symbol>
      <symbol id="sm-812">
         <name>PinTypeUART</name>
         <value>0x20009995</value>
         <object_component_ref idref="oc-2ed"/>
      </symbol>
      <symbol id="sm-813">
         <name>PinTypeGPIO</name>
         <value>0x2000962b</value>
         <object_component_ref idref="oc-2db"/>
      </symbol>
      <symbol id="sm-814">
         <name>PinConfigSet</name>
         <value>0x20008cd9</value>
         <object_component_ref idref="oc-363"/>
      </symbol>
      <symbol id="sm-815">
         <name>PinTypeSPI</name>
         <value>0x2000997b</value>
         <object_component_ref idref="oc-2e7"/>
      </symbol>
      <symbol id="sm-816">
         <name>PinModeSet</name>
         <value>0x20009539</value>
         <object_component_ref idref="oc-2d5"/>
      </symbol>
      <symbol id="sm-89c">
         <name>PRCMPeripheralReset</name>
         <value>0x20009279</value>
         <object_component_ref idref="oc-18d"/>
      </symbol>
      <symbol id="sm-89d">
         <name>PRCMPeripheralClkEnable</name>
         <value>0x200095b9</value>
         <object_component_ref idref="oc-1ab"/>
      </symbol>
      <symbol id="sm-89e">
         <name>PRCMPeripheralClockGet</name>
         <value>0x20008c45</value>
         <object_component_ref idref="oc-16f"/>
      </symbol>
      <symbol id="sm-89f">
         <name>PRCMCC3200MCUInit</name>
         <value>0x200081b9</value>
         <object_component_ref idref="oc-fc"/>
      </symbol>
      <symbol id="sm-8a0">
         <name>PRCMHIBRegWrite</name>
         <value>0x20009ab7</value>
         <object_component_ref idref="oc-23c"/>
      </symbol>
      <symbol id="sm-8a1">
         <name>PRCMSysResetCauseGet</name>
         <value>0x200096bd</value>
         <object_component_ref idref="oc-230"/>
      </symbol>
      <symbol id="sm-8a2">
         <name>PRCMPeripheralClkDisable</name>
         <value>0x2000973d</value>
         <object_component_ref idref="oc-242"/>
      </symbol>
      <symbol id="sm-8a3">
         <name>PRCMHIBRegRead</name>
         <value>0x20009aa1</value>
         <object_component_ref idref="oc-236"/>
      </symbol>
      <symbol id="sm-929">
         <name>SPITransfer</name>
         <value>0x20008d61</value>
         <object_component_ref idref="oc-10d"/>
      </symbol>
      <symbol id="sm-92a">
         <name>SPICSEnable</name>
         <value>0x200099c7</value>
         <object_component_ref idref="oc-1d6"/>
      </symbol>
      <symbol id="sm-92b">
         <name>SPIDataPut</name>
         <value>0x20009855</value>
         <object_component_ref idref="oc-1dc"/>
      </symbol>
      <symbol id="sm-92c">
         <name>SPIEnable</name>
         <value>0x200099df</value>
         <object_component_ref idref="oc-19f"/>
      </symbol>
      <symbol id="sm-92d">
         <name>SPIDataGet</name>
         <value>0x20009835</value>
         <object_component_ref idref="oc-1e2"/>
      </symbol>
      <symbol id="sm-92e">
         <name>SPIConfigSetExpClk</name>
         <value>0x20008b09</value>
         <object_component_ref idref="oc-199"/>
      </symbol>
      <symbol id="sm-92f">
         <name>SPIReset</name>
         <value>0x200097d1</value>
         <object_component_ref idref="oc-193"/>
      </symbol>
      <symbol id="sm-930">
         <name>SPICSDisable</name>
         <value>0x200099af</value>
         <object_component_ref idref="oc-1e8"/>
      </symbol>
      <symbol id="sm-9b4">
         <name>TimerLoadSet</name>
         <value>0x200096e9</value>
         <object_component_ref idref="oc-160"/>
      </symbol>
      <symbol id="sm-9b5">
         <name>TimerDisable</name>
         <value>0x20009873</value>
         <object_component_ref idref="oc-13b"/>
      </symbol>
      <symbol id="sm-9b6">
         <name>TimerIntRegister</name>
         <value>0x2000906d</value>
         <object_component_ref idref="oc-285"/>
      </symbol>
      <symbol id="sm-9b7">
         <name>TimerEnable</name>
         <value>0x20009891</value>
         <object_component_ref idref="oc-141"/>
      </symbol>
      <symbol id="sm-9b8">
         <name>TimerIntUnregister</name>
         <value>0x2000914d</value>
         <object_component_ref idref="oc-297"/>
      </symbol>
      <symbol id="sm-9b9">
         <name>TimerIntStatus</name>
         <value>0x200098af</value>
         <object_component_ref idref="oc-12f"/>
      </symbol>
      <symbol id="sm-9ba">
         <name>TimerIntDisable</name>
         <value>0x200099f7</value>
         <object_component_ref idref="oc-291"/>
      </symbol>
      <symbol id="sm-9bb">
         <name>TimerValueGet</name>
         <value>0x20009927</value>
         <object_component_ref idref="oc-29d"/>
      </symbol>
      <symbol id="sm-9bc">
         <name>TimerPrescaleSet</name>
         <value>0x20009713</value>
         <object_component_ref idref="oc-279"/>
      </symbol>
      <symbol id="sm-9bd">
         <name>TimerIntEnable</name>
         <value>0x20009a0f</value>
         <object_component_ref idref="oc-166"/>
      </symbol>
      <symbol id="sm-9be">
         <name>TimerConfigure</name>
         <value>0x200094b1</value>
         <object_component_ref idref="oc-273"/>
      </symbol>
      <symbol id="sm-9bf">
         <name>TimerIntClear</name>
         <value>0x20009b49</value>
         <object_component_ref idref="oc-28b"/>
      </symbol>
      <symbol id="sm-a48">
         <name>UARTDMAEnable</name>
         <value>0x20009a3f</value>
         <object_component_ref idref="oc-187"/>
      </symbol>
      <symbol id="sm-a49">
         <name>UARTConfigSetExpClk</name>
         <value>0x20008ff7</value>
         <object_component_ref idref="oc-175"/>
      </symbol>
      <symbol id="sm-a4a">
         <name>UARTDisable</name>
         <value>0x2000965d</value>
         <object_component_ref idref="oc-2b0"/>
      </symbol>
      <symbol id="sm-a4b">
         <name>UARTIntEnable</name>
         <value>0x20009a57</value>
         <object_component_ref idref="oc-181"/>
      </symbol>
      <symbol id="sm-a4c">
         <name>UARTCharsAvail</name>
         <value>0x20009a27</value>
         <object_component_ref idref="oc-15a"/>
      </symbol>
      <symbol id="sm-a4d">
         <name>UARTCharGetNonBlocking</name>
         <value>0x20009943</value>
         <object_component_ref idref="oc-1fe"/>
      </symbol>
      <symbol id="sm-a4e">
         <name>UARTCharPut</name>
         <value>0x200098cd</value>
         <object_component_ref idref="oc-11d"/>
      </symbol>
      <symbol id="sm-a4f">
         <name>UARTEnable</name>
         <value>0x20009789</value>
         <object_component_ref idref="oc-2b6"/>
      </symbol>
      <symbol id="sm-a50">
         <name>UARTIntClear</name>
         <value>0x20009b5b</value>
         <object_component_ref idref="oc-148"/>
      </symbol>
      <symbol id="sm-a51">
         <name>UARTIntStatus</name>
         <value>0x20009909</value>
         <object_component_ref idref="oc-14e"/>
      </symbol>
      <symbol id="sm-a52">
         <name>UARTCharGet</name>
         <value>0x20009acd</value>
         <object_component_ref idref="oc-154"/>
      </symbol>
      <symbol id="sm-a53">
         <name>UARTIntRegister</name>
         <value>0x200098eb</value>
         <object_component_ref idref="oc-17b"/>
      </symbol>
      <symbol id="sm-a57">
         <name>UtilsDelay</name>
         <value>0x20009ba7</value>
         <object_component_ref idref="oc-328"/>
      </symbol>
      <symbol id="sm-a61">
         <name>CPUcpsie</name>
         <value>0x20009af9</value>
         <object_component_ref idref="oc-220"/>
      </symbol>
      <symbol id="sm-a63">
         <name>__TI_static_base__</name>
         <value>0x2000a4f8</value>
      </symbol>
      <symbol id="sm-a66">
         <name>SHT$$INIT_ARRAY$$Limit</name>
         <value>0x0</value>
      </symbol>
      <symbol id="sm-a67">
         <name>SHT$$INIT_ARRAY$$Base</name>
         <value>0x0</value>
      </symbol>
   </symbol_table>
   <title>Link successful</title>
</link_info>
