******************************************************************************
                  TI ARM Linker PC v16.9.0                     
******************************************************************************
>> Linked Thu May 05 18:41:19 2022

OUTPUT FILE NAME:   <uart_demo.out>
ENTRY POINT SYMBOL: "_c_int00"  address: 20009811


MEMORY CONFIGURATION

         name            origin    length      used     unused   attr    fill
----------------------  --------  ---------  --------  --------  ----  --------
  SRAM_CODE             20004000   00013000  000068e8  0000c718  RW X
  SRAM_DATA             20017000   00019000  00001515  00017aeb  RW X


SEGMENT ALLOCATION MAP

run origin  load origin   length   init length attrs members
----------  ----------- ---------- ----------- ----- -------
20004000    20004000    000068e8   000068e8    r-x
  20004000    20004000    00000400   00000400    r-- .intvecs
  20004400    20004400    00005ad8   00005ad8    r-x .text
  20009ed8    20009ed8    00000948   00000948    r-- .const
  2000a820    2000a820    000000c8   000000c8    r-- .cinit
20017000    20017000    00001418   00000000    rw-
  20017000    20017000    00000b2d   00000000    rw- .bss
  20017b30    20017b30    00000800   00000000    rw- .sysmem
  20018330    20018330    000000e8   00000000    rw- .data
2002ff00    2002ff00    00000100   00000000    rw-
  2002ff00    2002ff00    00000100   00000000    rw- .stack


SECTION ALLOCATION MAP

 output                                  attributes/
section   page    origin      length       input sections
--------  ----  ----------  ----------   ----------------
.intvecs   0    20004000    00000400     
                  20004000    00000400     startup_ccs.obj (.intvecs)

.init_array 
*          0    20004000    00000000     UNINITIALIZED

.text      0    20004400    00005ad8     
                  20004400    00001258     main.obj (.text)
                  20005658    0000111e     rtsv7M4_T_le_eabi.lib : _printfi.obj (.text)
                  20006776    00000002     driverlib.a : interrupt.obj (.text:IntDefaultHandler)
                  20006778    00000a80     Adafruit_GFX.obj (.text)
                  200071f8    000004a2     Adafruit_OLED.obj (.text)
                  2000769a    00000002     rtsv7M4_T_le_eabi.lib : mpu_init.obj (.text)
                  2000769c    000003d0                           : memory.obj (.text)
                  20007a6c    00000280     uart_if.obj (.text)
                  20007cec    000001f4     rtsv7M4_T_le_eabi.lib : ull_div_t2.obj (.text)
                  20007ee0    000001b6                           : fd_add_t2.obj (.text)
                  20008096    00000002                           : startup.obj (.text)
                  20008098    00000198     timer_if.obj (.text)
                  20008230    00000178     driverlib.a : prcm.obj (.text:PRCMCC3200MCUInit)
                  200083a8    00000136     rtsv7M4_T_le_eabi.lib : fd_div_t2.obj (.text)
                  200084de    00000002     --HOLE-- [fill = 0]
                  200084e0    0000012c     pin_mux_config.obj (.text)
                  2000860c    000000fc     rtsv7M4_T_le_eabi.lib : fd_mul_t2.obj (.text)
                  20008708    000000d0     driverlib.a : spi.obj (.text:SPITransfer32)
                  200087d8    000000d0     rtsv7M4_T_le_eabi.lib : s_scalbn.obj (.text)
                  200088a8    000000ce     driverlib.a : spi.obj (.text:SPITransfer16)
                  20008976    000000b8                 : spi.obj (.text:SPITransfer8)
                  20008a2e    00000002     --HOLE-- [fill = 0]
                  20008a30    000000a8                 : interrupt.obj (.text:IntDisable)
                  20008ad8    000000a8                 : interrupt.obj (.text:IntEnable)
                  20008b80    000000a0                 : spi.obj (.text:SPIConfigSetExpClk)
                  20008c20    0000009c     rtsv7M4_T_le_eabi.lib : memcpy_t2.obj (.text)
                  20008cbc    00000094     driverlib.a : prcm.obj (.text:PRCMPeripheralClockGet)
                  20008d50    00000092     rtsv7M4_T_le_eabi.lib : fs_div_t2.obj (.text)
                  20008de2    00000002     --HOLE-- [fill = 0]
                  20008de4    00000088     driverlib.a : pin.obj (.text:PinConfigSet)
                  20008e6c    00000088                 : spi.obj (.text:SPITransfer)
                  20008ef4    00000088     rtsv7M4_T_le_eabi.lib : vsnprintf.obj (.text)
                  20008f7c    00000086                           : fd_cmp_t2.obj (.text:__aeabi_cdcmple)
                  20009002    00000086                           : fd_cmp_t2.obj (.text:__aeabi_cdrcmple)
                  20009088    00000082     driverlib.a : gpio.obj (.text:GPIOIntTypeSet)
                  2000910a    0000007a     rtsv7M4_T_le_eabi.lib : memset_t2.obj (.text)
                  20009184    00000076     driverlib.a : uart.obj (.text:UARTConfigSetExpClk)
                  200091fa    00000002     --HOLE-- [fill = 0]
                  200091fc    00000070                 : timer.obj (.text:TimerIntRegister)
                  2000926c    00000070     rtsv7M4_T_le_eabi.lib : autoinit.obj (.text)
                  200092dc    00000068     driverlib.a : timer.obj (.text:TimerIntUnregister)
                  20009344    00000068     rtsv7M4_T_le_eabi.lib : copy_decompress_lzss.obj (.text:decompress:lzss)
                  200093ac    00000060                           : fs_cmp_t2.obj (.text:__aeabi_cfcmple)
                  2000940c    00000060                           : fs_cmp_t2.obj (.text:__aeabi_cfrcmple)
                  2000946c    0000005c                           : s_frexp.obj (.text)
                  200094c8    00000058     driverlib.a : prcm.obj (.text:PRCMPeripheralReset)
                  20009520    00000056     rtsv7M4_T_le_eabi.lib : ltoa.obj (.text)
                  20009576    00000002     --HOLE-- [fill = 0]
                  20009578    00000054     driverlib.a : interrupt.obj (.text:IntPrioritySet)
                  200095cc    00000054     rtsv7M4_T_le_eabi.lib : exit.obj (.text)
                  20009620    0000004c                           : atoi.obj (.text)
                  2000966c    0000004c                           : cpy_tbl.obj (.text)
                  200096b8    00000048     driverlib.a : gpio.obj (.text:GPIOGetIntNumber)
                  20009700    00000048     rtsv7M4_T_le_eabi.lib : fd_toi_t2.obj (.text)
                  20009748    00000044     driverlib.a : timer.obj (.text:TimerConfigure)
                  2000978c    00000044                 : uart.obj (.text:UARTIntNumberGet)
                  200097d0    00000040                 : pin.obj (.text:PinModeSet)
                  20009810    00000040     rtsv7M4_T_le_eabi.lib : boot.obj (.text)
                  20009850    0000003c     driverlib.a : prcm.obj (.text:PRCMPeripheralClkEnable)
                  2000988c    00000036                 : gpio.obj (.text:GPIODirModeSet)
                  200098c2    00000030                 : pin.obj (.text:PinTypeGPIO)
                  200098f2    00000002     --HOLE-- [fill = 0]
                  200098f4    00000030                 : uart.obj (.text:UARTDisable)
                  20009924    0000002e     rtsv7M4_T_le_eabi.lib : i_tofd_t2.obj (.text)
                  20009952    00000002     --HOLE-- [fill = 0]
                  20009954    0000002c     driverlib.a : prcm.obj (.text:PRCMSysResetCauseGet)
                  20009980    0000002a                 : timer.obj (.text:TimerLoadSet)
                  200099aa    0000002a                 : timer.obj (.text:TimerPrescaleSet)
                  200099d4    00000028                 : prcm.obj (.text:PRCMPeripheralClkDisable)
                  200099fc    00000024                 : interrupt.obj (.text:IntUnregister)
                  20009a20    00000024                 : uart.obj (.text:UARTEnable)
                  20009a44    00000024     rtsv7M4_T_le_eabi.lib : memmov.obj (.text)
                  20009a68    00000024                           : u_tofs_t2.obj (.text)
                  20009a8c    00000022     driverlib.a : gpio.obj (.text:GPIOIntStatus)
                  20009aae    00000022                 : spi.obj (.text:SPIReset)
                  20009ad0    00000020                 : gpio.obj (.text:GPIOPinWrite)
                  20009af0    00000020                 : interrupt.obj (.text:IntRegister)
                  20009b10    00000020                 : spi.obj (.text:SPIDataGet)
                  20009b30    0000001e                 : gpio.obj (.text:GPIOIntRegister)
                  20009b4e    0000001e                 : spi.obj (.text:SPIDataPut)
                  20009b6c    0000001e                 : timer.obj (.text:TimerDisable)
                  20009b8a    0000001e                 : timer.obj (.text:TimerEnable)
                  20009ba8    0000001e                 : timer.obj (.text:TimerIntStatus)
                  20009bc6    0000001e                 : uart.obj (.text:UARTCharPut)
                  20009be4    0000001e                 : uart.obj (.text:UARTIntRegister)
                  20009c02    0000001e                 : uart.obj (.text:UARTIntStatus)
                  20009c20    0000001c                 : timer.obj (.text:TimerValueGet)
                  20009c3c    0000001c                 : uart.obj (.text:UARTCharGetNonBlocking)
                  20009c58    0000001c     rtsv7M4_T_le_eabi.lib : memccpy.obj (.text)
                  20009c74    0000001a     driverlib.a : gpio.obj (.text:GPIOIntDisable)
                  20009c8e    0000001a                 : gpio.obj (.text:GPIOIntEnable)
                  20009ca8    0000001a                 : pin.obj (.text:PinTypeSPI)
                  20009cc2    0000001a                 : pin.obj (.text:PinTypeUART)
                  20009cdc    00000018                 : spi.obj (.text:SPICSDisable)
                  20009cf4    00000018                 : spi.obj (.text:SPICSEnable)
                  20009d0c    00000018                 : spi.obj (.text:SPIEnable)
                  20009d24    00000018                 : timer.obj (.text:TimerIntDisable)
                  20009d3c    00000018                 : timer.obj (.text:TimerIntEnable)
                  20009d54    00000018                 : uart.obj (.text:UARTCharsAvail)
                  20009d6c    00000018                 : uart.obj (.text:UARTDMAEnable)
                  20009d84    00000018                 : uart.obj (.text:UARTIntEnable)
                  20009d9c    00000018     rtsv7M4_T_le_eabi.lib : args_main.obj (.text)
                  20009db4    00000016     driverlib.a : prcm.obj (.text:PRCMHIBRegRead)
                  20009dca    00000016                 : prcm.obj (.text:PRCMHIBRegWrite)
                  20009de0    00000016                 : uart.obj (.text:UARTCharGet)
                  20009df6    00000016     rtsv7M4_T_le_eabi.lib : strchr.obj (.text)
                  20009e0c    00000014     driverlib.a : cpu.obj (.text:CPUcpsie)
                  20009e20    00000014                 : gpio.obj (.text:GPIOIntClear)
                  20009e34    00000014                 : interrupt.obj (.text:IntVTableBaseSet)
                  20009e48    00000014     rtsv7M4_T_le_eabi.lib : _lock.obj (.text)
                  20009e5c    00000014                           : strlen.obj (.text)
                  20009e70    00000012     driverlib.a : timer.obj (.text:TimerIntClear)
                  20009e82    00000012                 : uart.obj (.text:UARTIntClear)
                  20009e94    0000000e     rtsv7M4_T_le_eabi.lib : copy_decompress_none.obj (.text:decompress:none)
                  20009ea2    0000000e     startup_ccs.obj (.text)
                  20009eb0    0000000c     rtsv7M4_T_le_eabi.lib : copy_zero_init.obj (.text:decompress:ZI)
                  20009ebc    0000000a     driverlib.a : interrupt.obj (.text:IntMasterEnable)
                  20009ec6    00000008     rtsv7M4_T_le_eabi.lib : s_copysign.obj (.text)
                  20009ece    00000006     driverlib.a : utils.obj (.text:UtilsDelay)
                  20009ed4    00000004     rtsv7M4_T_le_eabi.lib : pre_init.obj (.text)

.const     0    20009ed8    00000948     
                  20009ed8    000004fb     Adafruit_GFX.obj (.const:.string:font)
                  2000a3d3    00000101     rtsv7M4_T_le_eabi.lib : ctype.obj (.const:.string:_ctypes_)
                  2000a4d4    00000100     driverlib.a : pin.obj (.const:g_ulPinToPadMap)
                  2000a5d4    000000d4                 : interrupt.obj (.const:g_pulRegs)
                  2000a6a8    000000a8                 : prcm.obj (.const:PRCM_PeriphRegsList)
                  2000a750    00000080                 : interrupt.obj (.const)
                  2000a7d0    0000002e     main.obj (.const:.string)
                  2000a7fe    00000010     main.obj (.const:$P$T0$1)
                  2000a80e    00000002     --HOLE-- [fill = 0]
                  2000a810    00000010     driverlib.a : uart.obj (.const)

.cinit     0    2000a820    000000c8     
                  2000a820    0000009d     (.cinit..data.load) [load image, compression = lzss]
                  2000a8bd    00000003     --HOLE-- [fill = 0]
                  2000a8c0    0000000c     (__TI_handler_table)
                  2000a8cc    00000004     --HOLE-- [fill = 0]
                  2000a8d0    00000008     (.cinit..bss.load) [load image, compression = zero_init]
                  2000a8d8    00000010     (__TI_cinit_table)

.bss       0    20017000    00000b2d     UNINITIALIZED
                  20017000    00000668     (.common:samples)
                  20017668    00000400     (.common:sendArray)
                  20017a68    0000008c     (.common:values)
                  20017af4    00000020     (.common:power_all)
                  20017b14    00000008     main.obj (.bss)
                  20017b1c    00000004     uart_if.obj (.bss)
                  20017b20    00000004     (.common:new_dig)
                  20017b24    00000004     (.common:pin8_intcount)
                  20017b28    00000004     (.common:samples_index)
                  20017b2c    00000001     (.common:pin8_intflag)

.sysmem    0    20017b30    00000800     UNINITIALIZED
                  20017b30    00000008     rtsv7M4_T_le_eabi.lib : memory.obj (.sysmem)
                  20017b38    000007f8     --HOLE--

.data      0    20018330    000000e8     UNINITIALIZED
                  20018330    00000039     main.obj (.data)
                  20018369    00000003     --HOLE--
                  2001836c    00000028     main.obj (.data:digits)
                  20018394    00000020     main.obj (.data:coeff)
                  200183b4    0000001c     main.obj (.data:colors)
                  200183d0    00000015     Adafruit_GFX.obj (.data)
                  200183e5    00000003     --HOLE--
                  200183e8    0000000c     rtsv7M4_T_le_eabi.lib : exit.obj (.data:$O1$$)
                  200183f4    0000000c                           : memory.obj (.data:$O1$$)
                  20018400    00000008                           : _lock.obj (.data:$O1$$)
                  20018408    00000008     main.obj (.data:ir_input)
                  20018410    00000004     rtsv7M4_T_le_eabi.lib : errno.obj (.data)
                  20018414    00000004                           : stkdepth_vars.obj (.data)

.stack     0    2002ff00    00000100     UNINITIALIZED
                  2002ff00    00000100     --HOLE--

MODULE SUMMARY

       Module                     code    ro data   rw data
       ------                     ----    -------   -------
    .\
       main.obj                   4696    62        3022   
       Adafruit_GFX.obj           2688    1275      21     
       Adafruit_OLED.obj          1186    0         0      
       startup_ccs.obj            14      1024      0      
       uart_if.obj                640     0         4      
       timer_if.obj               408     0         0      
       pin_mux_config.obj         300     0         0      
    +--+--------------------------+-------+---------+---------+
       Total:                     9932    2361      3047   
                                                           
    C:/ti/CC3200SDK_1.2.0/cc3200-sdk/driverlib/ccs/Release/driverlib.a
       spi.obj                    1062    0         0      
       prcm.obj                   800     168       0      
       interrupt.obj              520     340       0      
       pin.obj                    300     256       0      
       timer.obj                  552     0         0      
       uart.obj                   500     16        0      
       gpio.obj                   424     0         0      
       cpu.obj                    20      0         0      
       utils.obj                  6       0         0      
    +--+--------------------------+-------+---------+---------+
       Total:                     4184    780       0      
                                                           
    C:\ti\ccsv7\tools\compiler\ti-cgt-arm_16.9.0.LTS\lib\rtsv7M4_T_le_eabi.lib
       _printfi.obj               4382    0         0      
       memory.obj                 976     0         12     
       ull_div_t2.obj             500     0         0      
       fd_add_t2.obj              438     0         0      
       fd_div_t2.obj              310     0         0      
       fd_cmp_t2.obj              268     0         0      
       ctype.obj                  0       257       0      
       fd_mul_t2.obj              252     0         0      
       s_scalbn.obj               208     0         0      
       fs_cmp_t2.obj              192     0         0      
       memcpy_t2.obj              156     0         0      
       fs_div_t2.obj              146     0         0      
       vsnprintf.obj              136     0         0      
       memset_t2.obj              122     0         0      
       autoinit.obj               112     0         0      
       copy_decompress_lzss.obj   104     0         0      
       exit.obj                   84      0         12     
       s_frexp.obj                92      0         0      
       ltoa.obj                   86      0         0      
       atoi.obj                   76      0         0      
       cpy_tbl.obj                76      0         0      
       fd_toi_t2.obj              72      0         0      
       boot.obj                   64      0         0      
       i_tofd_t2.obj              46      0         0      
       memmov.obj                 36      0         0      
       u_tofs_t2.obj              36      0         0      
       _lock.obj                  20      0         8      
       memccpy.obj                28      0         0      
       args_main.obj              24      0         0      
       strchr.obj                 22      0         0      
       strlen.obj                 20      0         0      
       copy_decompress_none.obj   14      0         0      
       copy_zero_init.obj         12      0         0      
       s_copysign.obj             8       0         0      
       errno.obj                  0       0         4      
       pre_init.obj               4       0         0      
       stkdepth_vars.obj          0       0         4      
       mpu_init.obj               2       0         0      
       startup.obj                2       0         0      
    +--+--------------------------+-------+---------+---------+
       Total:                     9126    257       40     
                                                           
       Heap:                      0       0         2048   
       Stack:                     0       0         256    
       Linker Generated:          0       193       0      
    +--+--------------------------+-------+---------+---------+
       Grand Total:               23242   3591      5391   


LINKER GENERATED COPY TABLES

__TI_cinit_table @ 2000a8d8 records: 2, size/record: 8, table size: 16
	.data: load addr=2000a820, load size=0000009d bytes, run addr=20018330, run size=000000e8 bytes, compression=lzss
	.bss: load addr=2000a8d0, load size=00000008 bytes, run addr=20017000, run size=00000b2d bytes, compression=zero_init


LINKER GENERATED HANDLER TABLE

__TI_handler_table @ 2000a8c0 records: 3, size/record: 4, table size: 12
	index: 0, handler: __TI_decompress_lzss
	index: 1, handler: __TI_decompress_none
	index: 2, handler: __TI_zero_init


GLOBAL SYMBOLS: SORTED ALPHABETICALLY BY Name 

address   name                           
-------   ----                           
20007281  Adafruit_Init                  
200095cd  C$$EXIT                        
20009e0d  CPUcpsie                       
20007aad  ClearTerm                      
200073f7  Color565                       
20007ab7  Error                          
2000988d  GPIODirModeSet                 
20005459  GPIOInit                       
20009e21  GPIOIntClear                   
20009c75  GPIOIntDisable                 
20009c8f  GPIOIntEnable                  
20009b31  GPIOIntRegister                
20009a8d  GPIOIntStatus                  
20009089  GPIOIntTypeSet                 
20009ad1  GPIOPinWrite                   
20007aef  GetCmd                         
20004e41  HandleCode                     
20007a6d  InitTerm                       
20008a31  IntDisable                     
20008ad9  IntEnable                      
20009ebd  IntMasterEnable                
20009579  IntPrioritySet                 
20009af1  IntRegister                    
200099fd  IntUnregister                  
20009e35  IntVTableBaseSet               
20007a8b  Message                        
20007123  Outstr                         
20008231  PRCMCC3200MCUInit              
20009db5  PRCMHIBRegRead                 
20009dcb  PRCMHIBRegWrite                
200099d5  PRCMPeripheralClkDisable       
20009851  PRCMPeripheralClkEnable        
20008cbd  PRCMPeripheralClockGet         
200094c9  PRCMPeripheralReset            
20009955  PRCMSysResetCauseGet           
20008de5  PinConfigSet                   
200097d1  PinModeSet                     
200084e1  PinMuxConfig                   
200098c3  PinTypeGPIO                    
20009ca9  PinTypeSPI                     
20009cc3  PinTypeUART                    
20004d5d  PrintChar                      
20007c2d  Report                         
20009ea3  ResetISR                       
UNDEFED   SHT$$INIT_ARRAY$$Base          
UNDEFED   SHT$$INIT_ARRAY$$Limit         
20009cdd  SPICSDisable                   
20009cf5  SPICSEnable                    
20008b81  SPIConfigSetExpClk             
20009b11  SPIDataGet                     
20009b4f  SPIDataPut                     
20009d0d  SPIEnable                      
2000559b  SPIInit                        
20009aaf  SPIReset                       
20008e6d  SPITransfer                    
20005221  TimerA0IntHandler              
200051a9  TimerA1IntHandler              
20009749  TimerConfigure                 
20009b6d  TimerDisable                   
20009b8b  TimerEnable                    
200054bd  TimerInit                      
20009e71  TimerIntClear                  
20009d25  TimerIntDisable                
20009d3d  TimerIntEnable                 
200091fd  TimerIntRegister               
20009ba9  TimerIntStatus                 
200092dd  TimerIntUnregister             
20009981  TimerLoadSet                   
200099ab  TimerPrescaleSet               
20009c21  TimerValueGet                  
200081df  Timer_IF_DeInit                
20008211  Timer_IF_GetCount              
20008119  Timer_IF_Init                  
2000814b  Timer_IF_IntSetup              
20008197  Timer_IF_InterruptClear        
200081f9  Timer_IF_ReLoad                
200081af  Timer_IF_Start                 
200081cf  Timer_IF_Stop                  
20007b95  TrimSpace                      
20009de1  UARTCharGet                    
20009c3d  UARTCharGetNonBlocking         
20009bc7  UARTCharPut                    
20009d55  UARTCharsAvail                 
20009185  UARTConfigSetExpClk            
20009d6d  UARTDMAEnable                  
200098f5  UARTDisable                    
20009a21  UARTEnable                     
20009e83  UARTIntClear                   
20009d85  UARTIntEnable                  
200053a1  UARTIntHandler                 
20009be5  UARTIntRegister                
20009c03  UARTIntStatus                  
20005559  UartInit                       
20009ecf  UtilsDelay                     
20030000  __STACK_END                    
00000100  __STACK_SIZE                   
00000800  __SYSMEM_SIZE                  
2000a8d8  __TI_CINIT_Base                
2000a8e8  __TI_CINIT_Limit               
2000a8c0  __TI_Handler_Table_Base        
2000a8cc  __TI_Handler_Table_Limit       
2000926d  __TI_auto_init                 
200183e8  __TI_cleanup_ptr               
20009345  __TI_decompress_lzss           
20009e95  __TI_decompress_none           
200183ec  __TI_dtors_ptr                 
200183f0  __TI_enable_exit_profile_output
ffffffff  __TI_pprof_out_hndl            
20005e8d  __TI_printfi                   
ffffffff  __TI_prof_data_size            
ffffffff  __TI_prof_data_start           
2000a820  __TI_static_base__             
20009eb1  __TI_zero_init                 
20008f7d  __aeabi_cdcmpeq                
20008f7d  __aeabi_cdcmple                
20009003  __aeabi_cdrcmple               
200093ad  __aeabi_cfcmpeq                
200093ad  __aeabi_cfcmple                
2000940d  __aeabi_cfrcmple               
20009701  __aeabi_d2iz                   
20007eeb  __aeabi_dadd                   
200083a9  __aeabi_ddiv                   
2000860d  __aeabi_dmul                   
20007ee1  __aeabi_dsub                   
20008d51  __aeabi_fdiv                   
20009925  __aeabi_i2d                    
2000910b  __aeabi_memclr                 
2000910b  __aeabi_memclr4                
2000910b  __aeabi_memclr8                
20008c21  __aeabi_memcpy                 
20008c21  __aeabi_memcpy4                
20008c21  __aeabi_memcpy8                
2000910d  __aeabi_memset                 
2000910d  __aeabi_memset4                
2000910d  __aeabi_memset8                
20009a69  __aeabi_ui2f                   
20007ced  __aeabi_uldivmod               
ffffffff  __binit__                      
ffffffff  __c_args__                     
2000769b  __mpu_init                     
2002ff00  __stack                        
20009d9d  _args_main                     
20009811  _c_int00                       
2000a3d3  _ctypes_                       
20018400  _lock                          
20009e57  _nop                           
20009e4f  _register_lock                 
20009e49  _register_unlock               
20017b30  _sys_memory                    
20008097  _system_post_cinit             
20009ed5  _system_pre_init               
20018404  _unlock                        
200095d1  abort                          
20009621  atoi                           
ffffffff  binit                          
20018348  c_letter                       
20007a3d  calloc                         
20018394  coeff                          
200183b4  colors                         
2000966d  copy_in                        
20009ec7  copysign                       
20009ec7  copysignl                      
20018338  curr                           
20018358  curr_color                     
20018340  curr_index                     
200183d0  cursor_x                       
200183d4  cursor_y                       
20018350  cx                             
20018354  cy                             
20004401  delay                          
2001836c  digits                         
20006fd7  drawChar                       
20006779  drawCircle                     
200068ad  drawCircleHelper               
200075a5  drawFastHLine                  
20007505  drawFastVLine                  
20006af3  drawLine                       
20007641  drawPixel                      
20006bdf  drawRect                       
20006c2d  drawRoundRect                  
20006d95  drawTriangle                   
20018410  errno                          
200095d9  exit                           
200069cb  fillCircle                     
20006a05  fillCircleHelper               
2000744f  fillRect                       
20006d1b  fillRoundRect                  
20007439  fillScreen                     
20006dd7  fillTriangle                   
20007787  free                           
2000946d  frexp                          
2000946d  frexpl                         
20004000  g_pfnVectors                   
200073b3  goTo                           
20004b51  goertzel                       
200071d7  height                         
2000767f  invert                         
20004cfd  keyToBinary                    
2001834c  key_time                       
20004973  lcdTestPattern                 
20004a43  lcdTestPattern2                
200087d9  ldexp                          
200087d9  ldexpl                         
20009521  ltoa                           
200055cb  main                           
20018414  main_func_sp                   
2000771d  malloc                         
20007951  memalign                       
20009c59  memccpy                        
20008c21  memcpy                         
20009a45  memmove                        
20009113  memset                         
2000769d  minit                          
2001835c  nLetters                       
20017b20  new_dig                        
20018330  p                              
20017b24  pin8_intcount                  
20017b2c  pin8_intflag                   
20004bd3  post_test                      
20017af4  power_all                      
20018334  prev                           
20004cb7  readMicrophone                 
20007849  realloc                        
20018360  rx                             
20018368  rx_prev                        
20018364  ry                             
20017000  samples                        
20017b28  samples_index                  
200087d9  scalbn                         
200087d9  scalbnl                        
20017668  sendArray                      
2000716f  setCursor                      
200071a7  setTextColor                   
20007187  setTextSize                    
200071bf  setTextWrap                    
2001833c  start                          
20018344  state                          
20009df7  strchr                         
20009e5d  strlen                         
20004637  testdrawcircles                
200044a7  testdrawrects                  
20004435  testfastlines                  
200045c5  testfillcircles                
20004507  testfillrects                  
200047a5  testlines                      
20004733  testroundrects                 
200046b1  testtriangles                  
200183e0  textbgcolor                    
200183dc  textcolor                      
200183d8  textsize                       
20017a68  values                         
20008ef5  vsnprintf                      
200071d3  width                          
200183e4  wrap                           
200071f9  writeCommand                   
2000723d  writeData                      


GLOBAL SYMBOLS: SORTED BY Symbol Address 

address   name                           
-------   ----                           
00000100  __STACK_SIZE                   
00000800  __SYSMEM_SIZE                  
20004000  g_pfnVectors                   
20004401  delay                          
20004435  testfastlines                  
200044a7  testdrawrects                  
20004507  testfillrects                  
200045c5  testfillcircles                
20004637  testdrawcircles                
200046b1  testtriangles                  
20004733  testroundrects                 
200047a5  testlines                      
20004973  lcdTestPattern                 
20004a43  lcdTestPattern2                
20004b51  goertzel                       
20004bd3  post_test                      
20004cb7  readMicrophone                 
20004cfd  keyToBinary                    
20004d5d  PrintChar                      
20004e41  HandleCode                     
200051a9  TimerA1IntHandler              
20005221  TimerA0IntHandler              
200053a1  UARTIntHandler                 
20005459  GPIOInit                       
200054bd  TimerInit                      
20005559  UartInit                       
2000559b  SPIInit                        
200055cb  main                           
20005e8d  __TI_printfi                   
20006779  drawCircle                     
200068ad  drawCircleHelper               
200069cb  fillCircle                     
20006a05  fillCircleHelper               
20006af3  drawLine                       
20006bdf  drawRect                       
20006c2d  drawRoundRect                  
20006d1b  fillRoundRect                  
20006d95  drawTriangle                   
20006dd7  fillTriangle                   
20006fd7  drawChar                       
20007123  Outstr                         
2000716f  setCursor                      
20007187  setTextSize                    
200071a7  setTextColor                   
200071bf  setTextWrap                    
200071d3  width                          
200071d7  height                         
200071f9  writeCommand                   
2000723d  writeData                      
20007281  Adafruit_Init                  
200073b3  goTo                           
200073f7  Color565                       
20007439  fillScreen                     
2000744f  fillRect                       
20007505  drawFastVLine                  
200075a5  drawFastHLine                  
20007641  drawPixel                      
2000767f  invert                         
2000769b  __mpu_init                     
2000769d  minit                          
2000771d  malloc                         
20007787  free                           
20007849  realloc                        
20007951  memalign                       
20007a3d  calloc                         
20007a6d  InitTerm                       
20007a8b  Message                        
20007aad  ClearTerm                      
20007ab7  Error                          
20007aef  GetCmd                         
20007b95  TrimSpace                      
20007c2d  Report                         
20007ced  __aeabi_uldivmod               
20007ee1  __aeabi_dsub                   
20007eeb  __aeabi_dadd                   
20008097  _system_post_cinit             
20008119  Timer_IF_Init                  
2000814b  Timer_IF_IntSetup              
20008197  Timer_IF_InterruptClear        
200081af  Timer_IF_Start                 
200081cf  Timer_IF_Stop                  
200081df  Timer_IF_DeInit                
200081f9  Timer_IF_ReLoad                
20008211  Timer_IF_GetCount              
20008231  PRCMCC3200MCUInit              
200083a9  __aeabi_ddiv                   
200084e1  PinMuxConfig                   
2000860d  __aeabi_dmul                   
200087d9  ldexp                          
200087d9  ldexpl                         
200087d9  scalbn                         
200087d9  scalbnl                        
20008a31  IntDisable                     
20008ad9  IntEnable                      
20008b81  SPIConfigSetExpClk             
20008c21  __aeabi_memcpy                 
20008c21  __aeabi_memcpy4                
20008c21  __aeabi_memcpy8                
20008c21  memcpy                         
20008cbd  PRCMPeripheralClockGet         
20008d51  __aeabi_fdiv                   
20008de5  PinConfigSet                   
20008e6d  SPITransfer                    
20008ef5  vsnprintf                      
20008f7d  __aeabi_cdcmpeq                
20008f7d  __aeabi_cdcmple                
20009003  __aeabi_cdrcmple               
20009089  GPIOIntTypeSet                 
2000910b  __aeabi_memclr                 
2000910b  __aeabi_memclr4                
2000910b  __aeabi_memclr8                
2000910d  __aeabi_memset                 
2000910d  __aeabi_memset4                
2000910d  __aeabi_memset8                
20009113  memset                         
20009185  UARTConfigSetExpClk            
200091fd  TimerIntRegister               
2000926d  __TI_auto_init                 
200092dd  TimerIntUnregister             
20009345  __TI_decompress_lzss           
200093ad  __aeabi_cfcmpeq                
200093ad  __aeabi_cfcmple                
2000940d  __aeabi_cfrcmple               
2000946d  frexp                          
2000946d  frexpl                         
200094c9  PRCMPeripheralReset            
20009521  ltoa                           
20009579  IntPrioritySet                 
200095cd  C$$EXIT                        
200095d1  abort                          
200095d9  exit                           
20009621  atoi                           
2000966d  copy_in                        
20009701  __aeabi_d2iz                   
20009749  TimerConfigure                 
200097d1  PinModeSet                     
20009811  _c_int00                       
20009851  PRCMPeripheralClkEnable        
2000988d  GPIODirModeSet                 
200098c3  PinTypeGPIO                    
200098f5  UARTDisable                    
20009925  __aeabi_i2d                    
20009955  PRCMSysResetCauseGet           
20009981  TimerLoadSet                   
200099ab  TimerPrescaleSet               
200099d5  PRCMPeripheralClkDisable       
200099fd  IntUnregister                  
20009a21  UARTEnable                     
20009a45  memmove                        
20009a69  __aeabi_ui2f                   
20009a8d  GPIOIntStatus                  
20009aaf  SPIReset                       
20009ad1  GPIOPinWrite                   
20009af1  IntRegister                    
20009b11  SPIDataGet                     
20009b31  GPIOIntRegister                
20009b4f  SPIDataPut                     
20009b6d  TimerDisable                   
20009b8b  TimerEnable                    
20009ba9  TimerIntStatus                 
20009bc7  UARTCharPut                    
20009be5  UARTIntRegister                
20009c03  UARTIntStatus                  
20009c21  TimerValueGet                  
20009c3d  UARTCharGetNonBlocking         
20009c59  memccpy                        
20009c75  GPIOIntDisable                 
20009c8f  GPIOIntEnable                  
20009ca9  PinTypeSPI                     
20009cc3  PinTypeUART                    
20009cdd  SPICSDisable                   
20009cf5  SPICSEnable                    
20009d0d  SPIEnable                      
20009d25  TimerIntDisable                
20009d3d  TimerIntEnable                 
20009d55  UARTCharsAvail                 
20009d6d  UARTDMAEnable                  
20009d85  UARTIntEnable                  
20009d9d  _args_main                     
20009db5  PRCMHIBRegRead                 
20009dcb  PRCMHIBRegWrite                
20009de1  UARTCharGet                    
20009df7  strchr                         
20009e0d  CPUcpsie                       
20009e21  GPIOIntClear                   
20009e35  IntVTableBaseSet               
20009e49  _register_unlock               
20009e4f  _register_lock                 
20009e57  _nop                           
20009e5d  strlen                         
20009e71  TimerIntClear                  
20009e83  UARTIntClear                   
20009e95  __TI_decompress_none           
20009ea3  ResetISR                       
20009eb1  __TI_zero_init                 
20009ebd  IntMasterEnable                
20009ec7  copysign                       
20009ec7  copysignl                      
20009ecf  UtilsDelay                     
20009ed5  _system_pre_init               
2000a3d3  _ctypes_                       
2000a820  __TI_static_base__             
2000a8c0  __TI_Handler_Table_Base        
2000a8cc  __TI_Handler_Table_Limit       
2000a8d8  __TI_CINIT_Base                
2000a8e8  __TI_CINIT_Limit               
20017000  samples                        
20017668  sendArray                      
20017a68  values                         
20017af4  power_all                      
20017b20  new_dig                        
20017b24  pin8_intcount                  
20017b28  samples_index                  
20017b2c  pin8_intflag                   
20017b30  _sys_memory                    
20018330  p                              
20018334  prev                           
20018338  curr                           
2001833c  start                          
20018340  curr_index                     
20018344  state                          
20018348  c_letter                       
2001834c  key_time                       
20018350  cx                             
20018354  cy                             
20018358  curr_color                     
2001835c  nLetters                       
20018360  rx                             
20018364  ry                             
20018368  rx_prev                        
2001836c  digits                         
20018394  coeff                          
200183b4  colors                         
200183d0  cursor_x                       
200183d4  cursor_y                       
200183d8  textsize                       
200183dc  textcolor                      
200183e0  textbgcolor                    
200183e4  wrap                           
200183e8  __TI_cleanup_ptr               
200183ec  __TI_dtors_ptr                 
200183f0  __TI_enable_exit_profile_output
20018400  _lock                          
20018404  _unlock                        
20018410  errno                          
20018414  main_func_sp                   
2002ff00  __stack                        
20030000  __STACK_END                    
ffffffff  __TI_pprof_out_hndl            
ffffffff  __TI_prof_data_size            
ffffffff  __TI_prof_data_start           
ffffffff  __binit__                      
ffffffff  __c_args__                     
ffffffff  binit                          
UNDEFED   SHT$$INIT_ARRAY$$Base          
UNDEFED   SHT$$INIT_ARRAY$$Limit         

[256 symbols]
