******************************************************************************
                  TI ARM Linker PC v16.9.0                     
******************************************************************************
>> Linked Mon May 09 19:15:53 2022

OUTPUT FILE NAME:   <uart_demo.out>
ENTRY POINT SYMBOL: "_c_int00"  address: 20009579


MEMORY CONFIGURATION

         name            origin    length      used     unused   attr    fill
----------------------  --------  ---------  --------  --------  ----  --------
  SRAM_CODE             20004000   00013000  000065c0  0000ca40  RW X
  SRAM_DATA             20017000   00019000  00001488  00017b78  RW X


SEGMENT ALLOCATION MAP

run origin  load origin   length   init length attrs members
----------  ----------- ---------- ----------- ----- -------
20004000    20004000    000065c0   000065c0    r-x
  20004000    20004000    00000400   00000400    r-- .intvecs
  20004400    20004400    000057b0   000057b0    r-x .text
  20009bb0    20009bb0    00000948   00000948    r-- .const
  2000a4f8    2000a4f8    000000c8   000000c8    r-- .cinit
20017000    20017000    0000138c   00000000    rw-
  20017000    20017000    00000a94   00000000    rw- .bss
  20017a98    20017a98    00000800   00000000    rw- .sysmem
  20018298    20018298    000000f4   00000000    rw- .data
2002ff00    2002ff00    00000100   00000000    rw-
  2002ff00    2002ff00    00000100   00000000    rw- .stack


SECTION ALLOCATION MAP

 output                                  attributes/
section   page    origin      length       input sections
--------  ----  ----------  ----------   ----------------
.intvecs   0    20004000    00000400     
                  20004000    00000400     startup_ccs.obj (.intvecs)

.init_array 
*          0    20004000    00000000     UNINITIALIZED

.text      0    20004400    000057b0     
                  20004400    000011e0     main.obj (.text)
                  200055e0    0000111e     rtsv7M4_T_le_eabi.lib : _printfi.obj (.text)
                  200066fe    00000002     driverlib.a : interrupt.obj (.text:IntDefaultHandler)
                  20006700    00000a80     Adafruit_GFX.obj (.text)
                  20007180    000004a2     Adafruit_OLED.obj (.text)
                  20007622    00000002     rtsv7M4_T_le_eabi.lib : mpu_init.obj (.text)
                  20007624    000003d0                           : memory.obj (.text)
                  200079f4    00000280     uart_if.obj (.text)
                  20007c74    000001f4     rtsv7M4_T_le_eabi.lib : ull_div_t2.obj (.text)
                  20007e68    000001b6                           : fd_add_t2.obj (.text)
                  2000801e    00000002                           : startup.obj (.text)
                  20008020    00000198     timer_if.obj (.text)
                  200081b8    00000178     driverlib.a : prcm.obj (.text:PRCMCC3200MCUInit)
                  20008330    00000136     rtsv7M4_T_le_eabi.lib : fd_div_t2.obj (.text)
                  20008466    00000002     --HOLE-- [fill = 0]
                  20008468    0000012c     pin_mux_config.obj (.text)
                  20008594    000000fc     rtsv7M4_T_le_eabi.lib : fd_mul_t2.obj (.text)
                  20008690    000000d0     driverlib.a : spi.obj (.text:SPITransfer32)
                  20008760    000000d0     rtsv7M4_T_le_eabi.lib : s_scalbn.obj (.text)
                  20008830    000000ce     driverlib.a : spi.obj (.text:SPITransfer16)
                  200088fe    000000b8                 : spi.obj (.text:SPITransfer8)
                  200089b6    00000002     --HOLE-- [fill = 0]
                  200089b8    000000a8                 : interrupt.obj (.text:IntDisable)
                  20008a60    000000a8                 : interrupt.obj (.text:IntEnable)
                  20008b08    000000a0                 : spi.obj (.text:SPIConfigSetExpClk)
                  20008ba8    0000009c     rtsv7M4_T_le_eabi.lib : memcpy_t2.obj (.text)
                  20008c44    00000094     driverlib.a : prcm.obj (.text:PRCMPeripheralClockGet)
                  20008cd8    00000088                 : pin.obj (.text:PinConfigSet)
                  20008d60    00000088                 : spi.obj (.text:SPITransfer)
                  20008de8    00000088     rtsv7M4_T_le_eabi.lib : vsnprintf.obj (.text)
                  20008e70    00000086                           : fd_cmp_t2.obj (.text:__aeabi_cdcmple)
                  20008ef6    00000086                           : fd_cmp_t2.obj (.text:__aeabi_cdrcmple)
                  20008f7c    0000007a                           : memset_t2.obj (.text)
                  20008ff6    00000076     driverlib.a : uart.obj (.text:UARTConfigSetExpClk)
                  2000906c    00000070                 : timer.obj (.text:TimerIntRegister)
                  200090dc    00000070     rtsv7M4_T_le_eabi.lib : autoinit.obj (.text)
                  2000914c    00000068     driverlib.a : timer.obj (.text:TimerIntUnregister)
                  200091b4    00000068     rtsv7M4_T_le_eabi.lib : copy_decompress_lzss.obj (.text:decompress:lzss)
                  2000921c    0000005c                           : s_frexp.obj (.text)
                  20009278    00000058     driverlib.a : prcm.obj (.text:PRCMPeripheralReset)
                  200092d0    00000056     rtsv7M4_T_le_eabi.lib : ltoa.obj (.text)
                  20009326    00000002     --HOLE-- [fill = 0]
                  20009328    00000054     driverlib.a : interrupt.obj (.text:IntPrioritySet)
                  2000937c    00000054     rtsv7M4_T_le_eabi.lib : exit.obj (.text)
                  200093d0    0000004c                           : atoi.obj (.text)
                  2000941c    0000004c                           : cpy_tbl.obj (.text)
                  20009468    00000048                           : fd_toi_t2.obj (.text)
                  200094b0    00000044     driverlib.a : timer.obj (.text:TimerConfigure)
                  200094f4    00000044                 : uart.obj (.text:UARTIntNumberGet)
                  20009538    00000040                 : pin.obj (.text:PinModeSet)
                  20009578    00000040     rtsv7M4_T_le_eabi.lib : boot.obj (.text)
                  200095b8    0000003c     driverlib.a : prcm.obj (.text:PRCMPeripheralClkEnable)
                  200095f4    00000036                 : gpio.obj (.text:GPIODirModeSet)
                  2000962a    00000030                 : pin.obj (.text:PinTypeGPIO)
                  2000965a    00000002     --HOLE-- [fill = 0]
                  2000965c    00000030                 : uart.obj (.text:UARTDisable)
                  2000968c    0000002e     rtsv7M4_T_le_eabi.lib : i_tofd_t2.obj (.text)
                  200096ba    00000002     --HOLE-- [fill = 0]
                  200096bc    0000002c     driverlib.a : prcm.obj (.text:PRCMSysResetCauseGet)
                  200096e8    0000002a                 : timer.obj (.text:TimerLoadSet)
                  20009712    0000002a                 : timer.obj (.text:TimerPrescaleSet)
                  2000973c    00000028                 : prcm.obj (.text:PRCMPeripheralClkDisable)
                  20009764    00000024                 : interrupt.obj (.text:IntUnregister)
                  20009788    00000024                 : uart.obj (.text:UARTEnable)
                  200097ac    00000024     rtsv7M4_T_le_eabi.lib : memmov.obj (.text)
                  200097d0    00000022     driverlib.a : spi.obj (.text:SPIReset)
                  200097f2    00000020                 : gpio.obj (.text:GPIOPinWrite)
                  20009812    00000002     --HOLE-- [fill = 0]
                  20009814    00000020                 : interrupt.obj (.text:IntRegister)
                  20009834    00000020                 : spi.obj (.text:SPIDataGet)
                  20009854    0000001e                 : spi.obj (.text:SPIDataPut)
                  20009872    0000001e                 : timer.obj (.text:TimerDisable)
                  20009890    0000001e                 : timer.obj (.text:TimerEnable)
                  200098ae    0000001e                 : timer.obj (.text:TimerIntStatus)
                  200098cc    0000001e                 : uart.obj (.text:UARTCharPut)
                  200098ea    0000001e                 : uart.obj (.text:UARTIntRegister)
                  20009908    0000001e                 : uart.obj (.text:UARTIntStatus)
                  20009926    0000001c                 : timer.obj (.text:TimerValueGet)
                  20009942    0000001c                 : uart.obj (.text:UARTCharGetNonBlocking)
                  2000995e    0000001c     rtsv7M4_T_le_eabi.lib : memccpy.obj (.text)
                  2000997a    0000001a     driverlib.a : pin.obj (.text:PinTypeSPI)
                  20009994    0000001a                 : pin.obj (.text:PinTypeUART)
                  200099ae    00000018                 : spi.obj (.text:SPICSDisable)
                  200099c6    00000018                 : spi.obj (.text:SPICSEnable)
                  200099de    00000018                 : spi.obj (.text:SPIEnable)
                  200099f6    00000018                 : timer.obj (.text:TimerIntDisable)
                  20009a0e    00000018                 : timer.obj (.text:TimerIntEnable)
                  20009a26    00000018                 : uart.obj (.text:UARTCharsAvail)
                  20009a3e    00000018                 : uart.obj (.text:UARTDMAEnable)
                  20009a56    00000018                 : uart.obj (.text:UARTIntEnable)
                  20009a6e    00000002     --HOLE-- [fill = 0]
                  20009a70    00000018     rtsv7M4_T_le_eabi.lib : args_main.obj (.text)
                  20009a88    00000018                           : ll_mul_t2.obj (.text)
                  20009aa0    00000016     driverlib.a : prcm.obj (.text:PRCMHIBRegRead)
                  20009ab6    00000016                 : prcm.obj (.text:PRCMHIBRegWrite)
                  20009acc    00000016                 : uart.obj (.text:UARTCharGet)
                  20009ae2    00000016     rtsv7M4_T_le_eabi.lib : strchr.obj (.text)
                  20009af8    00000014     driverlib.a : cpu.obj (.text:CPUcpsie)
                  20009b0c    00000014                 : interrupt.obj (.text:IntVTableBaseSet)
                  20009b20    00000014     rtsv7M4_T_le_eabi.lib : _lock.obj (.text)
                  20009b34    00000014                           : strlen.obj (.text)
                  20009b48    00000012     driverlib.a : timer.obj (.text:TimerIntClear)
                  20009b5a    00000012                 : uart.obj (.text:UARTIntClear)
                  20009b6c    0000000e     rtsv7M4_T_le_eabi.lib : copy_decompress_none.obj (.text:decompress:none)
                  20009b7a    0000000e     startup_ccs.obj (.text)
                  20009b88    0000000c     rtsv7M4_T_le_eabi.lib : copy_zero_init.obj (.text:decompress:ZI)
                  20009b94    0000000a     driverlib.a : interrupt.obj (.text:IntMasterEnable)
                  20009b9e    00000008     rtsv7M4_T_le_eabi.lib : s_copysign.obj (.text)
                  20009ba6    00000006     driverlib.a : utils.obj (.text:UtilsDelay)
                  20009bac    00000004     rtsv7M4_T_le_eabi.lib : pre_init.obj (.text)

.const     0    20009bb0    00000948     
                  20009bb0    000004fb     Adafruit_GFX.obj (.const:.string:font)
                  2000a0ab    00000101     rtsv7M4_T_le_eabi.lib : ctype.obj (.const:.string:_ctypes_)
                  2000a1ac    00000100     driverlib.a : pin.obj (.const:g_ulPinToPadMap)
                  2000a2ac    000000d4                 : interrupt.obj (.const:g_pulRegs)
                  2000a380    000000a8                 : prcm.obj (.const:PRCM_PeriphRegsList)
                  2000a428    00000080                 : interrupt.obj (.const)
                  2000a4a8    0000002e     main.obj (.const:.string)
                  2000a4d6    00000010     main.obj (.const:$P$T0$1)
                  2000a4e6    00000002     --HOLE-- [fill = 0]
                  2000a4e8    00000010     driverlib.a : uart.obj (.const)

.cinit     0    2000a4f8    000000c8     
                  2000a4f8    0000009d     (.cinit..data.load) [load image, compression = lzss]
                  2000a595    00000003     --HOLE-- [fill = 0]
                  2000a598    0000000c     (__TI_handler_table)
                  2000a5a4    00000004     --HOLE-- [fill = 0]
                  2000a5a8    00000008     (.cinit..bss.load) [load image, compression = zero_init]
                  2000a5b0    00000010     (__TI_cinit_table)

.bss       0    20017000    00000a94     UNINITIALIZED
                  20017000    00000668     (.common:samples)
                  20017668    00000400     (.common:sendArray)
                  20017a68    00000020     (.common:power_all)
                  20017a88    00000008     main.obj (.bss)
                  20017a90    00000004     uart_if.obj (.bss)

.sysmem    0    20017a98    00000800     UNINITIALIZED
                  20017a98    00000008     rtsv7M4_T_le_eabi.lib : memory.obj (.sysmem)
                  20017aa0    000007f8     --HOLE--

.data      0    20018298    000000f4     UNINITIALIZED
                  20018298    0000004d     main.obj (.data)
                  200182e5    00000003     --HOLE--
                  200182e8    00000028     main.obj (.data:digits)
                  20018310    00000020     main.obj (.data:coeff)
                  20018330    0000001c     main.obj (.data:colors)
                  2001834c    00000015     Adafruit_GFX.obj (.data)
                  20018361    00000003     --HOLE--
                  20018364    0000000c     rtsv7M4_T_le_eabi.lib : exit.obj (.data:$O1$$)
                  20018370    0000000c                           : memory.obj (.data:$O1$$)
                  2001837c    00000008                           : _lock.obj (.data:$O1$$)
                  20018384    00000004                           : errno.obj (.data)
                  20018388    00000004                           : stkdepth_vars.obj (.data)

.stack     0    2002ff00    00000100     UNINITIALIZED
                  2002ff00    00000100     --HOLE--

MODULE SUMMARY

       Module                     code    ro data   rw data
       ------                     ----    -------   -------
    .\
       main.obj                   4576    62        2881   
       Adafruit_GFX.obj           2688    1275      21     
       Adafruit_OLED.obj          1186    0         0      
       startup_ccs.obj            14      1024      0      
       uart_if.obj                640     0         4      
       timer_if.obj               408     0         0      
       pin_mux_config.obj         300     0         0      
    +--+--------------------------+-------+---------+---------+
       Total:                     9812    2361      2906   
                                                           
    C:/ti/CC3200SDK_1.2.0/cc3200-sdk/driverlib/ccs/Release/driverlib.a
       spi.obj                    1062    0         0      
       prcm.obj                   800     168       0      
       interrupt.obj              520     340       0      
       pin.obj                    300     256       0      
       timer.obj                  552     0         0      
       uart.obj                   500     16        0      
       gpio.obj                   86      0         0      
       cpu.obj                    20      0         0      
       utils.obj                  6       0         0      
    +--+--------------------------+-------+---------+---------+
       Total:                     3846    780       0      
                                                           
    C:\ti\ccsv7\tools\compiler\ti-cgt-arm_16.9.0.LTS\lib\rtsv7M4_T_le_eabi.lib
       _printfi.obj               4382    0         0      
       memory.obj                 976     0         12     
       ull_div_t2.obj             500     0         0      
       fd_add_t2.obj              438     0         0      
       fd_div_t2.obj              310     0         0      
       fd_cmp_t2.obj              268     0         0      
       ctype.obj                  0       257       0      
       fd_mul_t2.obj              252     0         0      
       s_scalbn.obj               208     0         0      
       memcpy_t2.obj              156     0         0      
       vsnprintf.obj              136     0         0      
       memset_t2.obj              122     0         0      
       autoinit.obj               112     0         0      
       copy_decompress_lzss.obj   104     0         0      
       exit.obj                   84      0         12     
       s_frexp.obj                92      0         0      
       ltoa.obj                   86      0         0      
       atoi.obj                   76      0         0      
       cpy_tbl.obj                76      0         0      
       fd_toi_t2.obj              72      0         0      
       boot.obj                   64      0         0      
       i_tofd_t2.obj              46      0         0      
       memmov.obj                 36      0         0      
       _lock.obj                  20      0         8      
       memccpy.obj                28      0         0      
       args_main.obj              24      0         0      
       ll_mul_t2.obj              24      0         0      
       strchr.obj                 22      0         0      
       strlen.obj                 20      0         0      
       copy_decompress_none.obj   14      0         0      
       copy_zero_init.obj         12      0         0      
       s_copysign.obj             8       0         0      
       errno.obj                  0       0         4      
       pre_init.obj               4       0         0      
       stkdepth_vars.obj          0       0         4      
       mpu_init.obj               2       0         0      
       startup.obj                2       0         0      
    +--+--------------------------+-------+---------+---------+
       Total:                     8776    257       40     
                                                           
       Heap:                      0       0         2048   
       Stack:                     0       0         256    
       Linker Generated:          0       193       0      
    +--+--------------------------+-------+---------+---------+
       Grand Total:               22434   3591      5250   


LINKER GENERATED COPY TABLES

__TI_cinit_table @ 2000a5b0 records: 2, size/record: 8, table size: 16
	.data: load addr=2000a4f8, load size=0000009d bytes, run addr=20018298, run size=000000f4 bytes, compression=lzss
	.bss: load addr=2000a5a8, load size=00000008 bytes, run addr=20017000, run size=00000a94 bytes, compression=zero_init


LINKER GENERATED HANDLER TABLE

__TI_handler_table @ 2000a598 records: 3, size/record: 4, table size: 12
	index: 0, handler: __TI_decompress_lzss
	index: 1, handler: __TI_decompress_none
	index: 2, handler: __TI_zero_init


GLOBAL SYMBOLS: SORTED ALPHABETICALLY BY Name 

address   name                           
-------   ----                           
20007209  Adafruit_Init                  
2000937d  C$$EXIT                        
20009af9  CPUcpsie                       
20007a35  ClearTerm                      
2000737f  Color565                       
20007a3f  Error                          
200095f5  GPIODirModeSet                 
200097f3  GPIOPinWrite                   
20007a77  GetCmd                         
20004ebd  HandleCode                     
200079f5  InitTerm                       
200089b9  IntDisable                     
20008a61  IntEnable                      
20009b95  IntMasterEnable                
20009329  IntPrioritySet                 
20009815  IntRegister                    
20009765  IntUnregister                  
20009b0d  IntVTableBaseSet               
20007a13  Message                        
200070ab  Outstr                         
200081b9  PRCMCC3200MCUInit              
20009aa1  PRCMHIBRegRead                 
20009ab7  PRCMHIBRegWrite                
2000973d  PRCMPeripheralClkDisable       
200095b9  PRCMPeripheralClkEnable        
20008c45  PRCMPeripheralClockGet         
20009279  PRCMPeripheralReset            
200096bd  PRCMSysResetCauseGet           
20008cd9  PinConfigSet                   
20009539  PinModeSet                     
20008469  PinMuxConfig                   
2000962b  PinTypeGPIO                    
2000997b  PinTypeSPI                     
20009995  PinTypeUART                    
20004e61  PrintChar                      
20007bb5  Report                         
20009b7b  ResetISR                       
UNDEFED   SHT$$INIT_ARRAY$$Base          
UNDEFED   SHT$$INIT_ARRAY$$Limit         
200099af  SPICSDisable                   
200099c7  SPICSEnable                    
20008b09  SPIConfigSetExpClk             
20009835  SPIDataGet                     
20009855  SPIDataPut                     
200099df  SPIEnable                      
200054ed  SPIInit                        
200097d1  SPIReset                       
20008d61  SPITransfer                    
200051f5  TimerA0IntHandler              
20005155  TimerA1IntHandler              
200094b1  TimerConfigure                 
20009873  TimerDisable                   
20009891  TimerEnable                    
20005401  TimerInit                      
20009b49  TimerIntClear                  
200099f7  TimerIntDisable                
20009a0f  TimerIntEnable                 
2000906d  TimerIntRegister               
200098af  TimerIntStatus                 
2000914d  TimerIntUnregister             
200096e9  TimerLoadSet                   
20009713  TimerPrescaleSet               
20009927  TimerValueGet                  
20008167  Timer_IF_DeInit                
20008199  Timer_IF_GetCount              
200080a1  Timer_IF_Init                  
200080d3  Timer_IF_IntSetup              
2000811f  Timer_IF_InterruptClear        
20008181  Timer_IF_ReLoad                
20008137  Timer_IF_Start                 
20008157  Timer_IF_Stop                  
20007b1d  TrimSpace                      
20009acd  UARTCharGet                    
20009943  UARTCharGetNonBlocking         
200098cd  UARTCharPut                    
20009a27  UARTCharsAvail                 
20008ff7  UARTConfigSetExpClk            
20009a3f  UARTDMAEnable                  
2000965d  UARTDisable                    
20009789  UARTEnable                     
20009b5b  UARTIntClear                   
20009a57  UARTIntEnable                  
20005341  UARTIntHandler                 
200098eb  UARTIntRegister                
20009909  UARTIntStatus                  
200054a5  UartInit                       
20009ba7  UtilsDelay                     
20030000  __STACK_END                    
00000100  __STACK_SIZE                   
00000800  __SYSMEM_SIZE                  
2000a5b0  __TI_CINIT_Base                
2000a5c0  __TI_CINIT_Limit               
2000a598  __TI_Handler_Table_Base        
2000a5a4  __TI_Handler_Table_Limit       
200090dd  __TI_auto_init                 
20018364  __TI_cleanup_ptr               
200091b5  __TI_decompress_lzss           
20009b6d  __TI_decompress_none           
20018368  __TI_dtors_ptr                 
2001836c  __TI_enable_exit_profile_output
ffffffff  __TI_pprof_out_hndl            
20005e15  __TI_printfi                   
ffffffff  __TI_prof_data_size            
ffffffff  __TI_prof_data_start           
2000a4f8  __TI_static_base__             
20009b89  __TI_zero_init                 
20008e71  __aeabi_cdcmpeq                
20008e71  __aeabi_cdcmple                
20008ef7  __aeabi_cdrcmple               
20009469  __aeabi_d2iz                   
20007e73  __aeabi_dadd                   
20008331  __aeabi_ddiv                   
20008595  __aeabi_dmul                   
20007e69  __aeabi_dsub                   
2000968d  __aeabi_i2d                    
20009a89  __aeabi_lmul                   
20008f7d  __aeabi_memclr                 
20008f7d  __aeabi_memclr4                
20008f7d  __aeabi_memclr8                
20008ba9  __aeabi_memcpy                 
20008ba9  __aeabi_memcpy4                
20008ba9  __aeabi_memcpy8                
20008f7f  __aeabi_memset                 
20008f7f  __aeabi_memset4                
20008f7f  __aeabi_memset8                
20007c75  __aeabi_uldivmod               
ffffffff  __binit__                      
ffffffff  __c_args__                     
20007623  __mpu_init                     
2002ff00  __stack                        
20009a71  _args_main                     
20009579  _c_int00                       
2000a0ab  _ctypes_                       
2001837c  _lock                          
20009b2f  _nop                           
20009b27  _register_lock                 
20009b21  _register_unlock               
20017a98  _sys_memory                    
2000801f  _system_post_cinit             
20009bad  _system_pre_init               
20018380  _unlock                        
20009381  abort                          
200093d1  atoi                           
ffffffff  binit                          
200182c4  c_letter                       
200079c5  calloc                         
20018310  coeff                          
20018330  colors                         
2000941d  copy_in                        
20009b9f  copysign                       
20009b9f  copysignl                      
200182a0  curr                           
200182d4  curr_color                     
200182a8  curr_index                     
2001834c  cursor_x                       
20018350  cursor_y                       
200182cc  cx                             
200182d0  cy                             
200182b8  debug                          
20004401  delay                          
200182e8  digits                         
20006f5f  drawChar                       
20006701  drawCircle                     
20006835  drawCircleHelper               
2000752d  drawFastHLine                  
20007491  drawFastVLine                  
20006a7b  drawLine                       
200075c9  drawPixel                      
20006b67  drawRect                       
20006bb5  drawRoundRect                  
20006d1d  drawTriangle                   
20018384  errno                          
20009389  exit                           
20006953  fillCircle                     
2000698d  fillCircleHelper               
200073d7  fillRect                       
20006ca3  fillRoundRect                  
200073c1  fillScreen                     
20006d5f  fillTriangle                   
2000770f  free                           
2000921d  frexp                          
2000921d  frexpl                         
20004000  g_pfnVectors                   
2000733b  goTo                           
20004b51  goertzel                       
2000715f  height                         
20007607  invert                         
200182c8  key_time                       
20004973  lcdTestPattern                 
20004a43  lcdTestPattern2                
20008761  ldexp                          
20008761  ldexpl                         
200092d1  ltoa                           
20005561  main                           
20018388  main_func_sp                   
200076a5  malloc                         
200078d9  memalign                       
2000995f  memccpy                        
20008ba9  memcpy                         
200097ad  memmove                        
20008f85  memset                         
20007625  minit                          
200182bc  nCurrent                       
200182d8  nLetters                       
200182ac  new_dig                        
20018298  p                              
20004c7d  post_test                      
20017a68  power_all                      
2001829c  prev                           
200182b4  prevChar                       
20004e1f  readMicrophone                 
200077d1  realloc                        
200182dc  rx                             
200182e4  rx_prev                        
200182e0  ry                             
20017000  samples                        
200182b0  samples_index                  
20008761  scalbn                         
20008761  scalbnl                        
20017668  sendArray                      
200070f7  setCursor                      
2000712f  setTextColor                   
2000710f  setTextSize                    
20007147  setTextWrap                    
200182a4  start                          
200182c0  state                          
20009ae3  strchr                         
20009b35  strlen                         
20004637  testdrawcircles                
200044a7  testdrawrects                  
20004435  testfastlines                  
200045c5  testfillcircles                
20004507  testfillrects                  
200047a5  testlines                      
20004733  testroundrects                 
200046b1  testtriangles                  
2001835c  textbgcolor                    
20018358  textcolor                      
20018354  textsize                       
20008de9  vsnprintf                      
2000715b  width                          
20018360  wrap                           
20007181  writeCommand                   
200071c5  writeData                      


GLOBAL SYMBOLS: SORTED BY Symbol Address 

address   name                           
-------   ----                           
00000100  __STACK_SIZE                   
00000800  __SYSMEM_SIZE                  
20004000  g_pfnVectors                   
20004401  delay                          
20004435  testfastlines                  
200044a7  testdrawrects                  
20004507  testfillrects                  
200045c5  testfillcircles                
20004637  testdrawcircles                
200046b1  testtriangles                  
20004733  testroundrects                 
200047a5  testlines                      
20004973  lcdTestPattern                 
20004a43  lcdTestPattern2                
20004b51  goertzel                       
20004c7d  post_test                      
20004e1f  readMicrophone                 
20004e61  PrintChar                      
20004ebd  HandleCode                     
20005155  TimerA1IntHandler              
200051f5  TimerA0IntHandler              
20005341  UARTIntHandler                 
20005401  TimerInit                      
200054a5  UartInit                       
200054ed  SPIInit                        
20005561  main                           
20005e15  __TI_printfi                   
20006701  drawCircle                     
20006835  drawCircleHelper               
20006953  fillCircle                     
2000698d  fillCircleHelper               
20006a7b  drawLine                       
20006b67  drawRect                       
20006bb5  drawRoundRect                  
20006ca3  fillRoundRect                  
20006d1d  drawTriangle                   
20006d5f  fillTriangle                   
20006f5f  drawChar                       
200070ab  Outstr                         
200070f7  setCursor                      
2000710f  setTextSize                    
2000712f  setTextColor                   
20007147  setTextWrap                    
2000715b  width                          
2000715f  height                         
20007181  writeCommand                   
200071c5  writeData                      
20007209  Adafruit_Init                  
2000733b  goTo                           
2000737f  Color565                       
200073c1  fillScreen                     
200073d7  fillRect                       
20007491  drawFastVLine                  
2000752d  drawFastHLine                  
200075c9  drawPixel                      
20007607  invert                         
20007623  __mpu_init                     
20007625  minit                          
200076a5  malloc                         
2000770f  free                           
200077d1  realloc                        
200078d9  memalign                       
200079c5  calloc                         
200079f5  InitTerm                       
20007a13  Message                        
20007a35  ClearTerm                      
20007a3f  Error                          
20007a77  GetCmd                         
20007b1d  TrimSpace                      
20007bb5  Report                         
20007c75  __aeabi_uldivmod               
20007e69  __aeabi_dsub                   
20007e73  __aeabi_dadd                   
2000801f  _system_post_cinit             
200080a1  Timer_IF_Init                  
200080d3  Timer_IF_IntSetup              
2000811f  Timer_IF_InterruptClear        
20008137  Timer_IF_Start                 
20008157  Timer_IF_Stop                  
20008167  Timer_IF_DeInit                
20008181  Timer_IF_ReLoad                
20008199  Timer_IF_GetCount              
200081b9  PRCMCC3200MCUInit              
20008331  __aeabi_ddiv                   
20008469  PinMuxConfig                   
20008595  __aeabi_dmul                   
20008761  ldexp                          
20008761  ldexpl                         
20008761  scalbn                         
20008761  scalbnl                        
200089b9  IntDisable                     
20008a61  IntEnable                      
20008b09  SPIConfigSetExpClk             
20008ba9  __aeabi_memcpy                 
20008ba9  __aeabi_memcpy4                
20008ba9  __aeabi_memcpy8                
20008ba9  memcpy                         
20008c45  PRCMPeripheralClockGet         
20008cd9  PinConfigSet                   
20008d61  SPITransfer                    
20008de9  vsnprintf                      
20008e71  __aeabi_cdcmpeq                
20008e71  __aeabi_cdcmple                
20008ef7  __aeabi_cdrcmple               
20008f7d  __aeabi_memclr                 
20008f7d  __aeabi_memclr4                
20008f7d  __aeabi_memclr8                
20008f7f  __aeabi_memset                 
20008f7f  __aeabi_memset4                
20008f7f  __aeabi_memset8                
20008f85  memset                         
20008ff7  UARTConfigSetExpClk            
2000906d  TimerIntRegister               
200090dd  __TI_auto_init                 
2000914d  TimerIntUnregister             
200091b5  __TI_decompress_lzss           
2000921d  frexp                          
2000921d  frexpl                         
20009279  PRCMPeripheralReset            
200092d1  ltoa                           
20009329  IntPrioritySet                 
2000937d  C$$EXIT                        
20009381  abort                          
20009389  exit                           
200093d1  atoi                           
2000941d  copy_in                        
20009469  __aeabi_d2iz                   
200094b1  TimerConfigure                 
20009539  PinModeSet                     
20009579  _c_int00                       
200095b9  PRCMPeripheralClkEnable        
200095f5  GPIODirModeSet                 
2000962b  PinTypeGPIO                    
2000965d  UARTDisable                    
2000968d  __aeabi_i2d                    
200096bd  PRCMSysResetCauseGet           
200096e9  TimerLoadSet                   
20009713  TimerPrescaleSet               
2000973d  PRCMPeripheralClkDisable       
20009765  IntUnregister                  
20009789  UARTEnable                     
200097ad  memmove                        
200097d1  SPIReset                       
200097f3  GPIOPinWrite                   
20009815  IntRegister                    
20009835  SPIDataGet                     
20009855  SPIDataPut                     
20009873  TimerDisable                   
20009891  TimerEnable                    
200098af  TimerIntStatus                 
200098cd  UARTCharPut                    
200098eb  UARTIntRegister                
20009909  UARTIntStatus                  
20009927  TimerValueGet                  
20009943  UARTCharGetNonBlocking         
2000995f  memccpy                        
2000997b  PinTypeSPI                     
20009995  PinTypeUART                    
200099af  SPICSDisable                   
200099c7  SPICSEnable                    
200099df  SPIEnable                      
200099f7  TimerIntDisable                
20009a0f  TimerIntEnable                 
20009a27  UARTCharsAvail                 
20009a3f  UARTDMAEnable                  
20009a57  UARTIntEnable                  
20009a71  _args_main                     
20009a89  __aeabi_lmul                   
20009aa1  PRCMHIBRegRead                 
20009ab7  PRCMHIBRegWrite                
20009acd  UARTCharGet                    
20009ae3  strchr                         
20009af9  CPUcpsie                       
20009b0d  IntVTableBaseSet               
20009b21  _register_unlock               
20009b27  _register_lock                 
20009b2f  _nop                           
20009b35  strlen                         
20009b49  TimerIntClear                  
20009b5b  UARTIntClear                   
20009b6d  __TI_decompress_none           
20009b7b  ResetISR                       
20009b89  __TI_zero_init                 
20009b95  IntMasterEnable                
20009b9f  copysign                       
20009b9f  copysignl                      
20009ba7  UtilsDelay                     
20009bad  _system_pre_init               
2000a0ab  _ctypes_                       
2000a4f8  __TI_static_base__             
2000a598  __TI_Handler_Table_Base        
2000a5a4  __TI_Handler_Table_Limit       
2000a5b0  __TI_CINIT_Base                
2000a5c0  __TI_CINIT_Limit               
20017000  samples                        
20017668  sendArray                      
20017a68  power_all                      
20017a98  _sys_memory                    
20018298  p                              
2001829c  prev                           
200182a0  curr                           
200182a4  start                          
200182a8  curr_index                     
200182ac  new_dig                        
200182b0  samples_index                  
200182b4  prevChar                       
200182b8  debug                          
200182bc  nCurrent                       
200182c0  state                          
200182c4  c_letter                       
200182c8  key_time                       
200182cc  cx                             
200182d0  cy                             
200182d4  curr_color                     
200182d8  nLetters                       
200182dc  rx                             
200182e0  ry                             
200182e4  rx_prev                        
200182e8  digits                         
20018310  coeff                          
20018330  colors                         
2001834c  cursor_x                       
20018350  cursor_y                       
20018354  textsize                       
20018358  textcolor                      
2001835c  textbgcolor                    
20018360  wrap                           
20018364  __TI_cleanup_ptr               
20018368  __TI_dtors_ptr                 
2001836c  __TI_enable_exit_profile_output
2001837c  _lock                          
20018380  _unlock                        
20018384  errno                          
20018388  main_func_sp                   
2002ff00  __stack                        
20030000  __STACK_END                    
ffffffff  __TI_pprof_out_hndl            
ffffffff  __TI_prof_data_size            
ffffffff  __TI_prof_data_start           
ffffffff  __binit__                      
ffffffff  __c_args__                     
ffffffff  binit                          
UNDEFED   SHT$$INIT_ARRAY$$Base          
UNDEFED   SHT$$INIT_ARRAY$$Limit         

[244 symbols]
