******************************************************************************
                  TI ARM Linker PC v16.9.0                     
******************************************************************************
>> Linked Mon Feb 13 22:11:29 2017

OUTPUT FILE NAME:   <SSL_REST_API_AWS.out>
ENTRY POINT SYMBOL: "_c_int00"  address: 2000c0b1


MEMORY CONFIGURATION

         name            origin    length      used     unused   attr    fill
----------------------  --------  ---------  --------  --------  ----  --------
  SRAM_CODE             20004000   00013000  00009103  00009efd  RW X
  SRAM_DATA             20017000   00019000  000092ca  0000fd36  RW X


SEGMENT ALLOCATION MAP

run origin  load origin   length   init length attrs members
----------  ----------- ---------- ----------- ----- -------
20004000    20004000    00009108   00009108    r-x
  20004000    20004000    00000400   00000400    r-- .intvecs
  20004400    20004400    00008618   00008618    r-x .text
  2000ca18    2000ca18    00000683   00000683    r-- .const
  2000d0a0    2000d0a0    00000068   00000068    r-- .cinit
20017000    20017000    000082cc   00000000    rw-
  20017000    20017000    00008000   00000000    rw- .sysmem
  2001f000    2001f000    0000021a   00000000    rw- .bss
  2001f21c    2001f21c    000000b0   00000000    rw- .data
2002f000    2002f000    00001000   00000000    rw-
  2002f000    2002f000    00001000   00000000    rw- .stack


SECTION ALLOCATION MAP

 output                                  attributes/
section   page    origin      length       input sections
--------  ----  ----------  ----------   ----------------
.intvecs   0    20004000    00000400     
                  20004000    00000400     startup_ccs.obj (.intvecs)

.init_array 
*          0    20004000    00000000     UNINITIALIZED

.text      0    20004400    00008618     
                  20004400    00001264     main.obj (.text)
                  20005664    0000111e     rtsv7M4_T_le_eabi.lib : _printfi.obj (.text)
                  20006782    00000002     driverlib.a : interrupt.obj (.text:IntDefaultHandler)
                  20006784    00000590     simplelink.a : driver.obj (.text:_SlDrvMsgRead)
                  20006d14    000003d0     rtsv7M4_T_le_eabi.lib : memory.obj (.text)
                  200070e4    00000398     gpio_if.obj (.text)
                  2000747c    00000280     uart_if.obj (.text)
                  200076fc    00000260     simplelink.a : wlan.obj (.text:sl_WlanConnect)
                  2000795c    000001fc                  : driver.obj (.text:_SlDrvRxHdrRead)
                  20007b58    000001f4     rtsv7M4_T_le_eabi.lib : ull_div_t2.obj (.text)
                  20007d4c    000001e4     simplelink.a : driver.obj (.text:_SlDrvDataReadOp)
                  20007f30    000001d0                  : driver.obj (.text:_SlDrvReleasePoolObj)
                  20008100    000001b6     rtsv7M4_T_le_eabi.lib : fd_add_t2.obj (.text)
                  200082b6    00000002                           : mpu_init.obj (.text)
                  200082b8    000001b4     simplelink.a : driver.obj (.text:_SlDrvDriverCBInit)
                  2000846c    0000019c                  : driver.obj (.text:_SlDrvMsgWrite)
                  20008608    00000190                  : driver.obj (.text:_SlDrvWaitForPoolObj)
                  20008798    00000178     driverlib.a : prcm.obj (.text:PRCMCC3200MCUInit)
                  20008910    00000170     simplelink.a : driver.obj (.text:_SlFindAndSetActiveObj)
                  20008a80    0000016c                  : socket.obj (.text:sl_Connect)
                  20008bec    00000150                  : driver.obj (.text:_SlDrvDataWriteOp)
                  20008d3c    00000148                  : cc_pal.obj (.text:spi_Open)
                  20008e84    00000136     rtsv7M4_T_le_eabi.lib : fd_div_t2.obj (.text)
                  20008fba    00000002                           : startup.obj (.text)
                  20008fbc    0000012c     simplelink.a : netapp.obj (.text:sl_NetAppDnsGetHostByName)
                  200090e8    00000128                  : driver.obj (.text:_SlDrvMsgReadCmdCtx)
                  20009210    00000124                  : driver.obj (.text:_SlDrvDriverCBDeinit)
                  20009334    00000118                  : socket.obj (.text:sl_Send)
                  2000944c    00000104                  : netapp.obj (.text:_SlDrvNetAppEventHandler)
                  20009550    000000fc     rtsv7M4_T_le_eabi.lib : fd_mul_t2.obj (.text)
                  2000964c    000000f0     simplelink.a : cc_pal.obj (.text:spi_Read)
                  2000973c    000000f0     driverlib.a : udma.obj (.text:uDMAChannelTransferSet)
                  2000982c    000000e8     simplelink.a : driver.obj (.text:_SlAsyncEventGenericHandler)
                  20009914    000000e4                  : device.obj (.text:sl_Stop)
                  200099f8    000000e0                  : device.obj (.text:sl_Start)
                  20009ad8    000000dc                  : driver.obj (.text:_SlDrvClassifyRxMsg)
                  20009bb4    000000d4                  : driver.obj (.text:_SlDrvMsgReadSpawnCtx)
                  20009c88    000000d0     rtsv7M4_T_le_eabi.lib : s_scalbn.obj (.text)
                  20009d58    000000cc     simplelink.a : netapp.obj (.text:_sl_HandleAsync_DnsGetHostByService)
                  20009e24    000000c8                  : netapp.obj (.text:sl_NetAppMDNSRegisterUnregisterService)
                  20009eec    000000c4                  : driver.obj (.text:_SlRemoveFromList)
                  20009fb0    000000c0                  : driver.obj (.text:_SlDrvCmdOp)
                  2000a070    000000b4                  : device.obj (.text:sl_DevGet)
                  2000a124    000000a8     driverlib.a : interrupt.obj (.text:IntDisable)
                  2000a1cc    000000a8                 : interrupt.obj (.text:IntEnable)
                  2000a274    000000a4     simplelink.a : driver.obj (.text:_SlDriverHandleError)
                  2000a318    000000a0     driverlib.a : spi.obj (.text:SPIConfigSetExpClk)
                  2000a3b8    0000009c     rtsv7M4_T_le_eabi.lib : memcpy_t2.obj (.text)
                  2000a454    0000009a     simplelink.a : device.obj (.text:_SlDrvDeviceEventHandler)
                  2000a4ee    00000002     --HOLE-- [fill = 0]
                  2000a4f0    00000098                  : cc_pal.obj (.text:spi_Write)
                  2000a588    00000094     driverlib.a : prcm.obj (.text:PRCMPeripheralClockGet)
                  2000a61c    00000090     simplelink.a : netapp.obj (.text:_sl_HandleAsync_DnsGetHostByName)
                  2000a6ac    00000090                  : netapp.obj (.text:_sl_HandleAsync_PingResponse)
                  2000a73c    0000008c                  : cc_pal.obj (.text:SetupDMAReceive)
                  2000a7c8    0000008c                  : cc_pal.obj (.text:SetupDMASend)
                  2000a854    00000088     driverlib.a : pin.obj (.text:PinConfigSet)
                  2000a8dc    00000088     rtsv7M4_T_le_eabi.lib : vsnprintf.obj (.text)
                  2000a964    00000088     simplelink.a : socket.obj (.text:sl_Recv)
                  2000a9ec    00000086     rtsv7M4_T_le_eabi.lib : fd_cmp_t2.obj (.text:__aeabi_cdcmple)
                  2000aa72    00000086                           : fd_cmp_t2.obj (.text:__aeabi_cdrcmple)
                  2000aaf8    00000082     driverlib.a : gpio.obj (.text:GPIOIntTypeSet)
                  2000ab7a    00000002     --HOLE-- [fill = 0]
                  2000ab7c    00000080     simplelink.a : socket.obj (.text:_sl_HandleAsync_Connect)
                  2000abfc    00000080                  : device.obj (.text:_sl_HandleAsync_InitComplete)
                  2000ac7c    00000080                  : cc_pal.obj (.text:spi_Read_CPU)
                  2000acfc    00000080                  : cc_pal.obj (.text:spi_Write_CPU)
                  2000ad7c    0000007c                  : device.obj (.text:sl_DevSet)
                  2000adf8    0000007c                  : netcfg.obj (.text:sl_NetCfgSet)
                  2000ae74    0000007c                  : socket.obj (.text:sl_SetSockOpt)
                  2000aef0    0000007c                  : wlan.obj (.text:sl_WlanSet)
                  2000af6c    0000007a     rtsv7M4_T_le_eabi.lib : memset_t2.obj (.text)
                  2000afe6    00000002     --HOLE-- [fill = 0]
                  2000afe8    00000078     simplelink.a : nonos.obj (.text:_SlNonOsSemGet)
                  2000b060    00000078                  : wlan.obj (.text:sl_WlanPolicySet)
                  2000b0d8    00000078                  : cc_pal.obj (.text:spi_Close)
                  2000b150    00000076     driverlib.a : uart.obj (.text:UARTConfigSetExpClk)
                  2000b1c6    00000002     --HOLE-- [fill = 0]
                  2000b1c8    00000074     simplelink.a : nonos.obj (.text:_SlNonOsMainLoopTask)
                  2000b23c    00000070     rtsv7M4_T_le_eabi.lib : autoinit.obj (.text)
                  2000b2ac    00000070     simplelink.a : socket.obj (.text:sl_Socket)
                  2000b31c    0000006c                  : driver.obj (.text:_SlDrvCmdSend)
                  2000b388    0000006c                  : netapp.obj (.text:_sl_NetAppSendTokenValue)
                  2000b3f4    0000006c                  : wlan.obj (.text:sl_WlanRxFilterSet)
                  2000b460    00000068     rtsv7M4_T_le_eabi.lib : copy_decompress_lzss.obj (.text:decompress:lzss)
                  2000b4c8    00000064     simplelink.a : nonos.obj (.text:_SlNonOsSpawn)
                  2000b52c    00000064                  : socket.obj (.text:_sl_HandleAsync_Accept)
                  2000b590    00000064     driverlib.a : udma.obj (.text:uDMAChannelAttributeDisable)
                  2000b5f4    00000064                 : udma.obj (.text:uDMAChannelAttributeEnable)
                  2000b658    00000060     rtsv7M4_T_le_eabi.lib : sprintf.obj (.text)
                  2000b6b8    0000005c                           : s_frexp.obj (.text)
                  2000b714    00000058     driverlib.a : interrupt.obj (.text:IntPendClear)
                  2000b76c    00000058                 : prcm.obj (.text:PRCMPeripheralReset)
                  2000b7c4    00000058     pinmux.obj (.text)
                  2000b81c    00000056     rtsv7M4_T_le_eabi.lib : ltoa.obj (.text)
                  2000b872    00000002     --HOLE-- [fill = 0]
                  2000b874    00000054     driverlib.a : interrupt.obj (.text:IntPrioritySet)
                  2000b8c8    00000054     simplelink.a : driver.obj (.text:_SlDrvRxIrqHandler)
                  2000b91c    00000054                  : socket.obj (.text:_sl_HandleAsync_Select)
                  2000b970    00000054     rtsv7M4_T_le_eabi.lib : exit.obj (.text)
                  2000b9c4    00000050     simplelink.a : device.obj (.text:_sl_HandleAsync_Stop)
                  2000ba14    0000004c     driverlib.a : spi.obj (.text:SPIIntEnable)
                  2000ba60    0000004c                 : spi.obj (.text:SPIIntNumberGet)
                  2000baac    0000004c     simplelink.a : driver.obj (.text:_SlDrvProtectAsyncRespSetting)
                  2000baf8    0000004c                  : socket.obj (.text:_sl_BuildAddress)
                  2000bb44    0000004c     rtsv7M4_T_le_eabi.lib : atoi.obj (.text)
                  2000bb90    0000004c                           : cpy_tbl.obj (.text)
                  2000bbdc    0000004c     driverlib.a : udma.obj (.text:uDMAChannelAssign)
                  2000bc28    00000048                 : gpio.obj (.text:GPIOGetIntNumber)
                  2000bc70    00000048                 : spi.obj (.text:SPIIntClear)
                  2000bcb8    00000048     simplelink.a : driver.obj (.text:_SlDrvBasicCmd)
                  2000bd00    00000048     rtsv7M4_T_le_eabi.lib : fd_toi_t2.obj (.text)
                  2000bd48    00000048     simplelink.a : netapp.obj (.text:sl_NetAppMDNSUnRegisterService)
                  2000bd90    00000044     driverlib.a : spi.obj (.text:SPIDmaMaskGet)
                  2000bdd4    00000044     simplelink.a : driver.obj (.text:_SlDrvHandleHttpServerEvents)
                  2000be18    00000044                  : driver.obj (.text:_SlDrvSyncObjWaitTimeout)
                  2000be5c    00000044                  : cc_pal.obj (.text:cc_SetupTransfer)
                  2000bea0    00000044                  : socket.obj (.text:sl_Close)
                  2000bee4    00000044                  : wlan.obj (.text:sl_WlanProfileDel)
                  2000bf28    00000044                  : wlan.obj (.text:sl_WlanSetMode)
                  2000bf6c    00000042                  : socket.obj (.text:sl_Htonl)
                  2000bfae    00000002     --HOLE-- [fill = 0]
                  2000bfb0    00000040     driverlib.a : pin.obj (.text:PinModeSet)
                  2000bff0    00000040     simplelink.a : driver.obj (.text:_SlDrvHandleNetAppEvents)
                  2000c030    00000040                  : driver.obj (.text:_SlDrvHandleWlanEvents)
                  2000c070    00000040                  : socket.obj (.text:_sl_TruncatePayloadByProtocol)
                  2000c0b0    00000040     rtsv7M4_T_le_eabi.lib : boot.obj (.text)
                  2000c0f0    0000003e     simplelink.a : cc_pal.obj (.text:NwpRegisterInterruptHandler)
                  2000c12e    0000003c                  : netapp.obj (.text:CopyPingResultsToReport)
                  2000c16a    00000002     --HOLE-- [fill = 0]
                  2000c16c    0000003c     driverlib.a : prcm.obj (.text:PRCMPeripheralClkEnable)
                  2000c1a8    0000003c     simplelink.a : socket.obj (.text:sl_Htons)
                  2000c1e4    0000003c     driverlib.a : udma.obj (.text:uDMAChannelControlSet)
                  2000c220    00000038     simplelink.a : cc_pal.obj (.text:NwpPowerOff)
                  2000c258    00000036     driverlib.a : gpio.obj (.text:GPIODirModeSet)
                  2000c28e    00000002     --HOLE-- [fill = 0]
                  2000c290    00000034                 : prcm.obj (.text:PRCMPeripheralStatusGet)
                  2000c2c4    00000034                 : spi.obj (.text:SPIFIFOLevelSet)
                  2000c2f8    00000030                 : pin.obj (.text:PinTypeGPIO)
                  2000c328    00000030                 : uart.obj (.text:UARTDisable)
                  2000c358    0000002e     rtsv7M4_T_le_eabi.lib : i_tofd_t2.obj (.text)
                  2000c386    00000002     --HOLE-- [fill = 0]
                  2000c388    0000002c     driverlib.a : prcm.obj (.text:PRCMSysResetCauseGet)
                  2000c3b4    0000002c     simplelink.a : driver.obj (.text:_SlDrvObjGlobalLockWaitForever)
                  2000c3e0    0000002c                  : driver.obj (.text:_SlDrvProtectionObjLockWaitForever)
                  2000c40c    00000028     driverlib.a : prcm.obj (.text:PRCMPeripheralClkDisable)
                  2000c434    00000028     simplelink.a : driver.obj (.text:_SlDrvGlobalObjUnLock)
                  2000c45c    00000028                  : driver.obj (.text:_SlDrvProtectionObjUnLock)
                  2000c484    00000028                  : driver.obj (.text:_SlDrvSyncObjWaitForever)
                  2000c4ac    00000026     network_common.obj (.text)
                  2000c4d2    00000002     --HOLE-- [fill = 0]
                  2000c4d4    00000024     simplelink.a : cc_pal.obj (.text:DmaSpiSwIntHandler)
                  2000c4f8    00000024     driverlib.a : interrupt.obj (.text:IntUnregister)
                  2000c51c    00000024                 : uart.obj (.text:UARTEnable)
                  2000c540    00000024     simplelink.a : driver.obj (.text:_SlDrvObjLockWaitForever)
                  2000c564    00000024     rtsv7M4_T_le_eabi.lib : memmov.obj (.text)
                  2000c588    00000022     driverlib.a : spi.obj (.text:SPIReset)
                  2000c5aa    00000022                 : spi.obj (.text:SPIWordCountSet)
                  2000c5cc    00000020                 : gpio.obj (.text:GPIOPinWrite)
                  2000c5ec    00000020                 : interrupt.obj (.text:IntRegister)
                  2000c60c    00000020     simplelink.a : cc_pal.obj (.text:NwpPowerOn)
                  2000c62c    00000020                  : driver.obj (.text:_SlDrvObjUnLock)
                  2000c64c    00000020                  : driver.obj (.text:_SlDrvSyncObjSignal)
                  2000c66c    00000020                  : wlan.obj (.text:sl_WlanDisconnect)
                  2000c68c    0000001e     driverlib.a : gpio.obj (.text:GPIOIntRegister)
                  2000c6aa    0000001e                 : uart.obj (.text:UARTCharPut)
                  2000c6c8    0000001e     simplelink.a : cc_pal.obj (.text:cc_UDMAChannelSelect)
                  2000c6e6    0000001c     driverlib.a : uart.obj (.text:UARTCharGetNonBlocking)
                  2000c702    0000001c     rtsv7M4_T_le_eabi.lib : memccpy.obj (.text)
                  2000c71e    00000002     --HOLE-- [fill = 0]
                  2000c720    0000001c     driverlib.a : udma.obj (.text:uDMAChannelEnable)
                  2000c73c    0000001a                 : gpio.obj (.text:GPIOIntEnable)
                  2000c756    0000001a                 : pin.obj (.text:PinTypeUART)
                  2000c770    0000001a                 : spi.obj (.text:SPIDmaDisable)
                  2000c78a    0000001a                 : spi.obj (.text:SPIDmaEnable)
                  2000c7a4    0000001a                 : spi.obj (.text:SPIFIFODisable)
                  2000c7be    0000001a                 : spi.obj (.text:SPIFIFOEnable)
                  2000c7d8    0000001a                 : spi.obj (.text:SPIIntUnregister)
                  2000c7f2    00000018                 : gpio.obj (.text:GPIOPinRead)
                  2000c80a    00000018                 : spi.obj (.text:SPICSDisable)
                  2000c822    00000018                 : spi.obj (.text:SPICSEnable)
                  2000c83a    00000018                 : spi.obj (.text:SPIDisable)
                  2000c852    00000018                 : spi.obj (.text:SPIEnable)
                  2000c86a    00000018                 : uart.obj (.text:UARTCharsAvail)
                  2000c882    00000018     simplelink.a : nonos.obj (.text:_SlNonOsSemSet)
                  2000c89a    00000002     --HOLE-- [fill = 0]
                  2000c89c    00000018                  : device.obj (.text:_sl_GetStartResponseConvert)
                  2000c8b4    00000018     rtsv7M4_T_le_eabi.lib : args_main.obj (.text)
                  2000c8cc    00000016     driverlib.a : prcm.obj (.text:PRCMHIBRegRead)
                  2000c8e2    00000016                 : prcm.obj (.text:PRCMHIBRegWrite)
                  2000c8f8    00000016     simplelink.a : driver.obj (.text:_SlDrvMemZero)
                  2000c90e    00000016     rtsv7M4_T_le_eabi.lib : strchr.obj (.text)
                  2000c924    00000014     driverlib.a : cpu.obj (.text:CPUcpsie)
                  2000c938    00000014                 : gpio.obj (.text:GPIOIntClear)
                  2000c94c    00000014                 : interrupt.obj (.text:IntVTableBaseSet)
                  2000c960    00000014     rtsv7M4_T_le_eabi.lib : _lock.obj (.text)
                  2000c974    00000014                           : strcpy.obj (.text)
                  2000c988    00000014                           : strlen.obj (.text)
                  2000c99c    00000010     simplelink.a : driver.obj (.text:_SlDrvDispatchHttpServerEvents)
                  2000c9ac    0000000e                  : driver.obj (.text:_SlDrvResetCmdExt)
                  2000c9ba    0000000e     rtsv7M4_T_le_eabi.lib : copy_decompress_none.obj (.text:decompress:none)
                  2000c9c8    0000000e     startup_ccs.obj (.text)
                  2000c9d6    00000002     --HOLE-- [fill = 0]
                  2000c9d8    0000000c     simplelink.a : cc_pal.obj (.text:NwpMaskInterrupt)
                  2000c9e4    0000000c                  : cc_pal.obj (.text:NwpUnMaskInterrupt)
                  2000c9f0    0000000c     rtsv7M4_T_le_eabi.lib : copy_zero_init.obj (.text:decompress:ZI)
                  2000c9fc    0000000a     driverlib.a : interrupt.obj (.text:IntMasterEnable)
                  2000ca06    00000008     rtsv7M4_T_le_eabi.lib : s_copysign.obj (.text)
                  2000ca0e    00000006     driverlib.a : utils.obj (.text:UtilsDelay)
                  2000ca14    00000004     rtsv7M4_T_le_eabi.lib : pre_init.obj (.text)

.const     0    2000ca18    00000683     
                  2000ca18    00000101     rtsv7M4_T_le_eabi.lib : ctype.obj (.const:.string:_ctypes_)
                  2000cb19    00000003     --HOLE-- [fill = 0]
                  2000cb1c    00000100     driverlib.a : pin.obj (.const:g_ulPinToPadMap)
                  2000cc1c    000000d4                 : interrupt.obj (.const:g_pulRegs)
                  2000ccf0    000000a8                 : prcm.obj (.const:PRCM_PeriphRegsList)
                  2000cd98    00000080                 : interrupt.obj (.const)
                  2000ce18    0000003c     simplelink.a : driver.obj (.const:OpcodeTranslateTable)
                  2000ce54    0000003c                  : wlan.obj (.const)
                  2000ce90    00000038                  : driver.obj (.const:_SlActionLookupTable)
                  2000cec8    00000038                  : driver.obj (.const)
                  2000cf00    00000034                  : socket.obj (.const)
                  2000cf34    0000002c     main.obj (.const:$P$T1$2)
                  2000cf60    0000002c     main.obj (.const:.string)
                  2000cf8c    00000028     simplelink.a : netapp.obj (.const)
                  2000cfb4    00000024     driverlib.a : spi.obj (.const:g_ppulSPIIntMap)
                  2000cfd8    00000022     main.obj (.const:.string:$P$T0$1)
                  2000cffa    0000001c     simplelink.a : device.obj (.const)
                  2000d016    00000002     --HOLE-- [fill = 0]
                  2000d018    00000018     driverlib.a : spi.obj (.const)
                  2000d030    00000015     main.obj (.const:.string:$P$T6$7)
                  2000d045    00000014     main.obj (.const:$P$T2$3)
                  2000d059    00000010     simplelink.a : socket.obj (.const:.string)
                  2000d069    00000003     --HOLE-- [fill = 0]
                  2000d06c    0000000c     main.obj (.const:$P$T4$5)
                  2000d078    0000000c     main.obj (.const:.string:$P$T3$4)
                  2000d084    00000009     main.obj (.const:.string:$P$T5$6)
                  2000d08d    00000001     --HOLE-- [fill = 0]
                  2000d08e    00000008     simplelink.a : netcfg.obj (.const)
                  2000d096    00000005     main.obj (.const:.string:$P$T7$8)

.cinit     0    2000d0a0    00000068     
                  2000d0a0    0000003d     (.cinit..data.load) [load image, compression = lzss]
                  2000d0dd    00000003     --HOLE-- [fill = 0]
                  2000d0e0    0000000c     (__TI_handler_table)
                  2000d0ec    00000004     --HOLE-- [fill = 0]
                  2000d0f0    00000008     (.cinit..bss.load) [load image, compression = zero_init]
                  2000d0f8    00000010     (__TI_cinit_table)

.sysmem    0    20017000    00008000     UNINITIALIZED
                  20017000    00000008     rtsv7M4_T_le_eabi.lib : memory.obj (.sysmem)
                  20017008    00007ff8     --HOLE--

.bss       0    2001f000    0000021a     UNINITIALIZED
                  2001f000    00000168     simplelink.a : driver.obj (.bss:g_StatMem)
                  2001f168    00000050                  : cc_pal.obj (.bss:g_ucDinDout)
                  2001f1b8    0000002c     (.common:g_time)
                  2001f1e4    00000024     (.common:g_ucConnectionSSID)
                  2001f208    00000008     (.common:g_ucConnectionBSSID)
                  2001f210    00000004     uart_if.obj (.bss)
                  2001f214    00000001     (.common:RxIrqCnt)
                  2001f215    00000001     (.common:g_bDeviceRestartIsRequired)
                  2001f216    00000001     (.common:g_cDummy)
                  2001f217    00000001     (.common:g_ucLED1Pin)
                  2001f218    00000001     (.common:g_ucLED2Pin)
                  2001f219    00000001     (.common:g_ucLED3Pin)

.data      0    2001f21c    000000b0     UNINITIALIZED
                  2001f21c    0000003c     simplelink.a : nonos.obj (.data:g__SlNonOsCB)
                  2001f258    00000014     gpio_if.obj (.data:ulReg)
                  2001f26c    00000010     main.obj (.data)
                  2001f27c    0000000d     simplelink.a : driver.obj (.data)
                  2001f289    00000003     --HOLE--
                  2001f28c    0000000c     rtsv7M4_T_le_eabi.lib : exit.obj (.data:$O1$$)
                  2001f298    0000000c                           : memory.obj (.data:$O1$$)
                  2001f2a4    0000000c     gpio_if.obj (.data)
                  2001f2b0    00000009     simplelink.a : cc_pal.obj (.data)
                  2001f2b9    00000003     --HOLE--
                  2001f2bc    00000008     rtsv7M4_T_le_eabi.lib : _lock.obj (.data:$O1$$)
                  2001f2c4    00000004                           : errno.obj (.data)
                  2001f2c8    00000004                           : stkdepth_vars.obj (.data)

.stack     0    2002f000    00001000     UNINITIALIZED
                  2002f000    00001000     --HOLE--

MODULE SUMMARY

       Module                     code    ro data   rw data
       ------                     ----    -------   -------
    .\
       main.obj                   4708    201       104    
       startup_ccs.obj            14      1024      0      
       gpio_if.obj                920     0         35     
       uart_if.obj                640     0         4      
       pinmux.obj                 88      0         0      
       network_common.obj         38      0         0      
    +--+--------------------------+-------+---------+---------+
       Total:                     6408    1225      143    
                                                           
    C:/ti/CC3200SDK_1.2.0/cc3200-sdk/driverlib/ccs/Release/driverlib.a
       prcm.obj                   852     168       0      
       interrupt.obj              608     340       0      
       spi.obj                    798     60        0      
       udma.obj                   604     0         0      
       pin.obj                    274     256       0      
       gpio.obj                   388     0         0      
       uart.obj                   284     0         0      
       cpu.obj                    20      0         0      
       utils.obj                  6       0         0      
    +--+--------------------------+-------+---------+---------+
       Total:                     3834    824       0      
                                                           
    C:/ti/CC3200SDK_1.2.0/cc3200-sdk/simplelink/ccs/NON_OS/simplelink.a
       driver.obj                 7600    172       375    
       cc_pal.obj                 1684    0         90     
       socket.obj                 1662    68        0      
       netapp.obj                 1492    40        0      
       wlan.obj                   1128    60        0      
       device.obj                 1142    28        0      
       nonos.obj                  360     0         60     
       netcfg.obj                 124     8         0      
    +--+--------------------------+-------+---------+---------+
       Total:                     15192   376       525    
                                                           
    C:\ti\ccsv7\tools\compiler\ti-cgt-arm_16.9.0.LTS\lib\rtsv7M4_T_le_eabi.lib
       _printfi.obj               4382    0         0      
       memory.obj                 976     0         12     
       ull_div_t2.obj             500     0         0      
       fd_add_t2.obj              438     0         0      
       fd_div_t2.obj              310     0         0      
       fd_cmp_t2.obj              268     0         0      
       ctype.obj                  0       257       0      
       fd_mul_t2.obj              252     0         0      
       s_scalbn.obj               208     0         0      
       memcpy_t2.obj              156     0         0      
       vsnprintf.obj              136     0         0      
       memset_t2.obj              122     0         0      
       autoinit.obj               112     0         0      
       copy_decompress_lzss.obj   104     0         0      
       exit.obj                   84      0         12     
       sprintf.obj                96      0         0      
       s_frexp.obj                92      0         0      
       ltoa.obj                   86      0         0      
       atoi.obj                   76      0         0      
       cpy_tbl.obj                76      0         0      
       fd_toi_t2.obj              72      0         0      
       boot.obj                   64      0         0      
       i_tofd_t2.obj              46      0         0      
       memmov.obj                 36      0         0      
       _lock.obj                  20      0         8      
       memccpy.obj                28      0         0      
       args_main.obj              24      0         0      
       strchr.obj                 22      0         0      
       strcpy.obj                 20      0         0      
       strlen.obj                 20      0         0      
       copy_decompress_none.obj   14      0         0      
       copy_zero_init.obj         12      0         0      
       s_copysign.obj             8       0         0      
       errno.obj                  0       0         4      
       pre_init.obj               4       0         0      
       stkdepth_vars.obj          0       0         4      
       mpu_init.obj               2       0         0      
       startup.obj                2       0         0      
    +--+--------------------------+-------+---------+---------+
       Total:                     8868    257       40     
                                                           
       Heap:                      0       0         32768  
       Stack:                     0       0         4096   
       Linker Generated:          0       97        0      
    +--+--------------------------+-------+---------+---------+
       Grand Total:               34302   2779      37572  


LINKER GENERATED COPY TABLES

__TI_cinit_table @ 2000d0f8 records: 2, size/record: 8, table size: 16
	.data: load addr=2000d0a0, load size=0000003d bytes, run addr=2001f21c, run size=000000b0 bytes, compression=lzss
	.bss: load addr=2000d0f0, load size=00000008 bytes, run addr=2001f000, run size=0000021a bytes, compression=zero_init


LINKER GENERATED HANDLER TABLE

__TI_handler_table @ 2000d0e0 records: 3, size/record: 4, table size: 12
	index: 0, handler: __TI_decompress_lzss
	index: 1, handler: __TI_decompress_none
	index: 2, handler: __TI_zero_init


GLOBAL SYMBOLS: SORTED ALPHABETICALLY BY Name 

address   name                                  
-------   ----                                  
2000b971  C$$EXIT                               
2000c925  CPUcpsie                              
200074bd  ClearTerm                             
2000c4d5  DmaSpiSwIntHandler                    
200074c7  Error                                 
2000c259  GPIODirModeSet                        
2000c939  GPIOIntClear                          
2000c73d  GPIOIntEnable                         
2000c68d  GPIOIntRegister                       
2000aaf9  GPIOIntTypeSet                        
2000c7f3  GPIOPinRead                           
2000c5cd  GPIOPinWrite                          
200073a5  GPIO_IF_ConfigureNIntEnable           
20007431  GPIO_IF_Get                           
2000735f  GPIO_IF_GetPortNPin                   
20007121  GPIO_IF_LedConfigure                  
20007213  GPIO_IF_LedOff                        
2000715f  GPIO_IF_LedOn                         
200072c7  GPIO_IF_LedStatus                     
20007331  GPIO_IF_LedToggle                     
200073ed  GPIO_IF_Set                           
200074ff  GetCmd                                
2000747d  InitTerm                              
2000a125  IntDisable                            
2000a1cd  IntEnable                             
2000c9fd  IntMasterEnable                       
2000b715  IntPendClear                          
2000b875  IntPrioritySet                        
2000c5ed  IntRegister                           
2000c4f9  IntUnregister                         
2000c94d  IntVTableBaseSet                      
2000749b  Message                               
2000c9d9  NwpMaskInterrupt                      
2000c221  NwpPowerOff                           
2000c60d  NwpPowerOn                            
2000c0f1  NwpRegisterInterruptHandler           
2000c9e5  NwpUnMaskInterrupt                    
2000ce18  OpcodeTranslateTable                  
20008799  PRCMCC3200MCUInit                     
2000c8cd  PRCMHIBRegRead                        
2000c8e3  PRCMHIBRegWrite                       
2000c40d  PRCMPeripheralClkDisable              
2000c16d  PRCMPeripheralClkEnable               
2000a589  PRCMPeripheralClockGet                
2000b76d  PRCMPeripheralReset                   
2000c291  PRCMPeripheralStatusGet               
2000c389  PRCMSysResetCauseGet                  
2000a855  PinConfigSet                          
2000bfb1  PinModeSet                            
2000b7c5  PinMuxConfig                          
2000c2f9  PinTypeGPIO                           
2000c757  PinTypeUART                           
2000763d  Report                                
2000c9c9  ResetISR                              
2001f214  RxIrqCnt                              
UNDEFED   SHT$$INIT_ARRAY$$Base                 
UNDEFED   SHT$$INIT_ARRAY$$Limit                
2000c80b  SPICSDisable                          
2000c823  SPICSEnable                           
2000a319  SPIConfigSetExpClk                    
2000c83b  SPIDisable                            
2000c771  SPIDmaDisable                         
2000c78b  SPIDmaEnable                          
2000c853  SPIEnable                             
2000c7a5  SPIFIFODisable                        
2000c7bf  SPIFIFOEnable                         
2000c2c5  SPIFIFOLevelSet                       
2000bc71  SPIIntClear                           
2000ba15  SPIIntEnable                          
2000c7d9  SPIIntUnregister                      
2000c589  SPIReset                              
2000c5ab  SPIWordCountSet                       
200045d5  SimpleLinkGeneralEventHandler         
200045b1  SimpleLinkHttpServerCallback          
2000450f  SimpleLinkNetAppEventHandler          
200045f5  SimpleLinkSockEventHandler            
20004401  SimpleLinkWlanEventHandler            
200075a5  TrimSpace                             
2000c6e7  UARTCharGetNonBlocking                
2000c6ab  UARTCharPut                           
2000c86b  UARTCharsAvail                        
2000b151  UARTConfigSetExpClk                   
2000c329  UARTDisable                           
2000c51d  UARTEnable                            
2000ca0f  UtilsDelay                            
2000ce90  _SlActionLookupTable                  
2000a275  _SlDriverHandleError                  
2000bcb9  _SlDrvBasicCmd                        
20009fb1  _SlDrvCmdOp                           
2000b31d  _SlDrvCmdSend                         
20007d4d  _SlDrvDataReadOp                      
20008bed  _SlDrvDataWriteOp                     
2000a455  _SlDrvDeviceEventHandler              
2000c99d  _SlDrvDispatchHttpServerEvents        
20009211  _SlDrvDriverCBDeinit                  
200082b9  _SlDrvDriverCBInit                    
2000c435  _SlDrvGlobalObjUnLock                 
2000bdd5  _SlDrvHandleHttpServerEvents          
2000bff1  _SlDrvHandleNetAppEvents              
2000c031  _SlDrvHandleWlanEvents                
2000c8f9  _SlDrvMemZero                         
20009bb5  _SlDrvMsgReadSpawnCtx                 
2000944d  _SlDrvNetAppEventHandler              
2000c541  _SlDrvObjLockWaitForever              
2000c62d  _SlDrvObjUnLock                       
2000baad  _SlDrvProtectAsyncRespSetting         
2000c3e1  _SlDrvProtectionObjLockWaitForever    
2000c45d  _SlDrvProtectionObjUnLock             
20007f31  _SlDrvReleasePoolObj                  
2000c9ad  _SlDrvResetCmdExt                     
2000b8c9  _SlDrvRxIrqHandler                    
2000c64d  _SlDrvSyncObjSignal                   
2000c485  _SlDrvSyncObjWaitForever              
2000be19  _SlDrvSyncObjWaitTimeout              
20008609  _SlDrvWaitForPoolObj                  
2000cfa8  _SlNetAppSendTokenValueCmdCtrl        
2000b1c9  _SlNonOsMainLoopTask                  
2000afe9  _SlNonOsSemGet                        
2000c883  _SlNonOsSemSet                        
2000b4c9  _SlNonOsSpawn                         
20030000  __STACK_END                           
00001000  __STACK_SIZE                          
00008000  __SYSMEM_SIZE                         
2000d0f8  __TI_CINIT_Base                       
2000d108  __TI_CINIT_Limit                      
2000d0e0  __TI_Handler_Table_Base               
2000d0ec  __TI_Handler_Table_Limit              
2000b23d  __TI_auto_init                        
2001f28c  __TI_cleanup_ptr                      
2000b461  __TI_decompress_lzss                  
2000c9bb  __TI_decompress_none                  
2001f290  __TI_dtors_ptr                        
2001f294  __TI_enable_exit_profile_output       
ffffffff  __TI_pprof_out_hndl                   
20005e99  __TI_printfi                          
ffffffff  __TI_prof_data_size                   
ffffffff  __TI_prof_data_start                  
2000d0a0  __TI_static_base__                    
2000c9f1  __TI_zero_init                        
2000a9ed  __aeabi_cdcmpeq                       
2000a9ed  __aeabi_cdcmple                       
2000aa73  __aeabi_cdrcmple                      
2000bd01  __aeabi_d2iz                          
2000810b  __aeabi_dadd                          
20008e85  __aeabi_ddiv                          
20009551  __aeabi_dmul                          
20008101  __aeabi_dsub                          
2000c359  __aeabi_i2d                           
2000af6d  __aeabi_memclr                        
2000af6d  __aeabi_memclr4                       
2000af6d  __aeabi_memclr8                       
2000a3b9  __aeabi_memcpy                        
2000a3b9  __aeabi_memcpy4                       
2000a3b9  __aeabi_memcpy8                       
2000af6f  __aeabi_memset                        
2000af6f  __aeabi_memset4                       
2000af6f  __aeabi_memset8                       
20007b59  __aeabi_uldivmod                      
ffffffff  __binit__                             
ffffffff  __c_args__                            
200082b7  __mpu_init                            
2002f000  __stack                               
2000c8b5  _args_main                            
2000c0b1  _c_int00                              
2000ca18  _ctypes_                              
2001f2bc  _lock                                 
2000c96f  _nop                                  
2000c967  _register_lock                        
2000c961  _register_unlock                      
2000b52d  _sl_HandleAsync_Accept                
2000ab7d  _sl_HandleAsync_Connect               
2000a61d  _sl_HandleAsync_DnsGetHostByName      
20009d59  _sl_HandleAsync_DnsGetHostByService   
2000abfd  _sl_HandleAsync_InitComplete          
2000a6ad  _sl_HandleAsync_PingResponse          
2000b91d  _sl_HandleAsync_Select                
2000b9c5  _sl_HandleAsync_Stop                  
2000b389  _sl_NetAppSendTokenValue              
20017000  _sys_memory                           
20008fbb  _system_post_cinit                    
2000ca15  _system_pre_init                      
2001f2c0  _unlock                               
2000b975  abort                                 
2000bb45  atoi                                  
ffffffff  binit                                 
200070b5  calloc                                
2000bb91  copy_in                               
2000ca07  copysign                              
2000ca07  copysignl                             
2001f2c4  errno                                 
2000b97d  exit                                  
20006dff  free                                  
2000b6b9  frexp                                 
2000b6b9  frexpl                                
2001f278  g_Host                                
2001f2b0  g_SpiFd                               
2001f21c  g__SlNonOsCB                          
2001f215  g_bDeviceRestartIsRequired            
2001f216  g_cDummy                              
2001f280  g_pCB                                 
2001f2b4  g_pHostIntHdl                         
20004000  g_pfnVectors                          
2001f1b8  g_time                                
2001f208  g_ucConnectionBSSID                   
2001f1e4  g_ucConnectionSSID                    
2001f2b8  g_ucDMAEnabled                        
2001f168  g_ucDinDout                           
2001f217  g_ucLED1Pin                           
2001f218  g_ucLED2Pin                           
2001f219  g_ucLED3Pin                           
2001f2a4  g_uiLED1Port                          
2001f2a8  g_uiLED2Port                          
2001f2ac  g_uiLED3Port                          
2001f274  g_ulGatewayIP                         
2001f270  g_ulPingPacketsRecv                   
2001f26c  g_ulStatus                            
20009c89  ldexp                                 
20009c89  ldexpl                                
2000b81d  ltoa                                  
20005097  main                                  
2001f2c8  main_func_sp                          
20006d95  malloc                                
20006fc9  memalign                              
2000c703  memccpy                               
2000a3b9  memcpy                                
2000c565  memmove                               
2000af75  memset                                
20006d15  minit                                 
2001f284  pPingCallBackFunc                     
20004fb9  printErrConvenience                   
20006ec1  realloc                               
20009c89  scalbn                                
20009c89  scalbnl                               
2000bea1  sl_Close                              
20008a81  sl_Connect                            
2000a071  sl_DevGet                             
2000ad7d  sl_DevSet                             
2000bf6d  sl_Htonl                              
2000c1a9  sl_Htons                              
20008fbd  sl_NetAppDnsGetHostByName             
20009e25  sl_NetAppMDNSRegisterUnregisterService
2000bd49  sl_NetAppMDNSUnRegisterService        
2000adf9  sl_NetCfgSet                          
2000c4ad  sl_Provisioning_HttpServerEventHdl    
2000c4bb  sl_Provisioning_NetAppEventHdl        
2000c4c7  sl_Provisioning_WlanEventHdl          
2000a965  sl_Recv                               
20009335  sl_Send                               
2000ae75  sl_SetSockOpt                         
2000b2ad  sl_Socket                             
200099f9  sl_Start                              
20009915  sl_Stop                               
200076fd  sl_WlanConnect                        
2000c66d  sl_WlanDisconnect                     
2000b061  sl_WlanPolicySet                      
2000bee5  sl_WlanProfileDel                     
2000b3f5  sl_WlanRxFilterSet                    
2000aef1  sl_WlanSet                            
2000bf29  sl_WlanSetMode                        
2000b0d9  spi_Close                             
20008d3d  spi_Open                              
2000964d  spi_Read                              
2000a4f1  spi_Write                             
2000b659  sprintf                               
2000c90f  strchr                                
2000c975  strcpy                                
2000c989  strlen                                
2000bbdd  uDMAChannelAssign                     
2000b591  uDMAChannelAttributeDisable           
2000b5f5  uDMAChannelAttributeEnable            
2000c1e5  uDMAChannelControlSet                 
2000c721  uDMAChannelEnable                     
2000973d  uDMAChannelTransferSet                
2000a8dd  vsnprintf                             


GLOBAL SYMBOLS: SORTED BY Symbol Address 

address   name                                  
-------   ----                                  
00001000  __STACK_SIZE                          
00008000  __SYSMEM_SIZE                         
20004000  g_pfnVectors                          
20004401  SimpleLinkWlanEventHandler            
2000450f  SimpleLinkNetAppEventHandler          
200045b1  SimpleLinkHttpServerCallback          
200045d5  SimpleLinkGeneralEventHandler         
200045f5  SimpleLinkSockEventHandler            
20004fb9  printErrConvenience                   
20005097  main                                  
20005e99  __TI_printfi                          
20006d15  minit                                 
20006d95  malloc                                
20006dff  free                                  
20006ec1  realloc                               
20006fc9  memalign                              
200070b5  calloc                                
20007121  GPIO_IF_LedConfigure                  
2000715f  GPIO_IF_LedOn                         
20007213  GPIO_IF_LedOff                        
200072c7  GPIO_IF_LedStatus                     
20007331  GPIO_IF_LedToggle                     
2000735f  GPIO_IF_GetPortNPin                   
200073a5  GPIO_IF_ConfigureNIntEnable           
200073ed  GPIO_IF_Set                           
20007431  GPIO_IF_Get                           
2000747d  InitTerm                              
2000749b  Message                               
200074bd  ClearTerm                             
200074c7  Error                                 
200074ff  GetCmd                                
200075a5  TrimSpace                             
2000763d  Report                                
200076fd  sl_WlanConnect                        
20007b59  __aeabi_uldivmod                      
20007d4d  _SlDrvDataReadOp                      
20007f31  _SlDrvReleasePoolObj                  
20008101  __aeabi_dsub                          
2000810b  __aeabi_dadd                          
200082b7  __mpu_init                            
200082b9  _SlDrvDriverCBInit                    
20008609  _SlDrvWaitForPoolObj                  
20008799  PRCMCC3200MCUInit                     
20008a81  sl_Connect                            
20008bed  _SlDrvDataWriteOp                     
20008d3d  spi_Open                              
20008e85  __aeabi_ddiv                          
20008fbb  _system_post_cinit                    
20008fbd  sl_NetAppDnsGetHostByName             
20009211  _SlDrvDriverCBDeinit                  
20009335  sl_Send                               
2000944d  _SlDrvNetAppEventHandler              
20009551  __aeabi_dmul                          
2000964d  spi_Read                              
2000973d  uDMAChannelTransferSet                
20009915  sl_Stop                               
200099f9  sl_Start                              
20009bb5  _SlDrvMsgReadSpawnCtx                 
20009c89  ldexp                                 
20009c89  ldexpl                                
20009c89  scalbn                                
20009c89  scalbnl                               
20009d59  _sl_HandleAsync_DnsGetHostByService   
20009e25  sl_NetAppMDNSRegisterUnregisterService
20009fb1  _SlDrvCmdOp                           
2000a071  sl_DevGet                             
2000a125  IntDisable                            
2000a1cd  IntEnable                             
2000a275  _SlDriverHandleError                  
2000a319  SPIConfigSetExpClk                    
2000a3b9  __aeabi_memcpy                        
2000a3b9  __aeabi_memcpy4                       
2000a3b9  __aeabi_memcpy8                       
2000a3b9  memcpy                                
2000a455  _SlDrvDeviceEventHandler              
2000a4f1  spi_Write                             
2000a589  PRCMPeripheralClockGet                
2000a61d  _sl_HandleAsync_DnsGetHostByName      
2000a6ad  _sl_HandleAsync_PingResponse          
2000a855  PinConfigSet                          
2000a8dd  vsnprintf                             
2000a965  sl_Recv                               
2000a9ed  __aeabi_cdcmpeq                       
2000a9ed  __aeabi_cdcmple                       
2000aa73  __aeabi_cdrcmple                      
2000aaf9  GPIOIntTypeSet                        
2000ab7d  _sl_HandleAsync_Connect               
2000abfd  _sl_HandleAsync_InitComplete          
2000ad7d  sl_DevSet                             
2000adf9  sl_NetCfgSet                          
2000ae75  sl_SetSockOpt                         
2000aef1  sl_WlanSet                            
2000af6d  __aeabi_memclr                        
2000af6d  __aeabi_memclr4                       
2000af6d  __aeabi_memclr8                       
2000af6f  __aeabi_memset                        
2000af6f  __aeabi_memset4                       
2000af6f  __aeabi_memset8                       
2000af75  memset                                
2000afe9  _SlNonOsSemGet                        
2000b061  sl_WlanPolicySet                      
2000b0d9  spi_Close                             
2000b151  UARTConfigSetExpClk                   
2000b1c9  _SlNonOsMainLoopTask                  
2000b23d  __TI_auto_init                        
2000b2ad  sl_Socket                             
2000b31d  _SlDrvCmdSend                         
2000b389  _sl_NetAppSendTokenValue              
2000b3f5  sl_WlanRxFilterSet                    
2000b461  __TI_decompress_lzss                  
2000b4c9  _SlNonOsSpawn                         
2000b52d  _sl_HandleAsync_Accept                
2000b591  uDMAChannelAttributeDisable           
2000b5f5  uDMAChannelAttributeEnable            
2000b659  sprintf                               
2000b6b9  frexp                                 
2000b6b9  frexpl                                
2000b715  IntPendClear                          
2000b76d  PRCMPeripheralReset                   
2000b7c5  PinMuxConfig                          
2000b81d  ltoa                                  
2000b875  IntPrioritySet                        
2000b8c9  _SlDrvRxIrqHandler                    
2000b91d  _sl_HandleAsync_Select                
2000b971  C$$EXIT                               
2000b975  abort                                 
2000b97d  exit                                  
2000b9c5  _sl_HandleAsync_Stop                  
2000ba15  SPIIntEnable                          
2000baad  _SlDrvProtectAsyncRespSetting         
2000bb45  atoi                                  
2000bb91  copy_in                               
2000bbdd  uDMAChannelAssign                     
2000bc71  SPIIntClear                           
2000bcb9  _SlDrvBasicCmd                        
2000bd01  __aeabi_d2iz                          
2000bd49  sl_NetAppMDNSUnRegisterService        
2000bdd5  _SlDrvHandleHttpServerEvents          
2000be19  _SlDrvSyncObjWaitTimeout              
2000bea1  sl_Close                              
2000bee5  sl_WlanProfileDel                     
2000bf29  sl_WlanSetMode                        
2000bf6d  sl_Htonl                              
2000bfb1  PinModeSet                            
2000bff1  _SlDrvHandleNetAppEvents              
2000c031  _SlDrvHandleWlanEvents                
2000c0b1  _c_int00                              
2000c0f1  NwpRegisterInterruptHandler           
2000c16d  PRCMPeripheralClkEnable               
2000c1a9  sl_Htons                              
2000c1e5  uDMAChannelControlSet                 
2000c221  NwpPowerOff                           
2000c259  GPIODirModeSet                        
2000c291  PRCMPeripheralStatusGet               
2000c2c5  SPIFIFOLevelSet                       
2000c2f9  PinTypeGPIO                           
2000c329  UARTDisable                           
2000c359  __aeabi_i2d                           
2000c389  PRCMSysResetCauseGet                  
2000c3e1  _SlDrvProtectionObjLockWaitForever    
2000c40d  PRCMPeripheralClkDisable              
2000c435  _SlDrvGlobalObjUnLock                 
2000c45d  _SlDrvProtectionObjUnLock             
2000c485  _SlDrvSyncObjWaitForever              
2000c4ad  sl_Provisioning_HttpServerEventHdl    
2000c4bb  sl_Provisioning_NetAppEventHdl        
2000c4c7  sl_Provisioning_WlanEventHdl          
2000c4d5  DmaSpiSwIntHandler                    
2000c4f9  IntUnregister                         
2000c51d  UARTEnable                            
2000c541  _SlDrvObjLockWaitForever              
2000c565  memmove                               
2000c589  SPIReset                              
2000c5ab  SPIWordCountSet                       
2000c5cd  GPIOPinWrite                          
2000c5ed  IntRegister                           
2000c60d  NwpPowerOn                            
2000c62d  _SlDrvObjUnLock                       
2000c64d  _SlDrvSyncObjSignal                   
2000c66d  sl_WlanDisconnect                     
2000c68d  GPIOIntRegister                       
2000c6ab  UARTCharPut                           
2000c6e7  UARTCharGetNonBlocking                
2000c703  memccpy                               
2000c721  uDMAChannelEnable                     
2000c73d  GPIOIntEnable                         
2000c757  PinTypeUART                           
2000c771  SPIDmaDisable                         
2000c78b  SPIDmaEnable                          
2000c7a5  SPIFIFODisable                        
2000c7bf  SPIFIFOEnable                         
2000c7d9  SPIIntUnregister                      
2000c7f3  GPIOPinRead                           
2000c80b  SPICSDisable                          
2000c823  SPICSEnable                           
2000c83b  SPIDisable                            
2000c853  SPIEnable                             
2000c86b  UARTCharsAvail                        
2000c883  _SlNonOsSemSet                        
2000c8b5  _args_main                            
2000c8cd  PRCMHIBRegRead                        
2000c8e3  PRCMHIBRegWrite                       
2000c8f9  _SlDrvMemZero                         
2000c90f  strchr                                
2000c925  CPUcpsie                              
2000c939  GPIOIntClear                          
2000c94d  IntVTableBaseSet                      
2000c961  _register_unlock                      
2000c967  _register_lock                        
2000c96f  _nop                                  
2000c975  strcpy                                
2000c989  strlen                                
2000c99d  _SlDrvDispatchHttpServerEvents        
2000c9ad  _SlDrvResetCmdExt                     
2000c9bb  __TI_decompress_none                  
2000c9c9  ResetISR                              
2000c9d9  NwpMaskInterrupt                      
2000c9e5  NwpUnMaskInterrupt                    
2000c9f1  __TI_zero_init                        
2000c9fd  IntMasterEnable                       
2000ca07  copysign                              
2000ca07  copysignl                             
2000ca0f  UtilsDelay                            
2000ca15  _system_pre_init                      
2000ca18  _ctypes_                              
2000ce18  OpcodeTranslateTable                  
2000ce90  _SlActionLookupTable                  
2000cfa8  _SlNetAppSendTokenValueCmdCtrl        
2000d0a0  __TI_static_base__                    
2000d0e0  __TI_Handler_Table_Base               
2000d0ec  __TI_Handler_Table_Limit              
2000d0f8  __TI_CINIT_Base                       
2000d108  __TI_CINIT_Limit                      
20017000  _sys_memory                           
2001f168  g_ucDinDout                           
2001f1b8  g_time                                
2001f1e4  g_ucConnectionSSID                    
2001f208  g_ucConnectionBSSID                   
2001f214  RxIrqCnt                              
2001f215  g_bDeviceRestartIsRequired            
2001f216  g_cDummy                              
2001f217  g_ucLED1Pin                           
2001f218  g_ucLED2Pin                           
2001f219  g_ucLED3Pin                           
2001f21c  g__SlNonOsCB                          
2001f26c  g_ulStatus                            
2001f270  g_ulPingPacketsRecv                   
2001f274  g_ulGatewayIP                         
2001f278  g_Host                                
2001f280  g_pCB                                 
2001f284  pPingCallBackFunc                     
2001f28c  __TI_cleanup_ptr                      
2001f290  __TI_dtors_ptr                        
2001f294  __TI_enable_exit_profile_output       
2001f2a4  g_uiLED1Port                          
2001f2a8  g_uiLED2Port                          
2001f2ac  g_uiLED3Port                          
2001f2b0  g_SpiFd                               
2001f2b4  g_pHostIntHdl                         
2001f2b8  g_ucDMAEnabled                        
2001f2bc  _lock                                 
2001f2c0  _unlock                               
2001f2c4  errno                                 
2001f2c8  main_func_sp                          
2002f000  __stack                               
20030000  __STACK_END                           
ffffffff  __TI_pprof_out_hndl                   
ffffffff  __TI_prof_data_size                   
ffffffff  __TI_prof_data_start                  
ffffffff  __binit__                             
ffffffff  __c_args__                            
ffffffff  binit                                 
UNDEFED   SHT$$INIT_ARRAY$$Base                 
UNDEFED   SHT$$INIT_ARRAY$$Limit                

[274 symbols]
