******************************************************************************
                  TI ARM Linker PC v16.9.0                     
******************************************************************************
>> Linked Tue Apr 26 15:28:55 2022

OUTPUT FILE NAME:   <uart_demo.out>
ENTRY POINT SYMBOL: "_c_int00"  address: 20009235


MEMORY CONFIGURATION

         name            origin    length      used     unused   attr    fill
----------------------  --------  ---------  --------  --------  ----  --------
  SRAM_CODE             20004000   00013000  00006240  0000cdc0  RW X
  SRAM_DATA             20017000   00019000  00000a55  000185ab  RW X


SEGMENT ALLOCATION MAP

run origin  load origin   length   init length attrs members
----------  ----------- ---------- ----------- ----- -------
20004000    20004000    00006248   00006248    r-x
  20004000    20004000    00000400   00000400    r-- .intvecs
  20004400    20004400    00005482   00005482    r-x .text
  20009884    20009884    00000926   00000926    r-- .const
  2000a1b0    2000a1b0    00000098   00000098    r-- .cinit
20017000    20017000    00000955   00000000    rw-
  20017000    20017000    00000800   00000000    rw- .sysmem
  20017800    20017800    000000b8   00000000    rw- .data
  200178b8    200178b8    0000009d   00000000    rw- .bss
2002ff00    2002ff00    00000100   00000000    rw-
  2002ff00    2002ff00    00000100   00000000    rw- .stack


SECTION ALLOCATION MAP

 output                                  attributes/
section   page    origin      length       input sections
--------  ----  ----------  ----------   ----------------
.intvecs   0    20004000    00000400     
                  20004000    00000400     startup_ccs.obj (.intvecs)

.init_array 
*          0    20004000    00000000     UNINITIALIZED

.text      0    20004400    00005482     
                  20004400    0000111e     rtsv7M4_T_le_eabi.lib : _printfi.obj (.text)
                  2000551e    00000002     driverlib.a : interrupt.obj (.text:IntDefaultHandler)
                  20005520    00000fb0     main.obj (.text)
                  200064d0    00000a80     Adafruit_GFX.obj (.text)
                  20006f50    000004a2     Adafruit_OLED.obj (.text)
                  200073f2    00000002     rtsv7M4_T_le_eabi.lib : mpu_init.obj (.text)
                  200073f4    000003d0                           : memory.obj (.text)
                  200077c4    00000280     uart_if.obj (.text)
                  20007a44    000001f4     rtsv7M4_T_le_eabi.lib : ull_div_t2.obj (.text)
                  20007c38    000001b6                           : fd_add_t2.obj (.text)
                  20007dee    00000002                           : startup.obj (.text)
                  20007df0    00000198     timer_if.obj (.text)
                  20007f88    00000178     driverlib.a : prcm.obj (.text:PRCMCC3200MCUInit)
                  20008100    00000136     rtsv7M4_T_le_eabi.lib : fd_div_t2.obj (.text)
                  20008236    00000002     --HOLE-- [fill = 0]
                  20008238    0000011c     pin_mux_config.obj (.text)
                  20008354    000000fc     rtsv7M4_T_le_eabi.lib : fd_mul_t2.obj (.text)
                  20008450    000000d0                           : s_scalbn.obj (.text)
                  20008520    000000a8     driverlib.a : interrupt.obj (.text:IntDisable)
                  200085c8    000000a8                 : interrupt.obj (.text:IntEnable)
                  20008670    000000a0                 : spi.obj (.text:SPIConfigSetExpClk)
                  20008710    0000009c     rtsv7M4_T_le_eabi.lib : memcpy_t2.obj (.text)
                  200087ac    00000094     driverlib.a : prcm.obj (.text:PRCMPeripheralClockGet)
                  20008840    00000092     rtsv7M4_T_le_eabi.lib : fs_div_t2.obj (.text)
                  200088d2    00000002     --HOLE-- [fill = 0]
                  200088d4    00000088     driverlib.a : pin.obj (.text:PinConfigSet)
                  2000895c    00000088     rtsv7M4_T_le_eabi.lib : vsnprintf.obj (.text)
                  200089e4    00000086                           : fd_cmp_t2.obj (.text:__aeabi_cdcmple)
                  20008a6a    00000086                           : fd_cmp_t2.obj (.text:__aeabi_cdrcmple)
                  20008af0    00000082     driverlib.a : gpio.obj (.text:GPIOIntTypeSet)
                  20008b72    0000007a     rtsv7M4_T_le_eabi.lib : memset_t2.obj (.text)
                  20008bec    00000076     driverlib.a : uart.obj (.text:UARTConfigSetExpClk)
                  20008c62    00000002     --HOLE-- [fill = 0]
                  20008c64    00000070                 : timer.obj (.text:TimerIntRegister)
                  20008cd4    00000070     rtsv7M4_T_le_eabi.lib : autoinit.obj (.text)
                  20008d44    00000068     driverlib.a : timer.obj (.text:TimerIntUnregister)
                  20008dac    00000068     rtsv7M4_T_le_eabi.lib : copy_decompress_lzss.obj (.text:decompress:lzss)
                  20008e14    00000060                           : fs_cmp_t2.obj (.text:__aeabi_cfcmple)
                  20008e74    00000060                           : fs_cmp_t2.obj (.text:__aeabi_cfrcmple)
                  20008ed4    0000005c                           : s_frexp.obj (.text)
                  20008f30    00000058     driverlib.a : prcm.obj (.text:PRCMPeripheralReset)
                  20008f88    00000056     rtsv7M4_T_le_eabi.lib : ltoa.obj (.text)
                  20008fde    00000002     --HOLE-- [fill = 0]
                  20008fe0    00000054     driverlib.a : interrupt.obj (.text:IntPrioritySet)
                  20009034    00000054     rtsv7M4_T_le_eabi.lib : exit.obj (.text)
                  20009088    0000004c                           : atoi.obj (.text)
                  200090d4    0000004c                           : cpy_tbl.obj (.text)
                  20009120    00000048     driverlib.a : gpio.obj (.text:GPIOGetIntNumber)
                  20009168    00000048     rtsv7M4_T_le_eabi.lib : fd_toi_t2.obj (.text)
                  200091b0    00000044     driverlib.a : timer.obj (.text:TimerConfigure)
                  200091f4    00000040                 : pin.obj (.text:PinModeSet)
                  20009234    00000040     rtsv7M4_T_le_eabi.lib : boot.obj (.text)
                  20009274    0000003c     driverlib.a : prcm.obj (.text:PRCMPeripheralClkEnable)
                  200092b0    00000036                 : gpio.obj (.text:GPIODirModeSet)
                  200092e6    00000030                 : pin.obj (.text:PinTypeGPIO)
                  20009316    00000002     --HOLE-- [fill = 0]
                  20009318    00000030                 : uart.obj (.text:UARTDisable)
                  20009348    0000002e     rtsv7M4_T_le_eabi.lib : i_tofd_t2.obj (.text)
                  20009376    00000002     --HOLE-- [fill = 0]
                  20009378    0000002c     driverlib.a : prcm.obj (.text:PRCMSysResetCauseGet)
                  200093a4    0000002a                 : timer.obj (.text:TimerLoadSet)
                  200093ce    0000002a                 : timer.obj (.text:TimerPrescaleSet)
                  200093f8    00000028                 : prcm.obj (.text:PRCMPeripheralClkDisable)
                  20009420    00000024                 : interrupt.obj (.text:IntUnregister)
                  20009444    00000024                 : uart.obj (.text:UARTEnable)
                  20009468    00000024     rtsv7M4_T_le_eabi.lib : memmov.obj (.text)
                  2000948c    00000024                           : u_tofs_t2.obj (.text)
                  200094b0    00000022     driverlib.a : gpio.obj (.text:GPIOIntStatus)
                  200094d2    00000022                 : spi.obj (.text:SPIReset)
                  200094f4    00000020                 : gpio.obj (.text:GPIOPinWrite)
                  20009514    00000020                 : interrupt.obj (.text:IntRegister)
                  20009534    00000020                 : spi.obj (.text:SPIDataGet)
                  20009554    0000001e                 : gpio.obj (.text:GPIOIntRegister)
                  20009572    0000001e                 : spi.obj (.text:SPIDataPut)
                  20009590    0000001e                 : timer.obj (.text:TimerDisable)
                  200095ae    0000001e                 : timer.obj (.text:TimerEnable)
                  200095cc    0000001e                 : timer.obj (.text:TimerIntStatus)
                  200095ea    0000001e                 : uart.obj (.text:UARTCharPut)
                  20009608    0000001c                 : timer.obj (.text:TimerValueGet)
                  20009624    0000001c                 : uart.obj (.text:UARTCharGetNonBlocking)
                  20009640    0000001c     rtsv7M4_T_le_eabi.lib : memccpy.obj (.text)
                  2000965c    0000001a     driverlib.a : gpio.obj (.text:GPIOIntDisable)
                  20009676    0000001a                 : gpio.obj (.text:GPIOIntEnable)
                  20009690    0000001a                 : pin.obj (.text:PinTypeSPI)
                  200096aa    0000001a                 : pin.obj (.text:PinTypeUART)
                  200096c4    00000018                 : spi.obj (.text:SPICSDisable)
                  200096dc    00000018                 : spi.obj (.text:SPICSEnable)
                  200096f4    00000018                 : spi.obj (.text:SPIEnable)
                  2000970c    00000018                 : timer.obj (.text:TimerIntDisable)
                  20009724    00000018                 : timer.obj (.text:TimerIntEnable)
                  2000973c    00000018                 : uart.obj (.text:UARTCharsAvail)
                  20009754    00000018     rtsv7M4_T_le_eabi.lib : args_main.obj (.text)
                  2000976c    00000018                           : strcmp.obj (.text)
                  20009784    00000016     driverlib.a : prcm.obj (.text:PRCMHIBRegRead)
                  2000979a    00000016                 : prcm.obj (.text:PRCMHIBRegWrite)
                  200097b0    00000016     rtsv7M4_T_le_eabi.lib : strchr.obj (.text)
                  200097c6    00000014     driverlib.a : cpu.obj (.text:CPUcpsie)
                  200097da    00000014                 : gpio.obj (.text:GPIOIntClear)
                  200097ee    00000002     --HOLE-- [fill = 0]
                  200097f0    00000014                 : interrupt.obj (.text:IntVTableBaseSet)
                  20009804    00000014     rtsv7M4_T_le_eabi.lib : _lock.obj (.text)
                  20009818    00000014                           : strlen.obj (.text)
                  2000982c    00000012     driverlib.a : timer.obj (.text:TimerIntClear)
                  2000983e    0000000e     rtsv7M4_T_le_eabi.lib : copy_decompress_none.obj (.text:decompress:none)
                  2000984c    0000000e     startup_ccs.obj (.text)
                  2000985a    0000000c     rtsv7M4_T_le_eabi.lib : copy_zero_init.obj (.text:decompress:ZI)
                  20009866    0000000a     driverlib.a : interrupt.obj (.text:IntMasterEnable)
                  20009870    00000008     rtsv7M4_T_le_eabi.lib : s_copysign.obj (.text)
                  20009878    00000006     driverlib.a : utils.obj (.text:UtilsDelay)
                  2000987e    00000004     rtsv7M4_T_le_eabi.lib : pre_init.obj (.text)

.const     0    20009884    00000926     
                  20009884    000004fb     Adafruit_GFX.obj (.const:.string:font)
                  20009d7f    00000101     rtsv7M4_T_le_eabi.lib : ctype.obj (.const:.string:_ctypes_)
                  20009e80    00000100     driverlib.a : pin.obj (.const:g_ulPinToPadMap)
                  20009f80    000000d4                 : interrupt.obj (.const:g_pulRegs)
                  2000a054    000000a8                 : prcm.obj (.const:PRCM_PeriphRegsList)
                  2000a0fc    00000080                 : interrupt.obj (.const)
                  2000a17c    0000002e     main.obj (.const:.string)

.cinit     0    2000a1b0    00000098     
                  2000a1b0    00000072     (.cinit..data.load) [load image, compression = lzss]
                  2000a222    00000002     --HOLE-- [fill = 0]
                  2000a224    0000000c     (__TI_handler_table)
                  2000a230    00000008     (.cinit..bss.load) [load image, compression = zero_init]
                  2000a238    00000010     (__TI_cinit_table)

.sysmem    0    20017000    00000800     UNINITIALIZED
                  20017000    00000008     rtsv7M4_T_le_eabi.lib : memory.obj (.sysmem)
                  20017008    000007f8     --HOLE--

.data      0    20017800    000000b8     UNINITIALIZED
                  20017800    0000002c     main.obj (.data)
                  2001782c    00000028     main.obj (.data:digits)
                  20017854    0000001c     main.obj (.data:colors)
                  20017870    00000015     Adafruit_GFX.obj (.data)
                  20017885    00000003     --HOLE--
                  20017888    0000000c     rtsv7M4_T_le_eabi.lib : exit.obj (.data:$O1$$)
                  20017894    0000000c                           : memory.obj (.data:$O1$$)
                  200178a0    00000008                           : _lock.obj (.data:$O1$$)
                  200178a8    00000008     main.obj (.data:ir_input)
                  200178b0    00000004     rtsv7M4_T_le_eabi.lib : errno.obj (.data)
                  200178b4    00000004                           : stkdepth_vars.obj (.data)

.bss       0    200178b8    0000009d     UNINITIALIZED
                  200178b8    0000008c     (.common:values)
                  20017944    00000008     main.obj (.bss)
                  2001794c    00000004     uart_if.obj (.bss)
                  20017950    00000004     (.common:pin8_intcount)
                  20017954    00000001     (.common:pin8_intflag)

.stack     0    2002ff00    00000100     UNINITIALIZED
                  2002ff00    00000100     --HOLE--

MODULE SUMMARY

       Module                     code    ro data   rw data
       ------                     ----    -------   -------
    .\
       main.obj                   4016    46        273    
       Adafruit_GFX.obj           2688    1275      21     
       Adafruit_OLED.obj          1186    0         0      
       startup_ccs.obj            14      1024      0      
       uart_if.obj                640     0         4      
       timer_if.obj               408     0         0      
       pin_mux_config.obj         284     0         0      
    +--+--------------------------+-------+---------+---------+
       Total:                     9236    2345      298    
                                                           
    C:/ti/CC3200SDK_1.2.0/cc3200-sdk/driverlib/ccs/Release/driverlib.a
       prcm.obj                   800     168       0      
       interrupt.obj              520     340       0      
       pin.obj                    300     256       0      
       timer.obj                  552     0         0      
       gpio.obj                   424     0         0      
       spi.obj                    328     0         0      
       uart.obj                   284     0         0      
       cpu.obj                    20      0         0      
       utils.obj                  6       0         0      
    +--+--------------------------+-------+---------+---------+
       Total:                     3234    764       0      
                                                           
    C:\ti\ccsv7\tools\compiler\ti-cgt-arm_16.9.0.LTS\lib\rtsv7M4_T_le_eabi.lib
       _printfi.obj               4382    0         0      
       memory.obj                 976     0         12     
       ull_div_t2.obj             500     0         0      
       fd_add_t2.obj              438     0         0      
       fd_div_t2.obj              310     0         0      
       fd_cmp_t2.obj              268     0         0      
       ctype.obj                  0       257       0      
       fd_mul_t2.obj              252     0         0      
       s_scalbn.obj               208     0         0      
       fs_cmp_t2.obj              192     0         0      
       memcpy_t2.obj              156     0         0      
       fs_div_t2.obj              146     0         0      
       vsnprintf.obj              136     0         0      
       memset_t2.obj              122     0         0      
       autoinit.obj               112     0         0      
       copy_decompress_lzss.obj   104     0         0      
       exit.obj                   84      0         12     
       s_frexp.obj                92      0         0      
       ltoa.obj                   86      0         0      
       atoi.obj                   76      0         0      
       cpy_tbl.obj                76      0         0      
       fd_toi_t2.obj              72      0         0      
       boot.obj                   64      0         0      
       i_tofd_t2.obj              46      0         0      
       memmov.obj                 36      0         0      
       u_tofs_t2.obj              36      0         0      
       _lock.obj                  20      0         8      
       memccpy.obj                28      0         0      
       args_main.obj              24      0         0      
       strcmp.obj                 24      0         0      
       strchr.obj                 22      0         0      
       strlen.obj                 20      0         0      
       copy_decompress_none.obj   14      0         0      
       copy_zero_init.obj         12      0         0      
       s_copysign.obj             8       0         0      
       errno.obj                  0       0         4      
       pre_init.obj               4       0         0      
       stkdepth_vars.obj          0       0         4      
       mpu_init.obj               2       0         0      
       startup.obj                2       0         0      
    +--+--------------------------+-------+---------+---------+
       Total:                     9150    257       40     
                                                           
       Heap:                      0       0         2048   
       Stack:                     0       0         256    
       Linker Generated:          0       150       0      
    +--+--------------------------+-------+---------+---------+
       Grand Total:               21620   3516      2642   


LINKER GENERATED COPY TABLES

__TI_cinit_table @ 2000a238 records: 2, size/record: 8, table size: 16
	.data: load addr=2000a1b0, load size=00000072 bytes, run addr=20017800, run size=000000b8 bytes, compression=lzss
	.bss: load addr=2000a230, load size=00000008 bytes, run addr=200178b8, run size=0000009d bytes, compression=zero_init


LINKER GENERATED HANDLER TABLE

__TI_handler_table @ 2000a224 records: 3, size/record: 4, table size: 12
	index: 0, handler: __TI_decompress_lzss
	index: 1, handler: __TI_decompress_none
	index: 2, handler: __TI_zero_init


GLOBAL SYMBOLS: SORTED ALPHABETICALLY BY Name 

address   name                           
-------   ----                           
20006fd9  Adafruit_Init                  
20009035  C$$EXIT                        
200097c7  CPUcpsie                       
20007805  ClearTerm                      
2000714f  Color565                       
2000780f  Error                          
200092b1  GPIODirModeSet                 
200097db  GPIOIntClear                   
2000965d  GPIOIntDisable                 
20009677  GPIOIntEnable                  
20009555  GPIOIntRegister                
200094b1  GPIOIntStatus                  
20008af1  GPIOIntTypeSet                 
200094f5  GPIOPinWrite                   
20007847  GetCmd                         
200077c5  InitTerm                       
20008521  IntDisable                     
200085c9  IntEnable                      
20009867  IntMasterEnable                
20008fe1  IntPrioritySet                 
20009515  IntRegister                    
20009421  IntUnregister                  
200097f1  IntVTableBaseSet               
200077e3  Message                        
20006e7b  Outstr                         
20007f89  PRCMCC3200MCUInit              
20009785  PRCMHIBRegRead                 
2000979b  PRCMHIBRegWrite                
200093f9  PRCMPeripheralClkDisable       
20009275  PRCMPeripheralClkEnable        
200087ad  PRCMPeripheralClockGet         
20008f31  PRCMPeripheralReset            
20009379  PRCMSysResetCauseGet           
200088d5  PinConfigSet                   
200091f5  PinModeSet                     
20008239  PinMuxConfig                   
200092e7  PinTypeGPIO                    
20009691  PinTypeSPI                     
200096ab  PinTypeUART                    
20005dbd  PrintChar                      
20007985  Report                         
2000984d  ResetISR                       
UNDEFED   SHT$$INIT_ARRAY$$Base          
UNDEFED   SHT$$INIT_ARRAY$$Limit         
200096c5  SPICSDisable                   
200096dd  SPICSEnable                    
20008671  SPIConfigSetExpClk             
20009535  SPIDataGet                     
20009573  SPIDataPut                     
200096f5  SPIEnable                      
200094d3  SPIReset                       
20006251  TimerA0IntHandler              
200091b1  TimerConfigure                 
20009591  TimerDisable                   
200095af  TimerEnable                    
2000982d  TimerIntClear                  
2000970d  TimerIntDisable                
20009725  TimerIntEnable                 
20008c65  TimerIntRegister               
200095cd  TimerIntStatus                 
20008d45  TimerIntUnregister             
200093a5  TimerLoadSet                   
200093cf  TimerPrescaleSet               
20009609  TimerValueGet                  
20007f37  Timer_IF_DeInit                
20007f69  Timer_IF_GetCount              
20007e71  Timer_IF_Init                  
20007ea3  Timer_IF_IntSetup              
20007eef  Timer_IF_InterruptClear        
20007f51  Timer_IF_ReLoad                
20007f07  Timer_IF_Start                 
20007f27  Timer_IF_Stop                  
200078ed  TrimSpace                      
20009625  UARTCharGetNonBlocking         
200095eb  UARTCharPut                    
2000973d  UARTCharsAvail                 
20008bed  UARTConfigSetExpClk            
20009319  UARTDisable                    
20009445  UARTEnable                     
20009879  UtilsDelay                     
20030000  __STACK_END                    
00000100  __STACK_SIZE                   
00000800  __SYSMEM_SIZE                  
2000a238  __TI_CINIT_Base                
2000a248  __TI_CINIT_Limit               
2000a224  __TI_Handler_Table_Base        
2000a230  __TI_Handler_Table_Limit       
20008cd5  __TI_auto_init                 
20017888  __TI_cleanup_ptr               
20008dad  __TI_decompress_lzss           
2000983f  __TI_decompress_none           
2001788c  __TI_dtors_ptr                 
20017890  __TI_enable_exit_profile_output
ffffffff  __TI_pprof_out_hndl            
20004c35  __TI_printfi                   
ffffffff  __TI_prof_data_size            
ffffffff  __TI_prof_data_start           
2000a1b0  __TI_static_base__             
2000985b  __TI_zero_init                 
200089e5  __aeabi_cdcmpeq                
200089e5  __aeabi_cdcmple                
20008a6b  __aeabi_cdrcmple               
20008e15  __aeabi_cfcmpeq                
20008e15  __aeabi_cfcmple                
20008e75  __aeabi_cfrcmple               
20009169  __aeabi_d2iz                   
20007c43  __aeabi_dadd                   
20008101  __aeabi_ddiv                   
20008355  __aeabi_dmul                   
20007c39  __aeabi_dsub                   
20008841  __aeabi_fdiv                   
20009349  __aeabi_i2d                    
20008b73  __aeabi_memclr                 
20008b73  __aeabi_memclr4                
20008b73  __aeabi_memclr8                
20008711  __aeabi_memcpy                 
20008711  __aeabi_memcpy4                
20008711  __aeabi_memcpy8                
20008b75  __aeabi_memset                 
20008b75  __aeabi_memset4                
20008b75  __aeabi_memset8                
2000948d  __aeabi_ui2f                   
20007a45  __aeabi_uldivmod               
ffffffff  __binit__                      
ffffffff  __c_args__                     
200073f3  __mpu_init                     
2002ff00  __stack                        
20009755  _args_main                     
20009235  _c_int00                       
20009d7f  _ctypes_                       
200178a0  _lock                          
20009813  _nop                           
2000980b  _register_lock                 
20009805  _register_unlock               
20017000  _sys_memory                    
20007def  _system_post_cinit             
2000987f  _system_pre_init               
200178a4  _unlock                        
20009039  abort                          
20009089  atoi                           
ffffffff  binit                          
20017818  c_letter                       
20007795  calloc                         
20017854  colors                         
200090d5  copy_in                        
20009871  copysign                       
20009871  copysignl                      
20017808  curr                           
20017828  curr_color                     
20017810  curr_index                     
20017870  cursor_x                       
20017874  cursor_y                       
20017820  cx                             
20017824  cy                             
20005521  delay                          
2001782c  digits                         
20006d2f  drawChar                       
200064d1  drawCircle                     
20006605  drawCircleHelper               
200072fd  drawFastHLine                  
2000725d  drawFastVLine                  
2000684b  drawLine                       
20007399  drawPixel                      
20006937  drawRect                       
20006985  drawRoundRect                  
20006aed  drawTriangle                   
200178b0  errno                          
20009041  exit                           
20006723  fillCircle                     
2000675d  fillCircleHelper               
200071a7  fillRect                       
20006a73  fillRoundRect                  
20007191  fillScreen                     
20006b2f  fillTriangle                   
200074df  free                           
20008ed5  frexp                          
20008ed5  frexpl                         
20004000  g_pfnVectors                   
2000710b  goTo                           
20006f2f  height                         
200073d7  invert                         
20005c71  keyToBinary                    
2001781c  key_time                       
20005a93  lcdTestPattern                 
20005b63  lcdTestPattern2                
20008451  ldexp                          
20008451  ldexpl                         
20008f89  ltoa                           
2000638d  main                           
200178b4  main_func_sp                   
20007475  malloc                         
200076a9  memalign                       
20009641  memccpy                        
20008711  memcpy                         
20009469  memmove                        
20008b7b  memset                         
200073f5  minit                          
20017800  p                              
20017950  pin8_intcount                  
20017954  pin8_intflag                   
20017804  prev                           
20005cdd  printBinary                    
200075a1  realloc                        
20008451  scalbn                         
20008451  scalbnl                        
20006ec7  setCursor                      
20006eff  setTextColor                   
20006edf  setTextSize                    
20006f17  setTextWrap                    
2001780c  start                          
20017814  state                          
200097b1  strchr                         
2000976d  strcmp                         
20009819  strlen                         
20005757  testdrawcircles                
200055c7  testdrawrects                  
20005555  testfastlines                  
200056e5  testfillcircles                
20005627  testfillrects                  
200058c5  testlines                      
20005853  testroundrects                 
200057d1  testtriangles                  
20017880  textbgcolor                    
2001787c  textcolor                      
20017878  textsize                       
200178b8  values                         
2000895d  vsnprintf                      
20006f2b  width                          
20017884  wrap                           
20006f51  writeCommand                   
20006f95  writeData                      


GLOBAL SYMBOLS: SORTED BY Symbol Address 

address   name                           
-------   ----                           
00000100  __STACK_SIZE                   
00000800  __SYSMEM_SIZE                  
20004000  g_pfnVectors                   
20004c35  __TI_printfi                   
20005521  delay                          
20005555  testfastlines                  
200055c7  testdrawrects                  
20005627  testfillrects                  
200056e5  testfillcircles                
20005757  testdrawcircles                
200057d1  testtriangles                  
20005853  testroundrects                 
200058c5  testlines                      
20005a93  lcdTestPattern                 
20005b63  lcdTestPattern2                
20005c71  keyToBinary                    
20005cdd  printBinary                    
20005dbd  PrintChar                      
20006251  TimerA0IntHandler              
2000638d  main                           
200064d1  drawCircle                     
20006605  drawCircleHelper               
20006723  fillCircle                     
2000675d  fillCircleHelper               
2000684b  drawLine                       
20006937  drawRect                       
20006985  drawRoundRect                  
20006a73  fillRoundRect                  
20006aed  drawTriangle                   
20006b2f  fillTriangle                   
20006d2f  drawChar                       
20006e7b  Outstr                         
20006ec7  setCursor                      
20006edf  setTextSize                    
20006eff  setTextColor                   
20006f17  setTextWrap                    
20006f2b  width                          
20006f2f  height                         
20006f51  writeCommand                   
20006f95  writeData                      
20006fd9  Adafruit_Init                  
2000710b  goTo                           
2000714f  Color565                       
20007191  fillScreen                     
200071a7  fillRect                       
2000725d  drawFastVLine                  
200072fd  drawFastHLine                  
20007399  drawPixel                      
200073d7  invert                         
200073f3  __mpu_init                     
200073f5  minit                          
20007475  malloc                         
200074df  free                           
200075a1  realloc                        
200076a9  memalign                       
20007795  calloc                         
200077c5  InitTerm                       
200077e3  Message                        
20007805  ClearTerm                      
2000780f  Error                          
20007847  GetCmd                         
200078ed  TrimSpace                      
20007985  Report                         
20007a45  __aeabi_uldivmod               
20007c39  __aeabi_dsub                   
20007c43  __aeabi_dadd                   
20007def  _system_post_cinit             
20007e71  Timer_IF_Init                  
20007ea3  Timer_IF_IntSetup              
20007eef  Timer_IF_InterruptClear        
20007f07  Timer_IF_Start                 
20007f27  Timer_IF_Stop                  
20007f37  Timer_IF_DeInit                
20007f51  Timer_IF_ReLoad                
20007f69  Timer_IF_GetCount              
20007f89  PRCMCC3200MCUInit              
20008101  __aeabi_ddiv                   
20008239  PinMuxConfig                   
20008355  __aeabi_dmul                   
20008451  ldexp                          
20008451  ldexpl                         
20008451  scalbn                         
20008451  scalbnl                        
20008521  IntDisable                     
200085c9  IntEnable                      
20008671  SPIConfigSetExpClk             
20008711  __aeabi_memcpy                 
20008711  __aeabi_memcpy4                
20008711  __aeabi_memcpy8                
20008711  memcpy                         
200087ad  PRCMPeripheralClockGet         
20008841  __aeabi_fdiv                   
200088d5  PinConfigSet                   
2000895d  vsnprintf                      
200089e5  __aeabi_cdcmpeq                
200089e5  __aeabi_cdcmple                
20008a6b  __aeabi_cdrcmple               
20008af1  GPIOIntTypeSet                 
20008b73  __aeabi_memclr                 
20008b73  __aeabi_memclr4                
20008b73  __aeabi_memclr8                
20008b75  __aeabi_memset                 
20008b75  __aeabi_memset4                
20008b75  __aeabi_memset8                
20008b7b  memset                         
20008bed  UARTConfigSetExpClk            
20008c65  TimerIntRegister               
20008cd5  __TI_auto_init                 
20008d45  TimerIntUnregister             
20008dad  __TI_decompress_lzss           
20008e15  __aeabi_cfcmpeq                
20008e15  __aeabi_cfcmple                
20008e75  __aeabi_cfrcmple               
20008ed5  frexp                          
20008ed5  frexpl                         
20008f31  PRCMPeripheralReset            
20008f89  ltoa                           
20008fe1  IntPrioritySet                 
20009035  C$$EXIT                        
20009039  abort                          
20009041  exit                           
20009089  atoi                           
200090d5  copy_in                        
20009169  __aeabi_d2iz                   
200091b1  TimerConfigure                 
200091f5  PinModeSet                     
20009235  _c_int00                       
20009275  PRCMPeripheralClkEnable        
200092b1  GPIODirModeSet                 
200092e7  PinTypeGPIO                    
20009319  UARTDisable                    
20009349  __aeabi_i2d                    
20009379  PRCMSysResetCauseGet           
200093a5  TimerLoadSet                   
200093cf  TimerPrescaleSet               
200093f9  PRCMPeripheralClkDisable       
20009421  IntUnregister                  
20009445  UARTEnable                     
20009469  memmove                        
2000948d  __aeabi_ui2f                   
200094b1  GPIOIntStatus                  
200094d3  SPIReset                       
200094f5  GPIOPinWrite                   
20009515  IntRegister                    
20009535  SPIDataGet                     
20009555  GPIOIntRegister                
20009573  SPIDataPut                     
20009591  TimerDisable                   
200095af  TimerEnable                    
200095cd  TimerIntStatus                 
200095eb  UARTCharPut                    
20009609  TimerValueGet                  
20009625  UARTCharGetNonBlocking         
20009641  memccpy                        
2000965d  GPIOIntDisable                 
20009677  GPIOIntEnable                  
20009691  PinTypeSPI                     
200096ab  PinTypeUART                    
200096c5  SPICSDisable                   
200096dd  SPICSEnable                    
200096f5  SPIEnable                      
2000970d  TimerIntDisable                
20009725  TimerIntEnable                 
2000973d  UARTCharsAvail                 
20009755  _args_main                     
2000976d  strcmp                         
20009785  PRCMHIBRegRead                 
2000979b  PRCMHIBRegWrite                
200097b1  strchr                         
200097c7  CPUcpsie                       
200097db  GPIOIntClear                   
200097f1  IntVTableBaseSet               
20009805  _register_unlock               
2000980b  _register_lock                 
20009813  _nop                           
20009819  strlen                         
2000982d  TimerIntClear                  
2000983f  __TI_decompress_none           
2000984d  ResetISR                       
2000985b  __TI_zero_init                 
20009867  IntMasterEnable                
20009871  copysign                       
20009871  copysignl                      
20009879  UtilsDelay                     
2000987f  _system_pre_init               
20009d7f  _ctypes_                       
2000a1b0  __TI_static_base__             
2000a224  __TI_Handler_Table_Base        
2000a230  __TI_Handler_Table_Limit       
2000a238  __TI_CINIT_Base                
2000a248  __TI_CINIT_Limit               
20017000  _sys_memory                    
20017800  p                              
20017804  prev                           
20017808  curr                           
2001780c  start                          
20017810  curr_index                     
20017814  state                          
20017818  c_letter                       
2001781c  key_time                       
20017820  cx                             
20017824  cy                             
20017828  curr_color                     
2001782c  digits                         
20017854  colors                         
20017870  cursor_x                       
20017874  cursor_y                       
20017878  textsize                       
2001787c  textcolor                      
20017880  textbgcolor                    
20017884  wrap                           
20017888  __TI_cleanup_ptr               
2001788c  __TI_dtors_ptr                 
20017890  __TI_enable_exit_profile_output
200178a0  _lock                          
200178a4  _unlock                        
200178b0  errno                          
200178b4  main_func_sp                   
200178b8  values                         
20017950  pin8_intcount                  
20017954  pin8_intflag                   
2002ff00  __stack                        
20030000  __STACK_END                    
ffffffff  __TI_pprof_out_hndl            
ffffffff  __TI_prof_data_size            
ffffffff  __TI_prof_data_start           
ffffffff  __binit__                      
ffffffff  __c_args__                     
ffffffff  binit                          
UNDEFED   SHT$$INIT_ARRAY$$Base          
UNDEFED   SHT$$INIT_ARRAY$$Limit         

[231 symbols]
