******************************************************************************
                  TI ARM Linker PC v16.9.0                     
******************************************************************************
>> Linked Thu Apr 21 15:53:53 2022

OUTPUT FILE NAME:   <uart_demo.out>
ENTRY POINT SYMBOL: "_c_int00"  address: 20007849


MEMORY CONFIGURATION

         name            origin    length      used     unused   attr    fill
----------------------  --------  ---------  --------  --------  ----  --------
  SRAM_CODE             20004000   00013000  000041fe  0000ee02  RW X
  SRAM_DATA             20017000   00019000  000009dd  00018623  RW X


SEGMENT ALLOCATION MAP

run origin  load origin   length   init length attrs members
----------  ----------- ---------- ----------- ----- -------
20004000    20004000    00004200   00004200    r-x
  20004000    20004000    00000400   00000400    r-- .intvecs
  20004400    20004400    000039b6   000039b6    r-x .text
  20007db8    20007db8    00000400   00000400    r-- .const
  200081b8    200081b8    00000048   00000048    r-- .cinit
20017000    20017000    000008e0   00000000    rw-
  20017000    20017000    00000800   00000000    rw- .sysmem
  20017800    20017800    0000009d   00000000    rw- .bss
  200178a0    200178a0    00000040   00000000    rw- .data
2002ff00    2002ff00    00000100   00000000    rw-
  2002ff00    2002ff00    00000100   00000000    rw- .stack


SECTION ALLOCATION MAP

 output                                  attributes/
section   page    origin      length       input sections
--------  ----  ----------  ----------   ----------------
.intvecs   0    20004000    00000400     
                  20004000    00000400     startup_ccs.obj (.intvecs)

.init_array 
*          0    20004000    00000000     UNINITIALIZED

.text      0    20004400    000039b6     
                  20004400    0000111e     rtsv7M4_T_le_eabi.lib : _printfi.obj (.text)
                  2000551e    00000002     driverlib.a : interrupt.obj (.text:IntDefaultHandler)
                  20005520    000005c0     main.obj (.text)
                  20005ae0    000003d0     rtsv7M4_T_le_eabi.lib : memory.obj (.text)
                  20005eb0    00000280     uart_if.obj (.text)
                  20006130    000001f4     rtsv7M4_T_le_eabi.lib : ull_div_t2.obj (.text)
                  20006324    000001b6                           : fd_add_t2.obj (.text)
                  200064da    00000002                           : mpu_init.obj (.text)
                  200064dc    00000198     timer_if.obj (.text)
                  20006674    00000178     driverlib.a : prcm.obj (.text:PRCMCC3200MCUInit)
                  200067ec    00000136     rtsv7M4_T_le_eabi.lib : fd_div_t2.obj (.text)
                  20006922    000000fc                           : fd_mul_t2.obj (.text)
                  20006a1e    00000002                           : startup.obj (.text)
                  20006a20    000000e4     pin_mux_config.obj (.text)
                  20006b04    000000d0     rtsv7M4_T_le_eabi.lib : s_scalbn.obj (.text)
                  20006bd4    000000a8     driverlib.a : interrupt.obj (.text:IntDisable)
                  20006c7c    000000a8                 : interrupt.obj (.text:IntEnable)
                  20006d24    0000009c     rtsv7M4_T_le_eabi.lib : memcpy_t2.obj (.text)
                  20006dc0    00000094     driverlib.a : prcm.obj (.text:PRCMPeripheralClockGet)
                  20006e54    00000092     rtsv7M4_T_le_eabi.lib : fs_div_t2.obj (.text)
                  20006ee6    00000002     --HOLE-- [fill = 0]
                  20006ee8    00000088     driverlib.a : pin.obj (.text:PinConfigSet)
                  20006f70    00000088     rtsv7M4_T_le_eabi.lib : vsnprintf.obj (.text)
                  20006ff8    00000086                           : fd_cmp_t2.obj (.text:__aeabi_cdcmple)
                  2000707e    00000086                           : fd_cmp_t2.obj (.text:__aeabi_cdrcmple)
                  20007104    00000082     driverlib.a : gpio.obj (.text:GPIOIntTypeSet)
                  20007186    0000007a     rtsv7M4_T_le_eabi.lib : memset_t2.obj (.text)
                  20007200    00000076     driverlib.a : uart.obj (.text:UARTConfigSetExpClk)
                  20007276    00000002     --HOLE-- [fill = 0]
                  20007278    00000070                 : timer.obj (.text:TimerIntRegister)
                  200072e8    00000070     rtsv7M4_T_le_eabi.lib : autoinit.obj (.text)
                  20007358    00000068     driverlib.a : timer.obj (.text:TimerIntUnregister)
                  200073c0    00000068     rtsv7M4_T_le_eabi.lib : copy_decompress_lzss.obj (.text:decompress:lzss)
                  20007428    00000060                           : fs_cmp_t2.obj (.text:__aeabi_cfcmple)
                  20007488    00000060                           : fs_cmp_t2.obj (.text:__aeabi_cfrcmple)
                  200074e8    0000005c                           : s_frexp.obj (.text)
                  20007544    00000058     driverlib.a : prcm.obj (.text:PRCMPeripheralReset)
                  2000759c    00000056     rtsv7M4_T_le_eabi.lib : ltoa.obj (.text)
                  200075f2    00000002     --HOLE-- [fill = 0]
                  200075f4    00000054     driverlib.a : interrupt.obj (.text:IntPrioritySet)
                  20007648    00000054     rtsv7M4_T_le_eabi.lib : exit.obj (.text)
                  2000769c    0000004c                           : atoi.obj (.text)
                  200076e8    0000004c                           : cpy_tbl.obj (.text)
                  20007734    00000048     driverlib.a : gpio.obj (.text:GPIOGetIntNumber)
                  2000777c    00000048     rtsv7M4_T_le_eabi.lib : fd_toi_t2.obj (.text)
                  200077c4    00000044     driverlib.a : timer.obj (.text:TimerConfigure)
                  20007808    00000040                 : pin.obj (.text:PinModeSet)
                  20007848    00000040     rtsv7M4_T_le_eabi.lib : boot.obj (.text)
                  20007888    0000003c     driverlib.a : prcm.obj (.text:PRCMPeripheralClkEnable)
                  200078c4    00000036                 : gpio.obj (.text:GPIODirModeSet)
                  200078fa    00000030                 : pin.obj (.text:PinTypeGPIO)
                  2000792a    00000002     --HOLE-- [fill = 0]
                  2000792c    00000030                 : uart.obj (.text:UARTDisable)
                  2000795c    0000002e     rtsv7M4_T_le_eabi.lib : i_tofd_t2.obj (.text)
                  2000798a    00000002     --HOLE-- [fill = 0]
                  2000798c    0000002c     driverlib.a : prcm.obj (.text:PRCMSysResetCauseGet)
                  200079b8    0000002a                 : timer.obj (.text:TimerLoadSet)
                  200079e2    0000002a                 : timer.obj (.text:TimerPrescaleSet)
                  20007a0c    00000028                 : prcm.obj (.text:PRCMPeripheralClkDisable)
                  20007a34    00000024                 : interrupt.obj (.text:IntUnregister)
                  20007a58    00000024                 : uart.obj (.text:UARTEnable)
                  20007a7c    00000024     rtsv7M4_T_le_eabi.lib : memmov.obj (.text)
                  20007aa0    00000024                           : u_tofs_t2.obj (.text)
                  20007ac4    00000022     driverlib.a : gpio.obj (.text:GPIOIntStatus)
                  20007ae6    00000002     --HOLE-- [fill = 0]
                  20007ae8    00000020                 : interrupt.obj (.text:IntRegister)
                  20007b08    0000001e                 : gpio.obj (.text:GPIOIntRegister)
                  20007b26    0000001e                 : timer.obj (.text:TimerDisable)
                  20007b44    0000001e                 : timer.obj (.text:TimerEnable)
                  20007b62    0000001e                 : timer.obj (.text:TimerIntStatus)
                  20007b80    0000001e                 : uart.obj (.text:UARTCharPut)
                  20007b9e    0000001c                 : timer.obj (.text:TimerValueGet)
                  20007bba    0000001c                 : uart.obj (.text:UARTCharGetNonBlocking)
                  20007bd6    0000001c     rtsv7M4_T_le_eabi.lib : memccpy.obj (.text)
                  20007bf2    0000001a     driverlib.a : gpio.obj (.text:GPIOIntDisable)
                  20007c0c    0000001a                 : gpio.obj (.text:GPIOIntEnable)
                  20007c26    0000001a                 : pin.obj (.text:PinTypeUART)
                  20007c40    00000018                 : timer.obj (.text:TimerIntDisable)
                  20007c58    00000018                 : timer.obj (.text:TimerIntEnable)
                  20007c70    00000018                 : uart.obj (.text:UARTCharsAvail)
                  20007c88    00000018     rtsv7M4_T_le_eabi.lib : args_main.obj (.text)
                  20007ca0    00000018                           : strcmp.obj (.text)
                  20007cb8    00000016     driverlib.a : prcm.obj (.text:PRCMHIBRegRead)
                  20007cce    00000016                 : prcm.obj (.text:PRCMHIBRegWrite)
                  20007ce4    00000016     rtsv7M4_T_le_eabi.lib : strchr.obj (.text)
                  20007cfa    00000014     driverlib.a : cpu.obj (.text:CPUcpsie)
                  20007d0e    00000014                 : gpio.obj (.text:GPIOIntClear)
                  20007d22    00000002     --HOLE-- [fill = 0]
                  20007d24    00000014                 : interrupt.obj (.text:IntVTableBaseSet)
                  20007d38    00000014     rtsv7M4_T_le_eabi.lib : _lock.obj (.text)
                  20007d4c    00000014                           : strlen.obj (.text)
                  20007d60    00000012     driverlib.a : timer.obj (.text:TimerIntClear)
                  20007d72    0000000e     rtsv7M4_T_le_eabi.lib : copy_decompress_none.obj (.text:decompress:none)
                  20007d80    0000000e     startup_ccs.obj (.text)
                  20007d8e    0000000c     rtsv7M4_T_le_eabi.lib : copy_zero_init.obj (.text:decompress:ZI)
                  20007d9a    0000000a     driverlib.a : interrupt.obj (.text:IntMasterEnable)
                  20007da4    00000008     rtsv7M4_T_le_eabi.lib : s_copysign.obj (.text)
                  20007dac    00000006     driverlib.a : utils.obj (.text:UtilsDelay)
                  20007db2    00000004     rtsv7M4_T_le_eabi.lib : pre_init.obj (.text)

.const     0    20007db8    00000400     
                  20007db8    00000101     rtsv7M4_T_le_eabi.lib : ctype.obj (.const:.string:_ctypes_)
                  20007eb9    00000003     --HOLE-- [fill = 0]
                  20007ebc    00000100     driverlib.a : pin.obj (.const:g_ulPinToPadMap)
                  20007fbc    000000d4                 : interrupt.obj (.const:g_pulRegs)
                  20008090    000000a8                 : prcm.obj (.const:PRCM_PeriphRegsList)
                  20008138    00000080                 : interrupt.obj (.const)

.cinit     0    200081b8    00000048     
                  200081b8    00000022     (.cinit..data.load) [load image, compression = lzss]
                  200081da    00000002     --HOLE-- [fill = 0]
                  200081dc    0000000c     (__TI_handler_table)
                  200081e8    00000008     (.cinit..bss.load) [load image, compression = zero_init]
                  200081f0    00000010     (__TI_cinit_table)

.sysmem    0    20017000    00000800     UNINITIALIZED
                  20017000    00000008     rtsv7M4_T_le_eabi.lib : memory.obj (.sysmem)
                  20017008    000007f8     --HOLE--

.bss       0    20017800    0000009d     UNINITIALIZED
                  20017800    0000008c     (.common:values)
                  2001788c    00000008     main.obj (.bss)
                  20017894    00000004     uart_if.obj (.bss)
                  20017898    00000004     (.common:pin8_intcount)
                  2001789c    00000001     (.common:pin8_intflag)

.data      0    200178a0    00000040     UNINITIALIZED
                  200178a0    00000010     main.obj (.data)
                  200178b0    0000000c     rtsv7M4_T_le_eabi.lib : exit.obj (.data:$O1$$)
                  200178bc    0000000c                           : memory.obj (.data:$O1$$)
                  200178c8    00000008                           : _lock.obj (.data:$O1$$)
                  200178d0    00000008     main.obj (.data:pin8)
                  200178d8    00000004     rtsv7M4_T_le_eabi.lib : errno.obj (.data)
                  200178dc    00000004                           : stkdepth_vars.obj (.data)

.stack     0    2002ff00    00000100     UNINITIALIZED
                  2002ff00    00000100     --HOLE--

MODULE SUMMARY

       Module                     code    ro data   rw data
       ------                     ----    -------   -------
    .\
       main.obj                   1472    0         177    
       startup_ccs.obj            14      1024      0      
       uart_if.obj                640     0         4      
       timer_if.obj               408     0         0      
       pin_mux_config.obj         228     0         0      
    +--+--------------------------+-------+---------+---------+
       Total:                     2762    1024      181    
                                                           
    C:/ti/CC3200SDK_1.2.0/cc3200-sdk/driverlib/ccs/Release/driverlib.a
       prcm.obj                   800     168       0      
       interrupt.obj              520     340       0      
       timer.obj                  552     0         0      
       pin.obj                    274     256       0      
       gpio.obj                   392     0         0      
       uart.obj                   284     0         0      
       cpu.obj                    20      0         0      
       utils.obj                  6       0         0      
    +--+--------------------------+-------+---------+---------+
       Total:                     2848    764       0      
                                                           
    C:\ti\ccsv7\tools\compiler\ti-cgt-arm_16.9.0.LTS\lib\rtsv7M4_T_le_eabi.lib
       _printfi.obj               4382    0         0      
       memory.obj                 976     0         12     
       ull_div_t2.obj             500     0         0      
       fd_add_t2.obj              438     0         0      
       fd_div_t2.obj              310     0         0      
       fd_cmp_t2.obj              268     0         0      
       ctype.obj                  0       257       0      
       fd_mul_t2.obj              252     0         0      
       s_scalbn.obj               208     0         0      
       fs_cmp_t2.obj              192     0         0      
       memcpy_t2.obj              156     0         0      
       fs_div_t2.obj              146     0         0      
       vsnprintf.obj              136     0         0      
       memset_t2.obj              122     0         0      
       autoinit.obj               112     0         0      
       copy_decompress_lzss.obj   104     0         0      
       exit.obj                   84      0         12     
       s_frexp.obj                92      0         0      
       ltoa.obj                   86      0         0      
       atoi.obj                   76      0         0      
       cpy_tbl.obj                76      0         0      
       fd_toi_t2.obj              72      0         0      
       boot.obj                   64      0         0      
       i_tofd_t2.obj              46      0         0      
       memmov.obj                 36      0         0      
       u_tofs_t2.obj              36      0         0      
       _lock.obj                  20      0         8      
       memccpy.obj                28      0         0      
       args_main.obj              24      0         0      
       strcmp.obj                 24      0         0      
       strchr.obj                 22      0         0      
       strlen.obj                 20      0         0      
       copy_decompress_none.obj   14      0         0      
       copy_zero_init.obj         12      0         0      
       s_copysign.obj             8       0         0      
       errno.obj                  0       0         4      
       pre_init.obj               4       0         0      
       stkdepth_vars.obj          0       0         4      
       mpu_init.obj               2       0         0      
       startup.obj                2       0         0      
    +--+--------------------------+-------+---------+---------+
       Total:                     9150    257       40     
                                                           
       Heap:                      0       0         2048   
       Stack:                     0       0         256    
       Linker Generated:          0       70        0      
    +--+--------------------------+-------+---------+---------+
       Grand Total:               14760   2115      2525   


LINKER GENERATED COPY TABLES

__TI_cinit_table @ 200081f0 records: 2, size/record: 8, table size: 16
	.data: load addr=200081b8, load size=00000022 bytes, run addr=200178a0, run size=00000040 bytes, compression=lzss
	.bss: load addr=200081e8, load size=00000008 bytes, run addr=20017800, run size=0000009d bytes, compression=zero_init


LINKER GENERATED HANDLER TABLE

__TI_handler_table @ 200081dc records: 3, size/record: 4, table size: 12
	index: 0, handler: __TI_decompress_lzss
	index: 1, handler: __TI_decompress_none
	index: 2, handler: __TI_zero_init


GLOBAL SYMBOLS: SORTED ALPHABETICALLY BY Name 

address   name                           
-------   ----                           
20007649  C$$EXIT                        
20007cfb  CPUcpsie                       
20005ef1  ClearTerm                      
20005efb  Error                          
200078c5  GPIODirModeSet                 
20007d0f  GPIOIntClear                   
20007bf3  GPIOIntDisable                 
20007c0d  GPIOIntEnable                  
20007b09  GPIOIntRegister                
20007ac5  GPIOIntStatus                  
20007105  GPIOIntTypeSet                 
20005f33  GetCmd                         
20005eb1  InitTerm                       
20006bd5  IntDisable                     
20006c7d  IntEnable                      
20007d9b  IntMasterEnable                
200075f5  IntPrioritySet                 
20007ae9  IntRegister                    
20007a35  IntUnregister                  
20007d25  IntVTableBaseSet               
20005ecf  Message                        
20006675  PRCMCC3200MCUInit              
20007cb9  PRCMHIBRegRead                 
20007ccf  PRCMHIBRegWrite                
20007a0d  PRCMPeripheralClkDisable       
20007889  PRCMPeripheralClkEnable        
20006dc1  PRCMPeripheralClockGet         
20007545  PRCMPeripheralReset            
2000798d  PRCMSysResetCauseGet           
20006ee9  PinConfigSet                   
20007809  PinModeSet                     
20006a21  PinMuxConfig                   
200078fb  PinTypeGPIO                    
20007c27  PinTypeUART                    
20006071  Report                         
20007d81  ResetISR                       
UNDEFED   SHT$$INIT_ARRAY$$Base          
UNDEFED   SHT$$INIT_ARRAY$$Limit         
200077c5  TimerConfigure                 
20007b27  TimerDisable                   
20007b45  TimerEnable                    
20007d61  TimerIntClear                  
20007c41  TimerIntDisable                
20007c59  TimerIntEnable                 
20007279  TimerIntRegister               
20007b63  TimerIntStatus                 
20007359  TimerIntUnregister             
200079b9  TimerLoadSet                   
200079e3  TimerPrescaleSet               
20007b9f  TimerValueGet                  
20006623  Timer_IF_DeInit                
20006655  Timer_IF_GetCount              
2000655d  Timer_IF_Init                  
2000658f  Timer_IF_IntSetup              
200065db  Timer_IF_InterruptClear        
2000663d  Timer_IF_ReLoad                
200065f3  Timer_IF_Start                 
20006613  Timer_IF_Stop                  
20005fd9  TrimSpace                      
20007bbb  UARTCharGetNonBlocking         
20007b81  UARTCharPut                    
20007c71  UARTCharsAvail                 
20007201  UARTConfigSetExpClk            
2000792d  UARTDisable                    
20007a59  UARTEnable                     
20007dad  UtilsDelay                     
20030000  __STACK_END                    
00000100  __STACK_SIZE                   
00000800  __SYSMEM_SIZE                  
200081f0  __TI_CINIT_Base                
20008200  __TI_CINIT_Limit               
200081dc  __TI_Handler_Table_Base        
200081e8  __TI_Handler_Table_Limit       
200072e9  __TI_auto_init                 
200178b0  __TI_cleanup_ptr               
200073c1  __TI_decompress_lzss           
20007d73  __TI_decompress_none           
200178b4  __TI_dtors_ptr                 
200178b8  __TI_enable_exit_profile_output
ffffffff  __TI_pprof_out_hndl            
20004c35  __TI_printfi                   
ffffffff  __TI_prof_data_size            
ffffffff  __TI_prof_data_start           
200081b8  __TI_static_base__             
20007d8f  __TI_zero_init                 
20006ff9  __aeabi_cdcmpeq                
20006ff9  __aeabi_cdcmple                
2000707f  __aeabi_cdrcmple               
20007429  __aeabi_cfcmpeq                
20007429  __aeabi_cfcmple                
20007489  __aeabi_cfrcmple               
2000777d  __aeabi_d2iz                   
2000632f  __aeabi_dadd                   
200067ed  __aeabi_ddiv                   
20006923  __aeabi_dmul                   
20006325  __aeabi_dsub                   
20006e55  __aeabi_fdiv                   
2000795d  __aeabi_i2d                    
20007187  __aeabi_memclr                 
20007187  __aeabi_memclr4                
20007187  __aeabi_memclr8                
20006d25  __aeabi_memcpy                 
20006d25  __aeabi_memcpy4                
20006d25  __aeabi_memcpy8                
20007189  __aeabi_memset                 
20007189  __aeabi_memset4                
20007189  __aeabi_memset8                
20007aa1  __aeabi_ui2f                   
20006131  __aeabi_uldivmod               
ffffffff  __binit__                      
ffffffff  __c_args__                     
200064db  __mpu_init                     
2002ff00  __stack                        
20007c89  _args_main                     
20007849  _c_int00                       
20007db8  _ctypes_                       
200178c8  _lock                          
20007d47  _nop                           
20007d3f  _register_lock                 
20007d39  _register_unlock               
20017000  _sys_memory                    
20006a1f  _system_post_cinit             
20007db3  _system_pre_init               
200178cc  _unlock                        
2000764d  abort                          
2000769d  atoi                           
ffffffff  binit                          
20005e81  calloc                         
200076e9  copy_in                        
20007da5  copysign                       
20007da5  copysignl                      
200178a4  curr                           
200178ac  curr_index                     
200178d8  errno                          
20007655  exit                           
20005bcb  free                           
200074e9  frexp                          
200074e9  frexpl                         
20004000  g_pfnVectors                   
2000555f  keyToBinary                    
20006b05  ldexp                          
20006b05  ldexpl                         
2000759d  ltoa                           
20005a0d  main                           
200178dc  main_func_sp                   
20005b61  malloc                         
20005d95  memalign                       
20007bd7  memccpy                        
20006d25  memcpy                         
20007a7d  memmove                        
2000718f  memset                         
20005ae1  minit                          
20017898  pin8_intcount                  
2001789c  pin8_intflag                   
200178a0  prev                           
200055d1  printBinary                    
20005c8d  realloc                        
20006b05  scalbn                         
20006b05  scalbnl                        
200178a8  start                          
20007ce5  strchr                         
20007ca1  strcmp                         
20007d4d  strlen                         
20017800  values                         
20006f71  vsnprintf                      


GLOBAL SYMBOLS: SORTED BY Symbol Address 

address   name                           
-------   ----                           
00000100  __STACK_SIZE                   
00000800  __SYSMEM_SIZE                  
20004000  g_pfnVectors                   
20004c35  __TI_printfi                   
2000555f  keyToBinary                    
200055d1  printBinary                    
20005a0d  main                           
20005ae1  minit                          
20005b61  malloc                         
20005bcb  free                           
20005c8d  realloc                        
20005d95  memalign                       
20005e81  calloc                         
20005eb1  InitTerm                       
20005ecf  Message                        
20005ef1  ClearTerm                      
20005efb  Error                          
20005f33  GetCmd                         
20005fd9  TrimSpace                      
20006071  Report                         
20006131  __aeabi_uldivmod               
20006325  __aeabi_dsub                   
2000632f  __aeabi_dadd                   
200064db  __mpu_init                     
2000655d  Timer_IF_Init                  
2000658f  Timer_IF_IntSetup              
200065db  Timer_IF_InterruptClear        
200065f3  Timer_IF_Start                 
20006613  Timer_IF_Stop                  
20006623  Timer_IF_DeInit                
2000663d  Timer_IF_ReLoad                
20006655  Timer_IF_GetCount              
20006675  PRCMCC3200MCUInit              
200067ed  __aeabi_ddiv                   
20006923  __aeabi_dmul                   
20006a1f  _system_post_cinit             
20006a21  PinMuxConfig                   
20006b05  ldexp                          
20006b05  ldexpl                         
20006b05  scalbn                         
20006b05  scalbnl                        
20006bd5  IntDisable                     
20006c7d  IntEnable                      
20006d25  __aeabi_memcpy                 
20006d25  __aeabi_memcpy4                
20006d25  __aeabi_memcpy8                
20006d25  memcpy                         
20006dc1  PRCMPeripheralClockGet         
20006e55  __aeabi_fdiv                   
20006ee9  PinConfigSet                   
20006f71  vsnprintf                      
20006ff9  __aeabi_cdcmpeq                
20006ff9  __aeabi_cdcmple                
2000707f  __aeabi_cdrcmple               
20007105  GPIOIntTypeSet                 
20007187  __aeabi_memclr                 
20007187  __aeabi_memclr4                
20007187  __aeabi_memclr8                
20007189  __aeabi_memset                 
20007189  __aeabi_memset4                
20007189  __aeabi_memset8                
2000718f  memset                         
20007201  UARTConfigSetExpClk            
20007279  TimerIntRegister               
200072e9  __TI_auto_init                 
20007359  TimerIntUnregister             
200073c1  __TI_decompress_lzss           
20007429  __aeabi_cfcmpeq                
20007429  __aeabi_cfcmple                
20007489  __aeabi_cfrcmple               
200074e9  frexp                          
200074e9  frexpl                         
20007545  PRCMPeripheralReset            
2000759d  ltoa                           
200075f5  IntPrioritySet                 
20007649  C$$EXIT                        
2000764d  abort                          
20007655  exit                           
2000769d  atoi                           
200076e9  copy_in                        
2000777d  __aeabi_d2iz                   
200077c5  TimerConfigure                 
20007809  PinModeSet                     
20007849  _c_int00                       
20007889  PRCMPeripheralClkEnable        
200078c5  GPIODirModeSet                 
200078fb  PinTypeGPIO                    
2000792d  UARTDisable                    
2000795d  __aeabi_i2d                    
2000798d  PRCMSysResetCauseGet           
200079b9  TimerLoadSet                   
200079e3  TimerPrescaleSet               
20007a0d  PRCMPeripheralClkDisable       
20007a35  IntUnregister                  
20007a59  UARTEnable                     
20007a7d  memmove                        
20007aa1  __aeabi_ui2f                   
20007ac5  GPIOIntStatus                  
20007ae9  IntRegister                    
20007b09  GPIOIntRegister                
20007b27  TimerDisable                   
20007b45  TimerEnable                    
20007b63  TimerIntStatus                 
20007b81  UARTCharPut                    
20007b9f  TimerValueGet                  
20007bbb  UARTCharGetNonBlocking         
20007bd7  memccpy                        
20007bf3  GPIOIntDisable                 
20007c0d  GPIOIntEnable                  
20007c27  PinTypeUART                    
20007c41  TimerIntDisable                
20007c59  TimerIntEnable                 
20007c71  UARTCharsAvail                 
20007c89  _args_main                     
20007ca1  strcmp                         
20007cb9  PRCMHIBRegRead                 
20007ccf  PRCMHIBRegWrite                
20007ce5  strchr                         
20007cfb  CPUcpsie                       
20007d0f  GPIOIntClear                   
20007d25  IntVTableBaseSet               
20007d39  _register_unlock               
20007d3f  _register_lock                 
20007d47  _nop                           
20007d4d  strlen                         
20007d61  TimerIntClear                  
20007d73  __TI_decompress_none           
20007d81  ResetISR                       
20007d8f  __TI_zero_init                 
20007d9b  IntMasterEnable                
20007da5  copysign                       
20007da5  copysignl                      
20007dad  UtilsDelay                     
20007db3  _system_pre_init               
20007db8  _ctypes_                       
200081b8  __TI_static_base__             
200081dc  __TI_Handler_Table_Base        
200081e8  __TI_Handler_Table_Limit       
200081f0  __TI_CINIT_Base                
20008200  __TI_CINIT_Limit               
20017000  _sys_memory                    
20017800  values                         
20017898  pin8_intcount                  
2001789c  pin8_intflag                   
200178a0  prev                           
200178a4  curr                           
200178a8  start                          
200178ac  curr_index                     
200178b0  __TI_cleanup_ptr               
200178b4  __TI_dtors_ptr                 
200178b8  __TI_enable_exit_profile_output
200178c8  _lock                          
200178cc  _unlock                        
200178d8  errno                          
200178dc  main_func_sp                   
2002ff00  __stack                        
20030000  __STACK_END                    
ffffffff  __TI_pprof_out_hndl            
ffffffff  __TI_prof_data_size            
ffffffff  __TI_prof_data_start           
ffffffff  __binit__                      
ffffffff  __c_args__                     
ffffffff  binit                          
UNDEFED   SHT$$INIT_ARRAY$$Base          
UNDEFED   SHT$$INIT_ARRAY$$Limit         

[165 symbols]
