******************************************************************************
                  TI ARM Linker PC v16.9.0                     
******************************************************************************
>> Linked Thu Apr 21 19:38:36 2022

OUTPUT FILE NAME:   <uart_demo.out>
ENTRY POINT SYMBOL: "_c_int00"  address: 2000793d


MEMORY CONFIGURATION

         name            origin    length      used     unused   attr    fill
----------------------  --------  ---------  --------  --------  ----  --------
  SRAM_CODE             20004000   00013000  00004348  0000ecb8  RW X
  SRAM_DATA             20017000   00019000  00000a11  000185ef  RW X


SEGMENT ALLOCATION MAP

run origin  load origin   length   init length attrs members
----------  ----------- ---------- ----------- ----- -------
20004000    20004000    00004350   00004350    r-x
  20004000    20004000    00000400   00000400    r-- .intvecs
  20004400    20004400    00003aaa   00003aaa    r-x .text
  20007eac    20007eac    0000042e   0000042e    r-- .const
  200082e0    200082e0    00000070   00000070    r-- .cinit
20017000    20017000    00000914   00000000    rw-
  20017000    20017000    00000800   00000000    rw- .sysmem
  20017800    20017800    0000009d   00000000    rw- .bss
  200178a0    200178a0    00000074   00000000    rw- .data
2002ff00    2002ff00    00000100   00000000    rw-
  2002ff00    2002ff00    00000100   00000000    rw- .stack


SECTION ALLOCATION MAP

 output                                  attributes/
section   page    origin      length       input sections
--------  ----  ----------  ----------   ----------------
.intvecs   0    20004000    00000400     
                  20004000    00000400     startup_ccs.obj (.intvecs)

.init_array 
*          0    20004000    00000000     UNINITIALIZED

.text      0    20004400    00003aaa     
                  20004400    0000111e     rtsv7M4_T_le_eabi.lib : _printfi.obj (.text)
                  2000551e    00000002     driverlib.a : interrupt.obj (.text:IntDefaultHandler)
                  20005520    000006b4     main.obj (.text)
                  20005bd4    000003d0     rtsv7M4_T_le_eabi.lib : memory.obj (.text)
                  20005fa4    00000280     uart_if.obj (.text)
                  20006224    000001f4     rtsv7M4_T_le_eabi.lib : ull_div_t2.obj (.text)
                  20006418    000001b6                           : fd_add_t2.obj (.text)
                  200065ce    00000002                           : mpu_init.obj (.text)
                  200065d0    00000198     timer_if.obj (.text)
                  20006768    00000178     driverlib.a : prcm.obj (.text:PRCMCC3200MCUInit)
                  200068e0    00000136     rtsv7M4_T_le_eabi.lib : fd_div_t2.obj (.text)
                  20006a16    000000fc                           : fd_mul_t2.obj (.text)
                  20006b12    00000002                           : startup.obj (.text)
                  20006b14    000000e4     pin_mux_config.obj (.text)
                  20006bf8    000000d0     rtsv7M4_T_le_eabi.lib : s_scalbn.obj (.text)
                  20006cc8    000000a8     driverlib.a : interrupt.obj (.text:IntDisable)
                  20006d70    000000a8                 : interrupt.obj (.text:IntEnable)
                  20006e18    0000009c     rtsv7M4_T_le_eabi.lib : memcpy_t2.obj (.text)
                  20006eb4    00000094     driverlib.a : prcm.obj (.text:PRCMPeripheralClockGet)
                  20006f48    00000092     rtsv7M4_T_le_eabi.lib : fs_div_t2.obj (.text)
                  20006fda    00000002     --HOLE-- [fill = 0]
                  20006fdc    00000088     driverlib.a : pin.obj (.text:PinConfigSet)
                  20007064    00000088     rtsv7M4_T_le_eabi.lib : vsnprintf.obj (.text)
                  200070ec    00000086                           : fd_cmp_t2.obj (.text:__aeabi_cdcmple)
                  20007172    00000086                           : fd_cmp_t2.obj (.text:__aeabi_cdrcmple)
                  200071f8    00000082     driverlib.a : gpio.obj (.text:GPIOIntTypeSet)
                  2000727a    0000007a     rtsv7M4_T_le_eabi.lib : memset_t2.obj (.text)
                  200072f4    00000076     driverlib.a : uart.obj (.text:UARTConfigSetExpClk)
                  2000736a    00000002     --HOLE-- [fill = 0]
                  2000736c    00000070                 : timer.obj (.text:TimerIntRegister)
                  200073dc    00000070     rtsv7M4_T_le_eabi.lib : autoinit.obj (.text)
                  2000744c    00000068     driverlib.a : timer.obj (.text:TimerIntUnregister)
                  200074b4    00000068     rtsv7M4_T_le_eabi.lib : copy_decompress_lzss.obj (.text:decompress:lzss)
                  2000751c    00000060                           : fs_cmp_t2.obj (.text:__aeabi_cfcmple)
                  2000757c    00000060                           : fs_cmp_t2.obj (.text:__aeabi_cfrcmple)
                  200075dc    0000005c                           : s_frexp.obj (.text)
                  20007638    00000058     driverlib.a : prcm.obj (.text:PRCMPeripheralReset)
                  20007690    00000056     rtsv7M4_T_le_eabi.lib : ltoa.obj (.text)
                  200076e6    00000002     --HOLE-- [fill = 0]
                  200076e8    00000054     driverlib.a : interrupt.obj (.text:IntPrioritySet)
                  2000773c    00000054     rtsv7M4_T_le_eabi.lib : exit.obj (.text)
                  20007790    0000004c                           : atoi.obj (.text)
                  200077dc    0000004c                           : cpy_tbl.obj (.text)
                  20007828    00000048     driverlib.a : gpio.obj (.text:GPIOGetIntNumber)
                  20007870    00000048     rtsv7M4_T_le_eabi.lib : fd_toi_t2.obj (.text)
                  200078b8    00000044     driverlib.a : timer.obj (.text:TimerConfigure)
                  200078fc    00000040                 : pin.obj (.text:PinModeSet)
                  2000793c    00000040     rtsv7M4_T_le_eabi.lib : boot.obj (.text)
                  2000797c    0000003c     driverlib.a : prcm.obj (.text:PRCMPeripheralClkEnable)
                  200079b8    00000036                 : gpio.obj (.text:GPIODirModeSet)
                  200079ee    00000030                 : pin.obj (.text:PinTypeGPIO)
                  20007a1e    00000002     --HOLE-- [fill = 0]
                  20007a20    00000030                 : uart.obj (.text:UARTDisable)
                  20007a50    0000002e     rtsv7M4_T_le_eabi.lib : i_tofd_t2.obj (.text)
                  20007a7e    00000002     --HOLE-- [fill = 0]
                  20007a80    0000002c     driverlib.a : prcm.obj (.text:PRCMSysResetCauseGet)
                  20007aac    0000002a                 : timer.obj (.text:TimerLoadSet)
                  20007ad6    0000002a                 : timer.obj (.text:TimerPrescaleSet)
                  20007b00    00000028                 : prcm.obj (.text:PRCMPeripheralClkDisable)
                  20007b28    00000024                 : interrupt.obj (.text:IntUnregister)
                  20007b4c    00000024                 : uart.obj (.text:UARTEnable)
                  20007b70    00000024     rtsv7M4_T_le_eabi.lib : memmov.obj (.text)
                  20007b94    00000024                           : u_tofs_t2.obj (.text)
                  20007bb8    00000022     driverlib.a : gpio.obj (.text:GPIOIntStatus)
                  20007bda    00000002     --HOLE-- [fill = 0]
                  20007bdc    00000020                 : interrupt.obj (.text:IntRegister)
                  20007bfc    0000001e                 : gpio.obj (.text:GPIOIntRegister)
                  20007c1a    0000001e                 : timer.obj (.text:TimerDisable)
                  20007c38    0000001e                 : timer.obj (.text:TimerEnable)
                  20007c56    0000001e                 : timer.obj (.text:TimerIntStatus)
                  20007c74    0000001e                 : uart.obj (.text:UARTCharPut)
                  20007c92    0000001c                 : timer.obj (.text:TimerValueGet)
                  20007cae    0000001c                 : uart.obj (.text:UARTCharGetNonBlocking)
                  20007cca    0000001c     rtsv7M4_T_le_eabi.lib : memccpy.obj (.text)
                  20007ce6    0000001a     driverlib.a : gpio.obj (.text:GPIOIntDisable)
                  20007d00    0000001a                 : gpio.obj (.text:GPIOIntEnable)
                  20007d1a    0000001a                 : pin.obj (.text:PinTypeUART)
                  20007d34    00000018                 : timer.obj (.text:TimerIntDisable)
                  20007d4c    00000018                 : timer.obj (.text:TimerIntEnable)
                  20007d64    00000018                 : uart.obj (.text:UARTCharsAvail)
                  20007d7c    00000018     rtsv7M4_T_le_eabi.lib : args_main.obj (.text)
                  20007d94    00000018                           : strcmp.obj (.text)
                  20007dac    00000016     driverlib.a : prcm.obj (.text:PRCMHIBRegRead)
                  20007dc2    00000016                 : prcm.obj (.text:PRCMHIBRegWrite)
                  20007dd8    00000016     rtsv7M4_T_le_eabi.lib : strchr.obj (.text)
                  20007dee    00000014     driverlib.a : cpu.obj (.text:CPUcpsie)
                  20007e02    00000014                 : gpio.obj (.text:GPIOIntClear)
                  20007e16    00000002     --HOLE-- [fill = 0]
                  20007e18    00000014                 : interrupt.obj (.text:IntVTableBaseSet)
                  20007e2c    00000014     rtsv7M4_T_le_eabi.lib : _lock.obj (.text)
                  20007e40    00000014                           : strlen.obj (.text)
                  20007e54    00000012     driverlib.a : timer.obj (.text:TimerIntClear)
                  20007e66    0000000e     rtsv7M4_T_le_eabi.lib : copy_decompress_none.obj (.text:decompress:none)
                  20007e74    0000000e     startup_ccs.obj (.text)
                  20007e82    0000000c     rtsv7M4_T_le_eabi.lib : copy_zero_init.obj (.text:decompress:ZI)
                  20007e8e    0000000a     driverlib.a : interrupt.obj (.text:IntMasterEnable)
                  20007e98    00000008     rtsv7M4_T_le_eabi.lib : s_copysign.obj (.text)
                  20007ea0    00000006     driverlib.a : utils.obj (.text:UtilsDelay)
                  20007ea6    00000004     rtsv7M4_T_le_eabi.lib : pre_init.obj (.text)

.const     0    20007eac    0000042e     
                  20007eac    00000101     rtsv7M4_T_le_eabi.lib : ctype.obj (.const:.string:_ctypes_)
                  20007fad    00000003     --HOLE-- [fill = 0]
                  20007fb0    00000100     driverlib.a : pin.obj (.const:g_ulPinToPadMap)
                  200080b0    000000d4                 : interrupt.obj (.const:g_pulRegs)
                  20008184    000000a8                 : prcm.obj (.const:PRCM_PeriphRegsList)
                  2000822c    00000080                 : interrupt.obj (.const)
                  200082ac    0000002e     main.obj (.const:.string)

.cinit     0    200082e0    00000070     
                  200082e0    0000004a     (.cinit..data.load) [load image, compression = lzss]
                  2000832a    00000002     --HOLE-- [fill = 0]
                  2000832c    0000000c     (__TI_handler_table)
                  20008338    00000008     (.cinit..bss.load) [load image, compression = zero_init]
                  20008340    00000010     (__TI_cinit_table)

.sysmem    0    20017000    00000800     UNINITIALIZED
                  20017000    00000008     rtsv7M4_T_le_eabi.lib : memory.obj (.sysmem)
                  20017008    000007f8     --HOLE--

.bss       0    20017800    0000009d     UNINITIALIZED
                  20017800    0000008c     (.common:values)
                  2001788c    00000008     main.obj (.bss)
                  20017894    00000004     uart_if.obj (.bss)
                  20017898    00000004     (.common:pin8_intcount)
                  2001789c    00000001     (.common:pin8_intflag)

.data      0    200178a0    00000074     UNINITIALIZED
                  200178a0    00000028     main.obj (.data:digits)
                  200178c8    0000001c     main.obj (.data)
                  200178e4    0000000c     rtsv7M4_T_le_eabi.lib : exit.obj (.data:$O1$$)
                  200178f0    0000000c                           : memory.obj (.data:$O1$$)
                  200178fc    00000008                           : _lock.obj (.data:$O1$$)
                  20017904    00000008     main.obj (.data:ir_input)
                  2001790c    00000004     rtsv7M4_T_le_eabi.lib : errno.obj (.data)
                  20017910    00000004                           : stkdepth_vars.obj (.data)

.stack     0    2002ff00    00000100     UNINITIALIZED
                  2002ff00    00000100     --HOLE--

MODULE SUMMARY

       Module                     code    ro data   rw data
       ------                     ----    -------   -------
    .\
       main.obj                   1716    46        229    
       startup_ccs.obj            14      1024      0      
       uart_if.obj                640     0         4      
       timer_if.obj               408     0         0      
       pin_mux_config.obj         228     0         0      
    +--+--------------------------+-------+---------+---------+
       Total:                     3006    1070      233    
                                                           
    C:/ti/CC3200SDK_1.2.0/cc3200-sdk/driverlib/ccs/Release/driverlib.a
       prcm.obj                   800     168       0      
       interrupt.obj              520     340       0      
       timer.obj                  552     0         0      
       pin.obj                    274     256       0      
       gpio.obj                   392     0         0      
       uart.obj                   284     0         0      
       cpu.obj                    20      0         0      
       utils.obj                  6       0         0      
    +--+--------------------------+-------+---------+---------+
       Total:                     2848    764       0      
                                                           
    C:\ti\ccsv7\tools\compiler\ti-cgt-arm_16.9.0.LTS\lib\rtsv7M4_T_le_eabi.lib
       _printfi.obj               4382    0         0      
       memory.obj                 976     0         12     
       ull_div_t2.obj             500     0         0      
       fd_add_t2.obj              438     0         0      
       fd_div_t2.obj              310     0         0      
       fd_cmp_t2.obj              268     0         0      
       ctype.obj                  0       257       0      
       fd_mul_t2.obj              252     0         0      
       s_scalbn.obj               208     0         0      
       fs_cmp_t2.obj              192     0         0      
       memcpy_t2.obj              156     0         0      
       fs_div_t2.obj              146     0         0      
       vsnprintf.obj              136     0         0      
       memset_t2.obj              122     0         0      
       autoinit.obj               112     0         0      
       copy_decompress_lzss.obj   104     0         0      
       exit.obj                   84      0         12     
       s_frexp.obj                92      0         0      
       ltoa.obj                   86      0         0      
       atoi.obj                   76      0         0      
       cpy_tbl.obj                76      0         0      
       fd_toi_t2.obj              72      0         0      
       boot.obj                   64      0         0      
       i_tofd_t2.obj              46      0         0      
       memmov.obj                 36      0         0      
       u_tofs_t2.obj              36      0         0      
       _lock.obj                  20      0         8      
       memccpy.obj                28      0         0      
       args_main.obj              24      0         0      
       strcmp.obj                 24      0         0      
       strchr.obj                 22      0         0      
       strlen.obj                 20      0         0      
       copy_decompress_none.obj   14      0         0      
       copy_zero_init.obj         12      0         0      
       s_copysign.obj             8       0         0      
       errno.obj                  0       0         4      
       pre_init.obj               4       0         0      
       stkdepth_vars.obj          0       0         4      
       mpu_init.obj               2       0         0      
       startup.obj                2       0         0      
    +--+--------------------------+-------+---------+---------+
       Total:                     9150    257       40     
                                                           
       Heap:                      0       0         2048   
       Stack:                     0       0         256    
       Linker Generated:          0       110       0      
    +--+--------------------------+-------+---------+---------+
       Grand Total:               15004   2201      2577   


LINKER GENERATED COPY TABLES

__TI_cinit_table @ 20008340 records: 2, size/record: 8, table size: 16
	.data: load addr=200082e0, load size=0000004a bytes, run addr=200178a0, run size=00000074 bytes, compression=lzss
	.bss: load addr=20008338, load size=00000008 bytes, run addr=20017800, run size=0000009d bytes, compression=zero_init


LINKER GENERATED HANDLER TABLE

__TI_handler_table @ 2000832c records: 3, size/record: 4, table size: 12
	index: 0, handler: __TI_decompress_lzss
	index: 1, handler: __TI_decompress_none
	index: 2, handler: __TI_zero_init


GLOBAL SYMBOLS: SORTED ALPHABETICALLY BY Name 

address   name                           
-------   ----                           
2000773d  C$$EXIT                        
20007def  CPUcpsie                       
20005fe5  ClearTerm                      
20005fef  Error                          
200079b9  GPIODirModeSet                 
20007e03  GPIOIntClear                   
20007ce7  GPIOIntDisable                 
20007d01  GPIOIntEnable                  
20007bfd  GPIOIntRegister                
20007bb9  GPIOIntStatus                  
200071f9  GPIOIntTypeSet                 
20006027  GetCmd                         
20005fa5  InitTerm                       
20006cc9  IntDisable                     
20006d71  IntEnable                      
20007e8f  IntMasterEnable                
200076e9  IntPrioritySet                 
20007bdd  IntRegister                    
20007b29  IntUnregister                  
20007e19  IntVTableBaseSet               
20005fc3  Message                        
20006769  PRCMCC3200MCUInit              
20007dad  PRCMHIBRegRead                 
20007dc3  PRCMHIBRegWrite                
20007b01  PRCMPeripheralClkDisable       
2000797d  PRCMPeripheralClkEnable        
20006eb5  PRCMPeripheralClockGet         
20007639  PRCMPeripheralReset            
20007a81  PRCMSysResetCauseGet           
20006fdd  PinConfigSet                   
200078fd  PinModeSet                     
20006b15  PinMuxConfig                   
200079ef  PinTypeGPIO                    
20007d1b  PinTypeUART                    
200056ad  PrintChar                      
20006165  Report                         
20007e75  ResetISR                       
UNDEFED   SHT$$INIT_ARRAY$$Base          
UNDEFED   SHT$$INIT_ARRAY$$Limit         
20005a6b  TimerA0IntHandler              
200078b9  TimerConfigure                 
20007c1b  TimerDisable                   
20007c39  TimerEnable                    
20007e55  TimerIntClear                  
20007d35  TimerIntDisable                
20007d4d  TimerIntEnable                 
2000736d  TimerIntRegister               
20007c57  TimerIntStatus                 
2000744d  TimerIntUnregister             
20007aad  TimerLoadSet                   
20007ad7  TimerPrescaleSet               
20007c93  TimerValueGet                  
20006717  Timer_IF_DeInit                
20006749  Timer_IF_GetCount              
20006651  Timer_IF_Init                  
20006683  Timer_IF_IntSetup              
200066cf  Timer_IF_InterruptClear        
20006731  Timer_IF_ReLoad                
200066e7  Timer_IF_Start                 
20006707  Timer_IF_Stop                  
200060cd  TrimSpace                      
20007caf  UARTCharGetNonBlocking         
20007c75  UARTCharPut                    
20007d65  UARTCharsAvail                 
200072f5  UARTConfigSetExpClk            
20007a21  UARTDisable                    
20007b4d  UARTEnable                     
20007ea1  UtilsDelay                     
20030000  __STACK_END                    
00000100  __STACK_SIZE                   
00000800  __SYSMEM_SIZE                  
20008340  __TI_CINIT_Base                
20008350  __TI_CINIT_Limit               
2000832c  __TI_Handler_Table_Base        
20008338  __TI_Handler_Table_Limit       
200073dd  __TI_auto_init                 
200178e4  __TI_cleanup_ptr               
200074b5  __TI_decompress_lzss           
20007e67  __TI_decompress_none           
200178e8  __TI_dtors_ptr                 
200178ec  __TI_enable_exit_profile_output
ffffffff  __TI_pprof_out_hndl            
20004c35  __TI_printfi                   
ffffffff  __TI_prof_data_size            
ffffffff  __TI_prof_data_start           
200082e0  __TI_static_base__             
20007e83  __TI_zero_init                 
200070ed  __aeabi_cdcmpeq                
200070ed  __aeabi_cdcmple                
20007173  __aeabi_cdrcmple               
2000751d  __aeabi_cfcmpeq                
2000751d  __aeabi_cfcmple                
2000757d  __aeabi_cfrcmple               
20007871  __aeabi_d2iz                   
20006423  __aeabi_dadd                   
200068e1  __aeabi_ddiv                   
20006a17  __aeabi_dmul                   
20006419  __aeabi_dsub                   
20006f49  __aeabi_fdiv                   
20007a51  __aeabi_i2d                    
2000727b  __aeabi_memclr                 
2000727b  __aeabi_memclr4                
2000727b  __aeabi_memclr8                
20006e19  __aeabi_memcpy                 
20006e19  __aeabi_memcpy4                
20006e19  __aeabi_memcpy8                
2000727d  __aeabi_memset                 
2000727d  __aeabi_memset4                
2000727d  __aeabi_memset8                
20007b95  __aeabi_ui2f                   
20006225  __aeabi_uldivmod               
ffffffff  __binit__                      
ffffffff  __c_args__                     
200065cf  __mpu_init                     
2002ff00  __stack                        
20007d7d  _args_main                     
2000793d  _c_int00                       
20007eac  _ctypes_                       
200178fc  _lock                          
20007e3b  _nop                           
20007e33  _register_lock                 
20007e2d  _register_unlock               
20017000  _sys_memory                    
20006b13  _system_post_cinit             
20007ea7  _system_pre_init               
20017900  _unlock                        
20007741  abort                          
20007791  atoi                           
ffffffff  binit                          
200178dc  c_letter                       
20005f75  calloc                         
200077dd  copy_in                        
20007e99  copysign                       
20007e99  copysignl                      
200178cc  curr                           
200178d4  curr_index                     
200178a0  digits                         
2001790c  errno                          
20007749  exit                           
20005cbf  free                           
200075dd  frexp                          
200075dd  frexpl                         
20004000  g_pfnVectors                   
2000555f  keyToBinary                    
200178e0  key_time                       
20006bf9  ldexp                          
20006bf9  ldexpl                         
20007691  ltoa                           
20005a99  main                           
20017910  main_func_sp                   
20005c55  malloc                         
20005e89  memalign                       
20007ccb  memccpy                        
20006e19  memcpy                         
20007b71  memmove                        
20007283  memset                         
20005bd5  minit                          
20017898  pin8_intcount                  
2001789c  pin8_intflag                   
200178c8  prev                           
200055cd  printBinary                    
20005d81  realloc                        
20006bf9  scalbn                         
20006bf9  scalbnl                        
200178d0  start                          
200178d8  state                          
20007dd9  strchr                         
20007d95  strcmp                         
20007e41  strlen                         
20017800  values                         
20007065  vsnprintf                      


GLOBAL SYMBOLS: SORTED BY Symbol Address 

address   name                           
-------   ----                           
00000100  __STACK_SIZE                   
00000800  __SYSMEM_SIZE                  
20004000  g_pfnVectors                   
20004c35  __TI_printfi                   
2000555f  keyToBinary                    
200055cd  printBinary                    
200056ad  PrintChar                      
20005a6b  TimerA0IntHandler              
20005a99  main                           
20005bd5  minit                          
20005c55  malloc                         
20005cbf  free                           
20005d81  realloc                        
20005e89  memalign                       
20005f75  calloc                         
20005fa5  InitTerm                       
20005fc3  Message                        
20005fe5  ClearTerm                      
20005fef  Error                          
20006027  GetCmd                         
200060cd  TrimSpace                      
20006165  Report                         
20006225  __aeabi_uldivmod               
20006419  __aeabi_dsub                   
20006423  __aeabi_dadd                   
200065cf  __mpu_init                     
20006651  Timer_IF_Init                  
20006683  Timer_IF_IntSetup              
200066cf  Timer_IF_InterruptClear        
200066e7  Timer_IF_Start                 
20006707  Timer_IF_Stop                  
20006717  Timer_IF_DeInit                
20006731  Timer_IF_ReLoad                
20006749  Timer_IF_GetCount              
20006769  PRCMCC3200MCUInit              
200068e1  __aeabi_ddiv                   
20006a17  __aeabi_dmul                   
20006b13  _system_post_cinit             
20006b15  PinMuxConfig                   
20006bf9  ldexp                          
20006bf9  ldexpl                         
20006bf9  scalbn                         
20006bf9  scalbnl                        
20006cc9  IntDisable                     
20006d71  IntEnable                      
20006e19  __aeabi_memcpy                 
20006e19  __aeabi_memcpy4                
20006e19  __aeabi_memcpy8                
20006e19  memcpy                         
20006eb5  PRCMPeripheralClockGet         
20006f49  __aeabi_fdiv                   
20006fdd  PinConfigSet                   
20007065  vsnprintf                      
200070ed  __aeabi_cdcmpeq                
200070ed  __aeabi_cdcmple                
20007173  __aeabi_cdrcmple               
200071f9  GPIOIntTypeSet                 
2000727b  __aeabi_memclr                 
2000727b  __aeabi_memclr4                
2000727b  __aeabi_memclr8                
2000727d  __aeabi_memset                 
2000727d  __aeabi_memset4                
2000727d  __aeabi_memset8                
20007283  memset                         
200072f5  UARTConfigSetExpClk            
2000736d  TimerIntRegister               
200073dd  __TI_auto_init                 
2000744d  TimerIntUnregister             
200074b5  __TI_decompress_lzss           
2000751d  __aeabi_cfcmpeq                
2000751d  __aeabi_cfcmple                
2000757d  __aeabi_cfrcmple               
200075dd  frexp                          
200075dd  frexpl                         
20007639  PRCMPeripheralReset            
20007691  ltoa                           
200076e9  IntPrioritySet                 
2000773d  C$$EXIT                        
20007741  abort                          
20007749  exit                           
20007791  atoi                           
200077dd  copy_in                        
20007871  __aeabi_d2iz                   
200078b9  TimerConfigure                 
200078fd  PinModeSet                     
2000793d  _c_int00                       
2000797d  PRCMPeripheralClkEnable        
200079b9  GPIODirModeSet                 
200079ef  PinTypeGPIO                    
20007a21  UARTDisable                    
20007a51  __aeabi_i2d                    
20007a81  PRCMSysResetCauseGet           
20007aad  TimerLoadSet                   
20007ad7  TimerPrescaleSet               
20007b01  PRCMPeripheralClkDisable       
20007b29  IntUnregister                  
20007b4d  UARTEnable                     
20007b71  memmove                        
20007b95  __aeabi_ui2f                   
20007bb9  GPIOIntStatus                  
20007bdd  IntRegister                    
20007bfd  GPIOIntRegister                
20007c1b  TimerDisable                   
20007c39  TimerEnable                    
20007c57  TimerIntStatus                 
20007c75  UARTCharPut                    
20007c93  TimerValueGet                  
20007caf  UARTCharGetNonBlocking         
20007ccb  memccpy                        
20007ce7  GPIOIntDisable                 
20007d01  GPIOIntEnable                  
20007d1b  PinTypeUART                    
20007d35  TimerIntDisable                
20007d4d  TimerIntEnable                 
20007d65  UARTCharsAvail                 
20007d7d  _args_main                     
20007d95  strcmp                         
20007dad  PRCMHIBRegRead                 
20007dc3  PRCMHIBRegWrite                
20007dd9  strchr                         
20007def  CPUcpsie                       
20007e03  GPIOIntClear                   
20007e19  IntVTableBaseSet               
20007e2d  _register_unlock               
20007e33  _register_lock                 
20007e3b  _nop                           
20007e41  strlen                         
20007e55  TimerIntClear                  
20007e67  __TI_decompress_none           
20007e75  ResetISR                       
20007e83  __TI_zero_init                 
20007e8f  IntMasterEnable                
20007e99  copysign                       
20007e99  copysignl                      
20007ea1  UtilsDelay                     
20007ea7  _system_pre_init               
20007eac  _ctypes_                       
200082e0  __TI_static_base__             
2000832c  __TI_Handler_Table_Base        
20008338  __TI_Handler_Table_Limit       
20008340  __TI_CINIT_Base                
20008350  __TI_CINIT_Limit               
20017000  _sys_memory                    
20017800  values                         
20017898  pin8_intcount                  
2001789c  pin8_intflag                   
200178a0  digits                         
200178c8  prev                           
200178cc  curr                           
200178d0  start                          
200178d4  curr_index                     
200178d8  state                          
200178dc  c_letter                       
200178e0  key_time                       
200178e4  __TI_cleanup_ptr               
200178e8  __TI_dtors_ptr                 
200178ec  __TI_enable_exit_profile_output
200178fc  _lock                          
20017900  _unlock                        
2001790c  errno                          
20017910  main_func_sp                   
2002ff00  __stack                        
20030000  __STACK_END                    
ffffffff  __TI_pprof_out_hndl            
ffffffff  __TI_prof_data_size            
ffffffff  __TI_prof_data_start           
ffffffff  __binit__                      
ffffffff  __c_args__                     
ffffffff  binit                          
UNDEFED   SHT$$INIT_ARRAY$$Base          
UNDEFED   SHT$$INIT_ARRAY$$Limit         

[171 symbols]
