******************************************************************************
                  TI ARM Linker PC v16.9.0                     
******************************************************************************
>> Linked Thu Mar 31 19:19:23 2022

OUTPUT FILE NAME:   <game.out>
ENTRY POINT SYMBOL: "_c_int00"  address: 200073d5


MEMORY CONFIGURATION

         name            origin    length      used     unused   attr    fill
----------------------  --------  ---------  --------  --------  ----  --------
  SRAM_CODE             20004000   00019000  00003c28  000153d8  RW X
  SRAM_DATA             2001d000   00023000  0000104f  00021fb1  RW X


SEGMENT ALLOCATION MAP

run origin  load origin   length   init length attrs members
----------  ----------- ---------- ----------- ----- -------
20004000    20004000    00003c28   00003c28    r-x
  20004000    20004000    00000400   00000400    r-- .intvecs
  20004400    20004400    000033d0   000033d0    r-x .text
  200077d0    200077d0    00000400   00000400    r-- .const
  20007bd0    20007bd0    00000058   00000058    r-- .cinit
2001d000    2001d000    0000084f   00000000    rw-
  2001d000    2001d000    00000800   00000000    rw- .sysmem
  2001d800    2001d800    00000048   00000000    rw- .data
  2001d848    2001d848    00000007   00000000    rw- .bss
2003f800    2003f800    00000800   00000000    rw-
  2003f800    2003f800    00000800   00000000    rw- .stack


SECTION ALLOCATION MAP

 output                                  attributes/
section   page    origin      length       input sections
--------  ----  ----------  ----------   ----------------
.intvecs   0    20004000    00000400     
                  20004000    00000400     startup_ccs.obj (.intvecs)

.init_array 
*          0    20004000    00000000     UNINITIALIZED

.text      0    20004400    000033d0     
                  20004400    0000111e     rtsv7M4_T_le_eabi.lib : _printfi.obj (.text)
                  2000551e    00000002                           : mpu_init.obj (.text)
                  20005520    000003d0                           : memory.obj (.text)
                  200058f0    00000398     gpio_if.obj (.text)
                  20005c88    00000280     uart_if.obj (.text)
                  20005f08    00000210     main.obj (.text)
                  20006118    000001f4     rtsv7M4_T_le_eabi.lib : ull_div_t2.obj (.text)
                  2000630c    000001b6                           : fd_add_t2.obj (.text)
                  200064c2    00000002                           : startup.obj (.text)
                  200064c4    00000178     driverlib.a : prcm.obj (.text:PRCMCC3200MCUInit)
                  2000663c    00000138     pin_mux_config.obj (.text)
                  20006774    00000136     rtsv7M4_T_le_eabi.lib : fd_div_t2.obj (.text)
                  200068aa    000000fc                           : fd_mul_t2.obj (.text)
                  200069a6    00000002     --HOLE-- [fill = 0]
                  200069a8    000000d0                           : s_scalbn.obj (.text)
                  20006a78    000000a8     driverlib.a : interrupt.obj (.text:IntEnable)
                  20006b20    0000009c     rtsv7M4_T_le_eabi.lib : memcpy_t2.obj (.text)
                  20006bbc    00000094     driverlib.a : prcm.obj (.text:PRCMPeripheralClockGet)
                  20006c50    00000088                 : pin.obj (.text:PinConfigSet)
                  20006cd8    00000088     rtsv7M4_T_le_eabi.lib : vsnprintf.obj (.text)
                  20006d60    00000086                           : fd_cmp_t2.obj (.text:__aeabi_cdcmple)
                  20006de6    00000086                           : fd_cmp_t2.obj (.text:__aeabi_cdrcmple)
                  20006e6c    00000082     driverlib.a : gpio.obj (.text:GPIOIntTypeSet)
                  20006eee    0000007a     rtsv7M4_T_le_eabi.lib : memset_t2.obj (.text)
                  20006f68    00000076     driverlib.a : uart.obj (.text:UARTConfigSetExpClk)
                  20006fde    00000002     --HOLE-- [fill = 0]
                  20006fe0    00000070     rtsv7M4_T_le_eabi.lib : autoinit.obj (.text)
                  20007050    00000068                           : copy_decompress_lzss.obj (.text:decompress:lzss)
                  200070b8    0000005c                           : s_frexp.obj (.text)
                  20007114    00000058     driverlib.a : prcm.obj (.text:PRCMPeripheralReset)
                  2000716c    00000056     rtsv7M4_T_le_eabi.lib : ltoa.obj (.text)
                  200071c2    00000002     --HOLE-- [fill = 0]
                  200071c4    00000054     driverlib.a : interrupt.obj (.text:IntPrioritySet)
                  20007218    00000054     rtsv7M4_T_le_eabi.lib : exit.obj (.text)
                  2000726c    0000004c                           : atoi.obj (.text)
                  200072b8    0000004c                           : cpy_tbl.obj (.text)
                  20007304    00000048     driverlib.a : gpio.obj (.text:GPIOGetIntNumber)
                  2000734c    00000048     rtsv7M4_T_le_eabi.lib : fd_toi_t2.obj (.text)
                  20007394    00000040     driverlib.a : pin.obj (.text:PinModeSet)
                  200073d4    00000040     rtsv7M4_T_le_eabi.lib : boot.obj (.text)
                  20007414    0000003c     driverlib.a : prcm.obj (.text:PRCMPeripheralClkEnable)
                  20007450    00000036                 : gpio.obj (.text:GPIODirModeSet)
                  20007486    00000030                 : pin.obj (.text:PinTypeGPIO)
                  200074b6    00000002     --HOLE-- [fill = 0]
                  200074b8    00000030                 : uart.obj (.text:UARTDisable)
                  200074e8    0000002e     rtsv7M4_T_le_eabi.lib : i_tofd_t2.obj (.text)
                  20007516    00000002     --HOLE-- [fill = 0]
                  20007518    0000002c     driverlib.a : prcm.obj (.text:PRCMSysResetCauseGet)
                  20007544    00000028                 : prcm.obj (.text:PRCMPeripheralClkDisable)
                  2000756c    00000024                 : uart.obj (.text:UARTEnable)
                  20007590    00000024     rtsv7M4_T_le_eabi.lib : memmov.obj (.text)
                  200075b4    00000020     driverlib.a : gpio.obj (.text:GPIOPinWrite)
                  200075d4    00000020                 : interrupt.obj (.text:IntRegister)
                  200075f4    0000001e                 : gpio.obj (.text:GPIOIntRegister)
                  20007612    0000001e                 : uart.obj (.text:UARTCharPut)
                  20007630    0000001c                 : uart.obj (.text:UARTCharGetNonBlocking)
                  2000764c    0000001c     rtsv7M4_T_le_eabi.lib : memccpy.obj (.text)
                  20007668    0000001a     driverlib.a : gpio.obj (.text:GPIOIntEnable)
                  20007682    0000001a                 : pin.obj (.text:PinTypeUART)
                  2000769c    00000018                 : gpio.obj (.text:GPIOPinRead)
                  200076b4    00000018                 : uart.obj (.text:UARTCharsAvail)
                  200076cc    00000018     rtsv7M4_T_le_eabi.lib : args_main.obj (.text)
                  200076e4    00000016     driverlib.a : prcm.obj (.text:PRCMHIBRegRead)
                  200076fa    00000016                 : prcm.obj (.text:PRCMHIBRegWrite)
                  20007710    00000016     rtsv7M4_T_le_eabi.lib : strchr.obj (.text)
                  20007726    00000014     driverlib.a : cpu.obj (.text:CPUcpsie)
                  2000773a    00000014                 : gpio.obj (.text:GPIOIntClear)
                  2000774e    00000002     --HOLE-- [fill = 0]
                  20007750    00000014                 : interrupt.obj (.text:IntVTableBaseSet)
                  20007764    00000014     rtsv7M4_T_le_eabi.lib : _lock.obj (.text)
                  20007778    00000014                           : strlen.obj (.text)
                  2000778c    0000000e                           : copy_decompress_none.obj (.text:decompress:none)
                  2000779a    0000000e     startup_ccs.obj (.text)
                  200077a8    0000000c     rtsv7M4_T_le_eabi.lib : copy_zero_init.obj (.text:decompress:ZI)
                  200077b4    0000000a     driverlib.a : interrupt.obj (.text:IntMasterEnable)
                  200077be    00000008     rtsv7M4_T_le_eabi.lib : s_copysign.obj (.text)
                  200077c6    00000006     driverlib.a : utils.obj (.text:UtilsDelay)
                  200077cc    00000004     rtsv7M4_T_le_eabi.lib : pre_init.obj (.text)

.const     0    200077d0    00000400     
                  200077d0    00000101     rtsv7M4_T_le_eabi.lib : ctype.obj (.const:.string:_ctypes_)
                  200078d1    00000003     --HOLE-- [fill = 0]
                  200078d4    00000100     driverlib.a : pin.obj (.const:g_ulPinToPadMap)
                  200079d4    000000d4                 : interrupt.obj (.const:g_pulRegs)
                  20007aa8    000000a8                 : prcm.obj (.const:PRCM_PeriphRegsList)
                  20007b50    00000080                 : interrupt.obj (.const)

.cinit     0    20007bd0    00000058     
                  20007bd0    0000002e     (.cinit..data.load) [load image, compression = lzss]
                  20007bfe    00000002     --HOLE-- [fill = 0]
                  20007c00    0000000c     (__TI_handler_table)
                  20007c0c    00000004     --HOLE-- [fill = 0]
                  20007c10    00000008     (.cinit..bss.load) [load image, compression = zero_init]
                  20007c18    00000010     (__TI_cinit_table)

.sysmem    0    2001d000    00000800     UNINITIALIZED
                  2001d000    00000008     rtsv7M4_T_le_eabi.lib : memory.obj (.sysmem)
                  2001d008    000007f8     --HOLE--

.data      0    2001d800    00000048     UNINITIALIZED
                  2001d800    00000014     gpio_if.obj (.data:ulReg)
                  2001d814    0000000c     rtsv7M4_T_le_eabi.lib : exit.obj (.data:$O1$$)
                  2001d820    0000000c                           : memory.obj (.data:$O1$$)
                  2001d82c    0000000c     gpio_if.obj (.data)
                  2001d838    00000008     rtsv7M4_T_le_eabi.lib : _lock.obj (.data:$O1$$)
                  2001d840    00000004                           : errno.obj (.data)
                  2001d844    00000004                           : stkdepth_vars.obj (.data)

.bss       0    2001d848    00000007     UNINITIALIZED
                  2001d848    00000004     uart_if.obj (.bss)
                  2001d84c    00000001     (.common:g_ucLED1Pin)
                  2001d84d    00000001     (.common:g_ucLED2Pin)
                  2001d84e    00000001     (.common:g_ucLED3Pin)

.stack     0    2003f800    00000800     UNINITIALIZED
                  2003f800    00000800     --HOLE--

MODULE SUMMARY

       Module                     code    ro data   rw data
       ------                     ----    -------   -------
    .\
       startup_ccs.obj            14      1024      0      
       gpio_if.obj                920     0         35     
       uart_if.obj                640     0         4      
       main.obj                   528     0         0      
       pin_mux_config.obj         312     0         0      
    +--+--------------------------+-------+---------+---------+
       Total:                     2414    1024      39     
                                                           
    C:/ti/CC3200SDK_1.2.0/cc3200-sdk/driverlib/ccs/Release/driverlib.a
       prcm.obj                   800     168       0      
       interrupt.obj              314     340       0      
       pin.obj                    274     256       0      
       gpio.obj                   388     0         0      
       uart.obj                   284     0         0      
       cpu.obj                    20      0         0      
       utils.obj                  6       0         0      
    +--+--------------------------+-------+---------+---------+
       Total:                     2086    764       0      
                                                           
    C:\ti\ccsv7\tools\compiler\ti-cgt-arm_16.9.0.LTS\lib\rtsv7M4_T_le_eabi.lib
       _printfi.obj               4382    0         0      
       memory.obj                 976     0         12     
       ull_div_t2.obj             500     0         0      
       fd_add_t2.obj              438     0         0      
       fd_div_t2.obj              310     0         0      
       fd_cmp_t2.obj              268     0         0      
       ctype.obj                  0       257       0      
       fd_mul_t2.obj              252     0         0      
       s_scalbn.obj               208     0         0      
       memcpy_t2.obj              156     0         0      
       vsnprintf.obj              136     0         0      
       memset_t2.obj              122     0         0      
       autoinit.obj               112     0         0      
       copy_decompress_lzss.obj   104     0         0      
       exit.obj                   84      0         12     
       s_frexp.obj                92      0         0      
       ltoa.obj                   86      0         0      
       atoi.obj                   76      0         0      
       cpy_tbl.obj                76      0         0      
       fd_toi_t2.obj              72      0         0      
       boot.obj                   64      0         0      
       i_tofd_t2.obj              46      0         0      
       memmov.obj                 36      0         0      
       _lock.obj                  20      0         8      
       memccpy.obj                28      0         0      
       args_main.obj              24      0         0      
       strchr.obj                 22      0         0      
       strlen.obj                 20      0         0      
       copy_decompress_none.obj   14      0         0      
       copy_zero_init.obj         12      0         0      
       s_copysign.obj             8       0         0      
       errno.obj                  0       0         4      
       pre_init.obj               4       0         0      
       stkdepth_vars.obj          0       0         4      
       mpu_init.obj               2       0         0      
       startup.obj                2       0         0      
    +--+--------------------------+-------+---------+---------+
       Total:                     8752    257       40     
                                                           
       Heap:                      0       0         2048   
       Stack:                     0       0         2048   
       Linker Generated:          0       82        0      
    +--+--------------------------+-------+---------+---------+
       Grand Total:               13252   2127      4175   


LINKER GENERATED COPY TABLES

__TI_cinit_table @ 20007c18 records: 2, size/record: 8, table size: 16
	.data: load addr=20007bd0, load size=0000002e bytes, run addr=2001d800, run size=00000048 bytes, compression=lzss
	.bss: load addr=20007c10, load size=00000008 bytes, run addr=2001d848, run size=00000007 bytes, compression=zero_init


LINKER GENERATED HANDLER TABLE

__TI_handler_table @ 20007c00 records: 3, size/record: 4, table size: 12
	index: 0, handler: __TI_decompress_lzss
	index: 1, handler: __TI_decompress_none
	index: 2, handler: __TI_zero_init


GLOBAL SYMBOLS: SORTED ALPHABETICALLY BY Name 

address   name                           
-------   ----                           
20007219  C$$EXIT                        
20007727  CPUcpsie                       
20005cc9  ClearTerm                      
20005cd3  Error                          
20007451  GPIODirModeSet                 
2000773b  GPIOIntClear                   
20007669  GPIOIntEnable                  
200075f5  GPIOIntRegister                
20006e6d  GPIOIntTypeSet                 
2000769d  GPIOPinRead                    
200075b5  GPIOPinWrite                   
20005bb1  GPIO_IF_ConfigureNIntEnable    
20005c3d  GPIO_IF_Get                    
20005b6b  GPIO_IF_GetPortNPin            
2000592d  GPIO_IF_LedConfigure           
20005a1f  GPIO_IF_LedOff                 
2000596b  GPIO_IF_LedOn                  
20005ad3  GPIO_IF_LedStatus              
20005b3d  GPIO_IF_LedToggle              
20005bf9  GPIO_IF_Set                    
20005d0b  GetCmd                         
20005c89  InitTerm                       
20006a79  IntEnable                      
200077b5  IntMasterEnable                
200071c5  IntPrioritySet                 
200075d5  IntRegister                    
20007751  IntVTableBaseSet               
20005ca7  Message                        
200064c5  PRCMCC3200MCUInit              
200076e5  PRCMHIBRegRead                 
200076fb  PRCMHIBRegWrite                
20007545  PRCMPeripheralClkDisable       
20007415  PRCMPeripheralClkEnable        
20006bbd  PRCMPeripheralClockGet         
20007115  PRCMPeripheralReset            
20007519  PRCMSysResetCauseGet           
20006c51  PinConfigSet                   
20007395  PinModeSet                     
2000663d  PinMuxConfig                   
20007487  PinTypeGPIO                    
20007683  PinTypeUART                    
20005e49  Report                         
2000779b  ResetISR                       
UNDEFED   SHT$$INIT_ARRAY$$Base          
UNDEFED   SHT$$INIT_ARRAY$$Limit         
20005db1  TrimSpace                      
20007631  UARTCharGetNonBlocking         
20007613  UARTCharPut                    
200076b5  UARTCharsAvail                 
20006f69  UARTConfigSetExpClk            
200074b9  UARTDisable                    
2000756d  UARTEnable                     
200077c7  UtilsDelay                     
20040000  __STACK_END                    
00000800  __STACK_SIZE                   
00000800  __SYSMEM_SIZE                  
20007c18  __TI_CINIT_Base                
20007c28  __TI_CINIT_Limit               
20007c00  __TI_Handler_Table_Base        
20007c0c  __TI_Handler_Table_Limit       
20006fe1  __TI_auto_init                 
2001d814  __TI_cleanup_ptr               
20007051  __TI_decompress_lzss           
2000778d  __TI_decompress_none           
2001d818  __TI_dtors_ptr                 
2001d81c  __TI_enable_exit_profile_output
ffffffff  __TI_pprof_out_hndl            
20004c35  __TI_printfi                   
ffffffff  __TI_prof_data_size            
ffffffff  __TI_prof_data_start           
20007bd0  __TI_static_base__             
200077a9  __TI_zero_init                 
20006d61  __aeabi_cdcmpeq                
20006d61  __aeabi_cdcmple                
20006de7  __aeabi_cdrcmple               
2000734d  __aeabi_d2iz                   
20006317  __aeabi_dadd                   
20006775  __aeabi_ddiv                   
200068ab  __aeabi_dmul                   
2000630d  __aeabi_dsub                   
200074e9  __aeabi_i2d                    
20006eef  __aeabi_memclr                 
20006eef  __aeabi_memclr4                
20006eef  __aeabi_memclr8                
20006b21  __aeabi_memcpy                 
20006b21  __aeabi_memcpy4                
20006b21  __aeabi_memcpy8                
20006ef1  __aeabi_memset                 
20006ef1  __aeabi_memset4                
20006ef1  __aeabi_memset8                
20006119  __aeabi_uldivmod               
ffffffff  __binit__                      
ffffffff  __c_args__                     
2000551f  __mpu_init                     
2003f800  __stack                        
200076cd  _args_main                     
200073d5  _c_int00                       
200077d0  _ctypes_                       
2001d838  _lock                          
20007773  _nop                           
2000776b  _register_lock                 
20007765  _register_unlock               
2001d000  _sys_memory                    
200064c3  _system_post_cinit             
200077cd  _system_pre_init               
2001d83c  _unlock                        
2000721d  abort                          
2000726d  atoi                           
ffffffff  binit                          
200058c1  calloc                         
200072b9  copy_in                        
200077bf  copysign                       
200077bf  copysignl                      
2001d840  errno                          
20007225  exit                           
2000560b  free                           
200070b9  frexp                          
200070b9  frexpl                         
20004000  g_pfnVectors                   
2001d84c  g_ucLED1Pin                    
2001d84d  g_ucLED2Pin                    
2001d84e  g_ucLED3Pin                    
2001d82c  g_uiLED1Port                   
2001d830  g_uiLED2Port                   
2001d834  g_uiLED3Port                   
200069a9  ldexp                          
200069a9  ldexpl                         
2000716d  ltoa                           
20005f61  main                           
2001d844  main_func_sp                   
200055a1  malloc                         
200057d5  memalign                       
2000764d  memccpy                        
20006b21  memcpy                         
20007591  memmove                        
20006ef7  memset                         
20005521  minit                          
200056cd  realloc                        
200069a9  scalbn                         
200069a9  scalbnl                        
20007711  strchr                         
20007779  strlen                         
20006cd9  vsnprintf                      


GLOBAL SYMBOLS: SORTED BY Symbol Address 

address   name                           
-------   ----                           
00000800  __STACK_SIZE                   
00000800  __SYSMEM_SIZE                  
20004000  g_pfnVectors                   
20004c35  __TI_printfi                   
2000551f  __mpu_init                     
20005521  minit                          
200055a1  malloc                         
2000560b  free                           
200056cd  realloc                        
200057d5  memalign                       
200058c1  calloc                         
2000592d  GPIO_IF_LedConfigure           
2000596b  GPIO_IF_LedOn                  
20005a1f  GPIO_IF_LedOff                 
20005ad3  GPIO_IF_LedStatus              
20005b3d  GPIO_IF_LedToggle              
20005b6b  GPIO_IF_GetPortNPin            
20005bb1  GPIO_IF_ConfigureNIntEnable    
20005bf9  GPIO_IF_Set                    
20005c3d  GPIO_IF_Get                    
20005c89  InitTerm                       
20005ca7  Message                        
20005cc9  ClearTerm                      
20005cd3  Error                          
20005d0b  GetCmd                         
20005db1  TrimSpace                      
20005e49  Report                         
20005f61  main                           
20006119  __aeabi_uldivmod               
2000630d  __aeabi_dsub                   
20006317  __aeabi_dadd                   
200064c3  _system_post_cinit             
200064c5  PRCMCC3200MCUInit              
2000663d  PinMuxConfig                   
20006775  __aeabi_ddiv                   
200068ab  __aeabi_dmul                   
200069a9  ldexp                          
200069a9  ldexpl                         
200069a9  scalbn                         
200069a9  scalbnl                        
20006a79  IntEnable                      
20006b21  __aeabi_memcpy                 
20006b21  __aeabi_memcpy4                
20006b21  __aeabi_memcpy8                
20006b21  memcpy                         
20006bbd  PRCMPeripheralClockGet         
20006c51  PinConfigSet                   
20006cd9  vsnprintf                      
20006d61  __aeabi_cdcmpeq                
20006d61  __aeabi_cdcmple                
20006de7  __aeabi_cdrcmple               
20006e6d  GPIOIntTypeSet                 
20006eef  __aeabi_memclr                 
20006eef  __aeabi_memclr4                
20006eef  __aeabi_memclr8                
20006ef1  __aeabi_memset                 
20006ef1  __aeabi_memset4                
20006ef1  __aeabi_memset8                
20006ef7  memset                         
20006f69  UARTConfigSetExpClk            
20006fe1  __TI_auto_init                 
20007051  __TI_decompress_lzss           
200070b9  frexp                          
200070b9  frexpl                         
20007115  PRCMPeripheralReset            
2000716d  ltoa                           
200071c5  IntPrioritySet                 
20007219  C$$EXIT                        
2000721d  abort                          
20007225  exit                           
2000726d  atoi                           
200072b9  copy_in                        
2000734d  __aeabi_d2iz                   
20007395  PinModeSet                     
200073d5  _c_int00                       
20007415  PRCMPeripheralClkEnable        
20007451  GPIODirModeSet                 
20007487  PinTypeGPIO                    
200074b9  UARTDisable                    
200074e9  __aeabi_i2d                    
20007519  PRCMSysResetCauseGet           
20007545  PRCMPeripheralClkDisable       
2000756d  UARTEnable                     
20007591  memmove                        
200075b5  GPIOPinWrite                   
200075d5  IntRegister                    
200075f5  GPIOIntRegister                
20007613  UARTCharPut                    
20007631  UARTCharGetNonBlocking         
2000764d  memccpy                        
20007669  GPIOIntEnable                  
20007683  PinTypeUART                    
2000769d  GPIOPinRead                    
200076b5  UARTCharsAvail                 
200076cd  _args_main                     
200076e5  PRCMHIBRegRead                 
200076fb  PRCMHIBRegWrite                
20007711  strchr                         
20007727  CPUcpsie                       
2000773b  GPIOIntClear                   
20007751  IntVTableBaseSet               
20007765  _register_unlock               
2000776b  _register_lock                 
20007773  _nop                           
20007779  strlen                         
2000778d  __TI_decompress_none           
2000779b  ResetISR                       
200077a9  __TI_zero_init                 
200077b5  IntMasterEnable                
200077bf  copysign                       
200077bf  copysignl                      
200077c7  UtilsDelay                     
200077cd  _system_pre_init               
200077d0  _ctypes_                       
20007bd0  __TI_static_base__             
20007c00  __TI_Handler_Table_Base        
20007c0c  __TI_Handler_Table_Limit       
20007c18  __TI_CINIT_Base                
20007c28  __TI_CINIT_Limit               
2001d000  _sys_memory                    
2001d814  __TI_cleanup_ptr               
2001d818  __TI_dtors_ptr                 
2001d81c  __TI_enable_exit_profile_output
2001d82c  g_uiLED1Port                   
2001d830  g_uiLED2Port                   
2001d834  g_uiLED3Port                   
2001d838  _lock                          
2001d83c  _unlock                        
2001d840  errno                          
2001d844  main_func_sp                   
2001d84c  g_ucLED1Pin                    
2001d84d  g_ucLED2Pin                    
2001d84e  g_ucLED3Pin                    
2003f800  __stack                        
20040000  __STACK_END                    
ffffffff  __TI_pprof_out_hndl            
ffffffff  __TI_prof_data_size            
ffffffff  __TI_prof_data_start           
ffffffff  __binit__                      
ffffffff  __c_args__                     
ffffffff  binit                          
UNDEFED   SHT$$INIT_ARRAY$$Base          
UNDEFED   SHT$$INIT_ARRAY$$Limit         

[143 symbols]
