<?xml version="1.0"?>
<link_info>
   <banner>TI ARM Linker PC v16.9.0.LTS</banner>
   <copyright>Copyright (c) 1996-2015 Texas Instruments Incorporated</copyright>
   <link_time>0x626867ba</link_time>
   <link_errors>0x0</link_errors>
   <output_file>spi_demo.out</output_file>
   <entry_point>
      <name>_c_int00</name>
      <address>0x200085b1</address>
   </entry_point>
   <input_file_list>
      <input_file id="fl-2">
         <path>.\</path>
         <kind>object</kind>
         <file>Adafruit_GFX.obj</file>
         <name>Adafruit_GFX.obj</name>
      </input_file>
      <input_file id="fl-3">
         <path>.\</path>
         <kind>object</kind>
         <file>Adafruit_OLED.obj</file>
         <name>Adafruit_OLED.obj</name>
      </input_file>
      <input_file id="fl-4">
         <path>.\</path>
         <kind>object</kind>
         <file>main.obj</file>
         <name>main.obj</name>
      </input_file>
      <input_file id="fl-5">
         <path>.\</path>
         <kind>object</kind>
         <file>pin_mux_config.obj</file>
         <name>pin_mux_config.obj</name>
      </input_file>
      <input_file id="fl-6">
         <path>.\</path>
         <kind>object</kind>
         <file>startup_ccs.obj</file>
         <name>startup_ccs.obj</name>
      </input_file>
      <input_file id="fl-7">
         <path>.\</path>
         <kind>object</kind>
         <file>uart_if.obj</file>
         <name>uart_if.obj</name>
      </input_file>
      <input_file id="fl-c2">
         <path>C:\ti\ccsv7\tools\compiler\ti-cgt-arm_16.9.0.LTS\lib\</path>
         <kind>archive</kind>
         <file>rtsv7M4_T_le_eabi.lib</file>
         <name>boot.obj</name>
      </input_file>
      <input_file id="fl-c3">
         <path>C:\ti\ccsv7\tools\compiler\ti-cgt-arm_16.9.0.LTS\lib\</path>
         <kind>archive</kind>
         <file>rtsv7M4_T_le_eabi.lib</file>
         <name>copy_decompress_lzss.obj</name>
      </input_file>
      <input_file id="fl-c4">
         <path>C:\ti\ccsv7\tools\compiler\ti-cgt-arm_16.9.0.LTS\lib\</path>
         <kind>archive</kind>
         <file>rtsv7M4_T_le_eabi.lib</file>
         <name>copy_decompress_none.obj</name>
      </input_file>
      <input_file id="fl-c5">
         <path>C:\ti\ccsv7\tools\compiler\ti-cgt-arm_16.9.0.LTS\lib\</path>
         <kind>archive</kind>
         <file>rtsv7M4_T_le_eabi.lib</file>
         <name>copy_zero_init.obj</name>
      </input_file>
      <input_file id="fl-c6">
         <path>C:\ti\ccsv7\tools\compiler\ti-cgt-arm_16.9.0.LTS\lib\</path>
         <kind>archive</kind>
         <file>rtsv7M4_T_le_eabi.lib</file>
         <name>exit.obj</name>
      </input_file>
      <input_file id="fl-c7">
         <path>C:\ti\ccsv7\tools\compiler\ti-cgt-arm_16.9.0.LTS\lib\</path>
         <kind>archive</kind>
         <file>rtsv7M4_T_le_eabi.lib</file>
         <name>memcpy_t2.obj</name>
      </input_file>
      <input_file id="fl-c8">
         <path>C:\ti\ccsv7\tools\compiler\ti-cgt-arm_16.9.0.LTS\lib\</path>
         <kind>archive</kind>
         <file>rtsv7M4_T_le_eabi.lib</file>
         <name>memmov.obj</name>
      </input_file>
      <input_file id="fl-c9">
         <path>C:\ti\ccsv7\tools\compiler\ti-cgt-arm_16.9.0.LTS\lib\</path>
         <kind>archive</kind>
         <file>rtsv7M4_T_le_eabi.lib</file>
         <name>memory.obj</name>
      </input_file>
      <input_file id="fl-ca">
         <path>C:\ti\ccsv7\tools\compiler\ti-cgt-arm_16.9.0.LTS\lib\</path>
         <kind>archive</kind>
         <file>rtsv7M4_T_le_eabi.lib</file>
         <name>memset_t2.obj</name>
      </input_file>
      <input_file id="fl-cb">
         <path>C:\ti\ccsv7\tools\compiler\ti-cgt-arm_16.9.0.LTS\lib\</path>
         <kind>archive</kind>
         <file>rtsv7M4_T_le_eabi.lib</file>
         <name>mpu_init.obj</name>
      </input_file>
      <input_file id="fl-cc">
         <path>C:\ti\ccsv7\tools\compiler\ti-cgt-arm_16.9.0.LTS\lib\</path>
         <kind>archive</kind>
         <file>rtsv7M4_T_le_eabi.lib</file>
         <name>pre_init.obj</name>
      </input_file>
      <input_file id="fl-cd">
         <path>C:\ti\ccsv7\tools\compiler\ti-cgt-arm_16.9.0.LTS\lib\</path>
         <kind>archive</kind>
         <file>rtsv7M4_T_le_eabi.lib</file>
         <name>stkdepth_vars.obj</name>
      </input_file>
      <input_file id="fl-ce">
         <path>C:\ti\ccsv7\tools\compiler\ti-cgt-arm_16.9.0.LTS\lib\</path>
         <kind>archive</kind>
         <file>rtsv7M4_T_le_eabi.lib</file>
         <name>strlen.obj</name>
      </input_file>
      <input_file id="fl-cf">
         <path>C:\ti\ccsv7\tools\compiler\ti-cgt-arm_16.9.0.LTS\lib\</path>
         <kind>archive</kind>
         <file>rtsv7M4_T_le_eabi.lib</file>
         <name>vsnprintf.obj</name>
      </input_file>
      <input_file id="fl-d0">
         <path>C:\ti\ccsv7\tools\compiler\ti-cgt-arm_16.9.0.LTS\lib\</path>
         <kind>archive</kind>
         <file>rtsv7M4_T_le_eabi.lib</file>
         <name>_lock.obj</name>
      </input_file>
      <input_file id="fl-d1">
         <path>C:\ti\ccsv7\tools\compiler\ti-cgt-arm_16.9.0.LTS\lib\</path>
         <kind>archive</kind>
         <file>rtsv7M4_T_le_eabi.lib</file>
         <name>_printfi.obj</name>
      </input_file>
      <input_file id="fl-d2">
         <path>C:\ti\ccsv7\tools\compiler\ti-cgt-arm_16.9.0.LTS\lib\</path>
         <kind>archive</kind>
         <file>rtsv7M4_T_le_eabi.lib</file>
         <name>args_main.obj</name>
      </input_file>
      <input_file id="fl-d3">
         <path>C:\ti\ccsv7\tools\compiler\ti-cgt-arm_16.9.0.LTS\lib\</path>
         <kind>archive</kind>
         <file>rtsv7M4_T_le_eabi.lib</file>
         <name>atoi.obj</name>
      </input_file>
      <input_file id="fl-d4">
         <path>C:\ti\ccsv7\tools\compiler\ti-cgt-arm_16.9.0.LTS\lib\</path>
         <kind>archive</kind>
         <file>rtsv7M4_T_le_eabi.lib</file>
         <name>autoinit.obj</name>
      </input_file>
      <input_file id="fl-d5">
         <path>C:\ti\ccsv7\tools\compiler\ti-cgt-arm_16.9.0.LTS\lib\</path>
         <kind>archive</kind>
         <file>rtsv7M4_T_le_eabi.lib</file>
         <name>cpy_tbl.obj</name>
      </input_file>
      <input_file id="fl-d6">
         <path>C:\ti\ccsv7\tools\compiler\ti-cgt-arm_16.9.0.LTS\lib\</path>
         <kind>archive</kind>
         <file>rtsv7M4_T_le_eabi.lib</file>
         <name>ctype.obj</name>
      </input_file>
      <input_file id="fl-d7">
         <path>C:\ti\ccsv7\tools\compiler\ti-cgt-arm_16.9.0.LTS\lib\</path>
         <kind>archive</kind>
         <file>rtsv7M4_T_le_eabi.lib</file>
         <name>fd_add_t2.obj</name>
      </input_file>
      <input_file id="fl-d8">
         <path>C:\ti\ccsv7\tools\compiler\ti-cgt-arm_16.9.0.LTS\lib\</path>
         <kind>archive</kind>
         <file>rtsv7M4_T_le_eabi.lib</file>
         <name>fd_cmp_t2.obj</name>
      </input_file>
      <input_file id="fl-d9">
         <path>C:\ti\ccsv7\tools\compiler\ti-cgt-arm_16.9.0.LTS\lib\</path>
         <kind>archive</kind>
         <file>rtsv7M4_T_le_eabi.lib</file>
         <name>fd_div_t2.obj</name>
      </input_file>
      <input_file id="fl-da">
         <path>C:\ti\ccsv7\tools\compiler\ti-cgt-arm_16.9.0.LTS\lib\</path>
         <kind>archive</kind>
         <file>rtsv7M4_T_le_eabi.lib</file>
         <name>fd_mul_t2.obj</name>
      </input_file>
      <input_file id="fl-db">
         <path>C:\ti\ccsv7\tools\compiler\ti-cgt-arm_16.9.0.LTS\lib\</path>
         <kind>archive</kind>
         <file>rtsv7M4_T_le_eabi.lib</file>
         <name>fd_toi_t2.obj</name>
      </input_file>
      <input_file id="fl-dc">
         <path>C:\ti\ccsv7\tools\compiler\ti-cgt-arm_16.9.0.LTS\lib\</path>
         <kind>archive</kind>
         <file>rtsv7M4_T_le_eabi.lib</file>
         <name>i_tofd_t2.obj</name>
      </input_file>
      <input_file id="fl-dd">
         <path>C:\ti\ccsv7\tools\compiler\ti-cgt-arm_16.9.0.LTS\lib\</path>
         <kind>archive</kind>
         <file>rtsv7M4_T_le_eabi.lib</file>
         <name>ltoa.obj</name>
      </input_file>
      <input_file id="fl-de">
         <path>C:\ti\ccsv7\tools\compiler\ti-cgt-arm_16.9.0.LTS\lib\</path>
         <kind>archive</kind>
         <file>rtsv7M4_T_le_eabi.lib</file>
         <name>memccpy.obj</name>
      </input_file>
      <input_file id="fl-df">
         <path>C:\ti\ccsv7\tools\compiler\ti-cgt-arm_16.9.0.LTS\lib\</path>
         <kind>archive</kind>
         <file>rtsv7M4_T_le_eabi.lib</file>
         <name>s_frexp.obj</name>
      </input_file>
      <input_file id="fl-e0">
         <path>C:\ti\ccsv7\tools\compiler\ti-cgt-arm_16.9.0.LTS\lib\</path>
         <kind>archive</kind>
         <file>rtsv7M4_T_le_eabi.lib</file>
         <name>s_scalbn.obj</name>
      </input_file>
      <input_file id="fl-e1">
         <path>C:\ti\ccsv7\tools\compiler\ti-cgt-arm_16.9.0.LTS\lib\</path>
         <kind>archive</kind>
         <file>rtsv7M4_T_le_eabi.lib</file>
         <name>startup.obj</name>
      </input_file>
      <input_file id="fl-e2">
         <path>C:\ti\ccsv7\tools\compiler\ti-cgt-arm_16.9.0.LTS\lib\</path>
         <kind>archive</kind>
         <file>rtsv7M4_T_le_eabi.lib</file>
         <name>strchr.obj</name>
      </input_file>
      <input_file id="fl-e3">
         <path>C:\ti\ccsv7\tools\compiler\ti-cgt-arm_16.9.0.LTS\lib\</path>
         <kind>archive</kind>
         <file>rtsv7M4_T_le_eabi.lib</file>
         <name>ull_div_t2.obj</name>
      </input_file>
      <input_file id="fl-e4">
         <path>C:\ti\ccsv7\tools\compiler\ti-cgt-arm_16.9.0.LTS\lib\</path>
         <kind>archive</kind>
         <file>rtsv7M4_T_le_eabi.lib</file>
         <name>errno.obj</name>
      </input_file>
      <input_file id="fl-e5">
         <path>C:\ti\ccsv7\tools\compiler\ti-cgt-arm_16.9.0.LTS\lib\</path>
         <kind>archive</kind>
         <file>rtsv7M4_T_le_eabi.lib</file>
         <name>s_copysign.obj</name>
      </input_file>
      <input_file id="fl-e6">
         <path>C:\ti\CC3200SDK_1.2.0\cc3200-sdk\driverlib\ccs\Release\</path>
         <kind>archive</kind>
         <file>driverlib.a</file>
         <name>gpio.obj</name>
      </input_file>
      <input_file id="fl-e7">
         <path>C:\ti\CC3200SDK_1.2.0\cc3200-sdk\driverlib\ccs\Release\</path>
         <kind>archive</kind>
         <file>driverlib.a</file>
         <name>interrupt.obj</name>
      </input_file>
      <input_file id="fl-e8">
         <path>C:\ti\CC3200SDK_1.2.0\cc3200-sdk\driverlib\ccs\Release\</path>
         <kind>archive</kind>
         <file>driverlib.a</file>
         <name>pin.obj</name>
      </input_file>
      <input_file id="fl-e9">
         <path>C:\ti\CC3200SDK_1.2.0\cc3200-sdk\driverlib\ccs\Release\</path>
         <kind>archive</kind>
         <file>driverlib.a</file>
         <name>prcm.obj</name>
      </input_file>
      <input_file id="fl-ea">
         <path>C:\ti\CC3200SDK_1.2.0\cc3200-sdk\driverlib\ccs\Release\</path>
         <kind>archive</kind>
         <file>driverlib.a</file>
         <name>spi.obj</name>
      </input_file>
      <input_file id="fl-eb">
         <path>C:\ti\CC3200SDK_1.2.0\cc3200-sdk\driverlib\ccs\Release\</path>
         <kind>archive</kind>
         <file>driverlib.a</file>
         <name>uart.obj</name>
      </input_file>
      <input_file id="fl-ec">
         <path>C:\ti\CC3200SDK_1.2.0\cc3200-sdk\driverlib\ccs\Release\</path>
         <kind>archive</kind>
         <file>driverlib.a</file>
         <name>utils.obj</name>
      </input_file>
      <input_file id="fl-ed">
         <path>C:\ti\CC3200SDK_1.2.0\cc3200-sdk\driverlib\ccs\Release\</path>
         <kind>archive</kind>
         <file>driverlib.a</file>
         <name>cpu.obj</name>
      </input_file>
      <input_file id="fl-ee">
         <path>C:\ti\CC3200SDK_1.2.0\cc3200-sdk\driverlib\ccs\Release\</path>
         <kind>archive</kind>
         <file>driverlib.a</file>
         <name>flash.obj</name>
      </input_file>
   </input_file_list>
   <object_component_list>
      <object_component id="oc-f">
         <name>.intvecs</name>
         <load_address>0x20004000</load_address>
         <run_address>0x20004000</run_address>
         <size>0x400</size>
         <input_file_ref idref="fl-6"/>
      </object_component>
      <object_component id="oc-241">
         <name>.text</name>
         <load_address>0x20004400</load_address>
         <run_address>0x20004400</run_address>
         <size>0x111e</size>
         <input_file_ref idref="fl-d1"/>
      </object_component>
      <object_component id="oc-59">
         <name>.text</name>
         <load_address>0x2000551e</load_address>
         <run_address>0x2000551e</run_address>
         <size>0x2</size>
         <input_file_ref idref="fl-cb"/>
      </object_component>
      <object_component id="oc-de">
         <name>.text</name>
         <load_address>0x20005520</load_address>
         <run_address>0x20005520</run_address>
         <size>0xa80</size>
         <input_file_ref idref="fl-2"/>
      </object_component>
      <object_component id="oc-a8">
         <name>.text</name>
         <load_address>0x20005fa0</load_address>
         <run_address>0x20005fa0</run_address>
         <size>0x910</size>
         <input_file_ref idref="fl-4"/>
      </object_component>
      <object_component id="oc-d8">
         <name>.text</name>
         <load_address>0x200068b0</load_address>
         <run_address>0x200068b0</run_address>
         <size>0x4a2</size>
         <input_file_ref idref="fl-3"/>
      </object_component>
      <object_component id="oc-a0">
         <name>.text</name>
         <load_address>0x20006d52</load_address>
         <run_address>0x20006d52</run_address>
         <size>0x2</size>
         <input_file_ref idref="fl-e1"/>
      </object_component>
      <object_component id="oc-1eb">
         <name>.text</name>
         <load_address>0x20006d54</load_address>
         <run_address>0x20006d54</run_address>
         <size>0x3d0</size>
         <input_file_ref idref="fl-c9"/>
      </object_component>
      <object_component id="oc-108">
         <name>.text</name>
         <load_address>0x20007124</load_address>
         <run_address>0x20007124</run_address>
         <size>0x280</size>
         <input_file_ref idref="fl-7"/>
      </object_component>
      <object_component id="oc-272">
         <name>.text</name>
         <load_address>0x200073a4</load_address>
         <run_address>0x200073a4</run_address>
         <size>0x1f4</size>
         <input_file_ref idref="fl-e3"/>
      </object_component>
      <object_component id="oc-29b">
         <name>.text</name>
         <load_address>0x20007598</load_address>
         <run_address>0x20007598</run_address>
         <size>0x1b6</size>
         <input_file_ref idref="fl-d7"/>
      </object_component>
      <object_component id="oc-f6">
         <name>.text:PRCMCC3200MCUInit</name>
         <load_address>0x20007750</load_address>
         <run_address>0x20007750</run_address>
         <size>0x178</size>
         <input_file_ref idref="fl-e9"/>
      </object_component>
      <object_component id="oc-281">
         <name>.text</name>
         <load_address>0x200078c8</load_address>
         <run_address>0x200078c8</run_address>
         <size>0x136</size>
         <input_file_ref idref="fl-d9"/>
      </object_component>
      <object_component id="oc-fc">
         <name>.text</name>
         <load_address>0x20007a00</load_address>
         <run_address>0x20007a00</run_address>
         <size>0x108</size>
         <input_file_ref idref="fl-5"/>
      </object_component>
      <object_component id="oc-27c">
         <name>.text</name>
         <load_address>0x20007b08</load_address>
         <run_address>0x20007b08</run_address>
         <size>0xfc</size>
         <input_file_ref idref="fl-da"/>
      </object_component>
      <object_component id="oc-2a6">
         <name>.text</name>
         <load_address>0x20007c04</load_address>
         <run_address>0x20007c04</run_address>
         <size>0xd0</size>
         <input_file_ref idref="fl-e0"/>
      </object_component>
      <object_component id="oc-f0">
         <name>.text:IntEnable</name>
         <load_address>0x20007cd4</load_address>
         <run_address>0x20007cd4</run_address>
         <size>0xa8</size>
         <input_file_ref idref="fl-e7"/>
      </object_component>
      <object_component id="oc-120">
         <name>.text:SPIConfigSetExpClk</name>
         <load_address>0x20007d7c</load_address>
         <run_address>0x20007d7c</run_address>
         <size>0xa0</size>
         <input_file_ref idref="fl-ea"/>
      </object_component>
      <object_component id="oc-41">
         <name>.text</name>
         <load_address>0x20007e1c</load_address>
         <run_address>0x20007e1c</run_address>
         <size>0x9c</size>
         <input_file_ref idref="fl-c7"/>
      </object_component>
      <object_component id="oc-11a">
         <name>.text:PRCMPeripheralClockGet</name>
         <load_address>0x20007eb8</load_address>
         <run_address>0x20007eb8</run_address>
         <size>0x94</size>
         <input_file_ref idref="fl-e9"/>
      </object_component>
      <object_component id="oc-228">
         <name>.text:PinConfigSet</name>
         <load_address>0x20007f4c</load_address>
         <run_address>0x20007f4c</run_address>
         <size>0x88</size>
         <input_file_ref idref="fl-e8"/>
      </object_component>
      <object_component id="oc-1cd">
         <name>.text</name>
         <load_address>0x20007fd4</load_address>
         <run_address>0x20007fd4</run_address>
         <size>0x88</size>
         <input_file_ref idref="fl-cf"/>
      </object_component>
      <object_component id="oc-277">
         <name>.text:__aeabi_cdcmple</name>
         <load_address>0x2000805c</load_address>
         <run_address>0x2000805c</run_address>
         <size>0x86</size>
         <input_file_ref idref="fl-d8"/>
      </object_component>
      <object_component id="oc-286">
         <name>.text:__aeabi_cdrcmple</name>
         <load_address>0x200080e2</load_address>
         <run_address>0x200080e2</run_address>
         <size>0x86</size>
         <input_file_ref idref="fl-d8"/>
      </object_component>
      <object_component id="oc-4d">
         <name>.text</name>
         <load_address>0x20008168</load_address>
         <run_address>0x20008168</run_address>
         <size>0x7a</size>
         <input_file_ref idref="fl-ca"/>
      </object_component>
      <object_component id="oc-1c1">
         <name>.text:UARTConfigSetExpClk</name>
         <load_address>0x200081e2</load_address>
         <run_address>0x200081e2</run_address>
         <size>0x76</size>
         <input_file_ref idref="fl-eb"/>
      </object_component>
      <object_component id="oc-65">
         <name>.text</name>
         <load_address>0x20008258</load_address>
         <run_address>0x20008258</run_address>
         <size>0x70</size>
         <input_file_ref idref="fl-d4"/>
      </object_component>
      <object_component id="oc-12">
         <name>.text:decompress:lzss</name>
         <load_address>0x200082c8</load_address>
         <run_address>0x200082c8</run_address>
         <size>0x68</size>
         <input_file_ref idref="fl-c3"/>
      </object_component>
      <object_component id="oc-2a0">
         <name>.text</name>
         <load_address>0x20008330</load_address>
         <run_address>0x20008330</run_address>
         <size>0x5c</size>
         <input_file_ref idref="fl-df"/>
      </object_component>
      <object_component id="oc-10e">
         <name>.text:PRCMPeripheralReset</name>
         <load_address>0x2000838c</load_address>
         <run_address>0x2000838c</run_address>
         <size>0x58</size>
         <input_file_ref idref="fl-e9"/>
      </object_component>
      <object_component id="oc-290">
         <name>.text</name>
         <load_address>0x200083e4</load_address>
         <run_address>0x200083e4</run_address>
         <size>0x56</size>
         <input_file_ref idref="fl-dd"/>
      </object_component>
      <object_component id="oc-71">
         <name>.text</name>
         <load_address>0x2000843c</load_address>
         <run_address>0x2000843c</run_address>
         <size>0x54</size>
         <input_file_ref idref="fl-c6"/>
      </object_component>
      <object_component id="oc-2b2">
         <name>.text</name>
         <load_address>0x20008490</load_address>
         <run_address>0x20008490</run_address>
         <size>0x4c</size>
         <input_file_ref idref="fl-d3"/>
      </object_component>
      <object_component id="oc-9a">
         <name>.text</name>
         <load_address>0x200084dc</load_address>
         <run_address>0x200084dc</run_address>
         <size>0x4c</size>
         <input_file_ref idref="fl-d5"/>
      </object_component>
      <object_component id="oc-28b">
         <name>.text</name>
         <load_address>0x20008528</load_address>
         <run_address>0x20008528</run_address>
         <size>0x48</size>
         <input_file_ref idref="fl-db"/>
      </object_component>
      <object_component id="oc-1a4">
         <name>.text:PinModeSet</name>
         <load_address>0x20008570</load_address>
         <run_address>0x20008570</run_address>
         <size>0x40</size>
         <input_file_ref idref="fl-e8"/>
      </object_component>
      <object_component id="oc-24">
         <name>.text</name>
         <load_address>0x200085b0</load_address>
         <run_address>0x200085b0</run_address>
         <size>0x40</size>
         <input_file_ref idref="fl-c2"/>
      </object_component>
      <object_component id="oc-102">
         <name>.text:PRCMPeripheralClkEnable</name>
         <load_address>0x200085f0</load_address>
         <run_address>0x200085f0</run_address>
         <size>0x3c</size>
         <input_file_ref idref="fl-e9"/>
      </object_component>
      <object_component id="oc-1b0">
         <name>.text:GPIODirModeSet</name>
         <load_address>0x2000862c</load_address>
         <run_address>0x2000862c</run_address>
         <size>0x36</size>
         <input_file_ref idref="fl-e6"/>
      </object_component>
      <object_component id="oc-1aa">
         <name>.text:PinTypeGPIO</name>
         <load_address>0x20008662</load_address>
         <run_address>0x20008662</run_address>
         <size>0x30</size>
         <input_file_ref idref="fl-e8"/>
      </object_component>
      <object_component id="oc-233">
         <name>.text:UARTDisable</name>
         <load_address>0x20008694</load_address>
         <run_address>0x20008694</run_address>
         <size>0x30</size>
         <input_file_ref idref="fl-eb"/>
      </object_component>
      <object_component id="oc-296">
         <name>.text</name>
         <load_address>0x200086c4</load_address>
         <run_address>0x200086c4</run_address>
         <size>0x2e</size>
         <input_file_ref idref="fl-dc"/>
      </object_component>
      <object_component id="oc-18b">
         <name>.text:PRCMSysResetCauseGet</name>
         <load_address>0x200086f4</load_address>
         <run_address>0x200086f4</run_address>
         <size>0x2c</size>
         <input_file_ref idref="fl-e9"/>
      </object_component>
      <object_component id="oc-19d">
         <name>.text:PRCMPeripheralClkDisable</name>
         <load_address>0x20008720</load_address>
         <run_address>0x20008720</run_address>
         <size>0x28</size>
         <input_file_ref idref="fl-e9"/>
      </object_component>
      <object_component id="oc-239">
         <name>.text:UARTEnable</name>
         <load_address>0x20008748</load_address>
         <run_address>0x20008748</run_address>
         <size>0x24</size>
         <input_file_ref idref="fl-eb"/>
      </object_component>
      <object_component id="oc-1e5">
         <name>.text</name>
         <load_address>0x2000876c</load_address>
         <run_address>0x2000876c</run_address>
         <size>0x24</size>
         <input_file_ref idref="fl-c8"/>
      </object_component>
      <object_component id="oc-114">
         <name>.text:SPIReset</name>
         <load_address>0x20008790</load_address>
         <run_address>0x20008790</run_address>
         <size>0x22</size>
         <input_file_ref idref="fl-ea"/>
      </object_component>
      <object_component id="oc-158">
         <name>.text:GPIOPinWrite</name>
         <load_address>0x200087b2</load_address>
         <run_address>0x200087b2</run_address>
         <size>0x20</size>
         <input_file_ref idref="fl-e6"/>
      </object_component>
      <object_component id="oc-164">
         <name>.text:SPIDataGet</name>
         <load_address>0x200087d2</load_address>
         <run_address>0x200087d2</run_address>
         <size>0x20</size>
         <input_file_ref idref="fl-ea"/>
      </object_component>
      <object_component id="oc-15e">
         <name>.text:SPIDataPut</name>
         <load_address>0x200087f2</load_address>
         <run_address>0x200087f2</run_address>
         <size>0x1e</size>
         <input_file_ref idref="fl-ea"/>
      </object_component>
      <object_component id="oc-1c7">
         <name>.text:UARTCharPut</name>
         <load_address>0x20008810</load_address>
         <run_address>0x20008810</run_address>
         <size>0x1e</size>
         <input_file_ref idref="fl-eb"/>
      </object_component>
      <object_component id="oc-1d9">
         <name>.text:UARTCharGetNonBlocking</name>
         <load_address>0x2000882e</load_address>
         <run_address>0x2000882e</run_address>
         <size>0x1c</size>
         <input_file_ref idref="fl-eb"/>
      </object_component>
      <object_component id="oc-2b8">
         <name>.text</name>
         <load_address>0x2000884a</load_address>
         <run_address>0x2000884a</run_address>
         <size>0x1c</size>
         <input_file_ref idref="fl-de"/>
      </object_component>
      <object_component id="oc-1b6">
         <name>.text:PinTypeSPI</name>
         <load_address>0x20008866</load_address>
         <run_address>0x20008866</run_address>
         <size>0x1a</size>
         <input_file_ref idref="fl-e8"/>
      </object_component>
      <object_component id="oc-16a">
         <name>.text:SPICSDisable</name>
         <load_address>0x20008880</load_address>
         <run_address>0x20008880</run_address>
         <size>0x18</size>
         <input_file_ref idref="fl-ea"/>
      </object_component>
      <object_component id="oc-152">
         <name>.text:SPICSEnable</name>
         <load_address>0x20008898</load_address>
         <run_address>0x20008898</run_address>
         <size>0x18</size>
         <input_file_ref idref="fl-ea"/>
      </object_component>
      <object_component id="oc-126">
         <name>.text:SPIEnable</name>
         <load_address>0x200088b0</load_address>
         <run_address>0x200088b0</run_address>
         <size>0x18</size>
         <input_file_ref idref="fl-ea"/>
      </object_component>
      <object_component id="oc-1d3">
         <name>.text:UARTCharsAvail</name>
         <load_address>0x200088c8</load_address>
         <run_address>0x200088c8</run_address>
         <size>0x18</size>
         <input_file_ref idref="fl-eb"/>
      </object_component>
      <object_component id="oc-6b">
         <name>.text</name>
         <load_address>0x200088e0</load_address>
         <run_address>0x200088e0</run_address>
         <size>0x18</size>
         <input_file_ref idref="fl-d2"/>
      </object_component>
      <object_component id="oc-191">
         <name>.text:PRCMHIBRegRead</name>
         <load_address>0x200088f8</load_address>
         <run_address>0x200088f8</run_address>
         <size>0x16</size>
         <input_file_ref idref="fl-e9"/>
      </object_component>
      <object_component id="oc-197">
         <name>.text:PRCMHIBRegWrite</name>
         <load_address>0x2000890e</load_address>
         <run_address>0x2000890e</run_address>
         <size>0x16</size>
         <input_file_ref idref="fl-e9"/>
      </object_component>
      <object_component id="oc-2ac">
         <name>.text</name>
         <load_address>0x20008924</load_address>
         <run_address>0x20008924</run_address>
         <size>0x16</size>
         <input_file_ref idref="fl-e2"/>
      </object_component>
      <object_component id="oc-17b">
         <name>.text:CPUcpsie</name>
         <load_address>0x2000893a</load_address>
         <run_address>0x2000893a</run_address>
         <size>0x14</size>
         <input_file_ref idref="fl-ed"/>
      </object_component>
      <object_component id="oc-e4">
         <name>.text:IntVTableBaseSet</name>
         <load_address>0x20008950</load_address>
         <run_address>0x20008950</run_address>
         <size>0x14</size>
         <input_file_ref idref="fl-e7"/>
      </object_component>
      <object_component id="oc-13a">
         <name>.text</name>
         <load_address>0x20008964</load_address>
         <run_address>0x20008964</run_address>
         <size>0x14</size>
         <input_file_ref idref="fl-d0"/>
      </object_component>
      <object_component id="oc-1df">
         <name>.text</name>
         <load_address>0x20008978</load_address>
         <run_address>0x20008978</run_address>
         <size>0x14</size>
         <input_file_ref idref="fl-ce"/>
      </object_component>
      <object_component id="oc-18">
         <name>.text:decompress:none</name>
         <load_address>0x2000898c</load_address>
         <run_address>0x2000898c</run_address>
         <size>0xe</size>
         <input_file_ref idref="fl-c4"/>
      </object_component>
      <object_component id="oc-2d">
         <name>.text</name>
         <load_address>0x2000899a</load_address>
         <run_address>0x2000899a</run_address>
         <size>0xe</size>
         <input_file_ref idref="fl-6"/>
      </object_component>
      <object_component id="oc-1e">
         <name>.text:decompress:ZI</name>
         <load_address>0x200089a8</load_address>
         <run_address>0x200089a8</run_address>
         <size>0xc</size>
         <input_file_ref idref="fl-c5"/>
      </object_component>
      <object_component id="oc-ea">
         <name>.text:IntMasterEnable</name>
         <load_address>0x200089b4</load_address>
         <run_address>0x200089b4</run_address>
         <size>0xa</size>
         <input_file_ref idref="fl-e7"/>
      </object_component>
      <object_component id="oc-2e5">
         <name>.text</name>
         <load_address>0x200089be</load_address>
         <run_address>0x200089be</run_address>
         <size>0x8</size>
         <input_file_ref idref="fl-e5"/>
      </object_component>
      <object_component id="oc-220">
         <name>.text:UtilsDelay</name>
         <load_address>0x200089c6</load_address>
         <run_address>0x200089c6</run_address>
         <size>0x6</size>
         <input_file_ref idref="fl-ec"/>
      </object_component>
      <object_component id="oc-5f">
         <name>.text</name>
         <load_address>0x200089cc</load_address>
         <run_address>0x200089cc</run_address>
         <size>0x4</size>
         <input_file_ref idref="fl-cc"/>
      </object_component>
      <object_component id="oc-172">
         <name>.const:.string:font</name>
         <load_address>0x200089d0</load_address>
         <run_address>0x200089d0</run_address>
         <size>0x4fb</size>
         <input_file_ref idref="fl-2"/>
      </object_component>
      <object_component id="oc-12c">
         <name>.const:.string:font</name>
         <load_address>0x20008ecb</load_address>
         <run_address>0x20008ecb</run_address>
         <size>0x4fb</size>
         <input_file_ref idref="fl-4"/>
      </object_component>
      <object_component id="oc-2f2">
         <name>.const:.string:_ctypes_</name>
         <load_address>0x200093c6</load_address>
         <run_address>0x200093c6</run_address>
         <size>0x101</size>
         <input_file_ref idref="fl-d6"/>
      </object_component>
      <object_component id="oc-224">
         <name>.const:g_ulPinToPadMap</name>
         <load_address>0x200094c8</load_address>
         <run_address>0x200094c8</run_address>
         <size>0x100</size>
         <input_file_ref idref="fl-e8"/>
      </object_component>
      <object_component id="oc-1bd">
         <name>.const:PRCM_PeriphRegsList</name>
         <load_address>0x200095c8</load_address>
         <run_address>0x200095c8</run_address>
         <size>0xa8</size>
         <input_file_ref idref="fl-e9"/>
      </object_component>
      <object_component id="oc-187">
         <name>.const</name>
         <load_address>0x20009670</load_address>
         <run_address>0x20009670</run_address>
         <size>0x80</size>
         <input_file_ref idref="fl-e7"/>
      </object_component>
      <object_component id="oc-335">
         <name>.cinit..data.load</name>
         <load_address>0x200096f0</load_address>
         <run_address>0x200096f0</run_address>
         <size>0x2b</size>
      </object_component>
      <object_component id="oc-333">
         <name>__TI_handler_table</name>
         <load_address>0x2000971c</load_address>
         <run_address>0x2000971c</run_address>
         <size>0xc</size>
      </object_component>
      <object_component id="oc-336">
         <name>.cinit..bss.load</name>
         <load_address>0x20009728</load_address>
         <run_address>0x20009728</run_address>
         <size>0x8</size>
      </object_component>
      <object_component id="oc-334">
         <name>__TI_cinit_table</name>
         <load_address>0x20009730</load_address>
         <run_address>0x20009730</run_address>
         <size>0x10</size>
      </object_component>
      <object_component id="oc-175">
         <name>.data</name>
         <load_address>0x20017800</load_address>
         <run_address>0x20017800</run_address>
         <size>0x15</size>
         <input_file_ref idref="fl-2"/>
      </object_component>
      <object_component id="oc-b0">
         <name>.data:$O1$$</name>
         <load_address>0x20017818</load_address>
         <run_address>0x20017818</run_address>
         <size>0xc</size>
         <input_file_ref idref="fl-c6"/>
      </object_component>
      <object_component id="oc-259">
         <name>.data:$O1$$</name>
         <load_address>0x20017824</load_address>
         <run_address>0x20017824</run_address>
         <size>0xc</size>
         <input_file_ref idref="fl-c9"/>
      </object_component>
      <object_component id="oc-77">
         <name>.data</name>
         <load_address>0x2001783c</load_address>
         <run_address>0x2001783c</run_address>
         <size>0x4</size>
         <input_file_ref idref="fl-cd"/>
      </object_component>
      <object_component id="oc-b3">
         <name>.data:$O1$$</name>
         <load_address>0x20017830</load_address>
         <run_address>0x20017830</run_address>
         <size>0x8</size>
         <input_file_ref idref="fl-d0"/>
      </object_component>
      <object_component id="oc-2eb">
         <name>.data</name>
         <load_address>0x20017838</load_address>
         <run_address>0x20017838</run_address>
         <size>0x4</size>
         <input_file_ref idref="fl-e4"/>
      </object_component>
      <object_component id="oc-1f1">
         <name>.bss</name>
         <uninitialized>true</uninitialized>
         <run_address>0x20017840</run_address>
         <size>0x4</size>
         <input_file_ref idref="fl-7"/>
      </object_component>
      <object_component id="oc-2a">
         <name>.sysmem</name>
         <uninitialized>true</uninitialized>
         <run_address>0x20017000</run_address>
         <size>0x8</size>
         <input_file_ref idref="fl-c9"/>
      </object_component>
      <object_component id="oc-338">
         <name>.sysmem</name>
         <uninitialized>true</uninitialized>
         <run_address>0x20017000</run_address>
         <size>0x0</size>
      </object_component>
      <object_component id="oc-29">
         <name>.stack</name>
         <uninitialized>true</uninitialized>
         <run_address>0x2002f800</run_address>
         <size>0x0</size>
         <input_file_ref idref="fl-c2"/>
      </object_component>
      <object_component id="oc-337">
         <name>.stack</name>
         <uninitialized>true</uninitialized>
         <run_address>0x2002f800</run_address>
         <size>0x0</size>
      </object_component>
      <object_component id="oc-179">
         <name>.debug_info</name>
         <load_address>0x0</load_address>
         <run_address>0x0</run_address>
         <size>0x1e3</size>
         <input_file_ref idref="fl-2"/>
      </object_component>
      <object_component id="oc-173">
         <name>.debug_info</name>
         <load_address>0x1e3</load_address>
         <run_address>0x1e3</run_address>
         <size>0xe8</size>
         <input_file_ref idref="fl-2"/>
      </object_component>
      <object_component id="oc-176">
         <name>.debug_info</name>
         <load_address>0x2cb</load_address>
         <run_address>0x2cb</run_address>
         <size>0x196</size>
         <input_file_ref idref="fl-2"/>
      </object_component>
      <object_component id="oc-df">
         <name>.debug_info</name>
         <load_address>0x461</load_address>
         <run_address>0x461</run_address>
         <size>0x14f2</size>
         <input_file_ref idref="fl-2"/>
      </object_component>
      <object_component id="oc-3c">
         <name>.debug_info</name>
         <load_address>0x1953</load_address>
         <run_address>0x1953</run_address>
         <size>0x84</size>
         <input_file_ref idref="fl-2"/>
      </object_component>
      <object_component id="oc-171">
         <name>.debug_info</name>
         <load_address>0x19d7</load_address>
         <run_address>0x19d7</run_address>
         <size>0x1c5</size>
         <input_file_ref idref="fl-3"/>
      </object_component>
      <object_component id="oc-d9">
         <name>.debug_info</name>
         <load_address>0x1b9c</load_address>
         <run_address>0x1b9c</run_address>
         <size>0xe6f</size>
         <input_file_ref idref="fl-3"/>
      </object_component>
      <object_component id="oc-263">
         <name>.debug_info</name>
         <load_address>0x2a0b</load_address>
         <run_address>0x2a0b</run_address>
         <size>0x62</size>
         <input_file_ref idref="fl-3"/>
      </object_component>
      <object_component id="oc-182">
         <name>.debug_info</name>
         <load_address>0x2a6d</load_address>
         <run_address>0x2a6d</run_address>
         <size>0x2c</size>
         <input_file_ref idref="fl-3"/>
      </object_component>
      <object_component id="oc-91">
         <name>.debug_info</name>
         <load_address>0x2a99</load_address>
         <run_address>0x2a99</run_address>
         <size>0x2c</size>
         <input_file_ref idref="fl-3"/>
      </object_component>
      <object_component id="oc-130">
         <name>.debug_info</name>
         <load_address>0x2ac5</load_address>
         <run_address>0x2ac5</run_address>
         <size>0x6ec</size>
         <input_file_ref idref="fl-4"/>
      </object_component>
      <object_component id="oc-12d">
         <name>.debug_info</name>
         <load_address>0x31b1</load_address>
         <run_address>0x31b1</run_address>
         <size>0xe0</size>
         <input_file_ref idref="fl-4"/>
      </object_component>
      <object_component id="oc-a9">
         <name>.debug_info</name>
         <load_address>0x3291</load_address>
         <run_address>0x3291</run_address>
         <size>0x1172</size>
         <input_file_ref idref="fl-4"/>
      </object_component>
      <object_component id="oc-fd">
         <name>.debug_info</name>
         <load_address>0x4403</load_address>
         <run_address>0x4403</run_address>
         <size>0x36d</size>
         <input_file_ref idref="fl-5"/>
      </object_component>
      <object_component id="oc-35">
         <name>.debug_info</name>
         <load_address>0x4770</load_address>
         <run_address>0x4770</run_address>
         <size>0x13a</size>
         <input_file_ref idref="fl-6"/>
      </object_component>
      <object_component id="oc-10">
         <name>.debug_info</name>
         <load_address>0x48aa</load_address>
         <run_address>0x48aa</run_address>
         <size>0x125</size>
         <input_file_ref idref="fl-6"/>
      </object_component>
      <object_component id="oc-2e">
         <name>.debug_info</name>
         <load_address>0x49cf</load_address>
         <run_address>0x49cf</run_address>
         <size>0x446</size>
         <input_file_ref idref="fl-6"/>
      </object_component>
      <object_component id="oc-1f5">
         <name>.debug_info</name>
         <load_address>0x4e15</load_address>
         <run_address>0x4e15</run_address>
         <size>0x39c</size>
         <input_file_ref idref="fl-7"/>
      </object_component>
      <object_component id="oc-1f2">
         <name>.debug_info</name>
         <load_address>0x51b1</load_address>
         <run_address>0x51b1</run_address>
         <size>0x11c</size>
         <input_file_ref idref="fl-7"/>
      </object_component>
      <object_component id="oc-109">
         <name>.debug_info</name>
         <load_address>0x52cd</load_address>
         <run_address>0x52cd</run_address>
         <size>0x8f8</size>
         <input_file_ref idref="fl-7"/>
      </object_component>
      <object_component id="oc-1fb">
         <name>.debug_info</name>
         <load_address>0x5bc5</load_address>
         <run_address>0x5bc5</run_address>
         <size>0x110</size>
         <input_file_ref idref="fl-7"/>
      </object_component>
      <object_component id="oc-1f6">
         <name>.debug_info</name>
         <load_address>0x5cd5</load_address>
         <run_address>0x5cd5</run_address>
         <size>0x4e</size>
         <input_file_ref idref="fl-7"/>
      </object_component>
      <object_component id="oc-26">
         <name>.debug_info</name>
         <load_address>0x5d23</load_address>
         <run_address>0x5d23</run_address>
         <size>0x160</size>
         <input_file_ref idref="fl-c2"/>
      </object_component>
      <object_component id="oc-87">
         <name>.debug_info</name>
         <load_address>0x5e83</load_address>
         <run_address>0x5e83</run_address>
         <size>0xf9</size>
         <input_file_ref idref="fl-c3"/>
      </object_component>
      <object_component id="oc-14">
         <name>.debug_info</name>
         <load_address>0x5f7c</load_address>
         <run_address>0x5f7c</run_address>
         <size>0x245</size>
         <input_file_ref idref="fl-c3"/>
      </object_component>
      <object_component id="oc-37">
         <name>.debug_info</name>
         <load_address>0x61c1</load_address>
         <run_address>0x61c1</run_address>
         <size>0x60</size>
         <input_file_ref idref="fl-c3"/>
      </object_component>
      <object_component id="oc-82">
         <name>.debug_info</name>
         <load_address>0x6221</load_address>
         <run_address>0x6221</run_address>
         <size>0x46</size>
         <input_file_ref idref="fl-c3"/>
      </object_component>
      <object_component id="oc-4c">
         <name>.debug_info</name>
         <load_address>0x6267</load_address>
         <run_address>0x6267</run_address>
         <size>0x140</size>
         <input_file_ref idref="fl-c4"/>
      </object_component>
      <object_component id="oc-1b">
         <name>.debug_info</name>
         <load_address>0x63a7</load_address>
         <run_address>0x63a7</run_address>
         <size>0x1df</size>
         <input_file_ref idref="fl-c4"/>
      </object_component>
      <object_component id="oc-47">
         <name>.debug_info</name>
         <load_address>0x6586</load_address>
         <run_address>0x6586</run_address>
         <size>0x46</size>
         <input_file_ref idref="fl-c4"/>
      </object_component>
      <object_component id="oc-89">
         <name>.debug_info</name>
         <load_address>0x65cc</load_address>
         <run_address>0x65cc</run_address>
         <size>0x2c</size>
         <input_file_ref idref="fl-c4"/>
      </object_component>
      <object_component id="oc-58">
         <name>.debug_info</name>
         <load_address>0x65f8</load_address>
         <run_address>0x65f8</run_address>
         <size>0x12f</size>
         <input_file_ref idref="fl-c5"/>
      </object_component>
      <object_component id="oc-20">
         <name>.debug_info</name>
         <load_address>0x6727</load_address>
         <run_address>0x6727</run_address>
         <size>0x1aa</size>
         <input_file_ref idref="fl-c5"/>
      </object_component>
      <object_component id="oc-53">
         <name>.debug_info</name>
         <load_address>0x68d1</load_address>
         <run_address>0x68d1</run_address>
         <size>0x46</size>
         <input_file_ref idref="fl-c5"/>
      </object_component>
      <object_component id="oc-b7">
         <name>.debug_info</name>
         <load_address>0x6917</load_address>
         <run_address>0x6917</run_address>
         <size>0x234</size>
         <input_file_ref idref="fl-c6"/>
      </object_component>
      <object_component id="oc-b1">
         <name>.debug_info</name>
         <load_address>0x6b4b</load_address>
         <run_address>0x6b4b</run_address>
         <size>0x185</size>
         <input_file_ref idref="fl-c6"/>
      </object_component>
      <object_component id="oc-74">
         <name>.debug_info</name>
         <load_address>0x6cd0</load_address>
         <run_address>0x6cd0</run_address>
         <size>0x214</size>
         <input_file_ref idref="fl-c6"/>
      </object_component>
      <object_component id="oc-44">
         <name>.debug_info</name>
         <load_address>0x6ee4</load_address>
         <run_address>0x6ee4</run_address>
         <size>0x111</size>
         <input_file_ref idref="fl-c7"/>
      </object_component>
      <object_component id="oc-258">
         <name>.debug_info</name>
         <load_address>0x6ff5</load_address>
         <run_address>0x6ff5</run_address>
         <size>0x12c</size>
         <input_file_ref idref="fl-c8"/>
      </object_component>
      <object_component id="oc-1e8">
         <name>.debug_info</name>
         <load_address>0x7121</load_address>
         <run_address>0x7121</run_address>
         <size>0x1ab</size>
         <input_file_ref idref="fl-c8"/>
      </object_component>
      <object_component id="oc-7d">
         <name>.debug_info</name>
         <load_address>0x72cc</load_address>
         <run_address>0x72cc</run_address>
         <size>0x222</size>
         <input_file_ref idref="fl-c9"/>
      </object_component>
      <object_component id="oc-2b">
         <name>.debug_info</name>
         <load_address>0x74ee</load_address>
         <run_address>0x74ee</run_address>
         <size>0x101</size>
         <input_file_ref idref="fl-c9"/>
      </object_component>
      <object_component id="oc-25a">
         <name>.debug_info</name>
         <load_address>0x75ef</load_address>
         <run_address>0x75ef</run_address>
         <size>0x14c</size>
         <input_file_ref idref="fl-c9"/>
      </object_component>
      <object_component id="oc-1ec">
         <name>.debug_info</name>
         <load_address>0x773b</load_address>
         <run_address>0x773b</run_address>
         <size>0x885</size>
         <input_file_ref idref="fl-c9"/>
      </object_component>
      <object_component id="oc-bd">
         <name>.debug_info</name>
         <load_address>0x7fc0</load_address>
         <run_address>0x7fc0</run_address>
         <size>0x2c</size>
         <input_file_ref idref="fl-c9"/>
      </object_component>
      <object_component id="oc-c2">
         <name>.debug_info</name>
         <load_address>0x7fec</load_address>
         <run_address>0x7fec</run_address>
         <size>0x62</size>
         <input_file_ref idref="fl-c9"/>
      </object_component>
      <object_component id="oc-4e">
         <name>.debug_info</name>
         <load_address>0x804e</load_address>
         <run_address>0x804e</run_address>
         <size>0x13f</size>
         <input_file_ref idref="fl-ca"/>
      </object_component>
      <object_component id="oc-5b">
         <name>.debug_info</name>
         <load_address>0x818d</load_address>
         <run_address>0x818d</run_address>
         <size>0x138</size>
         <input_file_ref idref="fl-cb"/>
      </object_component>
      <object_component id="oc-63">
         <name>.debug_info</name>
         <load_address>0x82c5</load_address>
         <run_address>0x82c5</run_address>
         <size>0x148</size>
         <input_file_ref idref="fl-cc"/>
      </object_component>
      <object_component id="oc-78">
         <name>.debug_info</name>
         <load_address>0x840d</load_address>
         <run_address>0x840d</run_address>
         <size>0x109</size>
         <input_file_ref idref="fl-cd"/>
      </object_component>
      <object_component id="oc-256">
         <name>.debug_info</name>
         <load_address>0x8516</load_address>
         <run_address>0x8516</run_address>
         <size>0xea</size>
         <input_file_ref idref="fl-ce"/>
      </object_component>
      <object_component id="oc-1e2">
         <name>.debug_info</name>
         <load_address>0x8600</load_address>
         <run_address>0x8600</run_address>
         <size>0x22a</size>
         <input_file_ref idref="fl-ce"/>
      </object_component>
      <object_component id="oc-248">
         <name>.debug_info</name>
         <load_address>0x882a</load_address>
         <run_address>0x882a</run_address>
         <size>0x1c8</size>
         <input_file_ref idref="fl-cf"/>
      </object_component>
      <object_component id="oc-1cf">
         <name>.debug_info</name>
         <load_address>0x89f2</load_address>
         <run_address>0x89f2</run_address>
         <size>0x35c</size>
         <input_file_ref idref="fl-cf"/>
      </object_component>
      <object_component id="oc-249">
         <name>.debug_info</name>
         <load_address>0x8d4e</load_address>
         <run_address>0x8d4e</run_address>
         <size>0x2c</size>
         <input_file_ref idref="fl-cf"/>
      </object_component>
      <object_component id="oc-24e">
         <name>.debug_info</name>
         <load_address>0x8d7a</load_address>
         <run_address>0x8d7a</run_address>
         <size>0x69</size>
         <input_file_ref idref="fl-cf"/>
      </object_component>
      <object_component id="oc-142">
         <name>.debug_info</name>
         <load_address>0x8de3</load_address>
         <run_address>0x8de3</run_address>
         <size>0x124</size>
         <input_file_ref idref="fl-d0"/>
      </object_component>
      <object_component id="oc-b4">
         <name>.debug_info</name>
         <load_address>0x8f07</load_address>
         <run_address>0x8f07</run_address>
         <size>0x113</size>
         <input_file_ref idref="fl-d0"/>
      </object_component>
      <object_component id="oc-13b">
         <name>.debug_info</name>
         <load_address>0x901a</load_address>
         <run_address>0x901a</run_address>
         <size>0x21f</size>
         <input_file_ref idref="fl-d0"/>
      </object_component>
      <object_component id="oc-2bf">
         <name>.debug_info</name>
         <load_address>0x9239</load_address>
         <run_address>0x9239</run_address>
         <size>0x385</size>
         <input_file_ref idref="fl-d1"/>
      </object_component>
      <object_component id="oc-242">
         <name>.debug_info</name>
         <load_address>0x95be</load_address>
         <run_address>0x95be</run_address>
         <size>0x1554</size>
         <input_file_ref idref="fl-d1"/>
      </object_component>
      <object_component id="oc-2c0">
         <name>.debug_info</name>
         <load_address>0xab12</load_address>
         <run_address>0xab12</run_address>
         <size>0x86</size>
         <input_file_ref idref="fl-d1"/>
      </object_component>
      <object_component id="oc-2fb">
         <name>.debug_info</name>
         <load_address>0xab98</load_address>
         <run_address>0xab98</run_address>
         <size>0x46</size>
         <input_file_ref idref="fl-d1"/>
      </object_component>
      <object_component id="oc-2c5">
         <name>.debug_info</name>
         <load_address>0xabde</load_address>
         <run_address>0xabde</run_address>
         <size>0x39</size>
         <input_file_ref idref="fl-d1"/>
      </object_component>
      <object_component id="oc-af">
         <name>.debug_info</name>
         <load_address>0xac17</load_address>
         <run_address>0xac17</run_address>
         <size>0x166</size>
         <input_file_ref idref="fl-d2"/>
      </object_component>
      <object_component id="oc-6f">
         <name>.debug_info</name>
         <load_address>0xad7d</load_address>
         <run_address>0xad7d</run_address>
         <size>0x167</size>
         <input_file_ref idref="fl-d2"/>
      </object_component>
      <object_component id="oc-133">
         <name>.debug_info</name>
         <load_address>0xaee4</load_address>
         <run_address>0xaee4</run_address>
         <size>0x5e</size>
         <input_file_ref idref="fl-d2"/>
      </object_component>
      <object_component id="oc-2f6">
         <name>.debug_info</name>
         <load_address>0xaf42</load_address>
         <run_address>0xaf42</run_address>
         <size>0x114</size>
         <input_file_ref idref="fl-d3"/>
      </object_component>
      <object_component id="oc-2b3">
         <name>.debug_info</name>
         <load_address>0xb056</load_address>
         <run_address>0xb056</run_address>
         <size>0x171</size>
         <input_file_ref idref="fl-d3"/>
      </object_component>
      <object_component id="oc-a7">
         <name>.debug_info</name>
         <load_address>0xb1c7</load_address>
         <run_address>0xb1c7</run_address>
         <size>0x2e9</size>
         <input_file_ref idref="fl-d4"/>
      </object_component>
      <object_component id="oc-69">
         <name>.debug_info</name>
         <load_address>0xb4b0</load_address>
         <run_address>0xb4b0</run_address>
         <size>0x190</size>
         <input_file_ref idref="fl-d4"/>
      </object_component>
      <object_component id="oc-ce">
         <name>.debug_info</name>
         <load_address>0xb640</load_address>
         <run_address>0xb640</run_address>
         <size>0x39</size>
         <input_file_ref idref="fl-d4"/>
      </object_component>
      <object_component id="oc-14d">
         <name>.debug_info</name>
         <load_address>0xb679</load_address>
         <run_address>0xb679</run_address>
         <size>0x39</size>
         <input_file_ref idref="fl-d4"/>
      </object_component>
      <object_component id="oc-d3">
         <name>.debug_info</name>
         <load_address>0xb6b2</load_address>
         <run_address>0xb6b2</run_address>
         <size>0xcd</size>
         <input_file_ref idref="fl-d4"/>
      </object_component>
      <object_component id="oc-ca">
         <name>.debug_info</name>
         <load_address>0xb77f</load_address>
         <run_address>0xb77f</run_address>
         <size>0x1e0</size>
         <input_file_ref idref="fl-d5"/>
      </object_component>
      <object_component id="oc-9d">
         <name>.debug_info</name>
         <load_address>0xb95f</load_address>
         <run_address>0xb95f</run_address>
         <size>0x183</size>
         <input_file_ref idref="fl-d5"/>
      </object_component>
      <object_component id="oc-148">
         <name>.debug_info</name>
         <load_address>0xbae2</load_address>
         <run_address>0xbae2</run_address>
         <size>0x2c</size>
         <input_file_ref idref="fl-d5"/>
      </object_component>
      <object_component id="oc-30d">
         <name>.debug_info</name>
         <load_address>0xbb0e</load_address>
         <run_address>0xbb0e</run_address>
         <size>0xee</size>
         <input_file_ref idref="fl-d6"/>
      </object_component>
      <object_component id="oc-2f3">
         <name>.debug_info</name>
         <load_address>0xbbfc</load_address>
         <run_address>0xbbfc</run_address>
         <size>0xfa</size>
         <input_file_ref idref="fl-d6"/>
      </object_component>
      <object_component id="oc-29c">
         <name>.debug_info</name>
         <load_address>0xbcf6</load_address>
         <run_address>0xbcf6</run_address>
         <size>0x144</size>
         <input_file_ref idref="fl-d7"/>
      </object_component>
      <object_component id="oc-278">
         <name>.debug_info</name>
         <load_address>0xbe3a</load_address>
         <run_address>0xbe3a</run_address>
         <size>0x120</size>
         <input_file_ref idref="fl-d8"/>
      </object_component>
      <object_component id="oc-288">
         <name>.debug_info</name>
         <load_address>0xbf5a</load_address>
         <run_address>0xbf5a</run_address>
         <size>0x122</size>
         <input_file_ref idref="fl-d8"/>
      </object_component>
      <object_component id="oc-283">
         <name>.debug_info</name>
         <load_address>0xc07c</load_address>
         <run_address>0xc07c</run_address>
         <size>0x132</size>
         <input_file_ref idref="fl-d9"/>
      </object_component>
      <object_component id="oc-27f">
         <name>.debug_info</name>
         <load_address>0xc1ae</load_address>
         <run_address>0xc1ae</run_address>
         <size>0x132</size>
         <input_file_ref idref="fl-da"/>
      </object_component>
      <object_component id="oc-28e">
         <name>.debug_info</name>
         <load_address>0xc2e0</load_address>
         <run_address>0xc2e0</run_address>
         <size>0x126</size>
         <input_file_ref idref="fl-db"/>
      </object_component>
      <object_component id="oc-297">
         <name>.debug_info</name>
         <load_address>0xc406</load_address>
         <run_address>0xc406</run_address>
         <size>0x124</size>
         <input_file_ref idref="fl-dc"/>
      </object_component>
      <object_component id="oc-2db">
         <name>.debug_info</name>
         <load_address>0xc52a</load_address>
         <run_address>0xc52a</run_address>
         <size>0x14c</size>
         <input_file_ref idref="fl-dd"/>
      </object_component>
      <object_component id="oc-292">
         <name>.debug_info</name>
         <load_address>0xc676</load_address>
         <run_address>0xc676</run_address>
         <size>0x1c2</size>
         <input_file_ref idref="fl-dd"/>
      </object_component>
      <object_component id="oc-2f8">
         <name>.debug_info</name>
         <load_address>0xc838</load_address>
         <run_address>0xc838</run_address>
         <size>0xf1</size>
         <input_file_ref idref="fl-de"/>
      </object_component>
      <object_component id="oc-2ba">
         <name>.debug_info</name>
         <load_address>0xc929</load_address>
         <run_address>0xc929</run_address>
         <size>0x1ab</size>
         <input_file_ref idref="fl-de"/>
      </object_component>
      <object_component id="oc-2df">
         <name>.debug_info</name>
         <load_address>0xcad4</load_address>
         <run_address>0xcad4</run_address>
         <size>0x13f</size>
         <input_file_ref idref="fl-df"/>
      </object_component>
      <object_component id="oc-2a1">
         <name>.debug_info</name>
         <load_address>0xcc13</load_address>
         <run_address>0xcc13</run_address>
         <size>0x189</size>
         <input_file_ref idref="fl-df"/>
      </object_component>
      <object_component id="oc-2e0">
         <name>.debug_info</name>
         <load_address>0xcd9c</load_address>
         <run_address>0xcd9c</run_address>
         <size>0x2c</size>
         <input_file_ref idref="fl-df"/>
      </object_component>
      <object_component id="oc-2ef">
         <name>.debug_info</name>
         <load_address>0xcdc8</load_address>
         <run_address>0xcdc8</run_address>
         <size>0x17c</size>
         <input_file_ref idref="fl-e0"/>
      </object_component>
      <object_component id="oc-2a7">
         <name>.debug_info</name>
         <load_address>0xcf44</load_address>
         <run_address>0xcf44</run_address>
         <size>0x1e6</size>
         <input_file_ref idref="fl-e0"/>
      </object_component>
      <object_component id="oc-a3">
         <name>.debug_info</name>
         <load_address>0xd12a</load_address>
         <run_address>0xd12a</run_address>
         <size>0x145</size>
         <input_file_ref idref="fl-e1"/>
      </object_component>
      <object_component id="oc-2f1">
         <name>.debug_info</name>
         <load_address>0xd26f</load_address>
         <run_address>0xd26f</run_address>
         <size>0xf5</size>
         <input_file_ref idref="fl-e2"/>
      </object_component>
      <object_component id="oc-2ae">
         <name>.debug_info</name>
         <load_address>0xd364</load_address>
         <run_address>0xd364</run_address>
         <size>0x244</size>
         <input_file_ref idref="fl-e2"/>
      </object_component>
      <object_component id="oc-273">
         <name>.debug_info</name>
         <load_address>0xd5a8</load_address>
         <run_address>0xd5a8</run_address>
         <size>0x17d</size>
         <input_file_ref idref="fl-e3"/>
      </object_component>
      <object_component id="oc-2ec">
         <name>.debug_info</name>
         <load_address>0xd725</load_address>
         <run_address>0xd725</run_address>
         <size>0xf3</size>
         <input_file_ref idref="fl-e4"/>
      </object_component>
      <object_component id="oc-2e9">
         <name>.debug_info</name>
         <load_address>0xd818</load_address>
         <run_address>0xd818</run_address>
         <size>0x154</size>
         <input_file_ref idref="fl-e5"/>
      </object_component>
      <object_component id="oc-1b1">
         <name>.debug_info</name>
         <load_address>0xd96c</load_address>
         <run_address>0xd96c</run_address>
         <size>0x1e9</size>
         <input_file_ref idref="fl-e6"/>
      </object_component>
      <object_component id="oc-159">
         <name>.debug_info</name>
         <load_address>0xdb55</load_address>
         <run_address>0xdb55</run_address>
         <size>0x1e0</size>
         <input_file_ref idref="fl-e6"/>
      </object_component>
      <object_component id="oc-21e">
         <name>.debug_info</name>
         <load_address>0xdd35</load_address>
         <run_address>0xdd35</run_address>
         <size>0x19b</size>
         <input_file_ref idref="fl-e7"/>
      </object_component>
      <object_component id="oc-188">
         <name>.debug_info</name>
         <load_address>0xded0</load_address>
         <run_address>0xded0</run_address>
         <size>0x19e</size>
         <input_file_ref idref="fl-e7"/>
      </object_component>
      <object_component id="oc-ed">
         <name>.debug_info</name>
         <load_address>0xe06e</load_address>
         <run_address>0xe06e</run_address>
         <size>0x188</size>
         <input_file_ref idref="fl-e7"/>
      </object_component>
      <object_component id="oc-e7">
         <name>.debug_info</name>
         <load_address>0xe1f6</load_address>
         <run_address>0xe1f6</run_address>
         <size>0x1ba</size>
         <input_file_ref idref="fl-e7"/>
      </object_component>
      <object_component id="oc-f4">
         <name>.debug_info</name>
         <load_address>0xe3b0</load_address>
         <run_address>0xe3b0</run_address>
         <size>0x1ab</size>
         <input_file_ref idref="fl-e7"/>
      </object_component>
      <object_component id="oc-26e">
         <name>.debug_info</name>
         <load_address>0xe55b</load_address>
         <run_address>0xe55b</run_address>
         <size>0xe8</size>
         <input_file_ref idref="fl-e8"/>
      </object_component>
      <object_component id="oc-225">
         <name>.debug_info</name>
         <load_address>0xe643</load_address>
         <run_address>0xe643</run_address>
         <size>0xf6</size>
         <input_file_ref idref="fl-e8"/>
      </object_component>
      <object_component id="oc-1a5">
         <name>.debug_info</name>
         <load_address>0xe739</load_address>
         <run_address>0xe739</run_address>
         <size>0x1cb</size>
         <input_file_ref idref="fl-e8"/>
      </object_component>
      <object_component id="oc-229">
         <name>.debug_info</name>
         <load_address>0xe904</load_address>
         <run_address>0xe904</run_address>
         <size>0x219</size>
         <input_file_ref idref="fl-e8"/>
      </object_component>
      <object_component id="oc-1b7">
         <name>.debug_info</name>
         <load_address>0xeb1d</load_address>
         <run_address>0xeb1d</run_address>
         <size>0x1de</size>
         <input_file_ref idref="fl-e8"/>
      </object_component>
      <object_component id="oc-1ab">
         <name>.debug_info</name>
         <load_address>0xecfb</load_address>
         <run_address>0xecfb</run_address>
         <size>0x22e</size>
         <input_file_ref idref="fl-e8"/>
      </object_component>
      <object_component id="oc-201">
         <name>.debug_info</name>
         <load_address>0xef29</load_address>
         <run_address>0xef29</run_address>
         <size>0x1f8</size>
         <input_file_ref idref="fl-e9"/>
      </object_component>
      <object_component id="oc-1be">
         <name>.debug_info</name>
         <load_address>0xf121</load_address>
         <run_address>0xf121</run_address>
         <size>0xff</size>
         <input_file_ref idref="fl-e9"/>
      </object_component>
      <object_component id="oc-18c">
         <name>.debug_info</name>
         <load_address>0xf220</load_address>
         <run_address>0xf220</run_address>
         <size>0x1b2</size>
         <input_file_ref idref="fl-e9"/>
      </object_component>
      <object_component id="oc-103">
         <name>.debug_info</name>
         <load_address>0xf3d2</load_address>
         <run_address>0xf3d2</run_address>
         <size>0x1f7</size>
         <input_file_ref idref="fl-e9"/>
      </object_component>
      <object_component id="oc-19e">
         <name>.debug_info</name>
         <load_address>0xf5c9</load_address>
         <run_address>0xf5c9</run_address>
         <size>0x1f9</size>
         <input_file_ref idref="fl-e9"/>
      </object_component>
      <object_component id="oc-11b">
         <name>.debug_info</name>
         <load_address>0xf7c2</load_address>
         <run_address>0xf7c2</run_address>
         <size>0x222</size>
         <input_file_ref idref="fl-e9"/>
      </object_component>
      <object_component id="oc-10f">
         <name>.debug_info</name>
         <load_address>0xf9e4</load_address>
         <run_address>0xf9e4</run_address>
         <size>0x1cc</size>
         <input_file_ref idref="fl-e9"/>
      </object_component>
      <object_component id="oc-f7">
         <name>.debug_info</name>
         <load_address>0xfbb0</load_address>
         <run_address>0xfbb0</run_address>
         <size>0x28f</size>
         <input_file_ref idref="fl-e9"/>
      </object_component>
      <object_component id="oc-192">
         <name>.debug_info</name>
         <load_address>0xfe3f</load_address>
         <run_address>0xfe3f</run_address>
         <size>0x1cb</size>
         <input_file_ref idref="fl-e9"/>
      </object_component>
      <object_component id="oc-198">
         <name>.debug_info</name>
         <load_address>0x1000a</load_address>
         <run_address>0x1000a</run_address>
         <size>0x1e0</size>
         <input_file_ref idref="fl-e9"/>
      </object_component>
      <object_component id="oc-211">
         <name>.debug_info</name>
         <load_address>0x101ea</load_address>
         <run_address>0x101ea</run_address>
         <size>0x1cc</size>
         <input_file_ref idref="fl-ea"/>
      </object_component>
      <object_component id="oc-127">
         <name>.debug_info</name>
         <load_address>0x103b6</load_address>
         <run_address>0x103b6</run_address>
         <size>0x185</size>
         <input_file_ref idref="fl-ea"/>
      </object_component>
      <object_component id="oc-115">
         <name>.debug_info</name>
         <load_address>0x1053b</load_address>
         <run_address>0x1053b</run_address>
         <size>0x183</size>
         <input_file_ref idref="fl-ea"/>
      </object_component>
      <object_component id="oc-121">
         <name>.debug_info</name>
         <load_address>0x106be</load_address>
         <run_address>0x106be</run_address>
         <size>0x29a</size>
         <input_file_ref idref="fl-ea"/>
      </object_component>
      <object_component id="oc-165">
         <name>.debug_info</name>
         <load_address>0x10958</load_address>
         <run_address>0x10958</run_address>
         <size>0x1b6</size>
         <input_file_ref idref="fl-ea"/>
      </object_component>
      <object_component id="oc-15f">
         <name>.debug_info</name>
         <load_address>0x10b0e</load_address>
         <run_address>0x10b0e</run_address>
         <size>0x1b2</size>
         <input_file_ref idref="fl-ea"/>
      </object_component>
      <object_component id="oc-153">
         <name>.debug_info</name>
         <load_address>0x10cc0</load_address>
         <run_address>0x10cc0</run_address>
         <size>0x189</size>
         <input_file_ref idref="fl-ea"/>
      </object_component>
      <object_component id="oc-16b">
         <name>.debug_info</name>
         <load_address>0x10e49</load_address>
         <run_address>0x10e49</run_address>
         <size>0x18b</size>
         <input_file_ref idref="fl-ea"/>
      </object_component>
      <object_component id="oc-1c2">
         <name>.debug_info</name>
         <load_address>0x10fd4</load_address>
         <run_address>0x10fd4</run_address>
         <size>0x268</size>
         <input_file_ref idref="fl-eb"/>
      </object_component>
      <object_component id="oc-23a">
         <name>.debug_info</name>
         <load_address>0x1123c</load_address>
         <run_address>0x1123c</run_address>
         <size>0x18a</size>
         <input_file_ref idref="fl-eb"/>
      </object_component>
      <object_component id="oc-234">
         <name>.debug_info</name>
         <load_address>0x113c6</load_address>
         <run_address>0x113c6</run_address>
         <size>0x18c</size>
         <input_file_ref idref="fl-eb"/>
      </object_component>
      <object_component id="oc-1d4">
         <name>.debug_info</name>
         <load_address>0x11552</load_address>
         <run_address>0x11552</run_address>
         <size>0x196</size>
         <input_file_ref idref="fl-eb"/>
      </object_component>
      <object_component id="oc-1da">
         <name>.debug_info</name>
         <load_address>0x116e8</load_address>
         <run_address>0x116e8</run_address>
         <size>0x1a6</size>
         <input_file_ref idref="fl-eb"/>
      </object_component>
      <object_component id="oc-1c8">
         <name>.debug_info</name>
         <load_address>0x1188e</load_address>
         <run_address>0x1188e</run_address>
         <size>0x1b7</size>
         <input_file_ref idref="fl-eb"/>
      </object_component>
      <object_component id="oc-17c">
         <name>.debug_info</name>
         <load_address>0x11a45</load_address>
         <run_address>0x11a45</run_address>
         <size>0x15a</size>
         <input_file_ref idref="fl-ed"/>
      </object_component>
      <object_component id="oc-339">
         <name>.debug_info</name>
         <load_address>0x11b9f</load_address>
         <run_address>0x11b9f</run_address>
         <size>0xbb</size>
      </object_component>
      <object_component id="oc-21a">
         <name>.debug_line</name>
         <load_address>0x0</load_address>
         <run_address>0x0</run_address>
         <size>0x4e</size>
         <input_file_ref idref="fl-2"/>
      </object_component>
      <object_component id="oc-216">
         <name>.debug_line</name>
         <load_address>0x4e</load_address>
         <run_address>0x4e</run_address>
         <size>0x31</size>
         <input_file_ref idref="fl-2"/>
      </object_component>
      <object_component id="oc-218">
         <name>.debug_line</name>
         <load_address>0x7f</load_address>
         <run_address>0x7f</run_address>
         <size>0x35</size>
         <input_file_ref idref="fl-2"/>
      </object_component>
      <object_component id="oc-e2">
         <name>.debug_line</name>
         <load_address>0xb4</load_address>
         <run_address>0xb4</run_address>
         <size>0x410</size>
         <input_file_ref idref="fl-2"/>
      </object_component>
      <object_component id="oc-3f">
         <name>.debug_line</name>
         <load_address>0x4c4</load_address>
         <run_address>0x4c4</run_address>
         <size>0x20</size>
         <input_file_ref idref="fl-2"/>
      </object_component>
      <object_component id="oc-214">
         <name>.debug_line</name>
         <load_address>0x4e4</load_address>
         <run_address>0x4e4</run_address>
         <size>0x89</size>
         <input_file_ref idref="fl-3"/>
      </object_component>
      <object_component id="oc-dc">
         <name>.debug_line</name>
         <load_address>0x56d</load_address>
         <run_address>0x56d</run_address>
         <size>0x224</size>
         <input_file_ref idref="fl-3"/>
      </object_component>
      <object_component id="oc-266">
         <name>.debug_line</name>
         <load_address>0x791</load_address>
         <run_address>0x791</run_address>
         <size>0x55</size>
         <input_file_ref idref="fl-3"/>
      </object_component>
      <object_component id="oc-185">
         <name>.debug_line</name>
         <load_address>0x7e6</load_address>
         <run_address>0x7e6</run_address>
         <size>0x53</size>
         <input_file_ref idref="fl-3"/>
      </object_component>
      <object_component id="oc-94">
         <name>.debug_line</name>
         <load_address>0x839</load_address>
         <run_address>0x839</run_address>
         <size>0x65</size>
         <input_file_ref idref="fl-3"/>
      </object_component>
      <object_component id="oc-209">
         <name>.debug_line</name>
         <load_address>0x89e</load_address>
         <run_address>0x89e</run_address>
         <size>0x152</size>
         <input_file_ref idref="fl-4"/>
      </object_component>
      <object_component id="oc-207">
         <name>.debug_line</name>
         <load_address>0x9f0</load_address>
         <run_address>0x9f0</run_address>
         <size>0x31</size>
         <input_file_ref idref="fl-4"/>
      </object_component>
      <object_component id="oc-ac">
         <name>.debug_line</name>
         <load_address>0xa21</load_address>
         <run_address>0xa21</run_address>
         <size>0x45b</size>
         <input_file_ref idref="fl-4"/>
      </object_component>
      <object_component id="oc-100">
         <name>.debug_line</name>
         <load_address>0xe7c</load_address>
         <run_address>0xe7c</run_address>
         <size>0x6b</size>
         <input_file_ref idref="fl-5"/>
      </object_component>
      <object_component id="oc-81">
         <name>.debug_line</name>
         <load_address>0xee7</load_address>
         <run_address>0xee7</run_address>
         <size>0x61</size>
         <input_file_ref idref="fl-6"/>
      </object_component>
      <object_component id="oc-34">
         <name>.debug_line</name>
         <load_address>0xf48</load_address>
         <run_address>0xf48</run_address>
         <size>0x61</size>
         <input_file_ref idref="fl-6"/>
      </object_component>
      <object_component id="oc-31">
         <name>.debug_line</name>
         <load_address>0xfa9</load_address>
         <run_address>0xfa9</run_address>
         <size>0xd9</size>
         <input_file_ref idref="fl-6"/>
      </object_component>
      <object_component id="oc-260">
         <name>.debug_line</name>
         <load_address>0x1082</load_address>
         <run_address>0x1082</run_address>
         <size>0x158</size>
         <input_file_ref idref="fl-7"/>
      </object_component>
      <object_component id="oc-25e">
         <name>.debug_line</name>
         <load_address>0x11da</load_address>
         <run_address>0x11da</run_address>
         <size>0x5d</size>
         <input_file_ref idref="fl-7"/>
      </object_component>
      <object_component id="oc-10d">
         <name>.debug_line</name>
         <load_address>0x1237</load_address>
         <run_address>0x1237</run_address>
         <size>0x1d7</size>
         <input_file_ref idref="fl-7"/>
      </object_component>
      <object_component id="oc-1fe">
         <name>.debug_line</name>
         <load_address>0x140e</load_address>
         <run_address>0x140e</run_address>
         <size>0x65</size>
         <input_file_ref idref="fl-7"/>
      </object_component>
      <object_component id="oc-1f9">
         <name>.debug_line</name>
         <load_address>0x1473</load_address>
         <run_address>0x1473</run_address>
         <size>0x65</size>
         <input_file_ref idref="fl-7"/>
      </object_component>
      <object_component id="oc-25">
         <name>.debug_line</name>
         <load_address>0x14d8</load_address>
         <run_address>0x14d8</run_address>
         <size>0x4d</size>
         <input_file_ref idref="fl-c2"/>
      </object_component>
      <object_component id="oc-c8">
         <name>.debug_line</name>
         <load_address>0x1525</load_address>
         <run_address>0x1525</run_address>
         <size>0x20</size>
         <input_file_ref idref="fl-c3"/>
      </object_component>
      <object_component id="oc-16">
[...]
         <value>0x20006513</value>
         <object_component_ref idref="oc-a8"/>
      </symbol>
      <symbol id="sm-172">
         <name>main</name>
         <value>0x200066cb</value>
         <object_component_ref idref="oc-a8"/>
      </symbol>
      <symbol id="sm-173">
         <name>delay</name>
         <value>0x20005fa1</value>
         <object_component_ref idref="oc-a8"/>
      </symbol>
      <symbol id="sm-174">
         <name>lcdTestPattern2</name>
         <value>0x200065e3</value>
         <object_component_ref idref="oc-a8"/>
      </symbol>
      <symbol id="sm-175">
         <name>testtriangles</name>
         <value>0x20006251</value>
         <object_component_ref idref="oc-a8"/>
      </symbol>
      <symbol id="sm-176">
         <name>testfillrects</name>
         <value>0x200060a7</value>
         <object_component_ref idref="oc-a8"/>
      </symbol>
      <symbol id="sm-177">
         <name>testdrawrects</name>
         <value>0x20006047</value>
         <object_component_ref idref="oc-a8"/>
      </symbol>
      <symbol id="sm-178">
         <name>testfillcircles</name>
         <value>0x20006165</value>
         <object_component_ref idref="oc-a8"/>
      </symbol>
      <symbol id="sm-185">
         <name>PinMuxConfig</name>
         <value>0x20007a01</value>
         <object_component_ref idref="oc-fc"/>
      </symbol>
      <symbol id="sm-1a4">
         <name>ResetISR</name>
         <value>0x2000899b</value>
         <object_component_ref idref="oc-2d"/>
      </symbol>
      <symbol id="sm-1a5">
         <name>g_pfnVectors</name>
         <value>0x20004000</value>
         <object_component_ref idref="oc-f"/>
      </symbol>
      <symbol id="sm-1ec">
         <name>GetCmd</name>
         <value>0x200071a7</value>
         <object_component_ref idref="oc-108"/>
      </symbol>
      <symbol id="sm-1ed">
         <name>Message</name>
         <value>0x20007143</value>
         <object_component_ref idref="oc-108"/>
      </symbol>
      <symbol id="sm-1ee">
         <name>Report</name>
         <value>0x200072e5</value>
         <object_component_ref idref="oc-108"/>
      </symbol>
      <symbol id="sm-1ef">
         <name>Error</name>
         <value>0x2000716f</value>
         <object_component_ref idref="oc-108"/>
      </symbol>
      <symbol id="sm-1f0">
         <name>InitTerm</name>
         <value>0x20007125</value>
         <object_component_ref idref="oc-108"/>
      </symbol>
      <symbol id="sm-1f1">
         <name>ClearTerm</name>
         <value>0x20007165</value>
         <object_component_ref idref="oc-108"/>
      </symbol>
      <symbol id="sm-1f2">
         <name>TrimSpace</name>
         <value>0x2000724d</value>
         <object_component_ref idref="oc-108"/>
      </symbol>
      <symbol id="sm-202">
         <name>_c_int00</name>
         <value>0x200085b1</value>
         <object_component_ref idref="oc-24"/>
      </symbol>
      <symbol id="sm-203">
         <name>__stack</name>
         <value>0x2002f800</value>
         <object_component_ref idref="oc-29"/>
      </symbol>
      <symbol id="sm-221">
         <name>__TI_decompress_lzss</name>
         <value>0x200082c9</value>
         <object_component_ref idref="oc-12"/>
      </symbol>
      <symbol id="sm-238">
         <name>__TI_decompress_none</name>
         <value>0x2000898d</value>
         <object_component_ref idref="oc-18"/>
      </symbol>
      <symbol id="sm-24a">
         <name>__TI_zero_init</name>
         <value>0x200089a9</value>
         <object_component_ref idref="oc-1e"/>
      </symbol>
      <symbol id="sm-26b">
         <name>C$$EXIT</name>
         <value>0x2000843d</value>
         <object_component_ref idref="oc-71"/>
      </symbol>
      <symbol id="sm-26c">
         <name>abort</name>
         <value>0x20008441</value>
         <object_component_ref idref="oc-71"/>
      </symbol>
      <symbol id="sm-26d">
         <name>exit</name>
         <value>0x20008449</value>
         <object_component_ref idref="oc-71"/>
      </symbol>
      <symbol id="sm-26e">
         <name>__TI_dtors_ptr</name>
         <value>0x2001781c</value>
         <object_component_ref idref="oc-b0"/>
      </symbol>
      <symbol id="sm-26f">
         <name>__TI_cleanup_ptr</name>
         <value>0x20017818</value>
         <object_component_ref idref="oc-b0"/>
      </symbol>
      <symbol id="sm-270">
         <name>__TI_enable_exit_profile_output</name>
         <value>0x20017820</value>
         <object_component_ref idref="oc-b0"/>
      </symbol>
      <symbol id="sm-28b">
         <name>memcpy</name>
         <value>0x20007e1d</value>
         <object_component_ref idref="oc-41"/>
      </symbol>
      <symbol id="sm-28c">
         <name>__aeabi_memcpy</name>
         <value>0x20007e1d</value>
         <object_component_ref idref="oc-41"/>
      </symbol>
      <symbol id="sm-28d">
         <name>__aeabi_memcpy8</name>
         <value>0x20007e1d</value>
         <object_component_ref idref="oc-41"/>
      </symbol>
      <symbol id="sm-28e">
         <name>__aeabi_memcpy4</name>
         <value>0x20007e1d</value>
         <object_component_ref idref="oc-41"/>
      </symbol>
      <symbol id="sm-29e">
         <name>memmove</name>
         <value>0x2000876d</value>
         <object_component_ref idref="oc-1e5"/>
      </symbol>
      <symbol id="sm-312">
         <name>_sys_memory</name>
         <value>0x20017000</value>
         <object_component_ref idref="oc-2a"/>
      </symbol>
      <symbol id="sm-313">
         <name>free</name>
         <value>0x20006e3f</value>
         <object_component_ref idref="oc-1eb"/>
      </symbol>
      <symbol id="sm-314">
         <name>realloc</name>
         <value>0x20006f01</value>
         <object_component_ref idref="oc-1eb"/>
      </symbol>
      <symbol id="sm-315">
         <name>memalign</name>
         <value>0x20007009</value>
         <object_component_ref idref="oc-1eb"/>
      </symbol>
      <symbol id="sm-316">
         <name>calloc</name>
         <value>0x200070f5</value>
         <object_component_ref idref="oc-1eb"/>
      </symbol>
      <symbol id="sm-317">
         <name>malloc</name>
         <value>0x20006dd5</value>
         <object_component_ref idref="oc-1eb"/>
      </symbol>
      <symbol id="sm-318">
         <name>minit</name>
         <value>0x20006d55</value>
         <object_component_ref idref="oc-1eb"/>
      </symbol>
      <symbol id="sm-327">
         <name>__aeabi_memset</name>
         <value>0x2000816b</value>
         <object_component_ref idref="oc-4d"/>
      </symbol>
      <symbol id="sm-328">
         <name>memset</name>
         <value>0x20008171</value>
         <object_component_ref idref="oc-4d"/>
      </symbol>
      <symbol id="sm-329">
         <name>__aeabi_memset8</name>
         <value>0x2000816b</value>
         <object_component_ref idref="oc-4d"/>
      </symbol>
      <symbol id="sm-32a">
         <name>__aeabi_memset4</name>
         <value>0x2000816b</value>
         <object_component_ref idref="oc-4d"/>
      </symbol>
      <symbol id="sm-32b">
         <name>__aeabi_memclr8</name>
         <value>0x20008169</value>
         <object_component_ref idref="oc-4d"/>
      </symbol>
      <symbol id="sm-32c">
         <name>__aeabi_memclr4</name>
         <value>0x20008169</value>
         <object_component_ref idref="oc-4d"/>
      </symbol>
      <symbol id="sm-32d">
         <name>__aeabi_memclr</name>
         <value>0x20008169</value>
         <object_component_ref idref="oc-4d"/>
      </symbol>
      <symbol id="sm-337">
         <name>__mpu_init</name>
         <value>0x2000551f</value>
         <object_component_ref idref="oc-59"/>
      </symbol>
      <symbol id="sm-341">
         <name>_system_pre_init</name>
         <value>0x200089cd</value>
         <object_component_ref idref="oc-5f"/>
      </symbol>
      <symbol id="sm-349">
         <name>main_func_sp</name>
         <value>0x2001783c</value>
         <object_component_ref idref="oc-77"/>
      </symbol>
      <symbol id="sm-357">
         <name>strlen</name>
         <value>0x20008979</value>
         <object_component_ref idref="oc-1df"/>
      </symbol>
      <symbol id="sm-378">
         <name>vsnprintf</name>
         <value>0x20007fd5</value>
         <object_component_ref idref="oc-1cd"/>
      </symbol>
      <symbol id="sm-391">
         <name>_nop</name>
         <value>0x20008973</value>
         <object_component_ref idref="oc-13a"/>
      </symbol>
      <symbol id="sm-392">
         <name>_lock</name>
         <value>0x20017830</value>
         <object_component_ref idref="oc-b3"/>
      </symbol>
      <symbol id="sm-393">
         <name>_unlock</name>
         <value>0x20017834</value>
         <object_component_ref idref="oc-b3"/>
      </symbol>
      <symbol id="sm-394">
         <name>_register_lock</name>
         <value>0x2000896b</value>
         <object_component_ref idref="oc-13a"/>
      </symbol>
      <symbol id="sm-395">
         <name>_register_unlock</name>
         <value>0x20008965</value>
         <object_component_ref idref="oc-13a"/>
      </symbol>
      <symbol id="sm-496">
         <name>__TI_printfi</name>
         <value>0x20004c35</value>
         <object_component_ref idref="oc-241"/>
      </symbol>
      <symbol id="sm-4aa">
         <name>_args_main</name>
         <value>0x200088e1</value>
         <object_component_ref idref="oc-6b"/>
      </symbol>
      <symbol id="sm-4c0">
         <name>atoi</name>
         <value>0x20008491</value>
         <object_component_ref idref="oc-2b2"/>
      </symbol>
      <symbol id="sm-4ea">
         <name>__TI_auto_init</name>
         <value>0x20008259</value>
         <object_component_ref idref="oc-65"/>
      </symbol>
      <symbol id="sm-504">
         <name>copy_in</name>
         <value>0x200084dd</value>
         <object_component_ref idref="oc-9a"/>
      </symbol>
      <symbol id="sm-50f">
         <name>_ctypes_</name>
         <value>0x200093c6</value>
         <object_component_ref idref="oc-2f2"/>
      </symbol>
      <symbol id="sm-526">
         <name>__aeabi_dsub</name>
         <value>0x20007599</value>
         <object_component_ref idref="oc-29b"/>
      </symbol>
      <symbol id="sm-527">
         <name>__aeabi_dadd</name>
         <value>0x200075a3</value>
         <object_component_ref idref="oc-29b"/>
      </symbol>
      <symbol id="sm-549">
         <name>__aeabi_cdcmpeq</name>
         <value>0x2000805d</value>
         <object_component_ref idref="oc-277"/>
      </symbol>
      <symbol id="sm-54a">
         <name>__aeabi_cdcmple</name>
         <value>0x2000805d</value>
         <object_component_ref idref="oc-277"/>
      </symbol>
      <symbol id="sm-54b">
         <name>__aeabi_cdrcmple</name>
         <value>0x200080e3</value>
         <object_component_ref idref="oc-286"/>
      </symbol>
      <symbol id="sm-55f">
         <name>__aeabi_ddiv</name>
         <value>0x200078c9</value>
         <object_component_ref idref="oc-281"/>
      </symbol>
      <symbol id="sm-56a">
         <name>__aeabi_dmul</name>
         <value>0x20007b09</value>
         <object_component_ref idref="oc-27c"/>
      </symbol>
      <symbol id="sm-574">
         <name>__aeabi_d2iz</name>
         <value>0x20008529</value>
         <object_component_ref idref="oc-28b"/>
      </symbol>
      <symbol id="sm-57e">
         <name>__aeabi_i2d</name>
         <value>0x200086c5</value>
         <object_component_ref idref="oc-296"/>
      </symbol>
      <symbol id="sm-58d">
         <name>ltoa</name>
         <value>0x200083e5</value>
         <object_component_ref idref="oc-290"/>
      </symbol>
      <symbol id="sm-59d">
         <name>memccpy</name>
         <value>0x2000884b</value>
         <object_component_ref idref="oc-2b8"/>
      </symbol>
      <symbol id="sm-5b8">
         <name>frexpl</name>
         <value>0x20008331</value>
         <object_component_ref idref="oc-2a0"/>
      </symbol>
      <symbol id="sm-5b9">
         <name>frexp</name>
         <value>0x20008331</value>
         <object_component_ref idref="oc-2a0"/>
      </symbol>
      <symbol id="sm-5d7">
         <name>scalbn</name>
         <value>0x20007c05</value>
         <object_component_ref idref="oc-2a6"/>
      </symbol>
      <symbol id="sm-5d8">
         <name>scalbnl</name>
         <value>0x20007c05</value>
         <object_component_ref idref="oc-2a6"/>
      </symbol>
      <symbol id="sm-5d9">
         <name>ldexpl</name>
         <value>0x20007c05</value>
         <object_component_ref idref="oc-2a6"/>
      </symbol>
      <symbol id="sm-5da">
         <name>ldexp</name>
         <value>0x20007c05</value>
         <object_component_ref idref="oc-2a6"/>
      </symbol>
      <symbol id="sm-5e4">
         <name>_system_post_cinit</name>
         <value>0x20006d53</value>
         <object_component_ref idref="oc-a0"/>
      </symbol>
      <symbol id="sm-5f4">
         <name>strchr</name>
         <value>0x20008925</value>
         <object_component_ref idref="oc-2ac"/>
      </symbol>
      <symbol id="sm-610">
         <name>__aeabi_uldivmod</name>
         <value>0x200073a5</value>
         <object_component_ref idref="oc-272"/>
      </symbol>
      <symbol id="sm-618">
         <name>errno</name>
         <value>0x20017838</value>
         <object_component_ref idref="oc-2eb"/>
      </symbol>
      <symbol id="sm-622">
         <name>copysign</name>
         <value>0x200089bf</value>
         <object_component_ref idref="oc-2e5"/>
      </symbol>
      <symbol id="sm-623">
         <name>copysignl</name>
         <value>0x200089bf</value>
         <object_component_ref idref="oc-2e5"/>
      </symbol>
      <symbol id="sm-637">
         <name>GPIODirModeSet</name>
         <value>0x2000862d</value>
         <object_component_ref idref="oc-1b0"/>
      </symbol>
      <symbol id="sm-638">
         <name>GPIOPinWrite</name>
         <value>0x200087b3</value>
         <object_component_ref idref="oc-158"/>
      </symbol>
      <symbol id="sm-66f">
         <name>IntVTableBaseSet</name>
         <value>0x20008951</value>
         <object_component_ref idref="oc-e4"/>
      </symbol>
      <symbol id="sm-670">
         <name>IntEnable</name>
         <value>0x20007cd5</value>
         <object_component_ref idref="oc-f0"/>
      </symbol>
      <symbol id="sm-671">
         <name>IntMasterEnable</name>
         <value>0x200089b5</value>
         <object_component_ref idref="oc-ea"/>
      </symbol>
      <symbol id="sm-6a8">
         <name>PinTypeGPIO</name>
         <value>0x20008663</value>
         <object_component_ref idref="oc-1aa"/>
      </symbol>
      <symbol id="sm-6a9">
         <name>PinConfigSet</name>
         <value>0x20007f4d</value>
         <object_component_ref idref="oc-228"/>
      </symbol>
      <symbol id="sm-6aa">
         <name>PinTypeSPI</name>
         <value>0x20008867</value>
         <object_component_ref idref="oc-1b6"/>
      </symbol>
      <symbol id="sm-6ab">
         <name>PinModeSet</name>
         <value>0x20008571</value>
         <object_component_ref idref="oc-1a4"/>
      </symbol>
      <symbol id="sm-731">
         <name>PRCMPeripheralReset</name>
         <value>0x2000838d</value>
         <object_component_ref idref="oc-10e"/>
      </symbol>
      <symbol id="sm-732">
         <name>PRCMPeripheralClkEnable</name>
         <value>0x200085f1</value>
         <object_component_ref idref="oc-102"/>
      </symbol>
      <symbol id="sm-733">
         <name>PRCMPeripheralClockGet</name>
         <value>0x20007eb9</value>
         <object_component_ref idref="oc-11a"/>
      </symbol>
      <symbol id="sm-734">
         <name>PRCMCC3200MCUInit</name>
         <value>0x20007751</value>
         <object_component_ref idref="oc-f6"/>
      </symbol>
      <symbol id="sm-735">
         <name>PRCMHIBRegWrite</name>
         <value>0x2000890f</value>
         <object_component_ref idref="oc-197"/>
      </symbol>
      <symbol id="sm-736">
         <name>PRCMSysResetCauseGet</name>
         <value>0x200086f5</value>
         <object_component_ref idref="oc-18b"/>
      </symbol>
      <symbol id="sm-737">
         <name>PRCMPeripheralClkDisable</name>
         <value>0x20008721</value>
         <object_component_ref idref="oc-19d"/>
      </symbol>
      <symbol id="sm-738">
         <name>PRCMHIBRegRead</name>
         <value>0x200088f9</value>
         <object_component_ref idref="oc-191"/>
      </symbol>
      <symbol id="sm-77d">
         <name>SPICSEnable</name>
         <value>0x20008899</value>
         <object_component_ref idref="oc-152"/>
      </symbol>
      <symbol id="sm-77e">
         <name>SPIDataPut</name>
         <value>0x200087f3</value>
         <object_component_ref idref="oc-15e"/>
      </symbol>
      <symbol id="sm-77f">
         <name>SPIEnable</name>
         <value>0x200088b1</value>
         <object_component_ref idref="oc-126"/>
      </symbol>
      <symbol id="sm-780">
         <name>SPIDataGet</name>
         <value>0x200087d3</value>
         <object_component_ref idref="oc-164"/>
      </symbol>
      <symbol id="sm-781">
         <name>SPIConfigSetExpClk</name>
         <value>0x20007d7d</value>
         <object_component_ref idref="oc-120"/>
      </symbol>
      <symbol id="sm-782">
         <name>SPIReset</name>
         <value>0x20008791</value>
         <object_component_ref idref="oc-114"/>
      </symbol>
      <symbol id="sm-783">
         <name>SPICSDisable</name>
         <value>0x20008881</value>
         <object_component_ref idref="oc-16a"/>
      </symbol>
      <symbol id="sm-7bf">
         <name>UARTConfigSetExpClk</name>
         <value>0x200081e3</value>
         <object_component_ref idref="oc-1c1"/>
      </symbol>
      <symbol id="sm-7c0">
         <name>UARTDisable</name>
         <value>0x20008695</value>
         <object_component_ref idref="oc-233"/>
      </symbol>
      <symbol id="sm-7c1">
         <name>UARTCharsAvail</name>
         <value>0x200088c9</value>
         <object_component_ref idref="oc-1d3"/>
      </symbol>
      <symbol id="sm-7c2">
         <name>UARTCharGetNonBlocking</name>
         <value>0x2000882f</value>
         <object_component_ref idref="oc-1d9"/>
      </symbol>
      <symbol id="sm-7c3">
         <name>UARTCharPut</name>
         <value>0x20008811</value>
         <object_component_ref idref="oc-1c7"/>
      </symbol>
      <symbol id="sm-7c4">
         <name>UARTEnable</name>
         <value>0x20008749</value>
         <object_component_ref idref="oc-239"/>
      </symbol>
      <symbol id="sm-7c8">
         <name>UtilsDelay</name>
         <value>0x200089c7</value>
         <object_component_ref idref="oc-220"/>
      </symbol>
      <symbol id="sm-7d2">
         <name>CPUcpsie</name>
         <value>0x2000893b</value>
         <object_component_ref idref="oc-17b"/>
      </symbol>
      <symbol id="sm-7d4">
         <name>__TI_static_base__</name>
         <value>0x200096f0</value>
      </symbol>
      <symbol id="sm-7d7">
         <name>SHT$$INIT_ARRAY$$Limit</name>
         <value>0x0</value>
      </symbol>
      <symbol id="sm-7d8">
         <name>SHT$$INIT_ARRAY$$Base</name>
         <value>0x0</value>
      </symbol>
   </symbol_table>
   <title>Link successful</title>
</link_info>
