******************************************************************************
                  TI ARM Linker PC v16.9.0                     
******************************************************************************
>> Linked Tue May 17 19:42:34 2022

OUTPUT FILE NAME:   <ssl.out>
ENTRY POINT SYMBOL: "_c_int00"  address: 20010575


MEMORY CONFIGURATION

         name            origin    length      used     unused   attr    fill
----------------------  --------  ---------  --------  --------  ----  --------
  SRAM_CODE             20004000   00013000  0000dd88  00005278  RW X
  SRAM_DATA             20017000   00019000  00009cdf  0000f321  RW X


SEGMENT ALLOCATION MAP

run origin  load origin   length   init length attrs members
----------  ----------- ---------- ----------- ----- -------
20004000    20004000    0000dd88   0000dd88    r-x
  20004000    20004000    00000400   00000400    r-- .intvecs
  20004400    20004400    0000cce8   0000cce8    r-x .text
  200110e8    200110e8    00000b90   00000b90    r-- .const
  20011c78    20011c78    00000110   00000110    r-- .cinit
20017000    20017000    00008ce0   00000000    rw-
  20017000    20017000    00008000   00000000    rw- .sysmem
  2001f000    2001f000    00000967   00000000    rw- .bss
  2001f968    2001f968    00000378   00000000    rw- .data
2002f000    2002f000    00001000   00000000    rw-
  2002f000    2002f000    00001000   00000000    rw- .stack


SECTION ALLOCATION MAP

 output                                  attributes/
section   page    origin      length       input sections
--------  ----  ----------  ----------   ----------------
.intvecs   0    20004000    00000400     
                  20004000    00000400     startup_ccs.obj (.intvecs)

.init_array 
*          0    20004000    00000000     UNINITIALIZED

.text      0    20004400    0000cce8     
                  20004400    00002078     main.obj (.text)
                  20006478    0000111e     rtsv7M4_T_le_eabi.lib : _printfi.obj (.text)
                  20007596    00000002     driverlib.a : interrupt.obj (.text:IntDefaultHandler)
                  20007598    00000fc4     webclient.a : httpcli.obj (.text)
                  2000855c    00000a80     Adafruit_GFX.obj (.text)
                  20008fdc    00000590     simplelink.a : driver.obj (.text:_SlDrvMsgRead)
                  2000956c    000004a2     Adafruit_OLED.obj (.text)
                  20009a0e    00000002     rtsv7M4_T_le_eabi.lib : mpu_init.obj (.text)
                  20009a10    000003d0                           : memory.obj (.text)
                  20009de0    00000398     gpio_if.obj (.text)
                  2000a178    00000324     rtsv7M4_T_le_eabi.lib : trgdrv.obj (.text)
                  2000a49c    0000030c                           : lowlev.obj (.text)
                  2000a7a8    000002ea     webclient.a : ssock.obj (.text)
                  2000aa92    00000002     rtsv7M4_T_le_eabi.lib : startup.obj (.text)
                  2000aa94    00000298                           : vla_alloc.obj (.text)
                  2000ad2c    00000260     simplelink.a : wlan.obj (.text:sl_WlanConnect)
                  2000af8c    000001fc                  : driver.obj (.text:_SlDrvRxHdrRead)
                  2000b188    000001f4     rtsv7M4_T_le_eabi.lib : ull_div_t2.obj (.text)
                  2000b37c    000001e4     simplelink.a : driver.obj (.text:_SlDrvDataReadOp)
                  2000b560    000001d0                  : driver.obj (.text:_SlDrvReleasePoolObj)
                  2000b730    000001c4     rtsv7M4_T_le_eabi.lib : fopen.obj (.text)
                  2000b8f4    000001b6                           : fd_add_t2.obj (.text)
                  2000baaa    00000002     --HOLE-- [fill = 0]
                  2000baac    000001b4     simplelink.a : driver.obj (.text:_SlDrvDriverCBInit)
                  2000bc60    0000019c                  : driver.obj (.text:_SlDrvMsgWrite)
                  2000bdfc    00000190                  : driver.obj (.text:_SlDrvWaitForPoolObj)
                  2000bf8c    0000018c     uart_if.obj (.text)
                  2000c118    00000178     driverlib.a : prcm.obj (.text:PRCMCC3200MCUInit)
                  2000c290    00000170     simplelink.a : driver.obj (.text:_SlFindAndSetActiveObj)
                  2000c400    0000016c                  : socket.obj (.text:sl_Connect)
                  2000c56c    00000150                  : driver.obj (.text:_SlDrvDataWriteOp)
                  2000c6bc    00000148                  : cc_pal.obj (.text:spi_Open)
                  2000c804    00000136     rtsv7M4_T_le_eabi.lib : fd_div_t2.obj (.text)
                  2000c93a    00000002     --HOLE-- [fill = 0]
                  2000c93c    00000134                           : fputs.obj (.text)
                  2000ca70    0000012c     simplelink.a : netapp.obj (.text:sl_NetAppDnsGetHostByName)
                  2000cb9c    00000128                  : driver.obj (.text:_SlDrvMsgReadCmdCtx)
                  2000ccc4    00000124                  : driver.obj (.text:_SlDrvDriverCBDeinit)
                  2000cde8    00000118                  : socket.obj (.text:sl_Send)
                  2000cf00    00000114     rtsv7M4_T_le_eabi.lib : strtoul.obj (.text)
                  2000d014    00000104     simplelink.a : netapp.obj (.text:_SlDrvNetAppEventHandler)
                  2000d118    000000fc     rtsv7M4_T_le_eabi.lib : fd_mul_t2.obj (.text)
                  2000d214    000000fa     timer_if.obj (.text)
                  2000d30e    00000002     --HOLE-- [fill = 0]
                  2000d310    000000f0     simplelink.a : cc_pal.obj (.text:spi_Read)
                  2000d400    000000f0     driverlib.a : udma.obj (.text:uDMAChannelTransferSet)
                  2000d4f0    000000e8     simplelink.a : driver.obj (.text:_SlAsyncEventGenericHandler)
                  2000d5d8    000000e4                  : device.obj (.text:sl_Stop)
                  2000d6bc    000000e0                  : device.obj (.text:sl_Start)
                  2000d79c    000000dc                  : driver.obj (.text:_SlDrvClassifyRxMsg)
                  2000d878    000000dc     rtsv7M4_T_le_eabi.lib : setvbuf.obj (.text)
                  2000d954    000000d4     simplelink.a : driver.obj (.text:_SlDrvMsgReadSpawnCtx)
                  2000da28    000000d0     rtsv7M4_T_le_eabi.lib : s_scalbn.obj (.text)
                  2000daf8    000000cc     simplelink.a : netapp.obj (.text:_sl_HandleAsync_DnsGetHostByService)
                  2000dbc4    000000c8     rtsv7M4_T_le_eabi.lib : fflush.obj (.text)
                  2000dc8c    000000c8     simplelink.a : netapp.obj (.text:sl_NetAppMDNSRegisterUnregisterService)
                  2000dd54    000000c4                  : driver.obj (.text:_SlRemoveFromList)
                  2000de18    000000c0                  : driver.obj (.text:_SlDrvCmdOp)
                  2000ded8    000000b4                  : device.obj (.text:sl_DevGet)
                  2000df8c    000000ac     pinmux.obj (.text)
                  2000e038    000000ac     rtsv7M4_T_le_eabi.lib : _io_perm.obj (.text)
                  2000e0e4    000000a8     driverlib.a : interrupt.obj (.text:IntDisable)
                  2000e18c    000000a8                 : interrupt.obj (.text:IntEnable)
                  2000e234    000000a4     simplelink.a : driver.obj (.text:_SlDriverHandleError)
                  2000e2d8    000000a0     driverlib.a : spi.obj (.text:SPIConfigSetExpClk)
                  2000e378    0000009c     rtsv7M4_T_le_eabi.lib : memcpy_t2.obj (.text)
                  2000e414    0000009a     simplelink.a : device.obj (.text:_SlDrvDeviceEventHandler)
                  2000e4ae    00000002     --HOLE-- [fill = 0]
                  2000e4b0    00000098     rtsv7M4_T_le_eabi.lib : fclose.obj (.text)
                  2000e548    00000098                           : fputc.obj (.text)
                  2000e5e0    00000098     simplelink.a : cc_pal.obj (.text:spi_Write)
                  2000e678    00000094     driverlib.a : prcm.obj (.text:PRCMPeripheralClockGet)
                  2000e70c    00000092     rtsv7M4_T_le_eabi.lib : fs_div_t2.obj (.text)
                  2000e79e    00000002     --HOLE-- [fill = 0]
                  2000e7a0    00000090     simplelink.a : netapp.obj (.text:_sl_HandleAsync_DnsGetHostByName)
                  2000e830    00000090                  : netapp.obj (.text:_sl_HandleAsync_PingResponse)
                  2000e8c0    0000008c                  : cc_pal.obj (.text:SetupDMAReceive)
                  2000e94c    0000008c                  : cc_pal.obj (.text:SetupDMASend)
                  2000e9d8    0000008c                  : wlan.obj (.text:sl_WlanGetNetworkList)
                  2000ea64    00000088     driverlib.a : pin.obj (.text:PinConfigSet)
                  2000eaec    00000088     rtsv7M4_T_le_eabi.lib : vsnprintf.obj (.text)
                  2000eb74    00000088     simplelink.a : socket.obj (.text:sl_Recv)
                  2000ebfc    00000086     rtsv7M4_T_le_eabi.lib : fd_cmp_t2.obj (.text:__aeabi_cdcmple)
                  2000ec82    00000086                           : fd_cmp_t2.obj (.text:__aeabi_cdrcmple)
                  2000ed08    00000082     driverlib.a : gpio.obj (.text:GPIOIntTypeSet)
                  2000ed8a    00000002     --HOLE-- [fill = 0]
                  2000ed8c    00000080     simplelink.a : socket.obj (.text:_sl_HandleAsync_Connect)
                  2000ee0c    00000080                  : device.obj (.text:_sl_HandleAsync_InitComplete)
                  2000ee8c    00000080                  : cc_pal.obj (.text:spi_Read_CPU)
                  2000ef0c    00000080                  : cc_pal.obj (.text:spi_Write_CPU)
                  2000ef8c    0000007c                  : device.obj (.text:sl_DevSet)
                  2000f008    0000007c                  : netcfg.obj (.text:sl_NetCfgSet)
                  2000f084    0000007c                  : socket.obj (.text:sl_SetSockOpt)
                  2000f100    0000007c                  : wlan.obj (.text:sl_WlanSet)
                  2000f17c    0000007a     rtsv7M4_T_le_eabi.lib : memset_t2.obj (.text)
                  2000f1f6    00000002     --HOLE-- [fill = 0]
                  2000f1f8    00000078     simplelink.a : nonos.obj (.text:_SlNonOsSemGet)
                  2000f270    00000078                  : wlan.obj (.text:sl_WlanPolicySet)
                  2000f2e8    00000078                  : cc_pal.obj (.text:spi_Close)
                  2000f360    00000074                  : nonos.obj (.text:_SlNonOsMainLoopTask)
                  2000f3d4    00000070     driverlib.a : timer.obj (.text:TimerIntRegister)
                  2000f444    00000070     rtsv7M4_T_le_eabi.lib : autoinit.obj (.text)
                  2000f4b4    00000070                           : printf.obj (.text)
                  2000f524    00000070     simplelink.a : socket.obj (.text:sl_Socket)
                  2000f594    0000006c                  : driver.obj (.text:_SlDrvCmdSend)
                  2000f600    0000006c                  : netapp.obj (.text:_sl_NetAppSendTokenValue)
                  2000f66c    0000006c     rtsv7M4_T_le_eabi.lib : fprintf.obj (.text)
                  2000f6d8    0000006c     simplelink.a : wlan.obj (.text:sl_WlanRxFilterSet)
                  2000f744    00000068     driverlib.a : timer.obj (.text:TimerIntUnregister)
                  2000f7ac    00000068     rtsv7M4_T_le_eabi.lib : copy_decompress_lzss.obj (.text:decompress:lzss)
                  2000f814    00000068                           : trgmsg.obj (.text)
                  2000f87c    00000064     simplelink.a : nonos.obj (.text:_SlNonOsSpawn)
                  2000f8e0    00000064                  : socket.obj (.text:_sl_HandleAsync_Accept)
                  2000f944    00000064     rtsv7M4_T_le_eabi.lib : fseek.obj (.text)
                  2000f9a8    00000064     driverlib.a : udma.obj (.text:uDMAChannelAttributeDisable)
                  2000fa0c    00000064                 : udma.obj (.text:uDMAChannelAttributeEnable)
                  2000fa70    00000060     rtsv7M4_T_le_eabi.lib : fs_cmp_t2.obj (.text:__aeabi_cfcmple)
                  2000fad0    00000060                           : fs_cmp_t2.obj (.text:__aeabi_cfrcmple)
                  2000fb30    00000060                           : sprintf.obj (.text)
                  2000fb90    0000005c                           : s_frexp.obj (.text)
                  2000fbec    00000058     driverlib.a : interrupt.obj (.text:IntPendClear)
                  2000fc44    00000058                 : prcm.obj (.text:PRCMPeripheralReset)
                  2000fc9c    00000056     rtsv7M4_T_le_eabi.lib : ltoa.obj (.text)
                  2000fcf2    00000002     --HOLE-- [fill = 0]
                  2000fcf4    00000054     driverlib.a : interrupt.obj (.text:IntPrioritySet)
                  2000fd48    00000054     simplelink.a : driver.obj (.text:_SlDrvRxIrqHandler)
                  2000fd9c    00000054                  : socket.obj (.text:_sl_HandleAsync_Select)
                  2000fdf0    00000054     rtsv7M4_T_le_eabi.lib : exit.obj (.text)
                  2000fe44    00000050     simplelink.a : device.obj (.text:_sl_HandleAsync_Stop)
                  2000fe94    0000004c     driverlib.a : spi.obj (.text:SPIIntEnable)
                  2000fee0    0000004c                 : spi.obj (.text:SPIIntNumberGet)
                  2000ff2c    0000004c     simplelink.a : driver.obj (.text:_SlDrvProtectAsyncRespSetting)
                  2000ff78    0000004c                  : socket.obj (.text:_sl_BuildAddress)
                  2000ffc4    0000004c     rtsv7M4_T_le_eabi.lib : atoi.obj (.text)
                  20010010    0000004c                           : cpy_tbl.obj (.text)
                  2001005c    0000004c     driverlib.a : udma.obj (.text:uDMAChannelAssign)
                  200100a8    00000048                 : gpio.obj (.text:GPIOGetIntNumber)
                  200100f0    00000048                 : spi.obj (.text:SPIIntClear)
                  20010138    00000048     simplelink.a : driver.obj (.text:_SlDrvBasicCmd)
                  20010180    00000048     rtsv7M4_T_le_eabi.lib : fd_toi_t2.obj (.text)
                  200101c8    00000048     simplelink.a : netapp.obj (.text:sl_NetAppMDNSUnRegisterService)
                  20010210    00000044     driverlib.a : spi.obj (.text:SPIDmaMaskGet)
                  20010254    00000044                 : timer.obj (.text:TimerConfigure)
                  20010298    00000044     simplelink.a : driver.obj (.text:_SlDrvHandleHttpServerEvents)
                  200102dc    00000044                  : driver.obj (.text:_SlDrvSyncObjWaitTimeout)
                  20010320    00000044                  : cc_pal.obj (.text:cc_SetupTransfer)
                  20010364    00000044                  : socket.obj (.text:sl_Close)
                  200103a8    00000044                  : wlan.obj (.text:sl_WlanProfileDel)
                  200103ec    00000044                  : wlan.obj (.text:sl_WlanSetMode)
                  20010430    00000042                  : socket.obj (.text:sl_Htonl)
                  20010472    00000002     --HOLE-- [fill = 0]
                  20010474    00000040     driverlib.a : pin.obj (.text:PinModeSet)
                  200104b4    00000040     simplelink.a : driver.obj (.text:_SlDrvHandleNetAppEvents)
                  200104f4    00000040                  : driver.obj (.text:_SlDrvHandleWlanEvents)
                  20010534    00000040                  : socket.obj (.text:_sl_TruncatePayloadByProtocol)
                  20010574    00000040     rtsv7M4_T_le_eabi.lib : boot.obj (.text)
                  200105b4    0000003e     simplelink.a : cc_pal.obj (.text:NwpRegisterInterruptHandler)
                  200105f2    0000003c                  : netapp.obj (.text:CopyPingResultsToReport)
                  2001062e    00000002     --HOLE-- [fill = 0]
                  20010630    0000003c     driverlib.a : prcm.obj (.text:PRCMPeripheralClkEnable)
                  2001066c    0000003c     simplelink.a : socket.obj (.text:sl_Htons)
                  200106a8    0000003c     driverlib.a : udma.obj (.text:uDMAChannelControlSet)
                  200106e4    00000038     simplelink.a : cc_pal.obj (.text:NwpPowerOff)
                  2001071c    00000036     driverlib.a : gpio.obj (.text:GPIODirModeSet)
                  20010752    00000036     rtsv7M4_T_le_eabi.lib : strncpy.obj (.text)
                  20010788    00000034     driverlib.a : prcm.obj (.text:PRCMPeripheralStatusGet)
                  200107bc    00000034                 : spi.obj (.text:SPIFIFOLevelSet)
                  200107f0    00000030                 : pin.obj (.text:PinTypeGPIO)
                  20010820    0000002e     rtsv7M4_T_le_eabi.lib : i_tofd_t2.obj (.text)
                  2001084e    00000002     --HOLE-- [fill = 0]
                  20010850    0000002c     driverlib.a : prcm.obj (.text:PRCMSysResetCauseGet)
                  2001087c    0000002c     simplelink.a : driver.obj (.text:_SlDrvObjGlobalLockWaitForever)
                  200108a8    0000002c                  : driver.obj (.text:_SlDrvProtectionObjLockWaitForever)
                  200108d4    0000002c     rtsv7M4_T_le_eabi.lib : strncmp.obj (.text)
                  20010900    0000002a     driverlib.a : timer.obj (.text:TimerLoadSet)
                  2001092a    0000002a                 : timer.obj (.text:TimerPrescaleSet)
                  20010954    00000028                 : prcm.obj (.text:PRCMPeripheralClkDisable)
                  2001097c    00000028     simplelink.a : driver.obj (.text:_SlDrvGlobalObjUnLock)
                  200109a4    00000028                  : driver.obj (.text:_SlDrvProtectionObjUnLock)
                  200109cc    00000028                  : driver.obj (.text:_SlDrvSyncObjWaitForever)
                  200109f4    00000026     network_common.obj (.text)
                  20010a1a    00000002     --HOLE-- [fill = 0]
                  20010a1c    00000024     simplelink.a : cc_pal.obj (.text:DmaSpiSwIntHandler)
                  20010a40    00000024     driverlib.a : interrupt.obj (.text:IntUnregister)
                  20010a64    00000024     simplelink.a : driver.obj (.text:_SlDrvObjLockWaitForever)
                  20010a88    00000024     rtsv7M4_T_le_eabi.lib : memmov.obj (.text)
                  20010aac    00000024                           : u_tofs_t2.obj (.text)
                  20010ad0    00000022     driverlib.a : gpio.obj (.text:GPIOIntStatus)
                  20010af2    00000022                 : spi.obj (.text:SPIReset)
                  20010b14    00000022                 : spi.obj (.text:SPIWordCountSet)
                  20010b36    00000020                 : gpio.obj (.text:GPIOPinWrite)
                  20010b56    00000002     --HOLE-- [fill = 0]
                  20010b58    00000020                 : interrupt.obj (.text:IntRegister)
                  20010b78    00000020     simplelink.a : cc_pal.obj (.text:NwpPowerOn)
                  20010b98    00000020     driverlib.a : spi.obj (.text:SPIDataGet)
                  20010bb8    00000020     simplelink.a : driver.obj (.text:_SlDrvObjUnLock)
                  20010bd8    00000020                  : driver.obj (.text:_SlDrvSyncObjSignal)
                  20010bf8    00000020     rtsv7M4_T_le_eabi.lib : memchr.obj (.text)
                  20010c18    00000020     simplelink.a : wlan.obj (.text:sl_WlanDisconnect)
                  20010c38    0000001e     driverlib.a : gpio.obj (.text:GPIOIntRegister)
                  20010c56    0000001e                 : spi.obj (.text:SPIDataPut)
                  20010c74    0000001e                 : timer.obj (.text:TimerDisable)
                  20010c92    0000001e                 : timer.obj (.text:TimerEnable)
                  20010cb0    0000001e                 : timer.obj (.text:TimerIntStatus)
                  20010cce    0000001e                 : uart.obj (.text:UARTCharPut)
                  20010cec    0000001e     simplelink.a : cc_pal.obj (.text:cc_UDMAChannelSelect)
                  20010d0a    0000001c     driverlib.a : timer.obj (.text:TimerValueGet)
                  20010d26    0000001c                 : uart.obj (.text:UARTCharGetNonBlocking)
                  20010d42    0000001c     rtsv7M4_T_le_eabi.lib : memccpy.obj (.text)
                  20010d5e    00000002     --HOLE-- [fill = 0]
                  20010d60    0000001c     driverlib.a : udma.obj (.text:uDMAChannelEnable)
                  20010d7c    0000001a                 : gpio.obj (.text:GPIOIntDisable)
                  20010d96    0000001a                 : gpio.obj (.text:GPIOIntEnable)
                  20010db0    0000001a                 : pin.obj (.text:PinTypeSPI)
                  20010dca    0000001a                 : pin.obj (.text:PinTypeUART)
                  20010de4    0000001a                 : spi.obj (.text:SPIDmaDisable)
                  20010dfe    0000001a                 : spi.obj (.text:SPIDmaEnable)
                  20010e18    0000001a                 : spi.obj (.text:SPIFIFODisable)
                  20010e32    0000001a                 : spi.obj (.text:SPIFIFOEnable)
                  20010e4c    0000001a                 : spi.obj (.text:SPIIntUnregister)
                  20010e66    00000018                 : gpio.obj (.text:GPIOPinRead)
                  20010e7e    00000018                 : spi.obj (.text:SPICSDisable)
                  20010e96    00000018                 : spi.obj (.text:SPICSEnable)
                  20010eae    00000018                 : spi.obj (.text:SPIDisable)
                  20010ec6    00000018                 : spi.obj (.text:SPIEnable)
                  20010ede    00000018                 : timer.obj (.text:TimerIntDisable)
                  20010ef6    00000018                 : timer.obj (.text:TimerIntEnable)
                  20010f0e    00000018                 : uart.obj (.text:UARTCharsAvail)
                  20010f26    00000018     simplelink.a : nonos.obj (.text:_SlNonOsSemSet)
                  20010f3e    00000002     --HOLE-- [fill = 0]
                  20010f40    00000018                  : device.obj (.text:_sl_GetStartResponseConvert)
                  20010f58    00000018     rtsv7M4_T_le_eabi.lib : args_main.obj (.text)
                  20010f70    00000018                           : strcmp.obj (.text)
                  20010f88    00000016     driverlib.a : prcm.obj (.text:PRCMHIBRegRead)
                  20010f9e    00000016                 : prcm.obj (.text:PRCMHIBRegWrite)
                  20010fb4    00000016     simplelink.a : driver.obj (.text:_SlDrvMemZero)
                  20010fca    00000016     rtsv7M4_T_le_eabi.lib : strchr.obj (.text)
                  20010fe0    00000014     driverlib.a : cpu.obj (.text:CPUcpsie)
                  20010ff4    00000014                 : gpio.obj (.text:GPIOIntClear)
                  20011008    00000014                 : interrupt.obj (.text:IntVTableBaseSet)
                  2001101c    00000014     rtsv7M4_T_le_eabi.lib : _lock.obj (.text)
                  20011030    00000014                           : strcpy.obj (.text)
                  20011044    00000014                           : strlen.obj (.text)
                  20011058    00000012     driverlib.a : timer.obj (.text:TimerIntClear)
                  2001106a    00000010     simplelink.a : driver.obj (.text:_SlDrvDispatchHttpServerEvents)
                  2001107a    0000000e                  : driver.obj (.text:_SlDrvResetCmdExt)
                  20011088    0000000e     rtsv7M4_T_le_eabi.lib : copy_decompress_none.obj (.text:decompress:none)
                  20011096    0000000e     startup_ccs.obj (.text)
                  200110a4    0000000c     simplelink.a : cc_pal.obj (.text:NwpMaskInterrupt)
                  200110b0    0000000c                  : cc_pal.obj (.text:NwpUnMaskInterrupt)
                  200110bc    0000000c     rtsv7M4_T_le_eabi.lib : copy_zero_init.obj (.text:decompress:ZI)
                  200110c8    0000000a     driverlib.a : interrupt.obj (.text:IntMasterEnable)
                  200110d2    00000008     rtsv7M4_T_le_eabi.lib : s_copysign.obj (.text)
                  200110da    00000006     driverlib.a : utils.obj (.text:UtilsDelay)
                  200110e0    00000004     rtsv7M4_T_le_eabi.lib : error.obj (.text)
                  200110e4    00000004                           : pre_init.obj (.text)

.const     0    200110e8    00000b90     
                  200110e8    000004fb     Adafruit_GFX.obj (.const:.string:font)
                  200115e3    00000101     rtsv7M4_T_le_eabi.lib : ctype.obj (.const:.string:_ctypes_)
                  200116e4    00000100     driverlib.a : pin.obj (.const:g_ulPinToPadMap)
                  200117e4    000000d4                 : interrupt.obj (.const:g_pulRegs)
                  200118b8    000000a8                 : prcm.obj (.const:PRCM_PeriphRegsList)
                  20011960    00000080                 : interrupt.obj (.const)
                  200119e0    0000005e     main.obj (.const:.string)
                  20011a3e    0000003c     simplelink.a : driver.obj (.const:OpcodeTranslateTable)
                  20011a7a    0000003c                  : wlan.obj (.const)
                  20011ab6    00000002     --HOLE-- [fill = 0]
                  20011ab8    00000038                  : driver.obj (.const:_SlActionLookupTable)
                  20011af0    00000038                  : driver.obj (.const)
                  20011b28    00000034                  : socket.obj (.const)
                  20011b5c    0000002c     main.obj (.const:$P$T0$1)
                  20011b88    00000028     simplelink.a : netapp.obj (.const)
                  20011bb0    00000024     driverlib.a : spi.obj (.const:g_ppulSPIIntMap)
                  20011bd4    00000020     main.obj (.const:$P$T3$4)
                  20011bf4    0000001c     simplelink.a : device.obj (.const)
                  20011c10    00000018     driverlib.a : spi.obj (.const)
                  20011c28    00000014     main.obj (.const:$P$T1$2)
                  20011c3c    00000010     simplelink.a : socket.obj (.const:.string)
                  20011c4c    00000010     webclient.a : httpcli.obj (.const)
                  20011c5c    0000000c     main.obj (.const:$P$T2$3)
                  20011c68    00000008     webclient.a : httpcli.obj (.const:.string)
                  20011c70    00000008     simplelink.a : netcfg.obj (.const)

.cinit     0    20011c78    00000110     
                  20011c78    000000e9     (.cinit..data.load) [load image, compression = lzss]
                  20011d61    00000003     --HOLE-- [fill = 0]
                  20011d64    0000000c     (__TI_handler_table)
                  20011d70    00000008     (.cinit..bss.load) [load image, compression = zero_init]
                  20011d78    00000010     (__TI_cinit_table)

.sysmem    0    20017000    00008000     UNINITIALIZED
                  20017000    00000008     rtsv7M4_T_le_eabi.lib : memory.obj (.sysmem)
                  20017008    00007ff8     --HOLE--

.bss       0    2001f000    00000967     UNINITIALIZED
                  2001f000    00000400     (.common:sendArray)
                  2001f400    00000168     simplelink.a : driver.obj (.bss:g_StatMem)
                  2001f568    00000120     rtsv7M4_T_le_eabi.lib : trgmsg.obj (.bss:_CIOBUF_)
                  2001f688    000000cc     (.common:httpClient)
                  2001f754    000000a0     (.common:__TI_tmpnams)
                  2001f7f4    0000008c     (.common:values)
                  2001f880    00000050     simplelink.a : cc_pal.obj (.bss:g_ucDinDout)
                  2001f8d0    0000002c     (.common:g_time)
                  2001f8fc    00000024     (.common:g_ucConnectionSSID)
                  2001f920    0000001c     rtsv7M4_T_le_eabi.lib : vla_alloc.obj (.bss:$O1$$)
                  2001f93c    00000008     main.obj (.bss)
                  2001f944    00000008     rtsv7M4_T_le_eabi.lib : trgdrv.obj (.bss:parmbuf)
                  2001f94c    00000008     (.common:g_ucConnectionBSSID)
                  2001f954    00000004     uart_if.obj (.bss)
                  2001f958    00000004     (.common:g_ulDestinationIP)
                  2001f95c    00000004     (.common:pin8_intcount)
                  2001f960    00000001     (.common:RxIrqCnt)
                  2001f961    00000001     (.common:g_bDeviceRestartIsRequired)
                  2001f962    00000001     (.common:g_cDummy)
                  2001f963    00000001     (.common:g_ucLED1Pin)
                  2001f964    00000001     (.common:g_ucLED2Pin)
                  2001f965    00000001     (.common:g_ucLED3Pin)
                  2001f966    00000001     (.common:pin8_intflag)

.data      0    2001f968    00000378     UNINITIALIZED
                  2001f968    000000f0     rtsv7M4_T_le_eabi.lib : defs.obj (.data:_ftable)
                  2001fa58    000000d0                           : lowlev.obj (.data:$O1$$)
                  2001fb28    00000048     main.obj (.data)
                  2001fb70    00000048     webclient.a : httpcli.obj (.data:tlsParams)
                  2001fbb8    0000003c     simplelink.a : nonos.obj (.data:g__SlNonOsCB)
                  2001fbf4    00000028     main.obj (.data:digits)
                  2001fc1c    0000001c     main.obj (.data:colors)
                  2001fc38    00000015     Adafruit_GFX.obj (.data)
                  2001fc4d    00000003     --HOLE--
                  2001fc50    00000014     gpio_if.obj (.data:ulReg)
                  2001fc64    00000010     rtsv7M4_T_le_eabi.lib : defs.obj (.data)
                  2001fc74    00000010     webclient.a : httpcli.obj (.data)
                  2001fc84    0000000d     simplelink.a : driver.obj (.data)
                  2001fc91    00000003     --HOLE--
                  2001fc94    0000000c     rtsv7M4_T_le_eabi.lib : exit.obj (.data:$O1$$)
                  2001fca0    0000000c                           : memory.obj (.data:$O1$$)
                  2001fcac    0000000c     gpio_if.obj (.data)
                  2001fcb8    00000009     simplelink.a : cc_pal.obj (.data)
                  2001fcc1    00000003     --HOLE--
                  2001fcc4    00000008     rtsv7M4_T_le_eabi.lib : _lock.obj (.data:$O1$$)
                  2001fccc    00000008     main.obj (.data:ir_input)
                  2001fcd4    00000004     rtsv7M4_T_le_eabi.lib : errno.obj (.data)
                  2001fcd8    00000004                           : fopen.obj (.data)
                  2001fcdc    00000004                           : stkdepth_vars.obj (.data)

.stack     0    2002f000    00001000     UNINITIALIZED
                  2002f000    00001000     --HOLE--

MODULE SUMMARY

       Module                     code    ro data   rw data
       ------                     ----    -------   -------
    .\
       main.obj                   8312    202       1621   
       Adafruit_GFX.obj           2688    1275      21     
       Adafruit_OLED.obj          1186    0         0      
       startup_ccs.obj            14      1024      0      
       gpio_if.obj                920     0         35     
       uart_if.obj                396     0         4      
       timer_if.obj               250     0         0      
       pinmux.obj                 172     0         0      
       network_common.obj         38      0         0      
    +--+--------------------------+-------+---------+---------+
       Total:                     13976   2501      1681   
                                                           
    C:/ti/CC3200SDK_1.2.0/cc3200-sdk/driverlib/ccs/Release/driverlib.a
       prcm.obj                   852     168       0      
       interrupt.obj              608     340       0      
       spi.obj                    860     60        0      
       udma.obj                   604     0         0      
       pin.obj                    300     256       0      
       timer.obj                  552     0         0      
       gpio.obj                   448     0         0      
       uart.obj                   82      0         0      
       cpu.obj                    20      0         0      
       utils.obj                  6       0         0      
    +--+--------------------------+-------+---------+---------+
       Total:                     4332    824       0      
                                                           
    C:/ti/CC3200SDK_1.2.0/cc3200-sdk/netapps/http/client/ccs/HTTPClientMinLib/webclient.a
       httpcli.obj                4036    24        88     
       ssock.obj                  746     0         0      
    +--+--------------------------+-------+---------+---------+
       Total:                     4782    24        88     
                                                           
    C:/ti/CC3200SDK_1.2.0/cc3200-sdk/simplelink/ccs/NON_OS/simplelink.a
       driver.obj                 7600    172       375    
       cc_pal.obj                 1684    0         90     
       socket.obj                 1662    68        0      
       netapp.obj                 1492    40        0      
       wlan.obj                   1268    60        0      
       device.obj                 1142    28        0      
       nonos.obj                  360     0         60     
       netcfg.obj                 124     8         0      
    +--+--------------------------+-------+---------+---------+
       Total:                     15332   376       525    
                                                           
    C:\ti\ccsv7\tools\compiler\ti-cgt-arm_16.9.0.LTS\lib\rtsv7M4_T_le_eabi.lib
       _printfi.obj               4382    0         0      
       lowlev.obj                 780     0         208    
       memory.obj                 976     0         12     
       trgdrv.obj                 804     0         8      
       vla_alloc.obj              664     0         28     
       ull_div_t2.obj             500     0         0      
       fopen.obj                  452     0         4      
       fd_add_t2.obj              438     0         0      
       defs.obj                   0       0         416    
       trgmsg.obj                 104     0         288    
       fd_div_t2.obj              310     0         0      
       fputs.obj                  308     0         0      
       strtoul.obj                276     0         0      
       fd_cmp_t2.obj              268     0         0      
       ctype.obj                  0       257       0      
       fd_mul_t2.obj              252     0         0      
       setvbuf.obj                220     0         0      
       s_scalbn.obj               208     0         0      
       fflush.obj                 200     0         0      
       fs_cmp_t2.obj              192     0         0      
       _io_perm.obj               172     0         0      
       memcpy_t2.obj              156     0         0      
       fclose.obj                 152     0         0      
       fputc.obj                  152     0         0      
       fs_div_t2.obj              146     0         0      
       vsnprintf.obj              136     0         0      
       memset_t2.obj              122     0         0      
       autoinit.obj               112     0         0      
       printf.obj                 112     0         0      
       fprintf.obj                108     0         0      
       copy_decompress_lzss.obj   104     0         0      
       fseek.obj                  100     0         0      
       exit.obj                   84      0         12     
       sprintf.obj                96      0         0      
       s_frexp.obj                92      0         0      
       ltoa.obj                   86      0         0      
       atoi.obj                   76      0         0      
       cpy_tbl.obj                76      0         0      
       fd_toi_t2.obj              72      0         0      
       boot.obj                   64      0         0      
       strncpy.obj                54      0         0      
       i_tofd_t2.obj              46      0         0      
       strncmp.obj                44      0         0      
       memmov.obj                 36      0         0      
       u_tofs_t2.obj              36      0         0      
       memchr.obj                 32      0         0      
       _lock.obj                  20      0         8      
       memccpy.obj                28      0         0      
       args_main.obj              24      0         0      
       strcmp.obj                 24      0         0      
       strchr.obj                 22      0         0      
       strcpy.obj                 20      0         0      
       strlen.obj                 20      0         0      
       copy_decompress_none.obj   14      0         0      
       copy_zero_init.obj         12      0         0      
       s_copysign.obj             8       0         0      
       errno.obj                  0       0         4      
       error.obj                  4       0         0      
       pre_init.obj               4       0         0      
       stkdepth_vars.obj          0       0         4      
       mpu_init.obj               2       0         0      
       startup.obj                2       0         0      
    +--+--------------------------+-------+---------+---------+
       Total:                     14004   257       992    
                                                           
       Heap:                      0       0         32768  
       Stack:                     0       0         4096   
       Linker Generated:          0       269       0      
    +--+--------------------------+-------+---------+---------+
       Grand Total:               52426   4251      40150  


LINKER GENERATED COPY TABLES

__TI_cinit_table @ 20011d78 records: 2, size/record: 8, table size: 16
	.data: load addr=20011c78, load size=000000e9 bytes, run addr=2001f968, run size=00000378 bytes, compression=lzss
	.bss: load addr=20011d70, load size=00000008 bytes, run addr=2001f000, run size=00000967 bytes, compression=zero_init


LINKER GENERATED HANDLER TABLE

__TI_handler_table @ 20011d64 records: 3, size/record: 4, table size: 12
	index: 0, handler: __TI_decompress_lzss
	index: 1, handler: __TI_decompress_none
	index: 2, handler: __TI_zero_init


GLOBAL SYMBOLS: SORTED ALPHABETICALLY BY Name 

address   name                                  
-------   ----                                  
200095f5  Adafruit_Init                         
2000fdf1  C$$EXIT                               
2000f843  C$$IO$$                               
20010fe1  CPUcpsie                              
2000bf9f  ClearTerm                             
2000976b  Color565                              
20010a1d  DmaSpiSwIntHandler                    
2000bfa9  Error                                 
2001071d  GPIODirModeSet                        
20005e8d  GPIOInit                              
20010ff5  GPIOIntClear                          
20010d7d  GPIOIntDisable                        
20010d97  GPIOIntEnable                         
20010c39  GPIOIntRegister                       
20010ad1  GPIOIntStatus                         
2000ed09  GPIOIntTypeSet                        
20010e67  GPIOPinRead                           
20010b37  GPIOPinWrite                          
2000a0a1  GPIO_IF_ConfigureNIntEnable           
2000a12d  GPIO_IF_Get                           
2000a05b  GPIO_IF_GetPortNPin                   
20009e1d  GPIO_IF_LedConfigure                  
20009f0f  GPIO_IF_LedOff                        
20009e5b  GPIO_IF_LedOn                         
20009fc3  GPIO_IF_LedStatus                     
2000a02d  GPIO_IF_LedToggle                     
2000a0e9  GPIO_IF_Set                           
2000bfb7  GetCmd                                
2000a453  HOSTclock                             
2000a41b  HOSTclose                             
2000a3dd  HOSTgetenv                            
2000a381  HOSTlseek                             
2000a32f  HOSTopen                              
2000a2e3  HOSTread                              
2000a285  HOSTrename                            
2000a24b  HOSTtime                              
2000a1fd  HOSTtime64                            
2000a1c5  HOSTunlink                            
2000a179  HOSTwrite                             
20007ec3  HTTPCli_connect                       
20007fe5  HTTPCli_construct                     
2000802d  HTTPCli_create                        
20008045  HTTPCli_delete                        
2000807b  HTTPCli_destruct                      
200080c3  HTTPCli_disconnect                    
200082f9  HTTPCli_getResponseField              
200082c3  HTTPCli_getResponseStatus             
20007db5  HTTPCli_initSockAddr                  
20008509  HTTPCli_readRawResponseBody           
2000847d  HTTPCli_readResponseBody              
20008233  HTTPCli_sendField                     
20008165  HTTPCli_sendRequest                   
2000828b  HTTPCli_sendRequestBody               
20008549  HTTPCli_setProxy                      
200080f9  HTTPCli_setRequestFields              
2000811f  HTTPCli_setResponseFields             
20008145  HTTPCli_setSecureParams               
200059e7  HandleCode                            
2000bf8d  InitTerm                              
2000e0e5  IntDisable                            
2000e18d  IntEnable                             
200110c9  IntMasterEnable                       
2000fbed  IntPendClear                          
2000fcf5  IntPrioritySet                        
20010b59  IntRegister                           
20010a41  IntUnregister                         
20011009  IntVTableBaseSet                      
2000bf95  Message                               
200110a5  NwpMaskInterrupt                      
200106e5  NwpPowerOff                           
20010b79  NwpPowerOn                            
200105b5  NwpRegisterInterruptHandler           
200110b1  NwpUnMaskInterrupt                    
20011a3e  OpcodeTranslateTable                  
20008f07  Outstr                                
2000c119  PRCMCC3200MCUInit                     
20010f89  PRCMHIBRegRead                        
20010f9f  PRCMHIBRegWrite                       
20010955  PRCMPeripheralClkDisable              
20010631  PRCMPeripheralClkEnable               
2000e679  PRCMPeripheralClockGet                
2000fc45  PRCMPeripheralReset                   
20010789  PRCMPeripheralStatusGet               
20010851  PRCMSysResetCauseGet                  
2000ea65  PinConfigSet                          
20010475  PinModeSet                            
2000df8d  PinMuxConfig                          
200107f1  PinTypeGPIO                           
20010db1  PinTypeSPI                            
20010dcb  PinTypeUART                           
200056e7  PrintChar                             
2000c0f5  Report                                
20011097  ResetISR                              
2001f960  RxIrqCnt                              
UNDEFED   SHT$$INIT_ARRAY$$Base                 
UNDEFED   SHT$$INIT_ARRAY$$Limit                
20010e7f  SPICSDisable                          
20010e97  SPICSEnable                           
2000e2d9  SPIConfigSetExpClk                    
20010b99  SPIDataGet                            
20010c57  SPIDataPut                            
20010eaf  SPIDisable                            
20010de5  SPIDmaDisable                         
20010dff  SPIDmaEnable                          
20010ec7  SPIEnable                             
20010e19  SPIFIFODisable                        
20010e33  SPIFIFOEnable                         
200107bd  SPIFIFOLevelSet                       
20005f95  SPIInit                               
200100f1  SPIIntClear                           
2000fe95  SPIIntEnable                          
20010e4d  SPIIntUnregister                      
20010af3  SPIReset                              
20010b15  SPIWordCountSet                       
20004d2d  SimpleLinkGeneralEventHandler         
20004d21  SimpleLinkHttpServerCallback          
20004c85  SimpleLinkNetAppEventHandler          
20004d4d  SimpleLinkSockEventHandler            
20004b5b  SimpleLinkWlanEventHandler            
2000a7c1  Ssock_construct                       
2000a801  Ssock_create                          
2000a81b  Ssock_delete                          
2000a843  Ssock_destruct                        
2000a895  Ssock_getSocket                       
2000a8a3  Ssock_recv                            
2000a8fd  Ssock_recvall                         
2000a941  Ssock_send                            
2000aa5b  Ssock_startSecure                     
2001fb2c  TLS_SOCKET_ID                         
20005d41  TimerA0IntHandler                     
20005e77  TimerA1IntHandler                     
20010255  TimerConfigure                        
20010c75  TimerDisable                          
20010c93  TimerEnable                           
20005ee5  TimerInit                             
20011059  TimerIntClear                         
20010edf  TimerIntDisable                       
20010ef7  TimerIntEnable                        
2000f3d5  TimerIntRegister                      
20010cb1  TimerIntStatus                        
2000f745  TimerIntUnregister                    
20010901  TimerLoadSet                          
2001092b  TimerPrescaleSet                      
20010d0b  TimerValueGet                         
2000d2c9  Timer_IF_DeInit                       
2000d2f7  Timer_IF_GetCount                     
2000d215  Timer_IF_Init                         
2000d247  Timer_IF_IntSetup                     
2000d285  Timer_IF_InterruptClear               
2000d2e3  Timer_IF_ReLoad                       
2000d29d  Timer_IF_Start                        
2000d2b9  Timer_IF_Stop                         
2000c05d  TrimSpace                             
20010d27  UARTCharGetNonBlocking                
20010ccf  UARTCharPut                           
20010f0f  UARTCharsAvail                        
200110db  UtilsDelay                            
20011ab8  _SlActionLookupTable                  
2000e235  _SlDriverHandleError                  
20010139  _SlDrvBasicCmd                        
2000de19  _SlDrvCmdOp                           
2000f595  _SlDrvCmdSend                         
2000b37d  _SlDrvDataReadOp                      
2000c56d  _SlDrvDataWriteOp                     
2000e415  _SlDrvDeviceEventHandler              
2001106b  _SlDrvDispatchHttpServerEvents        
2000ccc5  _SlDrvDriverCBDeinit                  
2000baad  _SlDrvDriverCBInit                    
2001097d  _SlDrvGlobalObjUnLock                 
20010299  _SlDrvHandleHttpServerEvents          
200104b5  _SlDrvHandleNetAppEvents              
200104f5  _SlDrvHandleWlanEvents                
20010fb5  _SlDrvMemZero                         
2000d955  _SlDrvMsgReadSpawnCtx                 
2000d015  _SlDrvNetAppEventHandler              
20010a65  _SlDrvObjLockWaitForever              
20010bb9  _SlDrvObjUnLock                       
2000ff2d  _SlDrvProtectAsyncRespSetting         
200108a9  _SlDrvProtectionObjLockWaitForever    
200109a5  _SlDrvProtectionObjUnLock             
2000b561  _SlDrvReleasePoolObj                  
2001107b  _SlDrvResetCmdExt                     
2000fd49  _SlDrvRxIrqHandler                    
20010bd9  _SlDrvSyncObjSignal                   
200109cd  _SlDrvSyncObjWaitForever              
200102dd  _SlDrvSyncObjWaitTimeout              
2000bdfd  _SlDrvWaitForPoolObj                  
20011ba4  _SlNetAppSendTokenValueCmdCtrl        
2000f361  _SlNonOsMainLoopTask                  
2000f1f9  _SlNonOsSemGet                        
20010f27  _SlNonOsSemSet                        
2000f87d  _SlNonOsSpawn                         
2001f568  __CIOBUF_                             
20030000  __STACK_END                           
00001000  __STACK_SIZE                          
00008000  __SYSMEM_SIZE                         
20011d78  __TI_CINIT_Base                       
20011d88  __TI_CINIT_Limit                      
20011d64  __TI_Handler_Table_Base               
20011d70  __TI_Handler_Table_Limit              
2000f445  __TI_auto_init                        
2000b7f9  __TI_cleanup                          
2001fc94  __TI_cleanup_ptr                      
2000e4b1  __TI_closefile                        
2000f7ad  __TI_decompress_lzss                  
20011089  __TI_decompress_none                  
2000dbc5  __TI_doflush                          
2001fc98  __TI_dtors_ptr                        
2001fc9c  __TI_enable_exit_profile_output       
2001fc64  __TI_ft_end                           
ffffffff  __TI_pprof_out_hndl                   
20006cad  __TI_printfi                          
ffffffff  __TI_prof_data_size                   
ffffffff  __TI_prof_data_start                  
2000e09b  __TI_rd_ok                            
2000f847  __TI_readmsg                          
20011c78  __TI_static_base__                    
2001f754  __TI_tmpnams                          
2000f815  __TI_writemsg                         
2000e039  __TI_wrt_ok                           
200110bd  __TI_zero_init                        
200110e1  __abort_execution                     
2000ebfd  __aeabi_cdcmpeq                       
2000ebfd  __aeabi_cdcmple                       
2000ec83  __aeabi_cdrcmple                      
2000fa71  __aeabi_cfcmpeq                       
2000fa71  __aeabi_cfcmple                       
2000fad1  __aeabi_cfrcmple                      
20010181  __aeabi_d2iz                          
2000b8ff  __aeabi_dadd                          
2000c805  __aeabi_ddiv                          
2000d119  __aeabi_dmul                          
2000b8f5  __aeabi_dsub                          
2000e70d  __aeabi_fdiv                          
20010821  __aeabi_i2d                           
2000f17d  __aeabi_memclr                        
2000f17d  __aeabi_memclr4                       
2000f17d  __aeabi_memclr8                       
2000e379  __aeabi_memcpy                        
2000e379  __aeabi_memcpy4                       
2000e379  __aeabi_memcpy8                       
2000f17f  __aeabi_memset                        
2000f17f  __aeabi_memset4                       
2000f17f  __aeabi_memset8                       
2001fc70  __aeabi_stderr                        
2001fc68  __aeabi_stdin                         
2001fc6c  __aeabi_stdout                        
20010aad  __aeabi_ui2f                          
2000b189  __aeabi_uldivmod                      
ffffffff  __binit__                             
ffffffff  __c_args__                            
20009a0f  __mpu_init                            
2002f000  __stack                               
2000ab9d  __vla_alloc                           
2000aa95  __vla_dealloc                         
2000ab1d  __vla_dealloc_eh                      
20010f59  _args_main                            
20010575  _c_int00                              
200115e3  _ctypes_                              
2001f968  _ftable                               
2001fcc4  _lock                                 
2001102b  _nop                                  
20011023  _register_lock                        
2001101d  _register_unlock                      
2000f8e1  _sl_HandleAsync_Accept                
2000ed8d  _sl_HandleAsync_Connect               
2000e7a1  _sl_HandleAsync_DnsGetHostByName      
2000daf9  _sl_HandleAsync_DnsGetHostByService   
2000ee0d  _sl_HandleAsync_InitComplete          
2000e831  _sl_HandleAsync_PingResponse          
2000fd9d  _sl_HandleAsync_Select                
2000fe45  _sl_HandleAsync_Stop                  
2000f601  _sl_NetAppSendTokenValue              
20017000  _sys_memory                           
2000aa93  _system_post_cinit                    
200110e5  _system_pre_init                      
2001fcc8  _unlock                               
2000fdf5  abort                                 
2000a6fd  add_device                            
2000ffc5  atoi                                  
ffffffff  binit                                 
200075df  bufferedRecv                          
2001fb54  c_letter                              
20009db1  calloc                                
2000a6ad  close                                 
2001fc1c  colors                                
20010011  copy_in                               
200110d3  copysign                              
200110d3  copysignl                             
2001fb44  curr                                  
2001fb64  curr_color                            
2001fb4c  curr_index                            
2001fc38  cursor_x                              
2001fc3c  cursor_y                              
2001fb5c  cx                                    
2001fb60  cy                                    
20004401  delay                                 
2001fbf4  digits                                
20008dbb  drawChar                              
2000855d  drawCircle                            
20008691  drawCircleHelper                      
20009919  drawFastHLine                         
20009879  drawFastVLine                         
200088d7  drawLine                              
200099b5  drawPixel                             
200089c3  drawRect                              
20008a11  drawRoundRect                         
20008b79  drawTriangle                          
2001fcd4  errno                                 
2000fdfd  exit                                  
2000e517  fclose                                
2000dc11  fflush                                
200087af  fillCircle                            
200087e9  fillCircleHelper                      
200097c3  fillRect                              
20008aff  fillRoundRect                         
200097ad  fillScreen                            
20008bbb  fillTriangle                          
2000b84f  fopen                                 
2000f675  fprintf                               
2000e549  fputc                                 
2000c93d  fputs                                 
20009afb  free                                  
2000b825  freopen                               
2000fb91  frexp                                 
2000fb91  frexpl                                
2000f945  fseek                                 
2001fb3c  g_Host                                
2001fcb8  g_SpiFd                               
2001fbb8  g__SlNonOsCB                          
2001f961  g_bDeviceRestartIsRequired            
2001f962  g_cDummy                              
2001fc88  g_pCB                                 
2001fcbc  g_pHostIntHdl                         
20004000  g_pfnVectors                          
2001f8d0  g_time                                
2001f94c  g_ucConnectionBSSID                   
2001f8fc  g_ucConnectionSSID                    
2001fcc0  g_ucDMAEnabled                        
2001f880  g_ucDinDout                           
2001f963  g_ucLED1Pin                           
2001f964  g_ucLED2Pin                           
2001f965  g_ucLED3Pin                           
2001fcac  g_uiLED1Port                          
2001fcb0  g_uiLED2Port                          
2001fcb4  g_uiLED3Port                          
2001f958  g_ulDestinationIP                     
2001fb38  g_ulGatewayIP                         
2001fb34  g_ulPingPacketsRecv                   
2001fb30  g_ulStatus                            
20004b13  generateBody                          
20009727  goTo                                  
20008fbb  height                                
2001f688  httpClient                            
200099f3  invert                                
2000551d  keyToBinary                           
2001fb58  key_time                              
20004973  lcdTestPattern                        
20004a43  lcdTestPattern2                       
2000da29  ldexp                                 
2000da29  ldexpl                                
2000a689  lseek                                 
2000fc9d  ltoa                                  
20006355  main                                  
2001fcdc  main_func_sp                          
20009a91  malloc                                
20009cc5  memalign                              
20010d43  memccpy                               
20010bf9  memchr                                
2000e379  memcpy                                
20010a89  memmove                               
2000f185  memset                                
20009a11  minit                                 
2001fb68  nLetters                              
2000a5db  open                                  
2001fb28  p                                     
2001fc8c  pPingCallBackFunc                     
2001f95c  pin8_intcount                         
2001f966  pin8_intflag                          
2001fb40  prev                                  
2000560d  printBinary                           
200053b1  printErrConvenience                   
2000f4bd  printf                                
2000e549  putc                                  
2000e5cd  putchar                               
2000ca49  puts                                  
2000a5b7  read                                  
20009bbd  realloc                               
2000a52d  remove                                
2000a58f  remove_device                         
2000a551  rename                                
2000da29  scalbn                                
2000da29  scalbnl                               
2001f000  sendArray                             
20008f53  setCursor                             
20008f8b  setTextColor                          
20008f6b  setTextSize                           
20008fa3  setTextWrap                           
2000d879  setvbuf                               
20010365  sl_Close                              
2000c401  sl_Connect                            
2000ded9  sl_DevGet                             
2000ef8d  sl_DevSet                             
20010431  sl_Htonl                              
2001066d  sl_Htons                              
2000ca71  sl_NetAppDnsGetHostByName             
2000dc8d  sl_NetAppMDNSRegisterUnregisterService
200101c9  sl_NetAppMDNSUnRegisterService        
2000f009  sl_NetCfgSet                          
200109f5  sl_Provisioning_HttpServerEventHdl    
20010a03  sl_Provisioning_NetAppEventHdl        
20010a0f  sl_Provisioning_WlanEventHdl          
2000eb75  sl_Recv                               
2000cde9  sl_Send                               
2000f085  sl_SetSockOpt                         
2000f525  sl_Socket                             
2000d6bd  sl_Start                              
2000d5d9  sl_Stop                               
2000ad2d  sl_WlanConnect                        
20010c19  sl_WlanDisconnect                     
2000e9d9  sl_WlanGetNetworkList                 
2000f271  sl_WlanPolicySet                      
200103a9  sl_WlanProfileDel                     
2000f6d9  sl_WlanRxFilterSet                    
2000f101  sl_WlanSet                            
200103ed  sl_WlanSetMode                        
2000f2e9  spi_Close                             
2000c6bd  spi_Open                              
2000d311  spi_Read                              
2000e5e1  spi_Write                             
2000fb31  sprintf                               
2001fb48  start                                 
2001fb50  state                                 
20010fcb  strchr                                
20010f71  strcmp                                
20011031  strcpy                                
20011045  strlen                                
200108d5  strncmp                               
20010753  strncpy                               
2000cf01  strtoul                               
20004637  testdrawcircles                       
200044a7  testdrawrects                         
20004435  testfastlines                         
200045c5  testfillcircles                       
20004507  testfillrects                         
200047a5  testlines                             
20004733  testroundrects                        
200046b1  testtriangles                         
2001fc48  textbgcolor                           
2001fc44  textcolor                             
2001fc40  textsize                              
2001fb6c  ticks                                 
2001005d  uDMAChannelAssign                     
2000f9a9  uDMAChannelAttributeDisable           
2000fa0d  uDMAChannelAttributeEnable            
200106a9  uDMAChannelControlSet                 
20010d61  uDMAChannelEnable                     
2000d401  uDMAChannelTransferSet                
2000a52d  unlink                                
2001f7f4  values                                
2000eaed  vsnprintf                             
20008fb7  width                                 
20006109  wifiSearch                            
2001fc4c  wrap                                  
2000a49d  write                                 
2000956d  writeCommand                          
200095b1  writeData                             


GLOBAL SYMBOLS: SORTED BY Symbol Address 

address   name                                  
-------   ----                                  
00001000  __STACK_SIZE                          
00008000  __SYSMEM_SIZE                         
20004000  g_pfnVectors                          
20004401  delay                                 
20004435  testfastlines                         
200044a7  testdrawrects                         
20004507  testfillrects                         
200045c5  testfillcircles                       
20004637  testdrawcircles                       
200046b1  testtriangles                         
20004733  testroundrects                        
200047a5  testlines                             
20004973  lcdTestPattern                        
20004a43  lcdTestPattern2                       
20004b13  generateBody                          
20004b5b  SimpleLinkWlanEventHandler            
20004c85  SimpleLinkNetAppEventHandler          
20004d21  SimpleLinkHttpServerCallback          
20004d2d  SimpleLinkGeneralEventHandler         
20004d4d  SimpleLinkSockEventHandler            
200053b1  printErrConvenience                   
2000551d  keyToBinary                           
2000560d  printBinary                           
200056e7  PrintChar                             
200059e7  HandleCode                            
20005d41  TimerA0IntHandler                     
20005e77  TimerA1IntHandler                     
20005e8d  GPIOInit                              
20005ee5  TimerInit                             
20005f95  SPIInit                               
20006109  wifiSearch                            
20006355  main                                  
20006cad  __TI_printfi                          
200075df  bufferedRecv                          
20007db5  HTTPCli_initSockAddr                  
20007ec3  HTTPCli_connect                       
20007fe5  HTTPCli_construct                     
2000802d  HTTPCli_create                        
20008045  HTTPCli_delete                        
2000807b  HTTPCli_destruct                      
200080c3  HTTPCli_disconnect                    
200080f9  HTTPCli_setRequestFields              
2000811f  HTTPCli_setResponseFields             
20008145  HTTPCli_setSecureParams               
20008165  HTTPCli_sendRequest                   
20008233  HTTPCli_sendField                     
2000828b  HTTPCli_sendRequestBody               
200082c3  HTTPCli_getResponseStatus             
200082f9  HTTPCli_getResponseField              
2000847d  HTTPCli_readResponseBody              
20008509  HTTPCli_readRawResponseBody           
20008549  HTTPCli_setProxy                      
2000855d  drawCircle                            
20008691  drawCircleHelper                      
200087af  fillCircle                            
200087e9  fillCircleHelper                      
200088d7  drawLine                              
200089c3  drawRect                              
20008a11  drawRoundRect                         
20008aff  fillRoundRect                         
20008b79  drawTriangle                          
20008bbb  fillTriangle                          
20008dbb  drawChar                              
20008f07  Outstr                                
20008f53  setCursor                             
20008f6b  setTextSize                           
20008f8b  setTextColor                          
20008fa3  setTextWrap                           
20008fb7  width                                 
20008fbb  height                                
2000956d  writeCommand                          
200095b1  writeData                             
200095f5  Adafruit_Init                         
20009727  goTo                                  
2000976b  Color565                              
200097ad  fillScreen                            
200097c3  fillRect                              
20009879  drawFastVLine                         
20009919  drawFastHLine                         
200099b5  drawPixel                             
200099f3  invert                                
20009a0f  __mpu_init                            
20009a11  minit                                 
20009a91  malloc                                
20009afb  free                                  
20009bbd  realloc                               
20009cc5  memalign                              
20009db1  calloc                                
20009e1d  GPIO_IF_LedConfigure                  
20009e5b  GPIO_IF_LedOn                         
20009f0f  GPIO_IF_LedOff                        
20009fc3  GPIO_IF_LedStatus                     
2000a02d  GPIO_IF_LedToggle                     
2000a05b  GPIO_IF_GetPortNPin                   
2000a0a1  GPIO_IF_ConfigureNIntEnable           
2000a0e9  GPIO_IF_Set                           
2000a12d  GPIO_IF_Get                           
2000a179  HOSTwrite                             
2000a1c5  HOSTunlink                            
2000a1fd  HOSTtime64                            
2000a24b  HOSTtime                              
2000a285  HOSTrename                            
2000a2e3  HOSTread                              
2000a32f  HOSTopen                              
2000a381  HOSTlseek                             
2000a3dd  HOSTgetenv                            
2000a41b  HOSTclose                             
2000a453  HOSTclock                             
2000a49d  write                                 
2000a52d  remove                                
2000a52d  unlink                                
2000a551  rename                                
2000a58f  remove_device                         
2000a5b7  read                                  
2000a5db  open                                  
2000a689  lseek                                 
2000a6ad  close                                 
2000a6fd  add_device                            
2000a7c1  Ssock_construct                       
2000a801  Ssock_create                          
2000a81b  Ssock_delete                          
2000a843  Ssock_destruct                        
2000a895  Ssock_getSocket                       
2000a8a3  Ssock_recv                            
2000a8fd  Ssock_recvall                         
2000a941  Ssock_send                            
2000aa5b  Ssock_startSecure                     
2000aa93  _system_post_cinit                    
2000aa95  __vla_dealloc                         
2000ab1d  __vla_dealloc_eh                      
2000ab9d  __vla_alloc                           
2000ad2d  sl_WlanConnect                        
2000b189  __aeabi_uldivmod                      
2000b37d  _SlDrvDataReadOp                      
2000b561  _SlDrvReleasePoolObj                  
2000b7f9  __TI_cleanup                          
2000b825  freopen                               
2000b84f  fopen                                 
2000b8f5  __aeabi_dsub                          
2000b8ff  __aeabi_dadd                          
2000baad  _SlDrvDriverCBInit                    
2000bdfd  _SlDrvWaitForPoolObj                  
2000bf8d  InitTerm                              
2000bf95  Message                               
2000bf9f  ClearTerm                             
2000bfa9  Error                                 
2000bfb7  GetCmd                                
2000c05d  TrimSpace                             
2000c0f5  Report                                
2000c119  PRCMCC3200MCUInit                     
2000c401  sl_Connect                            
2000c56d  _SlDrvDataWriteOp                     
2000c6bd  spi_Open                              
2000c805  __aeabi_ddiv                          
2000c93d  fputs                                 
2000ca49  puts                                  
2000ca71  sl_NetAppDnsGetHostByName             
2000ccc5  _SlDrvDriverCBDeinit                  
2000cde9  sl_Send                               
2000cf01  strtoul                               
2000d015  _SlDrvNetAppEventHandler              
2000d119  __aeabi_dmul                          
2000d215  Timer_IF_Init                         
2000d247  Timer_IF_IntSetup                     
2000d285  Timer_IF_InterruptClear               
2000d29d  Timer_IF_Start                        
2000d2b9  Timer_IF_Stop                         
2000d2c9  Timer_IF_DeInit                       
2000d2e3  Timer_IF_ReLoad                       
2000d2f7  Timer_IF_GetCount                     
2000d311  spi_Read                              
2000d401  uDMAChannelTransferSet                
2000d5d9  sl_Stop                               
2000d6bd  sl_Start                              
2000d879  setvbuf                               
2000d955  _SlDrvMsgReadSpawnCtx                 
2000da29  ldexp                                 
2000da29  ldexpl                                
2000da29  scalbn                                
2000da29  scalbnl                               
2000daf9  _sl_HandleAsync_DnsGetHostByService   
2000dbc5  __TI_doflush                          
2000dc11  fflush                                
2000dc8d  sl_NetAppMDNSRegisterUnregisterService
2000de19  _SlDrvCmdOp                           
2000ded9  sl_DevGet                             
2000df8d  PinMuxConfig                          
2000e039  __TI_wrt_ok                           
2000e09b  __TI_rd_ok                            
2000e0e5  IntDisable                            
2000e18d  IntEnable                             
2000e235  _SlDriverHandleError                  
2000e2d9  SPIConfigSetExpClk                    
2000e379  __aeabi_memcpy                        
2000e379  __aeabi_memcpy4                       
2000e379  __aeabi_memcpy8                       
2000e379  memcpy                                
2000e415  _SlDrvDeviceEventHandler              
2000e4b1  __TI_closefile                        
2000e517  fclose                                
2000e549  fputc                                 
2000e549  putc                                  
2000e5cd  putchar                               
2000e5e1  spi_Write                             
2000e679  PRCMPeripheralClockGet                
2000e70d  __aeabi_fdiv                          
2000e7a1  _sl_HandleAsync_DnsGetHostByName      
2000e831  _sl_HandleAsync_PingResponse          
2000e9d9  sl_WlanGetNetworkList                 
2000ea65  PinConfigSet                          
2000eaed  vsnprintf                             
2000eb75  sl_Recv                               
2000ebfd  __aeabi_cdcmpeq                       
2000ebfd  __aeabi_cdcmple                       
2000ec83  __aeabi_cdrcmple                      
2000ed09  GPIOIntTypeSet                        
2000ed8d  _sl_HandleAsync_Connect               
2000ee0d  _sl_HandleAsync_InitComplete          
2000ef8d  sl_DevSet                             
2000f009  sl_NetCfgSet                          
2000f085  sl_SetSockOpt                         
2000f101  sl_WlanSet                            
2000f17d  __aeabi_memclr                        
2000f17d  __aeabi_memclr4                       
2000f17d  __aeabi_memclr8                       
2000f17f  __aeabi_memset                        
2000f17f  __aeabi_memset4                       
2000f17f  __aeabi_memset8                       
2000f185  memset                                
2000f1f9  _SlNonOsSemGet                        
2000f271  sl_WlanPolicySet                      
2000f2e9  spi_Close                             
2000f361  _SlNonOsMainLoopTask                  
2000f3d5  TimerIntRegister                      
2000f445  __TI_auto_init                        
2000f4bd  printf                                
2000f525  sl_Socket                             
2000f595  _SlDrvCmdSend                         
2000f601  _sl_NetAppSendTokenValue              
2000f675  fprintf                               
2000f6d9  sl_WlanRxFilterSet                    
2000f745  TimerIntUnregister                    
2000f7ad  __TI_decompress_lzss                  
2000f815  __TI_writemsg                         
2000f843  C$$IO$$                               
2000f847  __TI_readmsg                          
2000f87d  _SlNonOsSpawn                         
2000f8e1  _sl_HandleAsync_Accept                
2000f945  fseek                                 
2000f9a9  uDMAChannelAttributeDisable           
2000fa0d  uDMAChannelAttributeEnable            
2000fa71  __aeabi_cfcmpeq                       
2000fa71  __aeabi_cfcmple                       
2000fad1  __aeabi_cfrcmple                      
2000fb31  sprintf                               
2000fb91  frexp                                 
2000fb91  frexpl                                
2000fbed  IntPendClear                          
2000fc45  PRCMPeripheralReset                   
2000fc9d  ltoa                                  
2000fcf5  IntPrioritySet                        
2000fd49  _SlDrvRxIrqHandler                    
2000fd9d  _sl_HandleAsync_Select                
2000fdf1  C$$EXIT                               
2000fdf5  abort                                 
2000fdfd  exit                                  
2000fe45  _sl_HandleAsync_Stop                  
2000fe95  SPIIntEnable                          
2000ff2d  _SlDrvProtectAsyncRespSetting         
2000ffc5  atoi                                  
20010011  copy_in                               
2001005d  uDMAChannelAssign                     
200100f1  SPIIntClear                           
20010139  _SlDrvBasicCmd                        
20010181  __aeabi_d2iz                          
200101c9  sl_NetAppMDNSUnRegisterService        
20010255  TimerConfigure                        
20010299  _SlDrvHandleHttpServerEvents          
200102dd  _SlDrvSyncObjWaitTimeout              
20010365  sl_Close                              
200103a9  sl_WlanProfileDel                     
200103ed  sl_WlanSetMode                        
20010431  sl_Htonl                              
20010475  PinModeSet                            
200104b5  _SlDrvHandleNetAppEvents              
200104f5  _SlDrvHandleWlanEvents                
20010575  _c_int00                              
200105b5  NwpRegisterInterruptHandler           
20010631  PRCMPeripheralClkEnable               
2001066d  sl_Htons                              
200106a9  uDMAChannelControlSet                 
200106e5  NwpPowerOff                           
2001071d  GPIODirModeSet                        
20010753  strncpy                               
20010789  PRCMPeripheralStatusGet               
200107bd  SPIFIFOLevelSet                       
200107f1  PinTypeGPIO                           
20010821  __aeabi_i2d                           
20010851  PRCMSysResetCauseGet                  
200108a9  _SlDrvProtectionObjLockWaitForever    
200108d5  strncmp                               
20010901  TimerLoadSet                          
2001092b  TimerPrescaleSet                      
20010955  PRCMPeripheralClkDisable              
2001097d  _SlDrvGlobalObjUnLock                 
200109a5  _SlDrvProtectionObjUnLock             
200109cd  _SlDrvSyncObjWaitForever              
200109f5  sl_Provisioning_HttpServerEventHdl    
20010a03  sl_Provisioning_NetAppEventHdl        
20010a0f  sl_Provisioning_WlanEventHdl          
20010a1d  DmaSpiSwIntHandler                    
20010a41  IntUnregister                         
20010a65  _SlDrvObjLockWaitForever              
20010a89  memmove                               
20010aad  __aeabi_ui2f                          
20010ad1  GPIOIntStatus                         
20010af3  SPIReset                              
20010b15  SPIWordCountSet                       
20010b37  GPIOPinWrite                          
20010b59  IntRegister                           
20010b79  NwpPowerOn                            
20010b99  SPIDataGet                            
20010bb9  _SlDrvObjUnLock                       
20010bd9  _SlDrvSyncObjSignal                   
20010bf9  memchr                                
20010c19  sl_WlanDisconnect                     
20010c39  GPIOIntRegister                       
20010c57  SPIDataPut                            
20010c75  TimerDisable                          
20010c93  TimerEnable                           
20010cb1  TimerIntStatus                        
20010ccf  UARTCharPut                           
20010d0b  TimerValueGet                         
20010d27  UARTCharGetNonBlocking                
20010d43  memccpy                               
20010d61  uDMAChannelEnable                     
20010d7d  GPIOIntDisable                        
20010d97  GPIOIntEnable                         
20010db1  PinTypeSPI                            
20010dcb  PinTypeUART                           
20010de5  SPIDmaDisable                         
20010dff  SPIDmaEnable                          
20010e19  SPIFIFODisable                        
20010e33  SPIFIFOEnable                         
20010e4d  SPIIntUnregister                      
20010e67  GPIOPinRead                           
20010e7f  SPICSDisable                          
20010e97  SPICSEnable                           
20010eaf  SPIDisable                            
20010ec7  SPIEnable                             
20010edf  TimerIntDisable                       
20010ef7  TimerIntEnable                        
20010f0f  UARTCharsAvail                        
20010f27  _SlNonOsSemSet                        
20010f59  _args_main                            
20010f71  strcmp                                
20010f89  PRCMHIBRegRead                        
20010f9f  PRCMHIBRegWrite                       
20010fb5  _SlDrvMemZero                         
20010fcb  strchr                                
20010fe1  CPUcpsie                              
20010ff5  GPIOIntClear                          
20011009  IntVTableBaseSet                      
2001101d  _register_unlock                      
20011023  _register_lock                        
2001102b  _nop                                  
20011031  strcpy                                
20011045  strlen                                
20011059  TimerIntClear                         
2001106b  _SlDrvDispatchHttpServerEvents        
2001107b  _SlDrvResetCmdExt                     
20011089  __TI_decompress_none                  
20011097  ResetISR                              
200110a5  NwpMaskInterrupt                      
200110b1  NwpUnMaskInterrupt                    
200110bd  __TI_zero_init                        
200110c9  IntMasterEnable                       
200110d3  copysign                              
200110d3  copysignl                             
200110db  UtilsDelay                            
200110e1  __abort_execution                     
200110e5  _system_pre_init                      
200115e3  _ctypes_                              
20011a3e  OpcodeTranslateTable                  
20011ab8  _SlActionLookupTable                  
20011ba4  _SlNetAppSendTokenValueCmdCtrl        
20011c78  __TI_static_base__                    
20011d64  __TI_Handler_Table_Base               
20011d70  __TI_Handler_Table_Limit              
20011d78  __TI_CINIT_Base                       
20011d88  __TI_CINIT_Limit                      
20017000  _sys_memory                           
2001f000  sendArray                             
2001f568  __CIOBUF_                             
2001f688  httpClient                            
2001f754  __TI_tmpnams                          
2001f7f4  values                                
2001f880  g_ucDinDout                           
2001f8d0  g_time                                
2001f8fc  g_ucConnectionSSID                    
2001f94c  g_ucConnectionBSSID                   
2001f958  g_ulDestinationIP                     
2001f95c  pin8_intcount                         
2001f960  RxIrqCnt                              
2001f961  g_bDeviceRestartIsRequired            
2001f962  g_cDummy                              
2001f963  g_ucLED1Pin                           
2001f964  g_ucLED2Pin                           
2001f965  g_ucLED3Pin                           
2001f966  pin8_intflag                          
2001f968  _ftable                               
2001fb28  p                                     
2001fb2c  TLS_SOCKET_ID                         
2001fb30  g_ulStatus                            
2001fb34  g_ulPingPacketsRecv                   
2001fb38  g_ulGatewayIP                         
2001fb3c  g_Host                                
2001fb40  prev                                  
2001fb44  curr                                  
2001fb48  start                                 
2001fb4c  curr_index                            
2001fb50  state                                 
2001fb54  c_letter                              
2001fb58  key_time                              
2001fb5c  cx                                    
2001fb60  cy                                    
2001fb64  curr_color                            
2001fb68  nLetters                              
2001fb6c  ticks                                 
2001fbb8  g__SlNonOsCB                          
2001fbf4  digits                                
2001fc1c  colors                                
2001fc38  cursor_x                              
2001fc3c  cursor_y                              
2001fc40  textsize                              
2001fc44  textcolor                             
2001fc48  textbgcolor                           
2001fc4c  wrap                                  
2001fc64  __TI_ft_end                           
2001fc68  __aeabi_stdin                         
2001fc6c  __aeabi_stdout                        
2001fc70  __aeabi_stderr                        
2001fc88  g_pCB                                 
2001fc8c  pPingCallBackFunc                     
2001fc94  __TI_cleanup_ptr                      
2001fc98  __TI_dtors_ptr                        
2001fc9c  __TI_enable_exit_profile_output       
2001fcac  g_uiLED1Port                          
2001fcb0  g_uiLED2Port                          
2001fcb4  g_uiLED3Port                          
2001fcb8  g_SpiFd                               
2001fcbc  g_pHostIntHdl                         
2001fcc0  g_ucDMAEnabled                        
2001fcc4  _lock                                 
2001fcc8  _unlock                               
2001fcd4  errno                                 
2001fcdc  main_func_sp                          
2002f000  __stack                               
20030000  __STACK_END                           
ffffffff  __TI_pprof_out_hndl                   
ffffffff  __TI_prof_data_size                   
ffffffff  __TI_prof_data_start                  
ffffffff  __binit__                             
ffffffff  __c_args__                            
ffffffff  binit                                 
UNDEFED   SHT$$INIT_ARRAY$$Base                 
UNDEFED   SHT$$INIT_ARRAY$$Limit                

[467 symbols]
