******************************************************************************
                  TI ARM Linker PC v16.9.0                     
******************************************************************************
>> Linked Tue Mar 29 19:04:21 2022

OUTPUT FILE NAME:   <uart_demo.out>
ENTRY POINT SYMBOL: "_c_int00"  address: 20006f01


MEMORY CONFIGURATION

         name            origin    length      used     unused   attr    fill
----------------------  --------  ---------  --------  --------  ----  --------
  SRAM_CODE             20004000   00013000  00003594  0000fa6c  RW X
  SRAM_DATA             20017000   00019000  00000930  000186d0  RW X


SEGMENT ALLOCATION MAP

run origin  load origin   length   init length attrs members
----------  ----------- ---------- ----------- ----- -------
20004000    20004000    00003598   00003598    r-x
  20004000    20004000    00000400   00000400    r-- .intvecs
  20004400    20004400    00002e20   00002e20    r-x .text
  20007220    20007220    0000032c   0000032c    r-- .const
  20007550    20007550    00000048   00000048    r-- .cinit
20017000    20017000    00000830   00000000    rw-
  20017000    20017000    00000800   00000000    rw- .sysmem
  20017800    20017800    0000002c   00000000    rw- .data
  2001782c    2001782c    00000004   00000000    rw- .bss
2002ff00    2002ff00    00000100   00000000    rw-
  2002ff00    2002ff00    00000100   00000000    rw- .stack


SECTION ALLOCATION MAP

 output                                  attributes/
section   page    origin      length       input sections
--------  ----  ----------  ----------   ----------------
.intvecs   0    20004000    00000400     
                  20004000    00000400     startup_ccs.obj (.intvecs)

.init_array 
*          0    20004000    00000000     UNINITIALIZED

.text      0    20004400    00002e20     
                  20004400    0000111e     rtsv7M4_T_le_eabi.lib : _printfi.obj (.text)
                  2000551e    00000002                           : mpu_init.obj (.text)
                  20005520    000003d0                           : memory.obj (.text)
                  200058f0    0000032c     main.obj (.text)
                  20005c1c    00000280     uart_if.obj (.text)
                  20005e9c    000001f4     rtsv7M4_T_le_eabi.lib : ull_div_t2.obj (.text)
                  20006090    000001b6                           : fd_add_t2.obj (.text)
                  20006246    00000002                           : startup.obj (.text)
                  20006248    00000178     driverlib.a : prcm.obj (.text:PRCMCC3200MCUInit)
                  200063c0    00000136     rtsv7M4_T_le_eabi.lib : fd_div_t2.obj (.text)
                  200064f6    000000fc                           : fd_mul_t2.obj (.text)
                  200065f2    00000002     --HOLE-- [fill = 0]
                  200065f4    000000d0                           : s_scalbn.obj (.text)
                  200066c4    000000a8     driverlib.a : interrupt.obj (.text:IntEnable)
                  2000676c    0000009c     rtsv7M4_T_le_eabi.lib : memcpy_t2.obj (.text)
                  20006808    00000094     driverlib.a : prcm.obj (.text:PRCMPeripheralClockGet)
                  2000689c    00000088                 : pin.obj (.text:PinConfigSet)
                  20006924    00000088     rtsv7M4_T_le_eabi.lib : vsnprintf.obj (.text)
                  200069ac    00000086                           : fd_cmp_t2.obj (.text:__aeabi_cdcmple)
                  20006a32    00000086                           : fd_cmp_t2.obj (.text:__aeabi_cdrcmple)
                  20006ab8    0000007a                           : memset_t2.obj (.text)
                  20006b32    00000076     driverlib.a : uart.obj (.text:UARTConfigSetExpClk)
                  20006ba8    00000070     rtsv7M4_T_le_eabi.lib : autoinit.obj (.text)
                  20006c18    00000068                           : copy_decompress_lzss.obj (.text:decompress:lzss)
                  20006c80    0000005c                           : s_frexp.obj (.text)
                  20006cdc    00000058     driverlib.a : prcm.obj (.text:PRCMPeripheralReset)
                  20006d34    00000056     rtsv7M4_T_le_eabi.lib : ltoa.obj (.text)
                  20006d8a    00000002     --HOLE-- [fill = 0]
                  20006d8c    00000054                           : exit.obj (.text)
                  20006de0    0000004c                           : atoi.obj (.text)
                  20006e2c    0000004c                           : cpy_tbl.obj (.text)
                  20006e78    00000048                           : fd_toi_t2.obj (.text)
                  20006ec0    00000040     driverlib.a : pin.obj (.text:PinModeSet)
                  20006f00    00000040     rtsv7M4_T_le_eabi.lib : boot.obj (.text)
                  20006f40    0000003c     driverlib.a : prcm.obj (.text:PRCMPeripheralClkEnable)
                  20006f7c    00000030                 : uart.obj (.text:UARTDisable)
                  20006fac    0000002e     rtsv7M4_T_le_eabi.lib : i_tofd_t2.obj (.text)
                  20006fda    00000002     --HOLE-- [fill = 0]
                  20006fdc    0000002c     driverlib.a : prcm.obj (.text:PRCMSysResetCauseGet)
                  20007008    00000028                 : prcm.obj (.text:PRCMPeripheralClkDisable)
                  20007030    00000024                 : uart.obj (.text:UARTEnable)
                  20007054    00000024     rtsv7M4_T_le_eabi.lib : memmov.obj (.text)
                  20007078    0000001e     driverlib.a : uart.obj (.text:UARTCharPut)
                  20007096    0000001c                 : uart.obj (.text:UARTCharGetNonBlocking)
                  200070b2    0000001c     pinmux.obj (.text)
                  200070ce    0000001c     rtsv7M4_T_le_eabi.lib : memccpy.obj (.text)
                  200070ea    0000001a     driverlib.a : pin.obj (.text:PinTypeUART)
                  20007104    00000018                 : uart.obj (.text:UARTCharsAvail)
                  2000711c    00000018     rtsv7M4_T_le_eabi.lib : args_main.obj (.text)
                  20007134    00000016     driverlib.a : prcm.obj (.text:PRCMHIBRegRead)
                  2000714a    00000016                 : prcm.obj (.text:PRCMHIBRegWrite)
                  20007160    00000016                 : uart.obj (.text:UARTCharGet)
                  20007176    00000016     rtsv7M4_T_le_eabi.lib : strchr.obj (.text)
                  2000718c    00000014     driverlib.a : cpu.obj (.text:CPUcpsie)
                  200071a0    00000014                 : interrupt.obj (.text:IntVTableBaseSet)
                  200071b4    00000014     rtsv7M4_T_le_eabi.lib : _lock.obj (.text)
                  200071c8    00000014                           : strlen.obj (.text)
                  200071dc    0000000e                           : copy_decompress_none.obj (.text:decompress:none)
                  200071ea    0000000e     startup_ccs.obj (.text)
                  200071f8    0000000c     rtsv7M4_T_le_eabi.lib : copy_zero_init.obj (.text:decompress:ZI)
                  20007204    0000000a     driverlib.a : interrupt.obj (.text:IntMasterEnable)
                  2000720e    00000008     rtsv7M4_T_le_eabi.lib : s_copysign.obj (.text)
                  20007216    00000006     driverlib.a : utils.obj (.text:UtilsDelay)
                  2000721c    00000004     rtsv7M4_T_le_eabi.lib : pre_init.obj (.text)

.const     0    20007220    0000032c     
                  20007220    00000101     rtsv7M4_T_le_eabi.lib : ctype.obj (.const:.string:_ctypes_)
                  20007321    00000003     --HOLE-- [fill = 0]
                  20007324    00000100     driverlib.a : pin.obj (.const:g_ulPinToPadMap)
                  20007424    000000a8                 : prcm.obj (.const:PRCM_PeriphRegsList)
                  200074cc    00000080                 : interrupt.obj (.const)

.cinit     0    20007550    00000048     
                  20007550    0000001e     (.cinit..data.load) [load image, compression = lzss]
                  2000756e    00000002     --HOLE-- [fill = 0]
                  20007570    0000000c     (__TI_handler_table)
                  2000757c    00000004     --HOLE-- [fill = 0]
                  20007580    00000008     (.cinit..bss.load) [load image, compression = zero_init]
                  20007588    00000010     (__TI_cinit_table)

.sysmem    0    20017000    00000800     UNINITIALIZED
                  20017000    00000008     rtsv7M4_T_le_eabi.lib : memory.obj (.sysmem)
                  20017008    000007f8     --HOLE--

.data      0    20017800    0000002c     UNINITIALIZED
                  20017800    0000000c     rtsv7M4_T_le_eabi.lib : exit.obj (.data:$O1$$)
                  2001780c    0000000c                           : memory.obj (.data:$O1$$)
                  20017818    00000008                           : _lock.obj (.data:$O1$$)
                  20017820    00000004     main.obj (.data)
                  20017824    00000004     rtsv7M4_T_le_eabi.lib : errno.obj (.data)
                  20017828    00000004                           : stkdepth_vars.obj (.data)

.bss       0    2001782c    00000004     UNINITIALIZED
                  2001782c    00000004     uart_if.obj (.bss)

.stack     0    2002ff00    00000100     UNINITIALIZED
                  2002ff00    00000100     --HOLE--

MODULE SUMMARY

       Module                     code    ro data   rw data
       ------                     ----    -------   -------
    .\
       startup_ccs.obj            14      1024      0      
       main.obj                   812     0         4      
       uart_if.obj                640     0         4      
       pinmux.obj                 28      0         0      
    +--+--------------------------+-------+---------+---------+
       Total:                     1494    1024      8      
                                                           
    C:/ti/CC3200SDK_1.2.0/cc3200-sdk/driverlib/ccs/Release/driverlib.a
       prcm.obj                   800     168       0      
       pin.obj                    226     256       0      
       interrupt.obj              198     128       0      
       uart.obj                   306     0         0      
       cpu.obj                    20      0         0      
       utils.obj                  6       0         0      
    +--+--------------------------+-------+---------+---------+
       Total:                     1556    552       0      
                                                           
    C:\ti\ccsv7\tools\compiler\ti-cgt-arm_16.9.0.LTS\lib\rtsv7M4_T_le_eabi.lib
       _printfi.obj               4382    0         0      
       memory.obj                 976     0         12     
       ull_div_t2.obj             500     0         0      
       fd_add_t2.obj              438     0         0      
       fd_div_t2.obj              310     0         0      
       fd_cmp_t2.obj              268     0         0      
       ctype.obj                  0       257       0      
       fd_mul_t2.obj              252     0         0      
       s_scalbn.obj               208     0         0      
       memcpy_t2.obj              156     0         0      
       vsnprintf.obj              136     0         0      
       memset_t2.obj              122     0         0      
       autoinit.obj               112     0         0      
       copy_decompress_lzss.obj   104     0         0      
       exit.obj                   84      0         12     
       s_frexp.obj                92      0         0      
       ltoa.obj                   86      0         0      
       atoi.obj                   76      0         0      
       cpy_tbl.obj                76      0         0      
       fd_toi_t2.obj              72      0         0      
       boot.obj                   64      0         0      
       i_tofd_t2.obj              46      0         0      
       memmov.obj                 36      0         0      
       _lock.obj                  20      0         8      
       memccpy.obj                28      0         0      
       args_main.obj              24      0         0      
       strchr.obj                 22      0         0      
       strlen.obj                 20      0         0      
       copy_decompress_none.obj   14      0         0      
       copy_zero_init.obj         12      0         0      
       s_copysign.obj             8       0         0      
       errno.obj                  0       0         4      
       pre_init.obj               4       0         0      
       stkdepth_vars.obj          0       0         4      
       mpu_init.obj               2       0         0      
       startup.obj                2       0         0      
    +--+--------------------------+-------+---------+---------+
       Total:                     8752    257       40     
                                                           
       Heap:                      0       0         2048   
       Stack:                     0       0         256    
       Linker Generated:          0       66        0      
    +--+--------------------------+-------+---------+---------+
       Grand Total:               11802   1899      2352   


LINKER GENERATED COPY TABLES

__TI_cinit_table @ 20007588 records: 2, size/record: 8, table size: 16
	.data: load addr=20007550, load size=0000001e bytes, run addr=20017800, run size=0000002c bytes, compression=lzss
	.bss: load addr=20007580, load size=00000008 bytes, run addr=2001782c, run size=00000004 bytes, compression=zero_init


LINKER GENERATED HANDLER TABLE

__TI_handler_table @ 20007570 records: 3, size/record: 4, table size: 12
	index: 0, handler: __TI_decompress_lzss
	index: 1, handler: __TI_decompress_none
	index: 2, handler: __TI_zero_init


GLOBAL SYMBOLS: SORTED ALPHABETICALLY BY Name 

address   name                           
-------   ----                           
20006d8d  C$$EXIT                        
2000718d  CPUcpsie                       
20005c5d  ClearTerm                      
20005c67  Error                          
20005c9f  GetCmd                         
20005c1d  InitTerm                       
200066c5  IntEnable                      
20007205  IntMasterEnable                
200071a1  IntVTableBaseSet               
20005c3b  Message                        
20006249  PRCMCC3200MCUInit              
20007135  PRCMHIBRegRead                 
2000714b  PRCMHIBRegWrite                
20007009  PRCMPeripheralClkDisable       
20006f41  PRCMPeripheralClkEnable        
20006809  PRCMPeripheralClockGet         
20006cdd  PRCMPeripheralReset            
20006fdd  PRCMSysResetCauseGet           
2000689d  PinConfigSet                   
20006ec1  PinModeSet                     
200070b3  PinMuxConfig                   
200070eb  PinTypeUART                    
20005ddd  Report                         
200071eb  ResetISR                       
UNDEFED   SHT$$INIT_ARRAY$$Base          
UNDEFED   SHT$$INIT_ARRAY$$Limit         
20005d45  TrimSpace                      
20007161  UARTCharGet                    
20007097  UARTCharGetNonBlocking         
20007079  UARTCharPut                    
20007105  UARTCharsAvail                 
20006b33  UARTConfigSetExpClk            
20006f7d  UARTDisable                    
20007031  UARTEnable                     
20007217  UtilsDelay                     
20030000  __STACK_END                    
00000100  __STACK_SIZE                   
00000800  __SYSMEM_SIZE                  
20007588  __TI_CINIT_Base                
20007598  __TI_CINIT_Limit               
20007570  __TI_Handler_Table_Base        
2000757c  __TI_Handler_Table_Limit       
20006ba9  __TI_auto_init                 
20017800  __TI_cleanup_ptr               
20006c19  __TI_decompress_lzss           
200071dd  __TI_decompress_none           
20017804  __TI_dtors_ptr                 
20017808  __TI_enable_exit_profile_output
ffffffff  __TI_pprof_out_hndl            
20004c35  __TI_printfi                   
ffffffff  __TI_prof_data_size            
ffffffff  __TI_prof_data_start           
20007550  __TI_static_base__             
200071f9  __TI_zero_init                 
200069ad  __aeabi_cdcmpeq                
200069ad  __aeabi_cdcmple                
20006a33  __aeabi_cdrcmple               
20006e79  __aeabi_d2iz                   
2000609b  __aeabi_dadd                   
200063c1  __aeabi_ddiv                   
200064f7  __aeabi_dmul                   
20006091  __aeabi_dsub                   
20006fad  __aeabi_i2d                    
20006ab9  __aeabi_memclr                 
20006ab9  __aeabi_memclr4                
20006ab9  __aeabi_memclr8                
2000676d  __aeabi_memcpy                 
2000676d  __aeabi_memcpy4                
2000676d  __aeabi_memcpy8                
20006abb  __aeabi_memset                 
20006abb  __aeabi_memset4                
20006abb  __aeabi_memset8                
20005e9d  __aeabi_uldivmod               
ffffffff  __binit__                      
ffffffff  __c_args__                     
2000551f  __mpu_init                     
2002ff00  __stack                        
2000711d  _args_main                     
20006f01  _c_int00                       
20007220  _ctypes_                       
20017818  _lock                          
200071c3  _nop                           
200071bb  _register_lock                 
200071b5  _register_unlock               
20017000  _sys_memory                    
20006247  _system_post_cinit             
2000721d  _system_pre_init               
2001781c  _unlock                        
20006d91  abort                          
20006de1  atoi                           
ffffffff  binit                          
200058c1  calloc                         
20006e2d  copy_in                        
2000720f  copysign                       
2000720f  copysignl                      
20017824  errno                          
20006d99  exit                           
2000560b  free                           
20006c81  frexp                          
20006c81  frexpl                         
20017820  g_iCounter                     
20004000  g_pfnVectors                   
200065f5  ldexp                          
200065f5  ldexpl                         
20006d35  ltoa                           
2000592f  main                           
20017828  main_func_sp                   
200055a1  malloc                         
200057d5  memalign                       
200070cf  memccpy                        
2000676d  memcpy                         
20007055  memmove                        
20006ac1  memset                         
20005521  minit                          
200056cd  realloc                        
200065f5  scalbn                         
200065f5  scalbnl                        
20007177  strchr                         
200071c9  strlen                         
20006925  vsnprintf                      


GLOBAL SYMBOLS: SORTED BY Symbol Address 

address   name                           
-------   ----                           
00000100  __STACK_SIZE                   
00000800  __SYSMEM_SIZE                  
20004000  g_pfnVectors                   
20004c35  __TI_printfi                   
2000551f  __mpu_init                     
20005521  minit                          
200055a1  malloc                         
2000560b  free                           
200056cd  realloc                        
200057d5  memalign                       
200058c1  calloc                         
2000592f  main                           
20005c1d  InitTerm                       
20005c3b  Message                        
20005c5d  ClearTerm                      
20005c67  Error                          
20005c9f  GetCmd                         
20005d45  TrimSpace                      
20005ddd  Report                         
20005e9d  __aeabi_uldivmod               
20006091  __aeabi_dsub                   
2000609b  __aeabi_dadd                   
20006247  _system_post_cinit             
20006249  PRCMCC3200MCUInit              
200063c1  __aeabi_ddiv                   
200064f7  __aeabi_dmul                   
200065f5  ldexp                          
200065f5  ldexpl                         
200065f5  scalbn                         
200065f5  scalbnl                        
200066c5  IntEnable                      
2000676d  __aeabi_memcpy                 
2000676d  __aeabi_memcpy4                
2000676d  __aeabi_memcpy8                
2000676d  memcpy                         
20006809  PRCMPeripheralClockGet         
2000689d  PinConfigSet                   
20006925  vsnprintf                      
200069ad  __aeabi_cdcmpeq                
200069ad  __aeabi_cdcmple                
20006a33  __aeabi_cdrcmple               
20006ab9  __aeabi_memclr                 
20006ab9  __aeabi_memclr4                
20006ab9  __aeabi_memclr8                
20006abb  __aeabi_memset                 
20006abb  __aeabi_memset4                
20006abb  __aeabi_memset8                
20006ac1  memset                         
20006b33  UARTConfigSetExpClk            
20006ba9  __TI_auto_init                 
20006c19  __TI_decompress_lzss           
20006c81  frexp                          
20006c81  frexpl                         
20006cdd  PRCMPeripheralReset            
20006d35  ltoa                           
20006d8d  C$$EXIT                        
20006d91  abort                          
20006d99  exit                           
20006de1  atoi                           
20006e2d  copy_in                        
20006e79  __aeabi_d2iz                   
20006ec1  PinModeSet                     
20006f01  _c_int00                       
20006f41  PRCMPeripheralClkEnable        
20006f7d  UARTDisable                    
20006fad  __aeabi_i2d                    
20006fdd  PRCMSysResetCauseGet           
20007009  PRCMPeripheralClkDisable       
20007031  UARTEnable                     
20007055  memmove                        
20007079  UARTCharPut                    
20007097  UARTCharGetNonBlocking         
200070b3  PinMuxConfig                   
200070cf  memccpy                        
200070eb  PinTypeUART                    
20007105  UARTCharsAvail                 
2000711d  _args_main                     
20007135  PRCMHIBRegRead                 
2000714b  PRCMHIBRegWrite                
20007161  UARTCharGet                    
20007177  strchr                         
2000718d  CPUcpsie                       
200071a1  IntVTableBaseSet               
200071b5  _register_unlock               
200071bb  _register_lock                 
200071c3  _nop                           
200071c9  strlen                         
200071dd  __TI_decompress_none           
200071eb  ResetISR                       
200071f9  __TI_zero_init                 
20007205  IntMasterEnable                
2000720f  copysign                       
2000720f  copysignl                      
20007217  UtilsDelay                     
2000721d  _system_pre_init               
20007220  _ctypes_                       
20007550  __TI_static_base__             
20007570  __TI_Handler_Table_Base        
2000757c  __TI_Handler_Table_Limit       
20007588  __TI_CINIT_Base                
20007598  __TI_CINIT_Limit               
20017000  _sys_memory                    
20017800  __TI_cleanup_ptr               
20017804  __TI_dtors_ptr                 
20017808  __TI_enable_exit_profile_output
20017818  _lock                          
2001781c  _unlock                        
20017820  g_iCounter                     
20017824  errno                          
20017828  main_func_sp                   
2002ff00  __stack                        
20030000  __STACK_END                    
ffffffff  __TI_pprof_out_hndl            
ffffffff  __TI_prof_data_size            
ffffffff  __TI_prof_data_start           
ffffffff  __binit__                      
ffffffff  __c_args__                     
ffffffff  binit                          
UNDEFED   SHT$$INIT_ARRAY$$Base          
UNDEFED   SHT$$INIT_ARRAY$$Limit         

[120 symbols]
