******************************************************************************
                  TI ARM Linker PC v16.9.0                     
******************************************************************************
>> Linked Sun May 15 23:08:14 2022

OUTPUT FILE NAME:   <ssl.out>
ENTRY POINT SYMBOL: "_c_int00"  address: 2000f40d


MEMORY CONFIGURATION

         name            origin    length      used     unused   attr    fill
----------------------  --------  ---------  --------  --------  ----  --------
  SRAM_CODE             20004000   00013000  0000cbf4  0000640c  RW X
  SRAM_DATA             20017000   00019000  00009bb7  0000f449  RW X


SEGMENT ALLOCATION MAP

run origin  load origin   length   init length attrs members
----------  ----------- ---------- ----------- ----- -------
20004000    20004000    0000cbf8   0000cbf8    r-x
  20004000    20004000    00000400   00000400    r-- .intvecs
  20004400    20004400    0000bb70   0000bb70    r-x .text
  2000ff70    2000ff70    00000b7c   00000b7c    r-- .const
  20010af0    20010af0    00000108   00000108    r-- .cinit
20017000    20017000    00008bb8   00000000    rw-
  20017000    20017000    00008000   00000000    rw- .sysmem
  2001f000    2001f000    00000897   00000000    rw- .bss
  2001f898    2001f898    00000320   00000000    rw- .data
2002f000    2002f000    00001000   00000000    rw-
  2002f000    2002f000    00001000   00000000    rw- .stack


SECTION ALLOCATION MAP

 output                                  attributes/
section   page    origin      length       input sections
--------  ----  ----------  ----------   ----------------
.intvecs   0    20004000    00000400     
                  20004000    00000400     startup_ccs.obj (.intvecs)

.init_array 
*          0    20004000    00000000     UNINITIALIZED

.text      0    20004400    0000bb70     
                  20004400    0000235c     main.obj (.text)
                  2000675c    0000111e     rtsv7M4_T_le_eabi.lib : _printfi.obj (.text)
                  2000787a    00000002     driverlib.a : interrupt.obj (.text:IntDefaultHandler)
                  2000787c    00000a80     Adafruit_GFX.obj (.text)
                  200082fc    00000590     simplelink.a : driver.obj (.text:_SlDrvMsgRead)
                  2000888c    000004a2     Adafruit_OLED.obj (.text)
                  20008d2e    00000002     rtsv7M4_T_le_eabi.lib : mpu_init.obj (.text)
                  20008d30    000003d0                           : memory.obj (.text)
                  20009100    00000398     gpio_if.obj (.text)
                  20009498    00000324     rtsv7M4_T_le_eabi.lib : trgdrv.obj (.text)
                  200097bc    0000030c                           : lowlev.obj (.text)
                  20009ac8    00000298                           : vla_alloc.obj (.text)
                  20009d60    00000260     simplelink.a : wlan.obj (.text:sl_WlanConnect)
                  20009fc0    000001fc                  : driver.obj (.text:_SlDrvRxHdrRead)
                  2000a1bc    000001f4     rtsv7M4_T_le_eabi.lib : ull_div_t2.obj (.text)
                  2000a3b0    000001e4     simplelink.a : driver.obj (.text:_SlDrvDataReadOp)
                  2000a594    000001d0                  : driver.obj (.text:_SlDrvReleasePoolObj)
                  2000a764    000001c4     rtsv7M4_T_le_eabi.lib : fopen.obj (.text)
                  2000a928    000001b6                           : fd_add_t2.obj (.text)
                  2000aade    00000002                           : startup.obj (.text)
                  2000aae0    000001b4     simplelink.a : driver.obj (.text:_SlDrvDriverCBInit)
                  2000ac94    0000019c                  : driver.obj (.text:_SlDrvMsgWrite)
                  2000ae30    00000190                  : driver.obj (.text:_SlDrvWaitForPoolObj)
                  2000afc0    0000018c     uart_if.obj (.text)
                  2000b14c    00000178     driverlib.a : prcm.obj (.text:PRCMCC3200MCUInit)
                  2000b2c4    00000170     simplelink.a : driver.obj (.text:_SlFindAndSetActiveObj)
                  2000b434    0000016c                  : socket.obj (.text:sl_Connect)
                  2000b5a0    00000150                  : driver.obj (.text:_SlDrvDataWriteOp)
                  2000b6f0    00000148                  : cc_pal.obj (.text:spi_Open)
                  2000b838    00000136     rtsv7M4_T_le_eabi.lib : fd_div_t2.obj (.text)
                  2000b96e    00000002     --HOLE-- [fill = 0]
                  2000b970    00000134                           : fputs.obj (.text)
                  2000baa4    0000012c     simplelink.a : netapp.obj (.text:sl_NetAppDnsGetHostByName)
                  2000bbd0    00000128                  : driver.obj (.text:_SlDrvMsgReadCmdCtx)
                  2000bcf8    00000124                  : driver.obj (.text:_SlDrvDriverCBDeinit)
                  2000be1c    00000118                  : socket.obj (.text:sl_Send)
                  2000bf34    00000104                  : netapp.obj (.text:_SlDrvNetAppEventHandler)
                  2000c038    000000fc     rtsv7M4_T_le_eabi.lib : fd_mul_t2.obj (.text)
                  2000c134    000000fa     timer_if.obj (.text)
                  2000c22e    00000002     --HOLE-- [fill = 0]
                  2000c230    000000f0     simplelink.a : cc_pal.obj (.text:spi_Read)
                  2000c320    000000f0     driverlib.a : udma.obj (.text:uDMAChannelTransferSet)
                  2000c410    000000e8     simplelink.a : driver.obj (.text:_SlAsyncEventGenericHandler)
                  2000c4f8    000000e4                  : device.obj (.text:sl_Stop)
                  2000c5dc    000000e0                  : device.obj (.text:sl_Start)
                  2000c6bc    000000dc                  : driver.obj (.text:_SlDrvClassifyRxMsg)
                  2000c798    000000dc     rtsv7M4_T_le_eabi.lib : setvbuf.obj (.text)
                  2000c874    000000d4     simplelink.a : driver.obj (.text:_SlDrvMsgReadSpawnCtx)
                  2000c948    000000d0     rtsv7M4_T_le_eabi.lib : s_scalbn.obj (.text)
                  2000ca18    000000cc     simplelink.a : netapp.obj (.text:_sl_HandleAsync_DnsGetHostByService)
                  2000cae4    000000c8     rtsv7M4_T_le_eabi.lib : fflush.obj (.text)
                  2000cbac    000000c8     simplelink.a : netapp.obj (.text:sl_NetAppMDNSRegisterUnregisterService)
                  2000cc74    000000c4                  : driver.obj (.text:_SlRemoveFromList)
                  2000cd38    000000c0                  : driver.obj (.text:_SlDrvCmdOp)
                  2000cdf8    000000b4                  : device.obj (.text:sl_DevGet)
                  2000ceac    000000ac     pinmux.obj (.text)
                  2000cf58    000000ac     rtsv7M4_T_le_eabi.lib : _io_perm.obj (.text)
                  2000d004    000000a8     driverlib.a : interrupt.obj (.text:IntDisable)
                  2000d0ac    000000a8                 : interrupt.obj (.text:IntEnable)
                  2000d154    000000a4     simplelink.a : driver.obj (.text:_SlDriverHandleError)
                  2000d1f8    000000a0     driverlib.a : spi.obj (.text:SPIConfigSetExpClk)
                  2000d298    0000009c     rtsv7M4_T_le_eabi.lib : memcpy_t2.obj (.text)
                  2000d334    0000009a     simplelink.a : device.obj (.text:_SlDrvDeviceEventHandler)
                  2000d3ce    00000002     --HOLE-- [fill = 0]
                  2000d3d0    00000098     rtsv7M4_T_le_eabi.lib : fclose.obj (.text)
                  2000d468    00000098                           : fputc.obj (.text)
                  2000d500    00000098     simplelink.a : cc_pal.obj (.text:spi_Write)
                  2000d598    00000094     driverlib.a : prcm.obj (.text:PRCMPeripheralClockGet)
                  2000d62c    00000092     rtsv7M4_T_le_eabi.lib : fs_div_t2.obj (.text)
                  2000d6be    00000002     --HOLE-- [fill = 0]
                  2000d6c0    00000090     simplelink.a : netapp.obj (.text:_sl_HandleAsync_DnsGetHostByName)
                  2000d750    00000090                  : netapp.obj (.text:_sl_HandleAsync_PingResponse)
                  2000d7e0    0000008c                  : cc_pal.obj (.text:SetupDMAReceive)
                  2000d86c    0000008c                  : cc_pal.obj (.text:SetupDMASend)
                  2000d8f8    0000008c                  : wlan.obj (.text:sl_WlanGetNetworkList)
                  2000d984    00000088     driverlib.a : pin.obj (.text:PinConfigSet)
                  2000da0c    00000088     simplelink.a : socket.obj (.text:sl_Recv)
                  2000da94    00000086     rtsv7M4_T_le_eabi.lib : fd_cmp_t2.obj (.text:__aeabi_cdcmple)
                  2000db1a    00000086                           : fd_cmp_t2.obj (.text:__aeabi_cdrcmple)
                  2000dba0    00000082     driverlib.a : gpio.obj (.text:GPIOIntTypeSet)
                  2000dc22    00000002     --HOLE-- [fill = 0]
                  2000dc24    00000080     simplelink.a : socket.obj (.text:_sl_HandleAsync_Connect)
                  2000dca4    00000080                  : device.obj (.text:_sl_HandleAsync_InitComplete)
                  2000dd24    00000080                  : cc_pal.obj (.text:spi_Read_CPU)
                  2000dda4    00000080                  : cc_pal.obj (.text:spi_Write_CPU)
                  2000de24    0000007c                  : device.obj (.text:sl_DevSet)
                  2000dea0    0000007c                  : netcfg.obj (.text:sl_NetCfgSet)
                  2000df1c    0000007c                  : socket.obj (.text:sl_SetSockOpt)
                  2000df98    0000007c                  : wlan.obj (.text:sl_WlanSet)
                  2000e014    0000007a     rtsv7M4_T_le_eabi.lib : memset_t2.obj (.text)
                  2000e08e    00000002     --HOLE-- [fill = 0]
                  2000e090    00000078     simplelink.a : nonos.obj (.text:_SlNonOsSemGet)
                  2000e108    00000078                  : wlan.obj (.text:sl_WlanPolicySet)
                  2000e180    00000078                  : cc_pal.obj (.text:spi_Close)
                  2000e1f8    00000074                  : nonos.obj (.text:_SlNonOsMainLoopTask)
                  2000e26c    00000070     driverlib.a : timer.obj (.text:TimerIntRegister)
                  2000e2dc    00000070     rtsv7M4_T_le_eabi.lib : autoinit.obj (.text)
                  2000e34c    00000070                           : printf.obj (.text)
                  2000e3bc    00000070     simplelink.a : socket.obj (.text:sl_Socket)
                  2000e42c    0000006c                  : driver.obj (.text:_SlDrvCmdSend)
                  2000e498    0000006c                  : netapp.obj (.text:_sl_NetAppSendTokenValue)
                  2000e504    0000006c     rtsv7M4_T_le_eabi.lib : fprintf.obj (.text)
                  2000e570    0000006c     simplelink.a : wlan.obj (.text:sl_WlanRxFilterSet)
                  2000e5dc    00000068     driverlib.a : timer.obj (.text:TimerIntUnregister)
                  2000e644    00000068     rtsv7M4_T_le_eabi.lib : copy_decompress_lzss.obj (.text:decompress:lzss)
                  2000e6ac    00000068                           : trgmsg.obj (.text)
                  2000e714    00000064     simplelink.a : nonos.obj (.text:_SlNonOsSpawn)
                  2000e778    00000064                  : socket.obj (.text:_sl_HandleAsync_Accept)
                  2000e7dc    00000064     rtsv7M4_T_le_eabi.lib : fseek.obj (.text)
                  2000e840    00000064     driverlib.a : udma.obj (.text:uDMAChannelAttributeDisable)
                  2000e8a4    00000064                 : udma.obj (.text:uDMAChannelAttributeEnable)
                  2000e908    00000060     rtsv7M4_T_le_eabi.lib : fs_cmp_t2.obj (.text:__aeabi_cfcmple)
                  2000e968    00000060                           : fs_cmp_t2.obj (.text:__aeabi_cfrcmple)
                  2000e9c8    00000060                           : sprintf.obj (.text)
                  2000ea28    0000005c                           : s_frexp.obj (.text)
                  2000ea84    00000058     driverlib.a : interrupt.obj (.text:IntPendClear)
                  2000eadc    00000058                 : prcm.obj (.text:PRCMPeripheralReset)
                  2000eb34    00000056     rtsv7M4_T_le_eabi.lib : ltoa.obj (.text)
                  2000eb8a    00000002     --HOLE-- [fill = 0]
                  2000eb8c    00000054     driverlib.a : interrupt.obj (.text:IntPrioritySet)
                  2000ebe0    00000054     simplelink.a : driver.obj (.text:_SlDrvRxIrqHandler)
                  2000ec34    00000054                  : socket.obj (.text:_sl_HandleAsync_Select)
                  2000ec88    00000054     rtsv7M4_T_le_eabi.lib : exit.obj (.text)
                  2000ecdc    00000050     simplelink.a : device.obj (.text:_sl_HandleAsync_Stop)
                  2000ed2c    0000004c     driverlib.a : spi.obj (.text:SPIIntEnable)
                  2000ed78    0000004c                 : spi.obj (.text:SPIIntNumberGet)
                  2000edc4    0000004c     simplelink.a : driver.obj (.text:_SlDrvProtectAsyncRespSetting)
                  2000ee10    0000004c                  : socket.obj (.text:_sl_BuildAddress)
                  2000ee5c    0000004c     rtsv7M4_T_le_eabi.lib : atoi.obj (.text)
                  2000eea8    0000004c                           : cpy_tbl.obj (.text)
                  2000eef4    0000004c     driverlib.a : udma.obj (.text:uDMAChannelAssign)
                  2000ef40    00000048                 : gpio.obj (.text:GPIOGetIntNumber)
                  2000ef88    00000048                 : spi.obj (.text:SPIIntClear)
                  2000efd0    00000048     simplelink.a : driver.obj (.text:_SlDrvBasicCmd)
                  2000f018    00000048     rtsv7M4_T_le_eabi.lib : fd_toi_t2.obj (.text)
                  2000f060    00000048     simplelink.a : netapp.obj (.text:sl_NetAppMDNSUnRegisterService)
                  2000f0a8    00000044     driverlib.a : spi.obj (.text:SPIDmaMaskGet)
                  2000f0ec    00000044                 : timer.obj (.text:TimerConfigure)
                  2000f130    00000044     simplelink.a : driver.obj (.text:_SlDrvHandleHttpServerEvents)
                  2000f174    00000044                  : driver.obj (.text:_SlDrvSyncObjWaitTimeout)
                  2000f1b8    00000044                  : cc_pal.obj (.text:cc_SetupTransfer)
                  2000f1fc    00000044                  : socket.obj (.text:sl_Close)
                  2000f240    00000044                  : wlan.obj (.text:sl_WlanProfileDel)
                  2000f284    00000044                  : wlan.obj (.text:sl_WlanSetMode)
                  2000f2c8    00000042                  : socket.obj (.text:sl_Htonl)
                  2000f30a    00000002     --HOLE-- [fill = 0]
                  2000f30c    00000040     driverlib.a : pin.obj (.text:PinModeSet)
                  2000f34c    00000040     simplelink.a : driver.obj (.text:_SlDrvHandleNetAppEvents)
                  2000f38c    00000040                  : driver.obj (.text:_SlDrvHandleWlanEvents)
                  2000f3cc    00000040                  : socket.obj (.text:_sl_TruncatePayloadByProtocol)
                  2000f40c    00000040     rtsv7M4_T_le_eabi.lib : boot.obj (.text)
                  2000f44c    0000003e     simplelink.a : cc_pal.obj (.text:NwpRegisterInterruptHandler)
                  2000f48a    0000003c                  : netapp.obj (.text:CopyPingResultsToReport)
                  2000f4c6    00000002     --HOLE-- [fill = 0]
                  2000f4c8    0000003c     driverlib.a : prcm.obj (.text:PRCMPeripheralClkEnable)
                  2000f504    0000003c     simplelink.a : socket.obj (.text:sl_Htons)
                  2000f540    0000003c     driverlib.a : udma.obj (.text:uDMAChannelControlSet)
                  2000f57c    00000038     simplelink.a : cc_pal.obj (.text:NwpPowerOff)
                  2000f5b4    00000036     driverlib.a : gpio.obj (.text:GPIODirModeSet)
                  2000f5ea    00000036     rtsv7M4_T_le_eabi.lib : strncpy.obj (.text)
                  2000f620    00000034     driverlib.a : prcm.obj (.text:PRCMPeripheralStatusGet)
                  2000f654    00000034                 : spi.obj (.text:SPIFIFOLevelSet)
                  2000f688    00000030                 : pin.obj (.text:PinTypeGPIO)
                  2000f6b8    0000002e     rtsv7M4_T_le_eabi.lib : i_tofd_t2.obj (.text)
                  2000f6e6    00000002     --HOLE-- [fill = 0]
                  2000f6e8    0000002c     driverlib.a : prcm.obj (.text:PRCMSysResetCauseGet)
                  2000f714    0000002c     simplelink.a : driver.obj (.text:_SlDrvObjGlobalLockWaitForever)
                  2000f740    0000002c                  : driver.obj (.text:_SlDrvProtectionObjLockWaitForever)
                  2000f76c    0000002a     driverlib.a : timer.obj (.text:TimerLoadSet)
                  2000f796    0000002a                 : timer.obj (.text:TimerPrescaleSet)
                  2000f7c0    00000028                 : prcm.obj (.text:PRCMPeripheralClkDisable)
                  2000f7e8    00000028     simplelink.a : driver.obj (.text:_SlDrvGlobalObjUnLock)
                  2000f810    00000028                  : driver.obj (.text:_SlDrvProtectionObjUnLock)
                  2000f838    00000028                  : driver.obj (.text:_SlDrvSyncObjWaitForever)
                  2000f860    00000026     network_common.obj (.text)
                  2000f886    00000002     --HOLE-- [fill = 0]
                  2000f888    00000024     simplelink.a : cc_pal.obj (.text:DmaSpiSwIntHandler)
                  2000f8ac    00000024     driverlib.a : interrupt.obj (.text:IntUnregister)
                  2000f8d0    00000024     simplelink.a : driver.obj (.text:_SlDrvObjLockWaitForever)
                  2000f8f4    00000024     rtsv7M4_T_le_eabi.lib : memmov.obj (.text)
                  2000f918    00000024                           : u_tofs_t2.obj (.text)
                  2000f93c    00000022     driverlib.a : gpio.obj (.text:GPIOIntStatus)
                  2000f95e    00000022                 : spi.obj (.text:SPIReset)
                  2000f980    00000022                 : spi.obj (.text:SPIWordCountSet)
                  2000f9a2    00000020                 : gpio.obj (.text:GPIOPinWrite)
                  2000f9c2    00000002     --HOLE-- [fill = 0]
                  2000f9c4    00000020                 : interrupt.obj (.text:IntRegister)
                  2000f9e4    00000020     simplelink.a : cc_pal.obj (.text:NwpPowerOn)
                  2000fa04    00000020     driverlib.a : spi.obj (.text:SPIDataGet)
                  2000fa24    00000020     simplelink.a : driver.obj (.text:_SlDrvObjUnLock)
                  2000fa44    00000020                  : driver.obj (.text:_SlDrvSyncObjSignal)
                  2000fa64    00000020     rtsv7M4_T_le_eabi.lib : memchr.obj (.text)
                  2000fa84    00000020     simplelink.a : wlan.obj (.text:sl_WlanDisconnect)
                  2000faa4    0000001e     driverlib.a : gpio.obj (.text:GPIOIntRegister)
                  2000fac2    0000001e                 : spi.obj (.text:SPIDataPut)
                  2000fae0    0000001e                 : timer.obj (.text:TimerDisable)
                  2000fafe    0000001e                 : timer.obj (.text:TimerEnable)
                  2000fb1c    0000001e                 : timer.obj (.text:TimerIntStatus)
                  2000fb3a    0000001e                 : uart.obj (.text:UARTCharPut)
                  2000fb58    0000001e     simplelink.a : cc_pal.obj (.text:cc_UDMAChannelSelect)
                  2000fb76    0000001e     rtsv7M4_T_le_eabi.lib : strcat.obj (.text)
                  2000fb94    0000001c     driverlib.a : timer.obj (.text:TimerValueGet)
                  2000fbb0    0000001c                 : uart.obj (.text:UARTCharGetNonBlocking)
                  2000fbcc    0000001c     rtsv7M4_T_le_eabi.lib : memccpy.obj (.text)
                  2000fbe8    0000001c     driverlib.a : udma.obj (.text:uDMAChannelEnable)
                  2000fc04    0000001a                 : gpio.obj (.text:GPIOIntDisable)
                  2000fc1e    0000001a                 : gpio.obj (.text:GPIOIntEnable)
                  2000fc38    0000001a                 : pin.obj (.text:PinTypeSPI)
                  2000fc52    0000001a                 : pin.obj (.text:PinTypeUART)
                  2000fc6c    0000001a                 : spi.obj (.text:SPIDmaDisable)
                  2000fc86    0000001a                 : spi.obj (.text:SPIDmaEnable)
                  2000fca0    0000001a                 : spi.obj (.text:SPIFIFODisable)
                  2000fcba    0000001a                 : spi.obj (.text:SPIFIFOEnable)
                  2000fcd4    0000001a                 : spi.obj (.text:SPIIntUnregister)
                  2000fcee    00000018                 : gpio.obj (.text:GPIOPinRead)
                  2000fd06    00000018                 : spi.obj (.text:SPICSDisable)
                  2000fd1e    00000018                 : spi.obj (.text:SPICSEnable)
                  2000fd36    00000018                 : spi.obj (.text:SPIDisable)
                  2000fd4e    00000018                 : spi.obj (.text:SPIEnable)
                  2000fd66    00000018                 : timer.obj (.text:TimerIntDisable)
                  2000fd7e    00000018                 : timer.obj (.text:TimerIntEnable)
                  2000fd96    00000018                 : uart.obj (.text:UARTCharsAvail)
                  2000fdae    00000018     simplelink.a : nonos.obj (.text:_SlNonOsSemSet)
                  2000fdc6    00000002     --HOLE-- [fill = 0]
                  2000fdc8    00000018                  : device.obj (.text:_sl_GetStartResponseConvert)
                  2000fde0    00000018     rtsv7M4_T_le_eabi.lib : args_main.obj (.text)
                  2000fdf8    00000018                           : strcmp.obj (.text)
                  2000fe10    00000016     driverlib.a : prcm.obj (.text:PRCMHIBRegRead)
                  2000fe26    00000016                 : prcm.obj (.text:PRCMHIBRegWrite)
                  2000fe3c    00000016     simplelink.a : driver.obj (.text:_SlDrvMemZero)
                  2000fe52    00000016     rtsv7M4_T_le_eabi.lib : strchr.obj (.text)
                  2000fe68    00000014     driverlib.a : cpu.obj (.text:CPUcpsie)
                  2000fe7c    00000014                 : gpio.obj (.text:GPIOIntClear)
                  2000fe90    00000014                 : interrupt.obj (.text:IntVTableBaseSet)
                  2000fea4    00000014     rtsv7M4_T_le_eabi.lib : _lock.obj (.text)
                  2000feb8    00000014                           : strcpy.obj (.text)
                  2000fecc    00000014                           : strlen.obj (.text)
                  2000fee0    00000012     driverlib.a : timer.obj (.text:TimerIntClear)
                  2000fef2    00000010     simplelink.a : driver.obj (.text:_SlDrvDispatchHttpServerEvents)
                  2000ff02    0000000e                  : driver.obj (.text:_SlDrvResetCmdExt)
                  2000ff10    0000000e     rtsv7M4_T_le_eabi.lib : copy_decompress_none.obj (.text:decompress:none)
                  2000ff1e    0000000e     startup_ccs.obj (.text)
                  2000ff2c    0000000c     simplelink.a : cc_pal.obj (.text:NwpMaskInterrupt)
                  2000ff38    0000000c                  : cc_pal.obj (.text:NwpUnMaskInterrupt)
                  2000ff44    0000000c     rtsv7M4_T_le_eabi.lib : copy_zero_init.obj (.text:decompress:ZI)
                  2000ff50    0000000a     driverlib.a : interrupt.obj (.text:IntMasterEnable)
                  2000ff5a    00000008     rtsv7M4_T_le_eabi.lib : s_copysign.obj (.text)
                  2000ff62    00000006     driverlib.a : utils.obj (.text:UtilsDelay)
                  2000ff68    00000004     rtsv7M4_T_le_eabi.lib : error.obj (.text)
                  2000ff6c    00000004                           : pre_init.obj (.text)

.const     0    2000ff70    00000b7c     
                  2000ff70    000004fb     Adafruit_GFX.obj (.const:.string:font)
                  2001046b    00000101     rtsv7M4_T_le_eabi.lib : ctype.obj (.const:.string:_ctypes_)
                  2001056c    00000100     driverlib.a : pin.obj (.const:g_ulPinToPadMap)
                  2001066c    000000d4                 : interrupt.obj (.const:g_pulRegs)
                  20010740    000000a8                 : prcm.obj (.const:PRCM_PeriphRegsList)
                  200107e8    00000080                 : interrupt.obj (.const)
                  20010868    0000004e     main.obj (.const:.string)
                  200108b6    0000003c     simplelink.a : driver.obj (.const:OpcodeTranslateTable)
                  200108f2    0000003c                  : wlan.obj (.const)
                  2001092e    00000002     --HOLE-- [fill = 0]
                  20010930    00000038                  : driver.obj (.const:_SlActionLookupTable)
                  20010968    00000038                  : driver.obj (.const)
                  200109a0    00000034                  : socket.obj (.const)
                  200109d4    0000002c     main.obj (.const:$P$T2$3)
                  20010a00    00000028     simplelink.a : netapp.obj (.const)
                  20010a28    00000026     main.obj (.const:.string:$P$T0$1)
                  20010a4e    00000002     --HOLE-- [fill = 0]
                  20010a50    00000024     driverlib.a : spi.obj (.const:g_ppulSPIIntMap)
                  20010a74    0000001c     simplelink.a : device.obj (.const)
                  20010a90    00000018     driverlib.a : spi.obj (.const)
                  20010aa8    00000014     main.obj (.const:$P$T3$4)
                  20010abc    00000010     simplelink.a : socket.obj (.const:.string)
                  20010acc    0000000c     main.obj (.const:$P$T4$5)
                  20010ad8    0000000b     main.obj (.const:.string:$P$T1$2)
                  20010ae3    00000001     --HOLE-- [fill = 0]
                  20010ae4    00000008     simplelink.a : netcfg.obj (.const)

.cinit     0    20010af0    00000108     
                  20010af0    000000e3     (.cinit..data.load) [load image, compression = lzss]
                  20010bd3    00000001     --HOLE-- [fill = 0]
                  20010bd4    0000000c     (__TI_handler_table)
                  20010be0    00000008     (.cinit..bss.load) [load image, compression = zero_init]
                  20010be8    00000010     (__TI_cinit_table)

.sysmem    0    20017000    00008000     UNINITIALIZED
                  20017000    00000008     rtsv7M4_T_le_eabi.lib : memory.obj (.sysmem)
                  20017008    00007ff8     --HOLE--

.bss       0    2001f000    00000897     UNINITIALIZED
                  2001f000    00000400     (.common:sendArray)
                  2001f400    00000168     simplelink.a : driver.obj (.bss:g_StatMem)
                  2001f568    00000120     rtsv7M4_T_le_eabi.lib : trgmsg.obj (.bss:_CIOBUF_)
                  2001f688    000000a0     (.common:__TI_tmpnams)
                  2001f728    0000008c     (.common:values)
                  2001f7b4    00000050     simplelink.a : cc_pal.obj (.bss:g_ucDinDout)
                  2001f804    0000002c     (.common:g_time)
                  2001f830    00000024     (.common:g_ucConnectionSSID)
                  2001f854    0000001c     rtsv7M4_T_le_eabi.lib : vla_alloc.obj (.bss:$O1$$)
                  2001f870    00000008     main.obj (.bss)
                  2001f878    00000008     rtsv7M4_T_le_eabi.lib : trgdrv.obj (.bss:parmbuf)
                  2001f880    00000008     (.common:g_ucConnectionBSSID)
                  2001f888    00000004     uart_if.obj (.bss)
                  2001f88c    00000004     (.common:pin8_intcount)
                  2001f890    00000001     (.common:RxIrqCnt)
                  2001f891    00000001     (.common:g_bDeviceRestartIsRequired)
                  2001f892    00000001     (.common:g_cDummy)
                  2001f893    00000001     (.common:g_ucLED1Pin)
                  2001f894    00000001     (.common:g_ucLED2Pin)
                  2001f895    00000001     (.common:g_ucLED3Pin)
                  2001f896    00000001     (.common:pin8_intflag)

.data      0    2001f898    00000320     UNINITIALIZED
                  2001f898    000000f0     rtsv7M4_T_le_eabi.lib : defs.obj (.data:_ftable)
                  2001f988    000000d0                           : lowlev.obj (.data:$O1$$)
                  2001fa58    00000048     main.obj (.data)
                  2001faa0    0000003c     simplelink.a : nonos.obj (.data:g__SlNonOsCB)
                  2001fadc    00000028     main.obj (.data:digits)
                  2001fb04    0000001c     main.obj (.data:colors)
                  2001fb20    00000015     Adafruit_GFX.obj (.data)
                  2001fb35    00000003     --HOLE--
                  2001fb38    00000014     gpio_if.obj (.data:ulReg)
                  2001fb4c    00000010     rtsv7M4_T_le_eabi.lib : defs.obj (.data)
                  2001fb5c    0000000d     simplelink.a : driver.obj (.data)
                  2001fb69    00000003     --HOLE--
                  2001fb6c    0000000c     rtsv7M4_T_le_eabi.lib : exit.obj (.data:$O1$$)
                  2001fb78    0000000c                           : memory.obj (.data:$O1$$)
                  2001fb84    0000000c     gpio_if.obj (.data)
                  2001fb90    00000009     simplelink.a : cc_pal.obj (.data)
                  2001fb99    00000003     --HOLE--
                  2001fb9c    00000008     rtsv7M4_T_le_eabi.lib : _lock.obj (.data:$O1$$)
                  2001fba4    00000008     main.obj (.data:ir_input)
                  2001fbac    00000004     rtsv7M4_T_le_eabi.lib : errno.obj (.data)
                  2001fbb0    00000004                           : fopen.obj (.data)
                  2001fbb4    00000004                           : stkdepth_vars.obj (.data)

.stack     0    2002f000    00001000     UNINITIALIZED
                  2002f000    00001000     --HOLE--

MODULE SUMMARY

       Module                     code    ro data   rw data
       ------                     ----    -------   -------
    .\
       main.obj                   9052    203       1413   
       Adafruit_GFX.obj           2688    1275      21     
       Adafruit_OLED.obj          1186    0         0      
       startup_ccs.obj            14      1024      0      
       gpio_if.obj                920     0         35     
       uart_if.obj                396     0         4      
       timer_if.obj               250     0         0      
       pinmux.obj                 172     0         0      
       network_common.obj         38      0         0      
    +--+--------------------------+-------+---------+---------+
       Total:                     14716   2502      1473   
                                                           
    C:/ti/CC3200SDK_1.2.0/cc3200-sdk/driverlib/ccs/Release/driverlib.a
       prcm.obj                   852     168       0      
       interrupt.obj              608     340       0      
       spi.obj                    860     60        0      
       udma.obj                   604     0         0      
       pin.obj                    300     256       0      
       timer.obj                  552     0         0      
       gpio.obj                   448     0         0      
       uart.obj                   82      0         0      
       cpu.obj                    20      0         0      
       utils.obj                  6       0         0      
    +--+--------------------------+-------+---------+---------+
       Total:                     4332    824       0      
                                                           
    C:/ti/CC3200SDK_1.2.0/cc3200-sdk/simplelink/ccs/NON_OS/simplelink.a
       driver.obj                 7600    172       375    
       cc_pal.obj                 1684    0         90     
       socket.obj                 1662    68        0      
       netapp.obj                 1492    40        0      
       wlan.obj                   1268    60        0      
       device.obj                 1142    28        0      
       nonos.obj                  360     0         60     
       netcfg.obj                 124     8         0      
    +--+--------------------------+-------+---------+---------+
       Total:                     15332   376       525    
                                                           
    C:\ti\ccsv7\tools\compiler\ti-cgt-arm_16.9.0.LTS\lib\rtsv7M4_T_le_eabi.lib
       _printfi.obj               4382    0         0      
       lowlev.obj                 780     0         208    
       memory.obj                 976     0         12     
       trgdrv.obj                 804     0         8      
       vla_alloc.obj              664     0         28     
       ull_div_t2.obj             500     0         0      
       fopen.obj                  452     0         4      
       fd_add_t2.obj              438     0         0      
       defs.obj                   0       0         416    
       trgmsg.obj                 104     0         288    
       fd_div_t2.obj              310     0         0      
       fputs.obj                  308     0         0      
       fd_cmp_t2.obj              268     0         0      
       ctype.obj                  0       257       0      
       fd_mul_t2.obj              252     0         0      
       setvbuf.obj                220     0         0      
       s_scalbn.obj               208     0         0      
       fflush.obj                 200     0         0      
       fs_cmp_t2.obj              192     0         0      
       _io_perm.obj               172     0         0      
       memcpy_t2.obj              156     0         0      
       fclose.obj                 152     0         0      
       fputc.obj                  152     0         0      
       fs_div_t2.obj              146     0         0      
       memset_t2.obj              122     0         0      
       autoinit.obj               112     0         0      
       printf.obj                 112     0         0      
       fprintf.obj                108     0         0      
       copy_decompress_lzss.obj   104     0         0      
       fseek.obj                  100     0         0      
       exit.obj                   84      0         12     
       sprintf.obj                96      0         0      
       s_frexp.obj                92      0         0      
       ltoa.obj                   86      0         0      
       atoi.obj                   76      0         0      
       cpy_tbl.obj                76      0         0      
       fd_toi_t2.obj              72      0         0      
       boot.obj                   64      0         0      
       strncpy.obj                54      0         0      
       i_tofd_t2.obj              46      0         0      
       memmov.obj                 36      0         0      
       u_tofs_t2.obj              36      0         0      
       memchr.obj                 32      0         0      
       strcat.obj                 30      0         0      
       _lock.obj                  20      0         8      
       memccpy.obj                28      0         0      
       args_main.obj              24      0         0      
       strcmp.obj                 24      0         0      
       strchr.obj                 22      0         0      
       strcpy.obj                 20      0         0      
       strlen.obj                 20      0         0      
       copy_decompress_none.obj   14      0         0      
       copy_zero_init.obj         12      0         0      
       s_copysign.obj             8       0         0      
       errno.obj                  0       0         4      
       error.obj                  4       0         0      
       pre_init.obj               4       0         0      
       stkdepth_vars.obj          0       0         4      
       mpu_init.obj               2       0         0      
       startup.obj                2       0         0      
    +--+--------------------------+-------+---------+---------+
       Total:                     13578   257       992    
                                                           
       Heap:                      0       0         32768  
       Stack:                     0       0         4096   
       Linker Generated:          0       263       0      
    +--+--------------------------+-------+---------+---------+
       Grand Total:               47958   4222      39854  


LINKER GENERATED COPY TABLES

__TI_cinit_table @ 20010be8 records: 2, size/record: 8, table size: 16
	.data: load addr=20010af0, load size=000000e3 bytes, run addr=2001f898, run size=00000320 bytes, compression=lzss
	.bss: load addr=20010be0, load size=00000008 bytes, run addr=2001f000, run size=00000897 bytes, compression=zero_init


LINKER GENERATED HANDLER TABLE

__TI_handler_table @ 20010bd4 records: 3, size/record: 4, table size: 12
	index: 0, handler: __TI_decompress_lzss
	index: 1, handler: __TI_decompress_none
	index: 2, handler: __TI_zero_init


GLOBAL SYMBOLS: SORTED ALPHABETICALLY BY Name 

address   name                                  
-------   ----                                  
20008915  Adafruit_Init                         
2000ec89  C$$EXIT                               
2000e6db  C$$IO$$                               
2000fe69  CPUcpsie                              
2000afd3  ClearTerm                             
20008a8b  Color565                              
2000f889  DmaSpiSwIntHandler                    
2000afdd  Error                                 
2000f5b5  GPIODirModeSet                        
20006119  GPIOInit                              
2000fe7d  GPIOIntClear                          
2000fc05  GPIOIntDisable                        
2000fc1f  GPIOIntEnable                         
2000faa5  GPIOIntRegister                       
2000f93d  GPIOIntStatus                         
2000dba1  GPIOIntTypeSet                        
2000fcef  GPIOPinRead                           
2000f9a3  GPIOPinWrite                          
200093c1  GPIO_IF_ConfigureNIntEnable           
2000944d  GPIO_IF_Get                           
2000937b  GPIO_IF_GetPortNPin                   
2000913d  GPIO_IF_LedConfigure                  
2000922f  GPIO_IF_LedOff                        
2000917b  GPIO_IF_LedOn                         
200092e3  GPIO_IF_LedStatus                     
2000934d  GPIO_IF_LedToggle                     
20009409  GPIO_IF_Set                           
2000afeb  GetCmd                                
200062a1  GetWifiNetworks                       
20009773  HOSTclock                             
2000973b  HOSTclose                             
200096fd  HOSTgetenv                            
200096a1  HOSTlseek                             
2000964f  HOSTopen                              
20009603  HOSTread                              
200095a5  HOSTrename                            
2000956b  HOSTtime                              
2000951d  HOSTtime64                            
200094e5  HOSTunlink                            
20009499  HOSTwrite                             
20005c5f  HandleCode                            
2000afc1  InitTerm                              
2000d005  IntDisable                            
2000d0ad  IntEnable                             
2000ff51  IntMasterEnable                       
2000ea85  IntPendClear                          
2000eb8d  IntPrioritySet                        
2000f9c5  IntRegister                           
2000f8ad  IntUnregister                         
2000fe91  IntVTableBaseSet                      
2000afc9  Message                               
2000ff2d  NwpMaskInterrupt                      
2000f57d  NwpPowerOff                           
2000f9e5  NwpPowerOn                            
2000f44d  NwpRegisterInterruptHandler           
2000ff39  NwpUnMaskInterrupt                    
200108b6  OpcodeTranslateTable                  
20008227  Outstr                                
2000b14d  PRCMCC3200MCUInit                     
2000fe11  PRCMHIBRegRead                        
2000fe27  PRCMHIBRegWrite                       
2000f7c1  PRCMPeripheralClkDisable              
2000f4c9  PRCMPeripheralClkEnable               
2000d599  PRCMPeripheralClockGet                
2000eadd  PRCMPeripheralReset                   
2000f621  PRCMPeripheralStatusGet               
2000f6e9  PRCMSysResetCauseGet                  
2000d985  PinConfigSet                          
2000f30d  PinModeSet                            
2000cead  PinMuxConfig                          
2000f689  PinTypeGPIO                           
2000fc39  PinTypeSPI                            
2000fc53  PinTypeUART                           
20005a77  PrintChar                             
2000b129  Report                                
2000ff1f  ResetISR                              
2001f890  RxIrqCnt                              
UNDEFED   SHT$$INIT_ARRAY$$Base                 
UNDEFED   SHT$$INIT_ARRAY$$Limit                
2000fd07  SPICSDisable                          
2000fd1f  SPICSEnable                           
2000d1f9  SPIConfigSetExpClk                    
2000fa05  SPIDataGet                            
2000fac3  SPIDataPut                            
2000fd37  SPIDisable                            
2000fc6d  SPIDmaDisable                         
2000fc87  SPIDmaEnable                          
2000fd4f  SPIEnable                             
2000fca1  SPIFIFODisable                        
2000fcbb  SPIFIFOEnable                         
2000f655  SPIFIFOLevelSet                       
2000621d  SPIInit                               
2000ef89  SPIIntClear                           
2000ed2d  SPIIntEnable                          
2000fcd5  SPIIntUnregister                      
2000f95f  SPIReset                              
2000f981  SPIWordCountSet                       
20004d49  SimpleLinkGeneralEventHandler         
20004d29  SimpleLinkHttpServerCallback          
20004c85  SimpleLinkNetAppEventHandler          
20004d69  SimpleLinkSockEventHandler            
20004b6f  SimpleLinkWlanEventHandler            
2001fa5c  TLS_SOCKET_ID                         
20005fc9  TimerA0IntHandler                     
200060ff  TimerA1IntHandler                     
2000f0ed  TimerConfigure                        
2000fae1  TimerDisable                          
2000faff  TimerEnable                           
2000616d  TimerInit                             
2000fee1  TimerIntClear                         
2000fd67  TimerIntDisable                       
2000fd7f  TimerIntEnable                        
2000e26d  TimerIntRegister                      
2000fb1d  TimerIntStatus                        
2000e5dd  TimerIntUnregister                    
2000f76d  TimerLoadSet                          
2000f797  TimerPrescaleSet                      
2000fb95  TimerValueGet                         
2000c1e9  Timer_IF_DeInit                       
2000c217  Timer_IF_GetCount                     
2000c135  Timer_IF_Init                         
2000c167  Timer_IF_IntSetup                     
2000c1a5  Timer_IF_InterruptClear               
2000c203  Timer_IF_ReLoad                       
2000c1bd  Timer_IF_Start                        
2000c1d9  Timer_IF_Stop                         
2000b091  TrimSpace                             
2000fbb1  UARTCharGetNonBlocking                
2000fb3b  UARTCharPut                           
2000fd97  UARTCharsAvail                        
2000ff63  UtilsDelay                            
20010930  _SlActionLookupTable                  
2000d155  _SlDriverHandleError                  
2000efd1  _SlDrvBasicCmd                        
2000cd39  _SlDrvCmdOp                           
2000e42d  _SlDrvCmdSend                         
2000a3b1  _SlDrvDataReadOp                      
2000b5a1  _SlDrvDataWriteOp                     
2000d335  _SlDrvDeviceEventHandler              
2000fef3  _SlDrvDispatchHttpServerEvents        
2000bcf9  _SlDrvDriverCBDeinit                  
2000aae1  _SlDrvDriverCBInit                    
2000f7e9  _SlDrvGlobalObjUnLock                 
2000f131  _SlDrvHandleHttpServerEvents          
2000f34d  _SlDrvHandleNetAppEvents              
2000f38d  _SlDrvHandleWlanEvents                
2000fe3d  _SlDrvMemZero                         
2000c875  _SlDrvMsgReadSpawnCtx                 
2000bf35  _SlDrvNetAppEventHandler              
2000f8d1  _SlDrvObjLockWaitForever              
2000fa25  _SlDrvObjUnLock                       
2000edc5  _SlDrvProtectAsyncRespSetting         
2000f741  _SlDrvProtectionObjLockWaitForever    
2000f811  _SlDrvProtectionObjUnLock             
2000a595  _SlDrvReleasePoolObj                  
2000ff03  _SlDrvResetCmdExt                     
2000ebe1  _SlDrvRxIrqHandler                    
2000fa45  _SlDrvSyncObjSignal                   
2000f839  _SlDrvSyncObjWaitForever              
2000f175  _SlDrvSyncObjWaitTimeout              
2000ae31  _SlDrvWaitForPoolObj                  
20010a1c  _SlNetAppSendTokenValueCmdCtrl        
2000e1f9  _SlNonOsMainLoopTask                  
2000e091  _SlNonOsSemGet                        
2000fdaf  _SlNonOsSemSet                        
2000e715  _SlNonOsSpawn                         
2001f568  __CIOBUF_                             
20030000  __STACK_END                           
00001000  __STACK_SIZE                          
00008000  __SYSMEM_SIZE                         
20010be8  __TI_CINIT_Base                       
20010bf8  __TI_CINIT_Limit                      
20010bd4  __TI_Handler_Table_Base               
20010be0  __TI_Handler_Table_Limit              
2000e2dd  __TI_auto_init                        
2000a82d  __TI_cleanup                          
2001fb6c  __TI_cleanup_ptr                      
2000d3d1  __TI_closefile                        
2000e645  __TI_decompress_lzss                  
2000ff11  __TI_decompress_none                  
2000cae5  __TI_doflush                          
2001fb70  __TI_dtors_ptr                        
2001fb74  __TI_enable_exit_profile_output       
2001fb4c  __TI_ft_end                           
ffffffff  __TI_pprof_out_hndl                   
20006f91  __TI_printfi                          
ffffffff  __TI_prof_data_size                   
ffffffff  __TI_prof_data_start                  
2000cfbb  __TI_rd_ok                            
2000e6df  __TI_readmsg                          
20010af0  __TI_static_base__                    
2001f688  __TI_tmpnams                          
2000e6ad  __TI_writemsg                         
2000cf59  __TI_wrt_ok                           
2000ff45  __TI_zero_init                        
2000ff69  __abort_execution                     
2000da95  __aeabi_cdcmpeq                       
2000da95  __aeabi_cdcmple                       
2000db1b  __aeabi_cdrcmple                      
2000e909  __aeabi_cfcmpeq                       
2000e909  __aeabi_cfcmple                       
2000e969  __aeabi_cfrcmple                      
2000f019  __aeabi_d2iz                          
2000a933  __aeabi_dadd                          
2000b839  __aeabi_ddiv                          
2000c039  __aeabi_dmul                          
2000a929  __aeabi_dsub                          
2000d62d  __aeabi_fdiv                          
2000f6b9  __aeabi_i2d                           
2000e015  __aeabi_memclr                        
2000e015  __aeabi_memclr4                       
2000e015  __aeabi_memclr8                       
2000d299  __aeabi_memcpy                        
2000d299  __aeabi_memcpy4                       
2000d299  __aeabi_memcpy8                       
2000e017  __aeabi_memset                        
2000e017  __aeabi_memset4                       
2000e017  __aeabi_memset8                       
2001fb58  __aeabi_stderr                        
2001fb50  __aeabi_stdin                         
2001fb54  __aeabi_stdout                        
2000f919  __aeabi_ui2f                          
2000a1bd  __aeabi_uldivmod                      
ffffffff  __binit__                             
ffffffff  __c_args__                            
20008d2f  __mpu_init                            
2002f000  __stack                               
20009bd1  __vla_alloc                           
20009ac9  __vla_dealloc                         
20009b51  __vla_dealloc_eh                      
2000fde1  _args_main                            
2000f40d  _c_int00                              
2001046b  _ctypes_                              
2001f898  _ftable                               
2001fb9c  _lock                                 
2000feb3  _nop                                  
2000feab  _register_lock                        
2000fea5  _register_unlock                      
2000e779  _sl_HandleAsync_Accept                
2000dc25  _sl_HandleAsync_Connect               
2000d6c1  _sl_HandleAsync_DnsGetHostByName      
2000ca19  _sl_HandleAsync_DnsGetHostByService   
2000dca5  _sl_HandleAsync_InitComplete          
2000d751  _sl_HandleAsync_PingResponse          
2000ec35  _sl_HandleAsync_Select                
2000ecdd  _sl_HandleAsync_Stop                  
2000e499  _sl_NetAppSendTokenValue              
20017000  _sys_memory                           
2000aadf  _system_post_cinit                    
2000ff6d  _system_pre_init                      
2001fba0  _unlock                               
2000ec8d  abort                                 
20009a1d  add_device                            
2000ee5d  atoi                                  
ffffffff  binit                                 
2001fa84  c_letter                              
200090d1  calloc                                
200099cd  close                                 
2001fb04  colors                                
2000eea9  copy_in                               
2000ff5b  copysign                              
2000ff5b  copysignl                             
2001fa74  curr                                  
2001fa94  curr_color                            
2001fa7c  curr_index                            
2001fb20  cursor_x                              
2001fb24  cursor_y                              
2001fa8c  cx                                    
2001fa90  cy                                    
20004401  delay                                 
2001fadc  digits                                
200080db  drawChar                              
2000787d  drawCircle                            
200079b1  drawCircleHelper                      
20008c39  drawFastHLine                         
20008b99  drawFastVLine                         
20007bf7  drawLine                              
20008cd5  drawPixel                             
20007ce3  drawRect                              
20007d31  drawRoundRect                         
20007e99  drawTriangle                          
2001fbac  errno                                 
2000ec95  exit                                  
2000d437  fclose                                
2000cb31  fflush                                
20007acf  fillCircle                            
20007b09  fillCircleHelper                      
20008ae3  fillRect                              
20007e1f  fillRoundRect                         
20008acd  fillScreen                            
20007edb  fillTriangle                          
2000a883  fopen                                 
2000e50d  fprintf                               
2000d469  fputc                                 
2000b971  fputs                                 
20008e1b  free                                  
2000a859  freopen                               
2000ea29  frexp                                 
2000ea29  frexpl                                
2000e7dd  fseek                                 
2001fa6c  g_Host                                
2001fb90  g_SpiFd                               
2001faa0  g__SlNonOsCB                          
2001f891  g_bDeviceRestartIsRequired            
2001f892  g_cDummy                              
2001fb60  g_pCB                                 
2001fb94  g_pHostIntHdl                         
20004000  g_pfnVectors                          
2001f804  g_time                                
2001f880  g_ucConnectionBSSID                   
2001f830  g_ucConnectionSSID                    
2001fb98  g_ucDMAEnabled                        
2001f7b4  g_ucDinDout                           
2001f893  g_ucLED1Pin                           
2001f894  g_ucLED2Pin                           
2001f895  g_ucLED3Pin                           
2001fb84  g_uiLED1Port                          
2001fb88  g_uiLED2Port                          
2001fb8c  g_uiLED3Port                          
2001fa68  g_ulGatewayIP                         
2001fa64  g_ulPingPacketsRecv                   
2001fa60  g_ulStatus                            
20004b13  generateBody                          
20008a47  goTo                                  
200082db  height                                
20008d13  invert                                
200056b7  keyToBinary                           
2001fa88  key_time                              
20004973  lcdTestPattern                        
20004a43  lcdTestPattern2                       
2000c949  ldexp                                 
2000c949  ldexpl                                
200099a9  lseek                                 
2000eb35  ltoa                                  
20006401  main                                  
2001fbb4  main_func_sp                          
20008db1  malloc                                
20008fe5  memalign                              
2000fbcd  memccpy                               
2000fa65  memchr                                
2000d299  memcpy                                
2000f8f5  memmove                               
2000e01d  memset                                
20008d31  minit                                 
2001fa98  nLetters                              
200098fb  open                                  
2001fa58  p                                     
2001fb64  pPingCallBackFunc                     
2001f88c  pin8_intcount                         
2001f896  pin8_intflag                          
2001fa70  prev                                  
2000599d  printBinary                           
2000537d  printErrConvenience                   
2000e355  printf                                
2000d469  putc                                  
2000d4ed  putchar                               
2000ba7d  puts                                  
200098d7  read                                  
20008edd  realloc                               
2000984d  remove                                
200098af  remove_device                         
20009871  rename                                
2000c949  scalbn                                
2000c949  scalbnl                               
2001f000  sendArray                             
20008273  setCursor                             
200082ab  setTextColor                          
2000828b  setTextSize                           
200082c3  setTextWrap                           
2000c799  setvbuf                               
2000f1fd  sl_Close                              
2000b435  sl_Connect                            
2000cdf9  sl_DevGet                             
2000de25  sl_DevSet                             
2000f2c9  sl_Htonl                              
2000f505  sl_Htons                              
2000baa5  sl_NetAppDnsGetHostByName             
2000cbad  sl_NetAppMDNSRegisterUnregisterService
2000f061  sl_NetAppMDNSUnRegisterService        
2000dea1  sl_NetCfgSet                          
2000f861  sl_Provisioning_HttpServerEventHdl    
2000f86f  sl_Provisioning_NetAppEventHdl        
2000f87b  sl_Provisioning_WlanEventHdl          
2000da0d  sl_Recv                               
2000be1d  sl_Send                               
2000df1d  sl_SetSockOpt                         
2000e3bd  sl_Socket                             
2000c5dd  sl_Start                              
2000c4f9  sl_Stop                               
20009d61  sl_WlanConnect                        
2000fa85  sl_WlanDisconnect                     
2000d8f9  sl_WlanGetNetworkList                 
2000e109  sl_WlanPolicySet                      
2000f241  sl_WlanProfileDel                     
2000e571  sl_WlanRxFilterSet                    
2000df99  sl_WlanSet                            
2000f285  sl_WlanSetMode                        
2000e181  spi_Close                             
2000b6f1  spi_Open                              
2000c231  spi_Read                              
2000d501  spi_Write                             
2000e9c9  sprintf                               
2001fa78  start                                 
2001fa80  state                                 
2000fb77  strcat                                
2000fe53  strchr                                
2000fdf9  strcmp                                
2000feb9  strcpy                                
2000fecd  strlen                                
2000f5eb  strncpy                               
20004637  testdrawcircles                       
200044a7  testdrawrects                         
20004435  testfastlines                         
200045c5  testfillcircles                       
20004507  testfillrects                         
200047a5  testlines                             
20004733  testroundrects                        
200046b1  testtriangles                         
2001fb30  textbgcolor                           
2001fb2c  textcolor                             
2001fb28  textsize                              
2001fa9c  ticks                                 
2000eef5  uDMAChannelAssign                     
2000e841  uDMAChannelAttributeDisable           
2000e8a5  uDMAChannelAttributeEnable            
2000f541  uDMAChannelControlSet                 
2000fbe9  uDMAChannelEnable                     
2000c321  uDMAChannelTransferSet                
2000984d  unlink                                
2001f728  values                                
200082d7  width                                 
2001fb34  wrap                                  
200097bd  write                                 
2000888d  writeCommand                          
200088d1  writeData                             


GLOBAL SYMBOLS: SORTED BY Symbol Address 

address   name                                  
-------   ----                                  
00001000  __STACK_SIZE                          
00008000  __SYSMEM_SIZE                         
20004000  g_pfnVectors                          
20004401  delay                                 
20004435  testfastlines                         
200044a7  testdrawrects                         
20004507  testfillrects                         
200045c5  testfillcircles                       
20004637  testdrawcircles                       
200046b1  testtriangles                         
20004733  testroundrects                        
200047a5  testlines                             
20004973  lcdTestPattern                        
20004a43  lcdTestPattern2                       
20004b13  generateBody                          
20004b6f  SimpleLinkWlanEventHandler            
20004c85  SimpleLinkNetAppEventHandler          
20004d29  SimpleLinkHttpServerCallback          
20004d49  SimpleLinkGeneralEventHandler         
20004d69  SimpleLinkSockEventHandler            
2000537d  printErrConvenience                   
200056b7  keyToBinary                           
2000599d  printBinary                           
20005a77  PrintChar                             
20005c5f  HandleCode                            
20005fc9  TimerA0IntHandler                     
200060ff  TimerA1IntHandler                     
20006119  GPIOInit                              
2000616d  TimerInit                             
2000621d  SPIInit                               
200062a1  GetWifiNetworks                       
20006401  main                                  
20006f91  __TI_printfi                          
2000787d  drawCircle                            
200079b1  drawCircleHelper                      
20007acf  fillCircle                            
20007b09  fillCircleHelper                      
20007bf7  drawLine                              
20007ce3  drawRect                              
20007d31  drawRoundRect                         
20007e1f  fillRoundRect                         
20007e99  drawTriangle                          
20007edb  fillTriangle                          
200080db  drawChar                              
20008227  Outstr                                
20008273  setCursor                             
2000828b  setTextSize                           
200082ab  setTextColor                          
200082c3  setTextWrap                           
200082d7  width                                 
200082db  height                                
2000888d  writeCommand                          
200088d1  writeData                             
20008915  Adafruit_Init                         
20008a47  goTo                                  
20008a8b  Color565                              
20008acd  fillScreen                            
20008ae3  fillRect                              
20008b99  drawFastVLine                         
20008c39  drawFastHLine                         
20008cd5  drawPixel                             
20008d13  invert                                
20008d2f  __mpu_init                            
20008d31  minit                                 
20008db1  malloc                                
20008e1b  free                                  
20008edd  realloc                               
20008fe5  memalign                              
200090d1  calloc                                
2000913d  GPIO_IF_LedConfigure                  
2000917b  GPIO_IF_LedOn                         
2000922f  GPIO_IF_LedOff                        
200092e3  GPIO_IF_LedStatus                     
2000934d  GPIO_IF_LedToggle                     
2000937b  GPIO_IF_GetPortNPin                   
200093c1  GPIO_IF_ConfigureNIntEnable           
20009409  GPIO_IF_Set                           
2000944d  GPIO_IF_Get                           
20009499  HOSTwrite                             
200094e5  HOSTunlink                            
2000951d  HOSTtime64                            
2000956b  HOSTtime                              
200095a5  HOSTrename                            
20009603  HOSTread                              
2000964f  HOSTopen                              
200096a1  HOSTlseek                             
200096fd  HOSTgetenv                            
2000973b  HOSTclose                             
20009773  HOSTclock                             
200097bd  write                                 
2000984d  remove                                
2000984d  unlink                                
20009871  rename                                
200098af  remove_device                         
200098d7  read                                  
200098fb  open                                  
200099a9  lseek                                 
200099cd  close                                 
20009a1d  add_device                            
20009ac9  __vla_dealloc                         
20009b51  __vla_dealloc_eh                      
20009bd1  __vla_alloc                           
20009d61  sl_WlanConnect                        
2000a1bd  __aeabi_uldivmod                      
2000a3b1  _SlDrvDataReadOp                      
2000a595  _SlDrvReleasePoolObj                  
2000a82d  __TI_cleanup                          
2000a859  freopen                               
2000a883  fopen                                 
2000a929  __aeabi_dsub                          
2000a933  __aeabi_dadd                          
2000aadf  _system_post_cinit                    
2000aae1  _SlDrvDriverCBInit                    
2000ae31  _SlDrvWaitForPoolObj                  
2000afc1  InitTerm                              
2000afc9  Message                               
2000afd3  ClearTerm                             
2000afdd  Error                                 
2000afeb  GetCmd                                
2000b091  TrimSpace                             
2000b129  Report                                
2000b14d  PRCMCC3200MCUInit                     
2000b435  sl_Connect                            
2000b5a1  _SlDrvDataWriteOp                     
2000b6f1  spi_Open                              
2000b839  __aeabi_ddiv                          
2000b971  fputs                                 
2000ba7d  puts                                  
2000baa5  sl_NetAppDnsGetHostByName             
2000bcf9  _SlDrvDriverCBDeinit                  
2000be1d  sl_Send                               
2000bf35  _SlDrvNetAppEventHandler              
2000c039  __aeabi_dmul                          
2000c135  Timer_IF_Init                         
2000c167  Timer_IF_IntSetup                     
2000c1a5  Timer_IF_InterruptClear               
2000c1bd  Timer_IF_Start                        
2000c1d9  Timer_IF_Stop                         
2000c1e9  Timer_IF_DeInit                       
2000c203  Timer_IF_ReLoad                       
2000c217  Timer_IF_GetCount                     
2000c231  spi_Read                              
2000c321  uDMAChannelTransferSet                
2000c4f9  sl_Stop                               
2000c5dd  sl_Start                              
2000c799  setvbuf                               
2000c875  _SlDrvMsgReadSpawnCtx                 
2000c949  ldexp                                 
2000c949  ldexpl                                
2000c949  scalbn                                
2000c949  scalbnl                               
2000ca19  _sl_HandleAsync_DnsGetHostByService   
2000cae5  __TI_doflush                          
2000cb31  fflush                                
2000cbad  sl_NetAppMDNSRegisterUnregisterService
2000cd39  _SlDrvCmdOp                           
2000cdf9  sl_DevGet                             
2000cead  PinMuxConfig                          
2000cf59  __TI_wrt_ok                           
2000cfbb  __TI_rd_ok                            
2000d005  IntDisable                            
2000d0ad  IntEnable                             
2000d155  _SlDriverHandleError                  
2000d1f9  SPIConfigSetExpClk                    
2000d299  __aeabi_memcpy                        
2000d299  __aeabi_memcpy4                       
2000d299  __aeabi_memcpy8                       
2000d299  memcpy                                
2000d335  _SlDrvDeviceEventHandler              
2000d3d1  __TI_closefile                        
2000d437  fclose                                
2000d469  fputc                                 
2000d469  putc                                  
2000d4ed  putchar                               
2000d501  spi_Write                             
2000d599  PRCMPeripheralClockGet                
2000d62d  __aeabi_fdiv                          
2000d6c1  _sl_HandleAsync_DnsGetHostByName      
2000d751  _sl_HandleAsync_PingResponse          
2000d8f9  sl_WlanGetNetworkList                 
2000d985  PinConfigSet                          
2000da0d  sl_Recv                               
2000da95  __aeabi_cdcmpeq                       
2000da95  __aeabi_cdcmple                       
2000db1b  __aeabi_cdrcmple                      
2000dba1  GPIOIntTypeSet                        
2000dc25  _sl_HandleAsync_Connect               
2000dca5  _sl_HandleAsync_InitComplete          
2000de25  sl_DevSet                             
2000dea1  sl_NetCfgSet                          
2000df1d  sl_SetSockOpt                         
2000df99  sl_WlanSet                            
2000e015  __aeabi_memclr                        
2000e015  __aeabi_memclr4                       
2000e015  __aeabi_memclr8                       
2000e017  __aeabi_memset                        
2000e017  __aeabi_memset4                       
2000e017  __aeabi_memset8                       
2000e01d  memset                                
2000e091  _SlNonOsSemGet                        
2000e109  sl_WlanPolicySet                      
2000e181  spi_Close                             
2000e1f9  _SlNonOsMainLoopTask                  
2000e26d  TimerIntRegister                      
2000e2dd  __TI_auto_init                        
2000e355  printf                                
2000e3bd  sl_Socket                             
2000e42d  _SlDrvCmdSend                         
2000e499  _sl_NetAppSendTokenValue              
2000e50d  fprintf                               
2000e571  sl_WlanRxFilterSet                    
2000e5dd  TimerIntUnregister                    
2000e645  __TI_decompress_lzss                  
2000e6ad  __TI_writemsg                         
2000e6db  C$$IO$$                               
2000e6df  __TI_readmsg                          
2000e715  _SlNonOsSpawn                         
2000e779  _sl_HandleAsync_Accept                
2000e7dd  fseek                                 
2000e841  uDMAChannelAttributeDisable           
2000e8a5  uDMAChannelAttributeEnable            
2000e909  __aeabi_cfcmpeq                       
2000e909  __aeabi_cfcmple                       
2000e969  __aeabi_cfrcmple                      
2000e9c9  sprintf                               
2000ea29  frexp                                 
2000ea29  frexpl                                
2000ea85  IntPendClear                          
2000eadd  PRCMPeripheralReset                   
2000eb35  ltoa                                  
2000eb8d  IntPrioritySet                        
2000ebe1  _SlDrvRxIrqHandler                    
2000ec35  _sl_HandleAsync_Select                
2000ec89  C$$EXIT                               
2000ec8d  abort                                 
2000ec95  exit                                  
2000ecdd  _sl_HandleAsync_Stop                  
2000ed2d  SPIIntEnable                          
2000edc5  _SlDrvProtectAsyncRespSetting         
2000ee5d  atoi                                  
2000eea9  copy_in                               
2000eef5  uDMAChannelAssign                     
2000ef89  SPIIntClear                           
2000efd1  _SlDrvBasicCmd                        
2000f019  __aeabi_d2iz                          
2000f061  sl_NetAppMDNSUnRegisterService        
2000f0ed  TimerConfigure                        
2000f131  _SlDrvHandleHttpServerEvents          
2000f175  _SlDrvSyncObjWaitTimeout              
2000f1fd  sl_Close                              
2000f241  sl_WlanProfileDel                     
2000f285  sl_WlanSetMode                        
2000f2c9  sl_Htonl                              
2000f30d  PinModeSet                            
2000f34d  _SlDrvHandleNetAppEvents              
2000f38d  _SlDrvHandleWlanEvents                
2000f40d  _c_int00                              
2000f44d  NwpRegisterInterruptHandler           
2000f4c9  PRCMPeripheralClkEnable               
2000f505  sl_Htons                              
2000f541  uDMAChannelControlSet                 
2000f57d  NwpPowerOff                           
2000f5b5  GPIODirModeSet                        
2000f5eb  strncpy                               
2000f621  PRCMPeripheralStatusGet               
2000f655  SPIFIFOLevelSet                       
2000f689  PinTypeGPIO                           
2000f6b9  __aeabi_i2d                           
2000f6e9  PRCMSysResetCauseGet                  
2000f741  _SlDrvProtectionObjLockWaitForever    
2000f76d  TimerLoadSet                          
2000f797  TimerPrescaleSet                      
2000f7c1  PRCMPeripheralClkDisable              
2000f7e9  _SlDrvGlobalObjUnLock                 
2000f811  _SlDrvProtectionObjUnLock             
2000f839  _SlDrvSyncObjWaitForever              
2000f861  sl_Provisioning_HttpServerEventHdl    
2000f86f  sl_Provisioning_NetAppEventHdl        
2000f87b  sl_Provisioning_WlanEventHdl          
2000f889  DmaSpiSwIntHandler                    
2000f8ad  IntUnregister                         
2000f8d1  _SlDrvObjLockWaitForever              
2000f8f5  memmove                               
2000f919  __aeabi_ui2f                          
2000f93d  GPIOIntStatus                         
2000f95f  SPIReset                              
2000f981  SPIWordCountSet                       
2000f9a3  GPIOPinWrite                          
2000f9c5  IntRegister                           
2000f9e5  NwpPowerOn                            
2000fa05  SPIDataGet                            
2000fa25  _SlDrvObjUnLock                       
2000fa45  _SlDrvSyncObjSignal                   
2000fa65  memchr                                
2000fa85  sl_WlanDisconnect                     
2000faa5  GPIOIntRegister                       
2000fac3  SPIDataPut                            
2000fae1  TimerDisable                          
2000faff  TimerEnable                           
2000fb1d  TimerIntStatus                        
2000fb3b  UARTCharPut                           
2000fb77  strcat                                
2000fb95  TimerValueGet                         
2000fbb1  UARTCharGetNonBlocking                
2000fbcd  memccpy                               
2000fbe9  uDMAChannelEnable                     
2000fc05  GPIOIntDisable                        
2000fc1f  GPIOIntEnable                         
2000fc39  PinTypeSPI                            
2000fc53  PinTypeUART                           
2000fc6d  SPIDmaDisable                         
2000fc87  SPIDmaEnable                          
2000fca1  SPIFIFODisable                        
2000fcbb  SPIFIFOEnable                         
2000fcd5  SPIIntUnregister                      
2000fcef  GPIOPinRead                           
2000fd07  SPICSDisable                          
2000fd1f  SPICSEnable                           
2000fd37  SPIDisable                            
2000fd4f  SPIEnable                             
2000fd67  TimerIntDisable                       
2000fd7f  TimerIntEnable                        
2000fd97  UARTCharsAvail                        
2000fdaf  _SlNonOsSemSet                        
2000fde1  _args_main                            
2000fdf9  strcmp                                
2000fe11  PRCMHIBRegRead                        
2000fe27  PRCMHIBRegWrite                       
2000fe3d  _SlDrvMemZero                         
2000fe53  strchr                                
2000fe69  CPUcpsie                              
2000fe7d  GPIOIntClear                          
2000fe91  IntVTableBaseSet                      
2000fea5  _register_unlock                      
2000feab  _register_lock                        
2000feb3  _nop                                  
2000feb9  strcpy                                
2000fecd  strlen                                
2000fee1  TimerIntClear                         
2000fef3  _SlDrvDispatchHttpServerEvents        
2000ff03  _SlDrvResetCmdExt                     
2000ff11  __TI_decompress_none                  
2000ff1f  ResetISR                              
2000ff2d  NwpMaskInterrupt                      
2000ff39  NwpUnMaskInterrupt                    
2000ff45  __TI_zero_init                        
2000ff51  IntMasterEnable                       
2000ff5b  copysign                              
2000ff5b  copysignl                             
2000ff63  UtilsDelay                            
2000ff69  __abort_execution                     
2000ff6d  _system_pre_init                      
2001046b  _ctypes_                              
200108b6  OpcodeTranslateTable                  
20010930  _SlActionLookupTable                  
20010a1c  _SlNetAppSendTokenValueCmdCtrl        
20010af0  __TI_static_base__                    
20010bd4  __TI_Handler_Table_Base               
20010be0  __TI_Handler_Table_Limit              
20010be8  __TI_CINIT_Base                       
20010bf8  __TI_CINIT_Limit                      
20017000  _sys_memory                           
2001f000  sendArray                             
2001f568  __CIOBUF_                             
2001f688  __TI_tmpnams                          
2001f728  values                                
2001f7b4  g_ucDinDout                           
2001f804  g_time                                
2001f830  g_ucConnectionSSID                    
2001f880  g_ucConnectionBSSID                   
2001f88c  pin8_intcount                         
2001f890  RxIrqCnt                              
2001f891  g_bDeviceRestartIsRequired            
2001f892  g_cDummy                              
2001f893  g_ucLED1Pin                           
2001f894  g_ucLED2Pin                           
2001f895  g_ucLED3Pin                           
2001f896  pin8_intflag                          
2001f898  _ftable                               
2001fa58  p                                     
2001fa5c  TLS_SOCKET_ID                         
2001fa60  g_ulStatus                            
2001fa64  g_ulPingPacketsRecv                   
2001fa68  g_ulGatewayIP                         
2001fa6c  g_Host                                
2001fa70  prev                                  
2001fa74  curr                                  
2001fa78  start                                 
2001fa7c  curr_index                            
2001fa80  state                                 
2001fa84  c_letter                              
2001fa88  key_time                              
2001fa8c  cx                                    
2001fa90  cy                                    
2001fa94  curr_color                            
2001fa98  nLetters                              
2001fa9c  ticks                                 
2001faa0  g__SlNonOsCB                          
2001fadc  digits                                
2001fb04  colors                                
2001fb20  cursor_x                              
2001fb24  cursor_y                              
2001fb28  textsize                              
2001fb2c  textcolor                             
2001fb30  textbgcolor                           
2001fb34  wrap                                  
2001fb4c  __TI_ft_end                           
2001fb50  __aeabi_stdin                         
2001fb54  __aeabi_stdout                        
2001fb58  __aeabi_stderr                        
2001fb60  g_pCB                                 
2001fb64  pPingCallBackFunc                     
2001fb6c  __TI_cleanup_ptr                      
2001fb70  __TI_dtors_ptr                        
2001fb74  __TI_enable_exit_profile_output       
2001fb84  g_uiLED1Port                          
2001fb88  g_uiLED2Port                          
2001fb8c  g_uiLED3Port                          
2001fb90  g_SpiFd                               
2001fb94  g_pHostIntHdl                         
2001fb98  g_ucDMAEnabled                        
2001fb9c  _lock                                 
2001fba0  _unlock                               
2001fbac  errno                                 
2001fbb4  main_func_sp                          
2002f000  __stack                               
20030000  __STACK_END                           
ffffffff  __TI_pprof_out_hndl                   
ffffffff  __TI_prof_data_size                   
ffffffff  __TI_prof_data_start                  
ffffffff  __binit__                             
ffffffff  __c_args__                            
ffffffff  binit                                 
UNDEFED   SHT$$INIT_ARRAY$$Base                 
UNDEFED   SHT$$INIT_ARRAY$$Limit                

[435 symbols]
